// Validating benchmarks:
// ***** BenchmarkRunner: Start   *****
// ***** Found 15 benchmark(s) in total *****
// ***** Building 1 exe(s) in Parallel: Start   *****
// start dotnet  restore --nodeReuse:false /p:UseSharedCompilation=false /p:Deterministic=true /p:Optimize=true /p:ArtifactsPath="/home/paff/Projects/WinForward/benchmarks/WinForward.Benchmarks/bin/Release/net10.0/WinForward.Benchmarks-ShortRun-1/" /p:OutDir="/home/paff/Projects/WinForward/benchmarks/WinForward.Benchmarks/bin/Release/net10.0/WinForward.Benchmarks-ShortRun-1/bin/Release/net10.0/" /p:OutputPath="/home/paff/Projects/WinForward/benchmarks/WinForward.Benchmarks/bin/Release/net10.0/WinForward.Benchmarks-ShortRun-1/bin/Release/net10.0/" /p:PublishDir="/home/paff/Projects/WinForward/benchmarks/WinForward.Benchmarks/bin/Release/net10.0/WinForward.Benchmarks-ShortRun-1/publish/" in /home/paff/Projects/WinForward/benchmarks/WinForward.Benchmarks/bin/Release/net10.0/WinForward.Benchmarks-ShortRun-1
// command took 2.9 sec and exited with 0
// start dotnet  build -c Release --no-restore --nodeReuse:false /p:UseSharedCompilation=false /p:Deterministic=true /p:Optimize=true /p:ArtifactsPath="/home/paff/Projects/WinForward/benchmarks/WinForward.Benchmarks/bin/Release/net10.0/WinForward.Benchmarks-ShortRun-1/" /p:OutDir="/home/paff/Projects/WinForward/benchmarks/WinForward.Benchmarks/bin/Release/net10.0/WinForward.Benchmarks-ShortRun-1/bin/Release/net10.0/" /p:OutputPath="/home/paff/Projects/WinForward/benchmarks/WinForward.Benchmarks/bin/Release/net10.0/WinForward.Benchmarks-ShortRun-1/bin/Release/net10.0/" /p:PublishDir="/home/paff/Projects/WinForward/benchmarks/WinForward.Benchmarks/bin/Release/net10.0/WinForward.Benchmarks-ShortRun-1/publish/" --output "/home/paff/Projects/WinForward/benchmarks/WinForward.Benchmarks/bin/Release/net10.0/WinForward.Benchmarks-ShortRun-1/bin/Release/net10.0/" in /home/paff/Projects/WinForward/benchmarks/WinForward.Benchmarks/bin/Release/net10.0/WinForward.Benchmarks-ShortRun-1
// command took 32.91 sec and exited with 0
// ***** Done, took 00:00:35 (35.98 sec)   *****
// Found 15 benchmarks:
//   FrameworkSetupBenchmarks.RealTransport_CreateDisposeAsync: ShortRun(IterationCount=3, LaunchCount=1, WarmupCount=3) [Sessions=1]
//   FrameworkSetupBenchmarks.Control_ConnectDisposeAsync: ShortRun(IterationCount=3, LaunchCount=1, WarmupCount=3) [Sessions=1]
//   FrameworkSetupBenchmarks.Control_ConnectAssociateDisposeAsync: ShortRun(IterationCount=3, LaunchCount=1, WarmupCount=3) [Sessions=1]
//   FrameworkSetupBenchmarks.RelaySocket_CreateBindClose: ShortRun(IterationCount=3, LaunchCount=1, WarmupCount=3) [Sessions=1]
//   FrameworkSetupBenchmarks.SelfTraffic_RegisterRelease: ShortRun(IterationCount=3, LaunchCount=1, WarmupCount=3) [Sessions=1]
//   FrameworkSetupBenchmarks.RealTransport_CreateDisposeAsync: ShortRun(IterationCount=3, LaunchCount=1, WarmupCount=3) [Sessions=100]
//   FrameworkSetupBenchmarks.Control_ConnectDisposeAsync: ShortRun(IterationCount=3, LaunchCount=1, WarmupCount=3) [Sessions=100]
//   FrameworkSetupBenchmarks.Control_ConnectAssociateDisposeAsync: ShortRun(IterationCount=3, LaunchCount=1, WarmupCount=3) [Sessions=100]
//   FrameworkSetupBenchmarks.RelaySocket_CreateBindClose: ShortRun(IterationCount=3, LaunchCount=1, WarmupCount=3) [Sessions=100]
//   FrameworkSetupBenchmarks.SelfTraffic_RegisterRelease: ShortRun(IterationCount=3, LaunchCount=1, WarmupCount=3) [Sessions=100]
//   FrameworkSetupBenchmarks.RealTransport_CreateDisposeAsync: ShortRun(IterationCount=3, LaunchCount=1, WarmupCount=3) [Sessions=1000]
//   FrameworkSetupBenchmarks.Control_ConnectDisposeAsync: ShortRun(IterationCount=3, LaunchCount=1, WarmupCount=3) [Sessions=1000]
//   FrameworkSetupBenchmarks.Control_ConnectAssociateDisposeAsync: ShortRun(IterationCount=3, LaunchCount=1, WarmupCount=3) [Sessions=1000]
//   FrameworkSetupBenchmarks.RelaySocket_CreateBindClose: ShortRun(IterationCount=3, LaunchCount=1, WarmupCount=3) [Sessions=1000]
//   FrameworkSetupBenchmarks.SelfTraffic_RegisterRelease: ShortRun(IterationCount=3, LaunchCount=1, WarmupCount=3) [Sessions=1000]

// **************************
// Benchmark: FrameworkSetupBenchmarks.RealTransport_CreateDisposeAsync: ShortRun(IterationCount=3, LaunchCount=1, WarmupCount=3) [Sessions=1]
// *** Execute ***
// Launch: 1 / 1
// Execute: dotnet WinForward.Benchmarks-ShortRun-1.dll --anonymousPipes 150 151 --benchmarkName "WinForward.Benchmarks.Perf.FrameworkSetupBenchmarks.RealTransport_CreateDisposeAsync(Sessions: 1)" --job ShortRun --benchmarkId 0 in /home/paff/Projects/WinForward/benchmarks/WinForward.Benchmarks/bin/Release/net10.0/WinForward.Benchmarks-ShortRun-1/bin/Release/net10.0
// Failed to set up high priority (Permission denied). In order to run benchmarks with high priority, make sure you have the right permissions.
// BeforeAnythingElse

// Benchmark Process Environment Information:
// BenchmarkDotNet v0.15.8
// Runtime=.NET 10.0.12 (10.0.12, 10.0.1226.42308), X64 RyuJIT x86-64-v4
// GC=Concurrent Workstation
// HardwareIntrinsics=AVX512 BITALG+VBMI2+VNNI+VPOPCNTDQ,AVX512 IFMA+VBMI,AVX512 F+BW+CD+DQ+VL,AVX2+BMI1+BMI2+F16C+FMA+LZCNT+MOVBE,AVX,SSE3+SSSE3+SSE4.1+SSE4.2+POPCNT,X86Base+SSE+SSE2,AES+PCLMUL,AvxVnni VectorSize=256
// Job: ShortRun(IterationCount=3, LaunchCount=1, WarmupCount=3)

OverheadJitting  1: 1 op, 325588.00 ns, 325.5880 us/op
WorkloadJitting  1: 1 op, 52530288.00 ns, 52.5303 ms/op

WorkloadPilot    1: 2 op, 3846626.00 ns, 1.9233 ms/op
WorkloadPilot    2: 3 op, 4852653.00 ns, 1.6176 ms/op
WorkloadPilot    3: 4 op, 6355341.00 ns, 1.5888 ms/op
WorkloadPilot    4: 5 op, 8054468.00 ns, 1.6109 ms/op
WorkloadPilot    5: 6 op, 9632380.00 ns, 1.6054 ms/op
WorkloadPilot    6: 7 op, 11149950.00 ns, 1.5929 ms/op
WorkloadPilot    7: 8 op, 12057684.00 ns, 1.5072 ms/op
WorkloadPilot    8: 9 op, 14003614.00 ns, 1.5560 ms/op
WorkloadPilot    9: 10 op, 15853896.00 ns, 1.5854 ms/op
WorkloadPilot   10: 11 op, 17889022.00 ns, 1.6263 ms/op
WorkloadPilot   11: 12 op, 19171015.00 ns, 1.5976 ms/op
WorkloadPilot   12: 13 op, 18542742.00 ns, 1.4264 ms/op
WorkloadPilot   13: 14 op, 21407797.00 ns, 1.5291 ms/op
WorkloadPilot   14: 15 op, 27571586.00 ns, 1.8381 ms/op
WorkloadPilot   15: 16 op, 24880216.00 ns, 1.5550 ms/op
WorkloadPilot   16: 32 op, 49834075.00 ns, 1.5573 ms/op
WorkloadPilot   17: 64 op, 95937931.00 ns, 1.4990 ms/op
WorkloadPilot   18: 128 op, 187053784.00 ns, 1.4614 ms/op
WorkloadPilot   19: 256 op, 396332750.00 ns, 1.5482 ms/op
WorkloadPilot   20: 512 op, 765495753.00 ns, 1.4951 ms/op

WorkloadWarmup   1: 512 op, 750161101.00 ns, 1.4652 ms/op
WorkloadWarmup   2: 512 op, 744756184.00 ns, 1.4546 ms/op
WorkloadWarmup   3: 512 op, 739145239.00 ns, 1.4436 ms/op

// BeforeActualRun
WorkloadActual   1: 512 op, 741943707.00 ns, 1.4491 ms/op
WorkloadActual   2: 512 op, 749524039.00 ns, 1.4639 ms/op
WorkloadActual   3: 512 op, 749821834.00 ns, 1.4645 ms/op

// AfterActualRun
WorkloadResult   1: 512 op, 741943707.00 ns, 1.4491 ms/op
WorkloadResult   2: 512 op, 749524039.00 ns, 1.4639 ms/op
WorkloadResult   3: 512 op, 749821834.00 ns, 1.4645 ms/op
// GC:  0 0 0 4173744 512
// Threading:  1540 0 512

// AfterAll
// Benchmark Process 898899 has exited with code 0.

Mean = 1.459 ms, StdErr = 0.005 ms (0.35%), N = 3, StdDev = 0.009 ms
Min = 1.449 ms, Q1 = 1.457 ms, Median = 1.464 ms, Q3 = 1.464 ms, Max = 1.464 ms
IQR = 0.008 ms, LowerFence = 1.445 ms, UpperFence = 1.476 ms
ConfidenceInterval = [1.300 ms; 1.618 ms] (CI 99.9%), Margin = 0.159 ms (10.90% of Mean)
Skewness = -0.38, Kurtosis = 0.67, MValue = 2

// ** Remained 14 (93.3%) benchmark(s) to run. Estimated finish 2026-09-22 11:59 (0h 1m from now) **
// **************************
// Benchmark: FrameworkSetupBenchmarks.Control_ConnectDisposeAsync: ShortRun(IterationCount=3, LaunchCount=1, WarmupCount=3) [Sessions=1]
// *** Execute ***
// Launch: 1 / 1
// Execute: dotnet WinForward.Benchmarks-ShortRun-1.dll --anonymousPipes 150 151 --benchmarkName "WinForward.Benchmarks.Perf.FrameworkSetupBenchmarks.Control_ConnectDisposeAsync(Sessions: 1)" --job ShortRun --benchmarkId 1 in /home/paff/Projects/WinForward/benchmarks/WinForward.Benchmarks/bin/Release/net10.0/WinForward.Benchmarks-ShortRun-1/bin/Release/net10.0
// Failed to set up high priority (Permission denied). In order to run benchmarks with high priority, make sure you have the right permissions.
// BeforeAnythingElse

// Benchmark Process Environment Information:
// BenchmarkDotNet v0.15.8
// Runtime=.NET 10.0.12 (10.0.12, 10.0.1226.42308), X64 RyuJIT x86-64-v4
// GC=Concurrent Workstation
// HardwareIntrinsics=AVX512 BITALG+VBMI2+VNNI+VPOPCNTDQ,AVX512 IFMA+VBMI,AVX512 F+BW+CD+DQ+VL,AVX2+BMI1+BMI2+F16C+FMA+LZCNT+MOVBE,AVX,SSE3+SSSE3+SSE4.1+SSE4.2+POPCNT,X86Base+SSE+SSE2,AES+PCLMUL,AvxVnni VectorSize=256
// Job: ShortRun(IterationCount=3, LaunchCount=1, WarmupCount=3)

OverheadJitting  1: 1 op, 347067.00 ns, 347.0670 us/op
WorkloadJitting  1: 1 op, 31511842.00 ns, 31.5118 ms/op

OverheadJitting  2: 16 op, 394235.00 ns, 24.6397 us/op
WorkloadJitting  2: 16 op, 15931043.00 ns, 995.6902 us/op

WorkloadPilot    1: 16 op, 14905659.00 ns, 931.6037 us/op
WorkloadPilot    2: 32 op, 29185973.00 ns, 912.0617 us/op
WorkloadPilot    3: 64 op, 58958521.00 ns, 921.2269 us/op
WorkloadPilot    4: 128 op, 126876286.00 ns, 991.2210 us/op
WorkloadPilot    5: 256 op, 253553217.00 ns, 990.4423 us/op
WorkloadPilot    6: 512 op, 495560604.00 ns, 967.8918 us/op
WorkloadPilot    7: 1024 op, 972922402.00 ns, 950.1195 us/op

OverheadWarmup   1: 1024 op, 8446.00 ns, 8.2480 ns/op
OverheadWarmup   2: 1024 op, 4138.00 ns, 4.0410 ns/op
OverheadWarmup   3: 1024 op, 4048.00 ns, 3.9531 ns/op
OverheadWarmup   4: 1024 op, 3868.00 ns, 3.7773 ns/op
OverheadWarmup   5: 1024 op, 4349.00 ns, 4.2471 ns/op
OverheadWarmup   6: 1024 op, 4598.00 ns, 4.4902 ns/op
OverheadWarmup   7: 1024 op, 3858.00 ns, 3.7676 ns/op
OverheadWarmup   8: 1024 op, 3887.00 ns, 3.7959 ns/op
OverheadWarmup   9: 1024 op, 3907.00 ns, 3.8154 ns/op
OverheadWarmup  10: 1024 op, 3837.00 ns, 3.7471 ns/op

OverheadActual   1: 1024 op, 4348.00 ns, 4.2461 ns/op
OverheadActual   2: 1024 op, 3947.00 ns, 3.8545 ns/op
OverheadActual   3: 1024 op, 3938.00 ns, 3.8457 ns/op
OverheadActual   4: 1024 op, 3807.00 ns, 3.7178 ns/op
OverheadActual   5: 1024 op, 4408.00 ns, 4.3047 ns/op
OverheadActual   6: 1024 op, 3877.00 ns, 3.7861 ns/op
OverheadActual   7: 1024 op, 3837.00 ns, 3.7471 ns/op
OverheadActual   8: 1024 op, 3867.00 ns, 3.7764 ns/op
OverheadActual   9: 1024 op, 3767.00 ns, 3.6787 ns/op
OverheadActual  10: 1024 op, 3847.00 ns, 3.7568 ns/op
OverheadActual  11: 1024 op, 3797.00 ns, 3.7080 ns/op
OverheadActual  12: 1024 op, 4027.00 ns, 3.9326 ns/op
OverheadActual  13: 1024 op, 3587.00 ns, 3.5029 ns/op
OverheadActual  14: 1024 op, 3676.00 ns, 3.5898 ns/op
OverheadActual  15: 1024 op, 3807.00 ns, 3.7178 ns/op

WorkloadWarmup   1: 1024 op, 2284728674.00 ns, 2.2312 ms/op
WorkloadWarmup   2: 1024 op, 2522078808.00 ns, 2.4630 ms/op
WorkloadWarmup   3: 1024 op, 2512754621.00 ns, 2.4539 ms/op

// BeforeActualRun
WorkloadActual   1: 1024 op, 2511940856.00 ns, 2.4531 ms/op
WorkloadActual   2: 1024 op, 2515646603.00 ns, 2.4567 ms/op
WorkloadActual   3: 1024 op, 2532755976.00 ns, 2.4734 ms/op

// AfterActualRun
WorkloadResult   1: 1024 op, 2511937009.00 ns, 2.4531 ms/op
WorkloadResult   2: 1024 op, 2515642756.00 ns, 2.4567 ms/op
WorkloadResult   3: 1024 op, 2532752129.00 ns, 2.4734 ms/op
// GC:  0 0 0 4087088 1024
// Threading:  2059 3 1024

// AfterAll
// Benchmark Process 898993 has exited with code 0.

Mean = 2.461 ms, StdErr = 0.006 ms (0.25%), N = 3, StdDev = 0.011 ms
Min = 2.453 ms, Q1 = 2.455 ms, Median = 2.457 ms, Q3 = 2.465 ms, Max = 2.473 ms
IQR = 0.010 ms, LowerFence = 2.440 ms, UpperFence = 2.480 ms
ConfidenceInterval = [2.263 ms; 2.659 ms] (CI 99.9%), Margin = 0.198 ms (8.04% of Mean)
Skewness = 0.34, Kurtosis = 0.67, MValue = 2

// ** Remained 13 (86.7%) benchmark(s) to run. Estimated finish 2026-09-22 12:01 (0h 2m from now) **
// **************************
// Benchmark: FrameworkSetupBenchmarks.Control_ConnectAssociateDisposeAsync: ShortRun(IterationCount=3, LaunchCount=1, WarmupCount=3) [Sessions=1]
// *** Execute ***
// Launch: 1 / 1
// Execute: dotnet WinForward.Benchmarks-ShortRun-1.dll --anonymousPipes 150 151 --benchmarkName "WinForward.Benchmarks.Perf.FrameworkSetupBenchmarks.Control_ConnectAssociateDisposeAsync(Sessions: 1)" --job ShortRun --benchmarkId 2 in /home/paff/Projects/WinForward/benchmarks/WinForward.Benchmarks/bin/Release/net10.0/WinForward.Benchmarks-ShortRun-1/bin/Release/net10.0
// Failed to set up high priority (Permission denied). In order to run benchmarks with high priority, make sure you have the right permissions.
// BeforeAnythingElse

// Benchmark Process Environment Information:
// BenchmarkDotNet v0.15.8
// Runtime=.NET 10.0.12 (10.0.12, 10.0.1226.42308), X64 RyuJIT x86-64-v4
// GC=Concurrent Workstation
// HardwareIntrinsics=AVX512 BITALG+VBMI2+VNNI+VPOPCNTDQ,AVX512 IFMA+VBMI,AVX512 F+BW+CD+DQ+VL,AVX2+BMI1+BMI2+F16C+FMA+LZCNT+MOVBE,AVX,SSE3+SSSE3+SSE4.1+SSE4.2+POPCNT,X86Base+SSE+SSE2,AES+PCLMUL,AvxVnni VectorSize=256
// Job: ShortRun(IterationCount=3, LaunchCount=1, WarmupCount=3)

OverheadJitting  1: 1 op, 413412.00 ns, 413.4120 us/op
WorkloadJitting  1: 1 op, 44254029.00 ns, 44.2540 ms/op

WorkloadPilot    1: 2 op, 8180637.00 ns, 4.0903 ms/op
WorkloadPilot    2: 3 op, 10217330.00 ns, 3.4058 ms/op
WorkloadPilot    3: 4 op, 12745616.00 ns, 3.1864 ms/op
WorkloadPilot    4: 5 op, 16541891.00 ns, 3.3084 ms/op
WorkloadPilot    5: 6 op, 19722455.00 ns, 3.2871 ms/op
WorkloadPilot    6: 7 op, 23400561.00 ns, 3.3429 ms/op
WorkloadPilot    7: 8 op, 25989192.00 ns, 3.2486 ms/op
WorkloadPilot    8: 9 op, 30655591.00 ns, 3.4062 ms/op
WorkloadPilot    9: 10 op, 33383411.00 ns, 3.3383 ms/op
WorkloadPilot   10: 11 op, 39596657.00 ns, 3.5997 ms/op
WorkloadPilot   11: 12 op, 40121957.00 ns, 3.3435 ms/op
WorkloadPilot   12: 13 op, 46007743.00 ns, 3.5391 ms/op
WorkloadPilot   13: 14 op, 47431059.00 ns, 3.3879 ms/op
WorkloadPilot   14: 15 op, 50131188.00 ns, 3.3421 ms/op
WorkloadPilot   15: 16 op, 53499054.00 ns, 3.3437 ms/op
WorkloadPilot   16: 32 op, 120162606.00 ns, 3.7551 ms/op
WorkloadPilot   17: 64 op, 298253070.00 ns, 4.6602 ms/op
WorkloadPilot   18: 128 op, 607757716.00 ns, 4.7481 ms/op

WorkloadWarmup   1: 128 op, 576363063.00 ns, 4.5028 ms/op
WorkloadWarmup   2: 128 op, 572169168.00 ns, 4.4701 ms/op
WorkloadWarmup   3: 128 op, 574583736.00 ns, 4.4889 ms/op

// BeforeActualRun
WorkloadActual   1: 128 op, 577928773.00 ns, 4.5151 ms/op
WorkloadActual   2: 128 op, 571030864.00 ns, 4.4612 ms/op
WorkloadActual   3: 128 op, 571918776.00 ns, 4.4681 ms/op

// AfterActualRun
WorkloadResult   1: 128 op, 577928773.00 ns, 4.5151 ms/op
WorkloadResult   2: 128 op, 571030864.00 ns, 4.4612 ms/op
WorkloadResult   3: 128 op, 571918776.00 ns, 4.4681 ms/op
// GC:  0 0 0 638152 128
// Threading:  387 0 128

// AfterAll
// Benchmark Process 899185 has exited with code 0.

Mean = 4.481 ms, StdErr = 0.017 ms (0.38%), N = 3, StdDev = 0.029 ms
Min = 4.461 ms, Q1 = 4.465 ms, Median = 4.468 ms, Q3 = 4.492 ms, Max = 4.515 ms
IQR = 0.027 ms, LowerFence = 4.424 ms, UpperFence = 4.532 ms
ConfidenceInterval = [3.947 ms; 5.016 ms] (CI 99.9%), Margin = 0.535 ms (11.93% of Mean)
Skewness = 0.36, Kurtosis = 0.67, MValue = 2

// ** Remained 12 (80.0%) benchmark(s) to run. Estimated finish 2026-09-22 12:00 (0h 2m from now) **
// **************************
// Benchmark: FrameworkSetupBenchmarks.RelaySocket_CreateBindClose: ShortRun(IterationCount=3, LaunchCount=1, WarmupCount=3) [Sessions=1]
// *** Execute ***
// Launch: 1 / 1
// Execute: dotnet WinForward.Benchmarks-ShortRun-1.dll --anonymousPipes 150 151 --benchmarkName "WinForward.Benchmarks.Perf.FrameworkSetupBenchmarks.RelaySocket_CreateBindClose(Sessions: 1)" --job ShortRun --benchmarkId 3 in /home/paff/Projects/WinForward/benchmarks/WinForward.Benchmarks/bin/Release/net10.0/WinForward.Benchmarks-ShortRun-1/bin/Release/net10.0
// Failed to set up high priority (Permission denied). In order to run benchmarks with high priority, make sure you have the right permissions.
// BeforeAnythingElse

// Benchmark Process Environment Information:
// BenchmarkDotNet v0.15.8
// Runtime=.NET 10.0.12 (10.0.12, 10.0.1226.42308), X64 RyuJIT x86-64-v4
// GC=Concurrent Workstation
// HardwareIntrinsics=AVX512 BITALG+VBMI2+VNNI+VPOPCNTDQ,AVX512 IFMA+VBMI,AVX512 F+BW+CD+DQ+VL,AVX2+BMI1+BMI2+F16C+FMA+LZCNT+MOVBE,AVX,SSE3+SSSE3+SSE4.1+SSE4.2+POPCNT,X86Base+SSE+SSE2,AES+PCLMUL,AvxVnni VectorSize=256
// Job: ShortRun(IterationCount=3, LaunchCount=1, WarmupCount=3)

OverheadJitting  1: 1 op, 335216.00 ns, 335.2160 us/op
WorkloadJitting  1: 1 op, 4787195.00 ns, 4.7872 ms/op

OverheadJitting  2: 16 op, 369649.00 ns, 23.1031 us/op
WorkloadJitting  2: 16 op, 827645.00 ns, 51.7278 us/op

WorkloadPilot    1: 16 op, 322352.00 ns, 20.1470 us/op
WorkloadPilot    2: 32 op, 446153.00 ns, 13.9423 us/op
WorkloadPilot    3: 64 op, 987093.00 ns, 15.4233 us/op
WorkloadPilot    4: 128 op, 1909023.00 ns, 14.9142 us/op
WorkloadPilot    5: 256 op, 4252627.00 ns, 16.6118 us/op
WorkloadPilot    6: 512 op, 7179800.00 ns, 14.0230 us/op
WorkloadPilot    7: 1024 op, 15863027.00 ns, 15.4912 us/op
WorkloadPilot    8: 2048 op, 29902931.00 ns, 14.6010 us/op
WorkloadPilot    9: 4096 op, 62737773.00 ns, 15.3168 us/op
WorkloadPilot   10: 8192 op, 120645092.00 ns, 14.7272 us/op
WorkloadPilot   11: 16384 op, 219330182.00 ns, 13.3869 us/op
WorkloadPilot   12: 32768 op, 441779996.00 ns, 13.4821 us/op
WorkloadPilot   13: 65536 op, 855416622.00 ns, 13.0526 us/op

OverheadWarmup   1: 65536 op, 186868.00 ns, 2.8514 ns/op
OverheadWarmup   2: 65536 op, 183623.00 ns, 2.8019 ns/op
OverheadWarmup   3: 65536 op, 183753.00 ns, 2.8038 ns/op
OverheadWarmup   4: 65536 op, 266607.00 ns, 4.0681 ns/op
OverheadWarmup   5: 65536 op, 183362.00 ns, 2.7979 ns/op
OverheadWarmup   6: 65536 op, 185937.00 ns, 2.8372 ns/op
OverheadWarmup   7: 65536 op, 183683.00 ns, 2.8028 ns/op

OverheadActual   1: 65536 op, 184104.00 ns, 2.8092 ns/op
OverheadActual   2: 65536 op, 184143.00 ns, 2.8098 ns/op
OverheadActual   3: 65536 op, 183953.00 ns, 2.8069 ns/op
OverheadActual   4: 65536 op, 184324.00 ns, 2.8126 ns/op
OverheadActual   5: 65536 op, 183342.00 ns, 2.7976 ns/op
OverheadActual   6: 65536 op, 184244.00 ns, 2.8113 ns/op
OverheadActual   7: 65536 op, 182972.00 ns, 2.7919 ns/op
OverheadActual   8: 65536 op, 186408.00 ns, 2.8444 ns/op
OverheadActual   9: 65536 op, 240489.00 ns, 3.6696 ns/op
OverheadActual  10: 65536 op, 183553.00 ns, 2.8008 ns/op
OverheadActual  11: 65536 op, 184254.00 ns, 2.8115 ns/op
OverheadActual  12: 65536 op, 183823.00 ns, 2.8049 ns/op
OverheadActual  13: 65536 op, 183343.00 ns, 2.7976 ns/op
OverheadActual  14: 65536 op, 183463.00 ns, 2.7994 ns/op
OverheadActual  15: 65536 op, 185987.00 ns, 2.8379 ns/op

WorkloadWarmup   1: 65536 op, 870759776.00 ns, 13.2867 us/op
WorkloadWarmup   2: 65536 op, 864614515.00 ns, 13.1930 us/op
WorkloadWarmup   3: 65536 op, 863276675.00 ns, 13.1726 us/op

// BeforeActualRun
WorkloadActual   1: 65536 op, 866940373.00 ns, 13.2285 us/op
WorkloadActual   2: 65536 op, 857153804.00 ns, 13.0791 us/op
WorkloadActual   3: 65536 op, 857037799.00 ns, 13.0774 us/op

// AfterActualRun
WorkloadResult   1: 65536 op, 866756269.00 ns, 13.2257 us/op
WorkloadResult   2: 65536 op, 856969700.00 ns, 13.0763 us/op
WorkloadResult   3: 65536 op, 856853695.00 ns, 13.0745 us/op
// GC:  2 0 0 37748736 65536
// Threading:  0 0 65536

// AfterAll
// Benchmark Process 899244 has exited with code 0.

Mean = 13.126 us, StdErr = 0.050 us (0.38%), N = 3, StdDev = 0.087 us
Min = 13.075 us, Q1 = 13.075 us, Median = 13.076 us, Q3 = 13.151 us, Max = 13.226 us
IQR = 0.076 us, LowerFence = 12.962 us, UpperFence = 13.264 us
ConfidenceInterval = [11.543 us; 14.708 us] (CI 99.9%), Margin = 1.582 us (12.06% of Mean)
Skewness = 0.38, Kurtosis = 0.67, MValue = 2

// ** Remained 11 (73.3%) benchmark(s) to run. Estimated finish 2026-09-22 12:00 (0h 1m from now) **
// **************************
// Benchmark: FrameworkSetupBenchmarks.SelfTraffic_RegisterRelease: ShortRun(IterationCount=3, LaunchCount=1, WarmupCount=3) [Sessions=1]
// *** Execute ***
// Launch: 1 / 1
// Execute: dotnet WinForward.Benchmarks-ShortRun-1.dll --anonymousPipes 150 151 --benchmarkName "WinForward.Benchmarks.Perf.FrameworkSetupBenchmarks.SelfTraffic_RegisterRelease(Sessions: 1)" --job ShortRun --benchmarkId 4 in /home/paff/Projects/WinForward/benchmarks/WinForward.Benchmarks/bin/Release/net10.0/WinForward.Benchmarks-ShortRun-1/bin/Release/net10.0
// Failed to set up high priority (Permission denied). In order to run benchmarks with high priority, make sure you have the right permissions.
// BeforeAnythingElse

// Benchmark Process Environment Information:
// BenchmarkDotNet v0.15.8
// Runtime=.NET 10.0.12 (10.0.12, 10.0.1226.42308), X64 RyuJIT x86-64-v4
// GC=Concurrent Workstation
// HardwareIntrinsics=AVX512 BITALG+VBMI2+VNNI+VPOPCNTDQ,AVX512 IFMA+VBMI,AVX512 F+BW+CD+DQ+VL,AVX2+BMI1+BMI2+F16C+FMA+LZCNT+MOVBE,AVX,SSE3+SSSE3+SSE4.1+SSE4.2+POPCNT,X86Base+SSE+SSE2,AES+PCLMUL,AvxVnni VectorSize=256
// Job: ShortRun(IterationCount=3, LaunchCount=1, WarmupCount=3)

OverheadJitting  1: 1 op, 364751.00 ns, 364.7510 us/op
WorkloadJitting  1: 1 op, 7974696.00 ns, 7.9747 ms/op

OverheadJitting  2: 16 op, 395959.00 ns, 24.7474 us/op
WorkloadJitting  2: 16 op, 445752.00 ns, 27.8595 us/op

WorkloadPilot    1: 16 op, 50173.00 ns, 3.1358 us/op
WorkloadPilot    2: 32 op, 107882.00 ns, 3.3713 us/op
WorkloadPilot    3: 64 op, 205945.00 ns, 3.2179 us/op
WorkloadPilot    4: 128 op, 368317.00 ns, 2.8775 us/op
WorkloadPilot    5: 256 op, 661075.00 ns, 2.5823 us/op
WorkloadPilot    6: 512 op, 1375137.00 ns, 2.6858 us/op
WorkloadPilot    7: 1024 op, 2734254.00 ns, 2.6702 us/op
WorkloadPilot    8: 2048 op, 5193895.00 ns, 2.5361 us/op
WorkloadPilot    9: 4096 op, 10734016.00 ns, 2.6206 us/op
WorkloadPilot   10: 8192 op, 21664820.00 ns, 2.6446 us/op
WorkloadPilot   11: 16384 op, 42613193.00 ns, 2.6009 us/op
WorkloadPilot   12: 32768 op, 72625133.00 ns, 2.2163 us/op
WorkloadPilot   13: 65536 op, 39673446.00 ns, 605.3687 ns/op
WorkloadPilot   14: 131072 op, 55537610.00 ns, 423.7183 ns/op
WorkloadPilot   15: 262144 op, 98472521.00 ns, 375.6429 ns/op
WorkloadPilot   16: 524288 op, 191390826.00 ns, 365.0490 ns/op
WorkloadPilot   17: 1048576 op, 376545004.00 ns, 359.1013 ns/op
WorkloadPilot   18: 2097152 op, 763053667.00 ns, 363.8523 ns/op

OverheadWarmup   1: 2097152 op, 6327501.00 ns, 3.0172 ns/op
OverheadWarmup   2: 2097152 op, 6211274.00 ns, 2.9618 ns/op
OverheadWarmup   3: 2097152 op, 6202268.00 ns, 2.9575 ns/op
OverheadWarmup   4: 2097152 op, 6136134.00 ns, 2.9259 ns/op
OverheadWarmup   5: 2097152 op, 6177962.00 ns, 2.9459 ns/op
OverheadWarmup   6: 2097152 op, 6051205.00 ns, 2.8854 ns/op
OverheadWarmup   7: 2097152 op, 6259815.00 ns, 2.9849 ns/op
OverheadWarmup   8: 2097152 op, 6014937.00 ns, 2.8681 ns/op

OverheadActual   1: 2097152 op, 7153004.00 ns, 3.4108 ns/op
OverheadActual   2: 2097152 op, 6144750.00 ns, 2.9300 ns/op
OverheadActual   3: 2097152 op, 6099356.00 ns, 2.9084 ns/op
OverheadActual   4: 2097152 op, 6188932.00 ns, 2.9511 ns/op
OverheadActual   5: 2097152 op, 6116207.00 ns, 2.9164 ns/op
OverheadActual   6: 2097152 op, 6288478.00 ns, 2.9986 ns/op
OverheadActual   7: 2097152 op, 6249346.00 ns, 2.9799 ns/op
OverheadActual   8: 2097152 op, 6170659.00 ns, 2.9424 ns/op
OverheadActual   9: 2097152 op, 6138018.00 ns, 2.9268 ns/op
OverheadActual  10: 2097152 op, 6093184.00 ns, 2.9055 ns/op
OverheadActual  11: 2097152 op, 6069380.00 ns, 2.8941 ns/op
OverheadActual  12: 2097152 op, 6100678.00 ns, 2.9090 ns/op
OverheadActual  13: 2097152 op, 6311843.00 ns, 3.0097 ns/op
OverheadActual  14: 2097152 op, 6424262.00 ns, 3.0633 ns/op
OverheadActual  15: 2097152 op, 6399836.00 ns, 3.0517 ns/op

WorkloadWarmup   1: 2097152 op, 771059861.00 ns, 367.6700 ns/op
WorkloadWarmup   2: 2097152 op, 761908234.00 ns, 363.3062 ns/op
WorkloadWarmup   3: 2097152 op, 754202271.00 ns, 359.6317 ns/op

// BeforeActualRun
WorkloadActual   1: 2097152 op, 762865727.00 ns, 363.7627 ns/op
WorkloadActual   2: 2097152 op, 754677325.00 ns, 359.8582 ns/op
WorkloadActual   3: 2097152 op, 753335717.00 ns, 359.2185 ns/op

// AfterActualRun
WorkloadResult   1: 2097152 op, 756695068.00 ns, 360.8203 ns/op
WorkloadResult   2: 2097152 op, 748506666.00 ns, 356.9158 ns/op
WorkloadResult   3: 2097152 op, 747165058.00 ns, 356.2761 ns/op
// GC:  20 0 0 335544320 2097152
// Threading:  0 0 2097152

// AfterAll
// Benchmark Process 899352 has exited with code 0.

Mean = 358.004 ns, StdErr = 1.420 ns (0.40%), N = 3, StdDev = 2.460 ns
Min = 356.276 ns, Q1 = 356.596 ns, Median = 356.916 ns, Q3 = 358.868 ns, Max = 360.820 ns
IQR = 2.272 ns, LowerFence = 353.188 ns, UpperFence = 362.276 ns
ConfidenceInterval = [313.127 ns; 402.881 ns] (CI 99.9%), Margin = 44.877 ns (12.54% of Mean)
Skewness = 0.36, Kurtosis = 0.67, MValue = 2

// ** Remained 10 (66.7%) benchmark(s) to run. Estimated finish 2026-09-22 12:00 (0h 1m from now) **
// **************************
// Benchmark: FrameworkSetupBenchmarks.RealTransport_CreateDisposeAsync: ShortRun(IterationCount=3, LaunchCount=1, WarmupCount=3) [Sessions=100]
// *** Execute ***
// Launch: 1 / 1
// Execute: dotnet WinForward.Benchmarks-ShortRun-1.dll --anonymousPipes 150 151 --benchmarkName "WinForward.Benchmarks.Perf.FrameworkSetupBenchmarks.RealTransport_CreateDisposeAsync(Sessions: 100)" --job ShortRun --benchmarkId 5 in /home/paff/Projects/WinForward/benchmarks/WinForward.Benchmarks/bin/Release/net10.0/WinForward.Benchmarks-ShortRun-1/bin/Release/net10.0
// Failed to set up high priority (Permission denied). In order to run benchmarks with high priority, make sure you have the right permissions.
// BeforeAnythingElse

// Benchmark Process Environment Information:
// BenchmarkDotNet v0.15.8
// Runtime=.NET 10.0.12 (10.0.12, 10.0.1226.42308), X64 RyuJIT x86-64-v4
// GC=Concurrent Workstation
// HardwareIntrinsics=AVX512 BITALG+VBMI2+VNNI+VPOPCNTDQ,AVX512 IFMA+VBMI,AVX512 F+BW+CD+DQ+VL,AVX2+BMI1+BMI2+F16C+FMA+LZCNT+MOVBE,AVX,SSE3+SSSE3+SSE4.1+SSE4.2+POPCNT,X86Base+SSE+SSE2,AES+PCLMUL,AvxVnni VectorSize=256
// Job: ShortRun(IterationCount=3, LaunchCount=1, WarmupCount=3)

OverheadJitting  1: 1 op, 328643.00 ns, 328.6430 us/op
WorkloadJitting  1: 1 op, 543331445.00 ns, 543.3314 ms/op

OverheadJitting  2: 1 op, 952.00 ns, 952.0000 ns/op
WorkloadJitting  2: 1 op, 468462262.00 ns, 468.4623 ms/op

WorkloadWarmup   1: 1 op, 471156961.00 ns, 471.1570 ms/op
WorkloadWarmup   2: 1 op, 454676046.00 ns, 454.6760 ms/op
WorkloadWarmup   3: 1 op, 449755978.00 ns, 449.7560 ms/op

// BeforeActualRun
WorkloadActual   1: 1 op, 444280866.00 ns, 444.2809 ms/op
WorkloadActual   2: 1 op, 452206074.00 ns, 452.2061 ms/op
WorkloadActual   3: 1 op, 446339745.00 ns, 446.3397 ms/op

// AfterActualRun
WorkloadResult   1: 1 op, 444280866.00 ns, 444.2809 ms/op
WorkloadResult   2: 1 op, 452206074.00 ns, 452.2061 ms/op
WorkloadResult   3: 1 op, 446339745.00 ns, 446.3397 ms/op
// GC:  0 0 0 795400 1
// Threading:  303 0 1

// AfterAll
// Benchmark Process 899459 has exited with code 0.

Mean = 447.609 ms, StdErr = 2.374 ms (0.53%), N = 3, StdDev = 4.112 ms
Min = 444.281 ms, Q1 = 445.310 ms, Median = 446.340 ms, Q3 = 449.273 ms, Max = 452.206 ms
IQR = 3.963 ms, LowerFence = 439.366 ms, UpperFence = 455.217 ms
ConfidenceInterval = [372.587 ms; 522.631 ms] (CI 99.9%), Margin = 75.022 ms (16.76% of Mean)
Skewness = 0.28, Kurtosis = 0.67, MValue = 2

// ** Remained 9 (60.0%) benchmark(s) to run. Estimated finish 2026-09-22 11:59 (0h 1m from now) **
// **************************
// Benchmark: FrameworkSetupBenchmarks.Control_ConnectDisposeAsync: ShortRun(IterationCount=3, LaunchCount=1, WarmupCount=3) [Sessions=100]
// *** Execute ***
// Launch: 1 / 1
// Execute: dotnet WinForward.Benchmarks-ShortRun-1.dll --anonymousPipes 150 151 --benchmarkName "WinForward.Benchmarks.Perf.FrameworkSetupBenchmarks.Control_ConnectDisposeAsync(Sessions: 100)" --job ShortRun --benchmarkId 6 in /home/paff/Projects/WinForward/benchmarks/WinForward.Benchmarks/bin/Release/net10.0/WinForward.Benchmarks-ShortRun-1/bin/Release/net10.0
// Failed to set up high priority (Permission denied). In order to run benchmarks with high priority, make sure you have the right permissions.
// BeforeAnythingElse

// Benchmark Process Environment Information:
// BenchmarkDotNet v0.15.8
// Runtime=.NET 10.0.12 (10.0.12, 10.0.1226.42308), X64 RyuJIT x86-64-v4
// GC=Concurrent Workstation
// HardwareIntrinsics=AVX512 BITALG+VBMI2+VNNI+VPOPCNTDQ,AVX512 IFMA+VBMI,AVX512 F+BW+CD+DQ+VL,AVX2+BMI1+BMI2+F16C+FMA+LZCNT+MOVBE,AVX,SSE3+SSSE3+SSE4.1+SSE4.2+POPCNT,X86Base+SSE+SSE2,AES+PCLMUL,AvxVnni VectorSize=256
// Job: ShortRun(IterationCount=3, LaunchCount=1, WarmupCount=3)

OverheadJitting  1: 1 op, 437006.00 ns, 437.0060 us/op
WorkloadJitting  1: 1 op, 458949765.00 ns, 458.9498 ms/op

OverheadJitting  2: 1 op, 901.00 ns, 901.0000 ns/op
WorkloadJitting  2: 1 op, 411421867.00 ns, 411.4219 ms/op

WorkloadWarmup   1: 1 op, 428153965.00 ns, 428.1540 ms/op
WorkloadWarmup   2: 1 op, 402572913.00 ns, 402.5729 ms/op
WorkloadWarmup   3: 1 op, 404166992.00 ns, 404.1670 ms/op

// BeforeActualRun
WorkloadActual   1: 1 op, 403946532.00 ns, 403.9465 ms/op
WorkloadActual   2: 1 op, 404442767.00 ns, 404.4428 ms/op
WorkloadActual   3: 1 op, 402436030.00 ns, 402.4360 ms/op

// AfterActualRun
WorkloadResult   1: 1 op, 403946532.00 ns, 403.9465 ms/op
WorkloadResult   2: 1 op, 404442767.00 ns, 404.4428 ms/op
WorkloadResult   3: 1 op, 402436030.00 ns, 402.4360 ms/op
// GC:  0 0 0 379552 1
// Threading:  201 0 1

// AfterAll
// Benchmark Process 899517 has exited with code 0.

Mean = 403.608 ms, StdErr = 0.603 ms (0.15%), N = 3, StdDev = 1.045 ms
Min = 402.436 ms, Q1 = 403.191 ms, Median = 403.947 ms, Q3 = 404.195 ms, Max = 404.443 ms
IQR = 1.003 ms, LowerFence = 401.686 ms, UpperFence = 405.700 ms
ConfidenceInterval = [384.540 ms; 422.677 ms] (CI 99.9%), Margin = 19.069 ms (4.72% of Mean)
Skewness = -0.29, Kurtosis = 0.67, MValue = 2

// ** Remained 8 (53.3%) benchmark(s) to run. Estimated finish 2026-09-22 11:59 (0h 1m from now) **
// **************************
// Benchmark: FrameworkSetupBenchmarks.Control_ConnectAssociateDisposeAsync: ShortRun(IterationCount=3, LaunchCount=1, WarmupCount=3) [Sessions=100]
// *** Execute ***
// Launch: 1 / 1
// Execute: dotnet WinForward.Benchmarks-ShortRun-1.dll --anonymousPipes 150 151 --benchmarkName "WinForward.Benchmarks.Perf.FrameworkSetupBenchmarks.Control_ConnectAssociateDisposeAsync(Sessions: 100)" --job ShortRun --benchmarkId 7 in /home/paff/Projects/WinForward/benchmarks/WinForward.Benchmarks/bin/Release/net10.0/WinForward.Benchmarks-ShortRun-1/bin/Release/net10.0
// Failed to set up high priority (Permission denied). In order to run benchmarks with high priority, make sure you have the right permissions.
// BeforeAnythingElse

// Benchmark Process Environment Information:
// BenchmarkDotNet v0.15.8
// Runtime=.NET 10.0.12 (10.0.12, 10.0.1226.42308), X64 RyuJIT x86-64-v4
// GC=Concurrent Workstation
// HardwareIntrinsics=AVX512 BITALG+VBMI2+VNNI+VPOPCNTDQ,AVX512 IFMA+VBMI,AVX512 F+BW+CD+DQ+VL,AVX2+BMI1+BMI2+F16C+FMA+LZCNT+MOVBE,AVX,SSE3+SSSE3+SSE4.1+SSE4.2+POPCNT,X86Base+SSE+SSE2,AES+PCLMUL,AvxVnni VectorSize=256
// Job: ShortRun(IterationCount=3, LaunchCount=1, WarmupCount=3)

OverheadJitting  1: 1 op, 353069.00 ns, 353.0690 us/op
WorkloadJitting  1: 1 op, 520942093.00 ns, 520.9421 ms/op

OverheadJitting  2: 1 op, 481.00 ns, 481.0000 ns/op
WorkloadJitting  2: 1 op, 461077465.00 ns, 461.0775 ms/op

WorkloadWarmup   1: 1 op, 467601269.00 ns, 467.6013 ms/op
WorkloadWarmup   2: 1 op, 445980984.00 ns, 445.9810 ms/op
WorkloadWarmup   3: 1 op, 445642127.00 ns, 445.6421 ms/op

// BeforeActualRun
WorkloadActual   1: 1 op, 442375847.00 ns, 442.3758 ms/op
WorkloadActual   2: 1 op, 445076092.00 ns, 445.0761 ms/op
WorkloadActual   3: 1 op, 436286180.00 ns, 436.2862 ms/op

// AfterActualRun
WorkloadResult   1: 1 op, 442375847.00 ns, 442.3758 ms/op
WorkloadResult   2: 1 op, 445076092.00 ns, 445.0761 ms/op
WorkloadResult   3: 1 op, 436286180.00 ns, 436.2862 ms/op
// GC:  0 0 0 475432 1
// Threading:  300 0 1

// AfterAll
// Benchmark Process 899594 has exited with code 0.

Mean = 441.246 ms, StdErr = 2.600 ms (0.59%), N = 3, StdDev = 4.503 ms
Min = 436.286 ms, Q1 = 439.331 ms, Median = 442.376 ms, Q3 = 443.726 ms, Max = 445.076 ms
IQR = 4.395 ms, LowerFence = 432.739 ms, UpperFence = 450.318 ms
ConfidenceInterval = [359.103 ms; 523.389 ms] (CI 99.9%), Margin = 82.143 ms (18.62% of Mean)
Skewness = -0.24, Kurtosis = 0.67, MValue = 2

// ** Remained 7 (46.7%) benchmark(s) to run. Estimated finish 2026-09-22 11:59 (0h 0m from now) **
// **************************
// Benchmark: FrameworkSetupBenchmarks.RelaySocket_CreateBindClose: ShortRun(IterationCount=3, LaunchCount=1, WarmupCount=3) [Sessions=100]
// *** Execute ***
// Launch: 1 / 1
// Execute: dotnet WinForward.Benchmarks-ShortRun-1.dll --anonymousPipes 150 151 --benchmarkName "WinForward.Benchmarks.Perf.FrameworkSetupBenchmarks.RelaySocket_CreateBindClose(Sessions: 100)" --job ShortRun --benchmarkId 8 in /home/paff/Projects/WinForward/benchmarks/WinForward.Benchmarks/bin/Release/net10.0/WinForward.Benchmarks-ShortRun-1/bin/Release/net10.0
// Failed to set up high priority (Permission denied). In order to run benchmarks with high priority, make sure you have the right permissions.
// BeforeAnythingElse

// Benchmark Process Environment Information:
// BenchmarkDotNet v0.15.8
// Runtime=.NET 10.0.12 (10.0.12, 10.0.1226.42308), X64 RyuJIT x86-64-v4
// GC=Concurrent Workstation
// HardwareIntrinsics=AVX512 BITALG+VBMI2+VNNI+VPOPCNTDQ,AVX512 IFMA+VBMI,AVX512 F+BW+CD+DQ+VL,AVX2+BMI1+BMI2+F16C+FMA+LZCNT+MOVBE,AVX,SSE3+SSSE3+SSE4.1+SSE4.2+POPCNT,X86Base+SSE+SSE2,AES+PCLMUL,AvxVnni VectorSize=256
// Job: ShortRun(IterationCount=3, LaunchCount=1, WarmupCount=3)

OverheadJitting  1: 1 op, 354763.00 ns, 354.7630 us/op
WorkloadJitting  1: 1 op, 6465031.00 ns, 6.4650 ms/op

OverheadJitting  2: 16 op, 402602.00 ns, 25.1626 us/op
WorkloadJitting  2: 16 op, 23710130.00 ns, 1.4819 ms/op

WorkloadPilot    1: 16 op, 24092153.00 ns, 1.5058 ms/op
WorkloadPilot    2: 32 op, 47656751.00 ns, 1.4893 ms/op
WorkloadPilot    3: 64 op, 95462500.00 ns, 1.4916 ms/op
WorkloadPilot    4: 128 op, 187910051.00 ns, 1.4680 ms/op
WorkloadPilot    5: 256 op, 350955681.00 ns, 1.3709 ms/op
WorkloadPilot    6: 512 op, 708724232.00 ns, 1.3842 ms/op

OverheadWarmup   1: 512 op, 4980.00 ns, 9.7266 ns/op
OverheadWarmup   2: 512 op, 2414.00 ns, 4.7148 ns/op
OverheadWarmup   3: 512 op, 2414.00 ns, 4.7148 ns/op
OverheadWarmup   4: 512 op, 2184.00 ns, 4.2656 ns/op
OverheadWarmup   5: 512 op, 2455.00 ns, 4.7949 ns/op
OverheadWarmup   6: 512 op, 2424.00 ns, 4.7344 ns/op

OverheadActual   1: 512 op, 2474.00 ns, 4.8320 ns/op
OverheadActual   2: 512 op, 2375.00 ns, 4.6387 ns/op
OverheadActual   3: 512 op, 2404.00 ns, 4.6953 ns/op
OverheadActual   4: 512 op, 2384.00 ns, 4.6563 ns/op
OverheadActual   5: 512 op, 2384.00 ns, 4.6563 ns/op
OverheadActual   6: 512 op, 2054.00 ns, 4.0117 ns/op
OverheadActual   7: 512 op, 2114.00 ns, 4.1289 ns/op
OverheadActual   8: 512 op, 2655.00 ns, 5.1855 ns/op
OverheadActual   9: 512 op, 2114.00 ns, 4.1289 ns/op
OverheadActual  10: 512 op, 2194.00 ns, 4.2852 ns/op
OverheadActual  11: 512 op, 2113.00 ns, 4.1270 ns/op
OverheadActual  12: 512 op, 2114.00 ns, 4.1289 ns/op
OverheadActual  13: 512 op, 2465.00 ns, 4.8145 ns/op
OverheadActual  14: 512 op, 2294.00 ns, 4.4805 ns/op
OverheadActual  15: 512 op, 2284.00 ns, 4.4609 ns/op
OverheadActual  16: 512 op, 2294.00 ns, 4.4805 ns/op
OverheadActual  17: 512 op, 2475.00 ns, 4.8340 ns/op
OverheadActual  18: 512 op, 2394.00 ns, 4.6758 ns/op
OverheadActual  19: 512 op, 2465.00 ns, 4.8145 ns/op
OverheadActual  20: 512 op, 2384.00 ns, 4.6563 ns/op

WorkloadWarmup   1: 512 op, 704663005.00 ns, 1.3763 ms/op
WorkloadWarmup   2: 512 op, 696569101.00 ns, 1.3605 ms/op
WorkloadWarmup   3: 512 op, 680613228.00 ns, 1.3293 ms/op

// BeforeActualRun
WorkloadActual   1: 512 op, 674426851.00 ns, 1.3172 ms/op
WorkloadActual   2: 512 op, 679695479.00 ns, 1.3275 ms/op
WorkloadActual   3: 512 op, 678761673.00 ns, 1.3257 ms/op

// AfterActualRun
WorkloadResult   1: 512 op, 674424471.50 ns, 1.3172 ms/op
WorkloadResult   2: 512 op, 679693099.50 ns, 1.3275 ms/op
WorkloadResult   3: 512 op, 678759293.50 ns, 1.3257 ms/op
// GC:  1 0 0 29491200 512
// Threading:  0 0 512

// AfterAll
// Benchmark Process 899648 has exited with code 0.

Mean = 1.323 ms, StdErr = 0.003 ms (0.24%), N = 3, StdDev = 0.005 ms
Min = 1.317 ms, Q1 = 1.321 ms, Median = 1.326 ms, Q3 = 1.327 ms, Max = 1.328 ms
IQR = 0.005 ms, LowerFence = 1.314 ms, UpperFence = 1.334 ms
ConfidenceInterval = [1.223 ms; 1.424 ms] (CI 99.9%), Margin = 0.100 ms (7.57% of Mean)
Skewness = -0.34, Kurtosis = 0.67, MValue = 2

// ** Remained 6 (40.0%) benchmark(s) to run. Estimated finish 2026-09-22 11:59 (0h 0m from now) **
// **************************
// Benchmark: FrameworkSetupBenchmarks.SelfTraffic_RegisterRelease: ShortRun(IterationCount=3, LaunchCount=1, WarmupCount=3) [Sessions=100]
// *** Execute ***
// Launch: 1 / 1
// Execute: dotnet WinForward.Benchmarks-ShortRun-1.dll --anonymousPipes 150 151 --benchmarkName "WinForward.Benchmarks.Perf.FrameworkSetupBenchmarks.SelfTraffic_RegisterRelease(Sessions: 100)" --job ShortRun --benchmarkId 9 in /home/paff/Projects/WinForward/benchmarks/WinForward.Benchmarks/bin/Release/net10.0/WinForward.Benchmarks-ShortRun-1/bin/Release/net10.0
// Failed to set up high priority (Permission denied). In order to run benchmarks with high priority, make sure you have the right permissions.
// BeforeAnythingElse

// Benchmark Process Environment Information:
// BenchmarkDotNet v0.15.8
// Runtime=.NET 10.0.12 (10.0.12, 10.0.1226.42308), X64 RyuJIT x86-64-v4
// GC=Concurrent Workstation
// HardwareIntrinsics=AVX512 BITALG+VBMI2+VNNI+VPOPCNTDQ,AVX512 IFMA+VBMI,AVX512 F+BW+CD+DQ+VL,AVX2+BMI1+BMI2+F16C+FMA+LZCNT+MOVBE,AVX,SSE3+SSSE3+SSE4.1+SSE4.2+POPCNT,X86Base+SSE+SSE2,AES+PCLMUL,AvxVnni VectorSize=256
// Job: ShortRun(IterationCount=3, LaunchCount=1, WarmupCount=3)

OverheadJitting  1: 1 op, 336539.00 ns, 336.5390 us/op
WorkloadJitting  1: 1 op, 8590601.00 ns, 8.5906 ms/op

OverheadJitting  2: 16 op, 368879.00 ns, 23.0549 us/op
WorkloadJitting  2: 16 op, 4627781.00 ns, 289.2363 us/op

WorkloadPilot    1: 16 op, 3917304.00 ns, 244.8315 us/op
WorkloadPilot    2: 32 op, 8225880.00 ns, 257.0588 us/op
WorkloadPilot    3: 64 op, 17054486.00 ns, 266.4763 us/op
WorkloadPilot    4: 128 op, 33404626.00 ns, 260.9736 us/op
WorkloadPilot    5: 256 op, 72109239.00 ns, 281.6767 us/op
WorkloadPilot    6: 512 op, 46754565.00 ns, 91.3175 us/op
WorkloadPilot    7: 1024 op, 47129815.00 ns, 46.0252 us/op
WorkloadPilot    8: 2048 op, 68107979.00 ns, 33.2558 us/op
WorkloadPilot    9: 4096 op, 135257680.00 ns, 33.0219 us/op
WorkloadPilot   10: 8192 op, 271450517.00 ns, 33.1360 us/op
WorkloadPilot   11: 16384 op, 537795219.00 ns, 32.8244 us/op

OverheadWarmup   1: 16384 op, 49533.00 ns, 3.0233 ns/op
OverheadWarmup   2: 16384 op, 46266.00 ns, 2.8239 ns/op
OverheadWarmup   3: 16384 op, 46126.00 ns, 2.8153 ns/op
OverheadWarmup   4: 16384 op, 46647.00 ns, 2.8471 ns/op
OverheadWarmup   5: 16384 op, 47509.00 ns, 2.8997 ns/op
OverheadWarmup   6: 16384 op, 46407.00 ns, 2.8325 ns/op
OverheadWarmup   7: 16384 op, 46096.00 ns, 2.8135 ns/op
OverheadWarmup   8: 16384 op, 46176.00 ns, 2.8184 ns/op
OverheadWarmup   9: 16384 op, 48250.00 ns, 2.9449 ns/op
OverheadWarmup  10: 16384 op, 130253.00 ns, 7.9500 ns/op

OverheadActual   1: 16384 op, 46277.00 ns, 2.8245 ns/op
OverheadActual   2: 16384 op, 46397.00 ns, 2.8318 ns/op
OverheadActual   3: 16384 op, 48231.00 ns, 2.9438 ns/op
OverheadActual   4: 16384 op, 46346.00 ns, 2.8287 ns/op
OverheadActual   5: 16384 op, 62016.00 ns, 3.7852 ns/op
OverheadActual   6: 16384 op, 46657.00 ns, 2.8477 ns/op
OverheadActual   7: 16384 op, 47859.00 ns, 2.9211 ns/op
OverheadActual   8: 16384 op, 57438.00 ns, 3.5057 ns/op
OverheadActual   9: 16384 op, 46527.00 ns, 2.8398 ns/op
OverheadActual  10: 16384 op, 46106.00 ns, 2.8141 ns/op
OverheadActual  11: 16384 op, 47739.00 ns, 2.9138 ns/op
OverheadActual  12: 16384 op, 48521.00 ns, 2.9615 ns/op
OverheadActual  13: 16384 op, 46477.00 ns, 2.8367 ns/op
OverheadActual  14: 16384 op, 46587.00 ns, 2.8434 ns/op
OverheadActual  15: 16384 op, 47960.00 ns, 2.9272 ns/op

WorkloadWarmup   1: 16384 op, 553059213.00 ns, 33.7561 us/op
WorkloadWarmup   2: 16384 op, 545294326.00 ns, 33.2821 us/op
WorkloadWarmup   3: 16384 op, 540467079.00 ns, 32.9875 us/op

// BeforeActualRun
WorkloadActual   1: 16384 op, 539424577.00 ns, 32.9239 us/op
WorkloadActual   2: 16384 op, 551012214.00 ns, 33.6311 us/op
WorkloadActual   3: 16384 op, 548099609.00 ns, 33.4533 us/op

// AfterActualRun
WorkloadResult   1: 16384 op, 539377920.00 ns, 32.9210 us/op
WorkloadResult   2: 16384 op, 550965557.00 ns, 33.6283 us/op
WorkloadResult   3: 16384 op, 548052952.00 ns, 33.4505 us/op
// GC:  15 0 0 262144000 16384
// Threading:  0 0 16384

// AfterAll
// Benchmark Process 899745 has exited with code 0.

Mean = 33.333 us, StdErr = 0.212 us (0.64%), N = 3, StdDev = 0.368 us
Min = 32.921 us, Q1 = 33.186 us, Median = 33.450 us, Q3 = 33.539 us, Max = 33.628 us
IQR = 0.354 us, LowerFence = 32.655 us, UpperFence = 34.070 us
ConfidenceInterval = [26.621 us; 40.045 us] (CI 99.9%), Margin = 6.712 us (20.14% of Mean)
Skewness = -0.29, Kurtosis = 0.67, MValue = 2

// ** Remained 5 (33.3%) benchmark(s) to run. Estimated finish 2026-09-22 11:59 (0h 0m from now) **
// **************************
// Benchmark: FrameworkSetupBenchmarks.RealTransport_CreateDisposeAsync: ShortRun(IterationCount=3, LaunchCount=1, WarmupCount=3) [Sessions=1000]
// *** Execute ***
// Launch: 1 / 1
// Execute: dotnet WinForward.Benchmarks-ShortRun-1.dll --anonymousPipes 150 151 --benchmarkName "WinForward.Benchmarks.Perf.FrameworkSetupBenchmarks.RealTransport_CreateDisposeAsync(Sessions: 1000)" --job ShortRun --benchmarkId 10 in /home/paff/Projects/WinForward/benchmarks/WinForward.Benchmarks/bin/Release/net10.0/WinForward.Benchmarks-ShortRun-1/bin/Release/net10.0
// Failed to set up high priority (Permission denied). In order to run benchmarks with high priority, make sure you have the right permissions.
// BeforeAnythingElse

// Benchmark Process Environment Information:
// BenchmarkDotNet v0.15.8
// Runtime=.NET 10.0.12 (10.0.12, 10.0.1226.42308), X64 RyuJIT x86-64-v4
// GC=Concurrent Workstation
// HardwareIntrinsics=AVX512 BITALG+VBMI2+VNNI+VPOPCNTDQ,AVX512 IFMA+VBMI,AVX512 F+BW+CD+DQ+VL,AVX2+BMI1+BMI2+F16C+FMA+LZCNT+MOVBE,AVX,SSE3+SSSE3+SSE4.1+SSE4.2+POPCNT,X86Base+SSE+SSE2,AES+PCLMUL,AvxVnni VectorSize=256
// Job: ShortRun(IterationCount=3, LaunchCount=1, WarmupCount=3)

OverheadJitting  1: 1 op, 424513.00 ns, 424.5130 us/op
WorkloadJitting  1: 1 op, 1354626009.00 ns, 1.3546 s/op

OverheadJitting  2: 1 op, 751.00 ns, 751.0000 ns/op
WorkloadJitting  2: 1 op, 1178657202.00 ns, 1.1787 s/op

WorkloadWarmup   1: 1 op, 1144920361.00 ns, 1.1449 s/op
WorkloadWarmup   2: 1 op, 1150569074.00 ns, 1.1506 s/op
WorkloadWarmup   3: 1 op, 1160534539.00 ns, 1.1605 s/op

// BeforeActualRun
WorkloadActual   1: 1 op, 1168395043.00 ns, 1.1684 s/op
WorkloadActual   2: 1 op, 1211538709.00 ns, 1.2115 s/op
WorkloadActual   3: 1 op, 2827174205.00 ns, 2.8272 s/op

// AfterActualRun
WorkloadResult   1: 1 op, 1168395043.00 ns, 1.1684 s/op
WorkloadResult   2: 1 op, 1211538709.00 ns, 1.2115 s/op
WorkloadResult   3: 1 op, 2827174205.00 ns, 2.8272 s/op
// GC:  0 0 0 7952072 1
// Threading:  3012 0 1

// AfterAll
// Benchmark Process 899825 has exited with code 0.

Mean = 1.736 s, StdErr = 0.546 s (31.45%), N = 3, StdDev = 0.945 s
Min = 1.168 s, Q1 = 1.190 s, Median = 1.212 s, Q3 = 2.019 s, Max = 2.827 s
IQR = 0.829 s, LowerFence = -0.054 s, UpperFence = 3.263 s
ConfidenceInterval = [-15.514 s; 18.985 s] (CI 99.9%), Margin = 17.249 s (993.79% of Mean)
Skewness = 0.38, Kurtosis = 0.67, MValue = 2

// ** Remained 4 (26.7%) benchmark(s) to run. Estimated finish 2026-09-22 11:59 (0h 0m from now) **
// **************************
// Benchmark: FrameworkSetupBenchmarks.Control_ConnectDisposeAsync: ShortRun(IterationCount=3, LaunchCount=1, WarmupCount=3) [Sessions=1000]
// *** Execute ***
// Launch: 1 / 1
// Execute: dotnet WinForward.Benchmarks-ShortRun-1.dll --anonymousPipes 150 151 --benchmarkName "WinForward.Benchmarks.Perf.FrameworkSetupBenchmarks.Control_ConnectDisposeAsync(Sessions: 1000)" --job ShortRun --benchmarkId 11 in /home/paff/Projects/WinForward/benchmarks/WinForward.Benchmarks/bin/Release/net10.0/WinForward.Benchmarks-ShortRun-1/bin/Release/net10.0
// Failed to set up high priority (Permission denied). In order to run benchmarks with high priority, make sure you have the right permissions.
// BeforeAnythingElse

// Benchmark Process Environment Information:
// BenchmarkDotNet v0.15.8
// Runtime=.NET 10.0.12 (10.0.12, 10.0.1226.42308), X64 RyuJIT x86-64-v4
// GC=Concurrent Workstation
// HardwareIntrinsics=AVX512 BITALG+VBMI2+VNNI+VPOPCNTDQ,AVX512 IFMA+VBMI,AVX512 F+BW+CD+DQ+VL,AVX2+BMI1+BMI2+F16C+FMA+LZCNT+MOVBE,AVX,SSE3+SSSE3+SSE4.1+SSE4.2+POPCNT,X86Base+SSE+SSE2,AES+PCLMUL,AvxVnni VectorSize=256
// Job: ShortRun(IterationCount=3, LaunchCount=1, WarmupCount=3)

OverheadJitting  1: 1 op, 308877.00 ns, 308.8770 us/op
WorkloadJitting  1: 1 op, 2544078045.00 ns, 2.5441 s/op

OverheadJitting  2: 1 op, 811.00 ns, 811.0000 ns/op
WorkloadJitting  2: 1 op, 2414213565.00 ns, 2.4142 s/op

WorkloadWarmup   1: 1 op, 2404561723.00 ns, 2.4046 s/op
WorkloadWarmup   2: 1 op, 2431708016.00 ns, 2.4317 s/op
WorkloadWarmup   3: 1 op, 2449529601.00 ns, 2.4495 s/op

// BeforeActualRun
WorkloadActual   1: 1 op, 3877760958.00 ns, 3.8778 s/op
WorkloadActual   2: 1 op, 3997318759.00 ns, 3.9973 s/op
WorkloadActual   3: 1 op, 3969016687.00 ns, 3.9690 s/op

// AfterActualRun
WorkloadResult   1: 1 op, 3877760958.00 ns, 3.8778 s/op
WorkloadResult   2: 1 op, 3997318759.00 ns, 3.9973 s/op
WorkloadResult   3: 1 op, 3969016687.00 ns, 3.9690 s/op
// GC:  0 0 0 3792200 1
// Threading:  2011 0 1

// AfterAll
// Benchmark Process 899969 has exited with code 0.

Mean = 3.948 s, StdErr = 0.036 s (0.91%), N = 3, StdDev = 0.062 s
Min = 3.878 s, Q1 = 3.923 s, Median = 3.969 s, Q3 = 3.983 s, Max = 3.997 s
IQR = 0.060 s, LowerFence = 3.834 s, UpperFence = 4.073 s
ConfidenceInterval = [2.808 s; 5.088 s] (CI 99.9%), Margin = 1.140 s (28.87% of Mean)
Skewness = -0.3, Kurtosis = 0.67, MValue = 2

// ** Remained 3 (20.0%) benchmark(s) to run. Estimated finish 2026-09-22 12:00 (0h 0m from now) **
// **************************
// Benchmark: FrameworkSetupBenchmarks.Control_ConnectAssociateDisposeAsync: ShortRun(IterationCount=3, LaunchCount=1, WarmupCount=3) [Sessions=1000]
// *** Execute ***
// Launch: 1 / 1
// Execute: dotnet WinForward.Benchmarks-ShortRun-1.dll --anonymousPipes 150 151 --benchmarkName "WinForward.Benchmarks.Perf.FrameworkSetupBenchmarks.Control_ConnectAssociateDisposeAsync(Sessions: 1000)" --job ShortRun --benchmarkId 12 in /home/paff/Projects/WinForward/benchmarks/WinForward.Benchmarks/bin/Release/net10.0/WinForward.Benchmarks-ShortRun-1/bin/Release/net10.0
// Failed to set up high priority (Permission denied). In order to run benchmarks with high priority, make sure you have the right permissions.
// BeforeAnythingElse

// Benchmark Process Environment Information:
// BenchmarkDotNet v0.15.8
// Runtime=.NET 10.0.12 (10.0.12, 10.0.1226.42308), X64 RyuJIT x86-64-v4
// GC=Concurrent Workstation
// HardwareIntrinsics=AVX512 BITALG+VBMI2+VNNI+VPOPCNTDQ,AVX512 IFMA+VBMI,AVX512 F+BW+CD+DQ+VL,AVX2+BMI1+BMI2+F16C+FMA+LZCNT+MOVBE,AVX,SSE3+SSSE3+SSE4.1+SSE4.2+POPCNT,X86Base+SSE+SSE2,AES+PCLMUL,AvxVnni VectorSize=256
// Job: ShortRun(IterationCount=3, LaunchCount=1, WarmupCount=3)

OverheadJitting  1: 1 op, 385310.00 ns, 385.3100 us/op
WorkloadJitting  1: 1 op, 4568327303.00 ns, 4.5683 s/op

OverheadJitting  2: 1 op, 832.00 ns, 832.0000 ns/op
WorkloadJitting  2: 1 op, 4424405825.00 ns, 4.4244 s/op

WorkloadWarmup   1: 1 op, 4409686498.00 ns, 4.4097 s/op
WorkloadWarmup   2: 1 op, 4419986364.00 ns, 4.4200 s/op
WorkloadWarmup   3: 1 op, 1521196120.00 ns, 1.5212 s/op

// BeforeActualRun
WorkloadActual   1: 1 op, 3654216363.00 ns, 3.6542 s/op
WorkloadActual   2: 1 op, 1123707213.00 ns, 1.1237 s/op
WorkloadActual   3: 1 op, 1131582567.00 ns, 1.1316 s/op

// AfterActualRun
WorkloadResult   1: 1 op, 3654216363.00 ns, 3.6542 s/op
WorkloadResult   2: 1 op, 1123707213.00 ns, 1.1237 s/op
WorkloadResult   3: 1 op, 1131582567.00 ns, 1.1316 s/op
// GC:  0 0 0 4750592 1
// Threading:  3009 0 1

// AfterAll
// Benchmark Process 900197 has exited with code 0.

Mean = 1.970 s, StdErr = 0.842 s (42.75%), N = 3, StdDev = 1.459 s
Min = 1.124 s, Q1 = 1.128 s, Median = 1.132 s, Q3 = 2.393 s, Max = 3.654 s
IQR = 1.265 s, LowerFence = -0.770 s, UpperFence = 4.291 s
ConfidenceInterval = [-24.643 s; 28.582 s] (CI 99.9%), Margin = 26.613 s (1351.00% of Mean)
Skewness = 0.38, Kurtosis = 0.67, MValue = 2

// ** Remained 2 (13.3%) benchmark(s) to run. Estimated finish 2026-09-22 12:00 (0h 0m from now) **
// **************************
// Benchmark: FrameworkSetupBenchmarks.RelaySocket_CreateBindClose: ShortRun(IterationCount=3, LaunchCount=1, WarmupCount=3) [Sessions=1000]
// *** Execute ***
// Launch: 1 / 1
// Execute: dotnet WinForward.Benchmarks-ShortRun-1.dll --anonymousPipes 150 151 --benchmarkName "WinForward.Benchmarks.Perf.FrameworkSetupBenchmarks.RelaySocket_CreateBindClose(Sessions: 1000)" --job ShortRun --benchmarkId 13 in /home/paff/Projects/WinForward/benchmarks/WinForward.Benchmarks/bin/Release/net10.0/WinForward.Benchmarks-ShortRun-1/bin/Release/net10.0
// Failed to set up high priority (Permission denied). In order to run benchmarks with high priority, make sure you have the right permissions.
// BeforeAnythingElse

// Benchmark Process Environment Information:
// BenchmarkDotNet v0.15.8
// Runtime=.NET 10.0.12 (10.0.12, 10.0.1226.42308), X64 RyuJIT x86-64-v4
// GC=Concurrent Workstation
// HardwareIntrinsics=AVX512 BITALG+VBMI2+VNNI+VPOPCNTDQ,AVX512 IFMA+VBMI,AVX512 F+BW+CD+DQ+VL,AVX2+BMI1+BMI2+F16C+FMA+LZCNT+MOVBE,AVX,SSE3+SSSE3+SSE4.1+SSE4.2+POPCNT,X86Base+SSE+SSE2,AES+PCLMUL,AvxVnni VectorSize=256
// Job: ShortRun(IterationCount=3, LaunchCount=1, WarmupCount=3)

OverheadJitting  1: 1 op, 361395.00 ns, 361.3950 us/op
WorkloadJitting  1: 1 op, 18586547.00 ns, 18.5865 ms/op

OverheadJitting  2: 16 op, 402653.00 ns, 25.1658 us/op
WorkloadJitting  2: 16 op, 256353556.00 ns, 16.0221 ms/op

WorkloadPilot    1: 16 op, 215532946.00 ns, 13.4708 ms/op
WorkloadPilot    2: 32 op, 447456995.00 ns, 13.9830 ms/op
WorkloadPilot    3: 64 op, 841685265.00 ns, 13.1513 ms/op

OverheadWarmup   1: 64 op, 5751.00 ns, 89.8594 ns/op
OverheadWarmup   2: 64 op, 1002.00 ns, 15.6563 ns/op
OverheadWarmup   3: 64 op, 1183.00 ns, 18.4844 ns/op
OverheadWarmup   4: 64 op, 1162.00 ns, 18.1563 ns/op
OverheadWarmup   5: 64 op, 1253.00 ns, 19.5781 ns/op
OverheadWarmup   6: 64 op, 1212.00 ns, 18.9375 ns/op

OverheadActual   1: 64 op, 1292.00 ns, 20.1875 ns/op
OverheadActual   2: 64 op, 1162.00 ns, 18.1563 ns/op
OverheadActual   3: 64 op, 1303.00 ns, 20.3594 ns/op
OverheadActual   4: 64 op, 1262.00 ns, 19.7188 ns/op
OverheadActual   5: 64 op, 1102.00 ns, 17.2188 ns/op
OverheadActual   6: 64 op, 821.00 ns, 12.8281 ns/op
OverheadActual   7: 64 op, 822.00 ns, 12.8438 ns/op
OverheadActual   8: 64 op, 862.00 ns, 13.4688 ns/op
OverheadActual   9: 64 op, 962.00 ns, 15.0313 ns/op
OverheadActual  10: 64 op, 831.00 ns, 12.9844 ns/op
OverheadActual  11: 64 op, 1203.00 ns, 18.7969 ns/op
OverheadActual  12: 64 op, 832.00 ns, 13.0000 ns/op
OverheadActual  13: 64 op, 801.00 ns, 12.5156 ns/op
OverheadActual  14: 64 op, 812.00 ns, 12.6875 ns/op
OverheadActual  15: 64 op, 982.00 ns, 15.3438 ns/op
OverheadActual  16: 64 op, 842.00 ns, 13.1563 ns/op
OverheadActual  17: 64 op, 872.00 ns, 13.6250 ns/op
OverheadActual  18: 64 op, 922.00 ns, 14.4063 ns/op
OverheadActual  19: 64 op, 1202.00 ns, 18.7813 ns/op
OverheadActual  20: 64 op, 1212.00 ns, 18.9375 ns/op

WorkloadWarmup   1: 64 op, 862063472.00 ns, 13.4697 ms/op
WorkloadWarmup   2: 64 op, 861914344.00 ns, 13.4674 ms/op
WorkloadWarmup   3: 64 op, 828864237.00 ns, 12.9510 ms/op

// BeforeActualRun
WorkloadActual   1: 64 op, 848775975.00 ns, 13.2621 ms/op
WorkloadActual   2: 64 op, 844394971.00 ns, 13.1937 ms/op
WorkloadActual   3: 64 op, 837478884.00 ns, 13.0856 ms/op

// AfterActualRun
WorkloadResult   1: 64 op, 848775033.00 ns, 13.2621 ms/op
WorkloadResult   2: 64 op, 844394029.00 ns, 13.1937 ms/op
WorkloadResult   3: 64 op, 837477942.00 ns, 13.0856 ms/op
// GC:  2 0 0 36864000 64
// Threading:  0 0 64

// AfterAll
// Benchmark Process 900439 has exited with code 0.

Mean = 13.180 ms, StdErr = 0.051 ms (0.39%), N = 3, StdDev = 0.089 ms
Min = 13.086 ms, Q1 = 13.140 ms, Median = 13.194 ms, Q3 = 13.228 ms, Max = 13.262 ms
IQR = 0.088 ms, LowerFence = 13.007 ms, UpperFence = 13.360 ms
ConfidenceInterval = [11.557 ms; 14.804 ms] (CI 99.9%), Margin = 1.624 ms (12.32% of Mean)
Skewness = -0.15, Kurtosis = 0.67, MValue = 2

// ** Remained 1 (6.7%) benchmark(s) to run. Estimated finish 2026-09-22 12:00 (0h 0m from now) **
// **************************
// Benchmark: FrameworkSetupBenchmarks.SelfTraffic_RegisterRelease: ShortRun(IterationCount=3, LaunchCount=1, WarmupCount=3) [Sessions=1000]
// *** Execute ***
// Launch: 1 / 1
// Execute: dotnet WinForward.Benchmarks-ShortRun-1.dll --anonymousPipes 150 151 --benchmarkName "WinForward.Benchmarks.Perf.FrameworkSetupBenchmarks.SelfTraffic_RegisterRelease(Sessions: 1000)" --job ShortRun --benchmarkId 14 in /home/paff/Projects/WinForward/benchmarks/WinForward.Benchmarks/bin/Release/net10.0/WinForward.Benchmarks-ShortRun-1/bin/Release/net10.0
// Failed to set up high priority (Permission denied). In order to run benchmarks with high priority, make sure you have the right permissions.
// BeforeAnythingElse

// Benchmark Process Environment Information:
// BenchmarkDotNet v0.15.8
// Runtime=.NET 10.0.12 (10.0.12, 10.0.1226.42308), X64 RyuJIT x86-64-v4
// GC=Concurrent Workstation
// HardwareIntrinsics=AVX512 BITALG+VBMI2+VNNI+VPOPCNTDQ,AVX512 IFMA+VBMI,AVX512 F+BW+CD+DQ+VL,AVX2+BMI1+BMI2+F16C+FMA+LZCNT+MOVBE,AVX,SSE3+SSSE3+SSE4.1+SSE4.2+POPCNT,X86Base+SSE+SSE2,AES+PCLMUL,AvxVnni VectorSize=256
// Job: ShortRun(IterationCount=3, LaunchCount=1, WarmupCount=3)

OverheadJitting  1: 1 op, 420085.00 ns, 420.0850 us/op
WorkloadJitting  1: 1 op, 10727140.00 ns, 10.7271 ms/op

OverheadJitting  2: 16 op, 364461.00 ns, 22.7788 us/op
WorkloadJitting  2: 16 op, 66079178.00 ns, 4.1299 ms/op

WorkloadPilot    1: 16 op, 41609041.00 ns, 2.6006 ms/op
WorkloadPilot    2: 32 op, 79852271.00 ns, 2.4954 ms/op
WorkloadPilot    3: 64 op, 106645109.00 ns, 1.6663 ms/op
WorkloadPilot    4: 128 op, 74512553.00 ns, 582.1293 us/op
WorkloadPilot    5: 256 op, 85448681.00 ns, 333.7839 us/op
WorkloadPilot    6: 512 op, 169064789.00 ns, 330.2047 us/op
WorkloadPilot    7: 1024 op, 332015153.00 ns, 324.2335 us/op
WorkloadPilot    8: 2048 op, 665879610.00 ns, 325.1365 us/op

OverheadWarmup   1: 2048 op, 9117.00 ns, 4.4517 ns/op
OverheadWarmup   2: 2048 op, 6522.00 ns, 3.1846 ns/op
OverheadWarmup   3: 2048 op, 6533.00 ns, 3.1899 ns/op
OverheadWarmup   4: 2048 op, 6672.00 ns, 3.2578 ns/op
OverheadWarmup   5: 2048 op, 6442.00 ns, 3.1455 ns/op
OverheadWarmup   6: 2048 op, 6412.00 ns, 3.1309 ns/op
OverheadWarmup   7: 2048 op, 6462.00 ns, 3.1553 ns/op
OverheadWarmup   8: 2048 op, 6523.00 ns, 3.1851 ns/op
OverheadWarmup   9: 2048 op, 6412.00 ns, 3.1309 ns/op

OverheadActual   1: 2048 op, 6662.00 ns, 3.2529 ns/op
OverheadActual   2: 2048 op, 38481.00 ns, 18.7896 ns/op
OverheadActual   3: 2048 op, 6673.00 ns, 3.2583 ns/op
OverheadActual   4: 2048 op, 6612.00 ns, 3.2285 ns/op
OverheadActual   5: 2048 op, 6432.00 ns, 3.1406 ns/op
OverheadActual   6: 2048 op, 6492.00 ns, 3.1699 ns/op
OverheadActual   7: 2048 op, 8326.00 ns, 4.0654 ns/op
OverheadActual   8: 2048 op, 6402.00 ns, 3.1260 ns/op
OverheadActual   9: 2048 op, 6482.00 ns, 3.1650 ns/op
OverheadActual  10: 2048 op, 6703.00 ns, 3.2729 ns/op
OverheadActual  11: 2048 op, 6652.00 ns, 3.2480 ns/op
OverheadActual  12: 2048 op, 6763.00 ns, 3.3022 ns/op
OverheadActual  13: 2048 op, 6572.00 ns, 3.2090 ns/op
OverheadActual  14: 2048 op, 6552.00 ns, 3.1992 ns/op
OverheadActual  15: 2048 op, 6723.00 ns, 3.2827 ns/op

WorkloadWarmup   1: 2048 op, 679630274.00 ns, 331.8507 us/op
WorkloadWarmup   2: 2048 op, 679664026.00 ns, 331.8672 us/op
WorkloadWarmup   3: 2048 op, 668536895.00 ns, 326.4340 us/op

// BeforeActualRun
WorkloadActual   1: 2048 op, 677566905.00 ns, 330.8432 us/op
WorkloadActual   2: 2048 op, 679358552.00 ns, 331.7180 us/op
WorkloadActual   3: 2048 op, 665111349.00 ns, 324.7614 us/op

// AfterActualRun
WorkloadResult   1: 2048 op, 677560253.00 ns, 330.8400 us/op
WorkloadResult   2: 2048 op, 679351900.00 ns, 331.7148 us/op
WorkloadResult   3: 2048 op, 665104697.00 ns, 324.7582 us/op
// GC:  19 0 0 327680000 2048
// Threading:  0 0 2048

// AfterAll
// Benchmark Process 900509 has exited with code 0.

Mean = 329.104 us, StdErr = 2.188 us (0.66%), N = 3, StdDev = 3.789 us
Min = 324.758 us, Q1 = 327.799 us, Median = 330.840 us, Q3 = 331.277 us, Max = 331.715 us
IQR = 3.478 us, LowerFence = 322.582 us, UpperFence = 336.495 us
ConfidenceInterval = [259.975 us; 398.234 us] (CI 99.9%), Margin = 69.129 us (21.01% of Mean)
Skewness = -0.36, Kurtosis = 0.67, MValue = 2

// ** Remained 0 (0.0%) benchmark(s) to run. Estimated finish 2026-09-22 12:00 (0h 0m from now) **
// ***** BenchmarkRunner: Finish  *****

// * Export *
  BenchmarkDotNet.Artifacts/results/WinForward.Benchmarks.Perf.FrameworkSetupBenchmarks-report.csv
  BenchmarkDotNet.Artifacts/results/WinForward.Benchmarks.Perf.FrameworkSetupBenchmarks-report-github.md
  BenchmarkDotNet.Artifacts/results/WinForward.Benchmarks.Perf.FrameworkSetupBenchmarks-report.html

// * Detailed results *
FrameworkSetupBenchmarks.RealTransport_CreateDisposeAsync: ShortRun(IterationCount=3, LaunchCount=1, WarmupCount=3) [Sessions=1]
Runtime = .NET 10.0.12 (10.0.12, 10.0.1226.42308), X64 RyuJIT x86-64-v4; GC = Concurrent Workstation
Mean = 1.459 ms, StdErr = 0.005 ms (0.35%), N = 3, StdDev = 0.009 ms
Min = 1.449 ms, Q1 = 1.457 ms, Median = 1.464 ms, Q3 = 1.464 ms, Max = 1.464 ms
IQR = 0.008 ms, LowerFence = 1.445 ms, UpperFence = 1.476 ms
ConfidenceInterval = [1.300 ms; 1.618 ms] (CI 99.9%), Margin = 0.159 ms (10.90% of Mean)
Skewness = -0.38, Kurtosis = 0.67, MValue = 2
-------------------- Histogram --------------------
[1.449 ms ; 1.465 ms) | @@@
---------------------------------------------------

FrameworkSetupBenchmarks.Control_ConnectDisposeAsync: ShortRun(IterationCount=3, LaunchCount=1, WarmupCount=3) [Sessions=1]
Runtime = .NET 10.0.12 (10.0.12, 10.0.1226.42308), X64 RyuJIT x86-64-v4; GC = Concurrent Workstation
Mean = 2.461 ms, StdErr = 0.006 ms (0.25%), N = 3, StdDev = 0.011 ms
Min = 2.453 ms, Q1 = 2.455 ms, Median = 2.457 ms, Q3 = 2.465 ms, Max = 2.473 ms
IQR = 0.010 ms, LowerFence = 2.440 ms, UpperFence = 2.480 ms
ConfidenceInterval = [2.263 ms; 2.659 ms] (CI 99.9%), Margin = 0.198 ms (8.04% of Mean)
Skewness = 0.34, Kurtosis = 0.67, MValue = 2
-------------------- Histogram --------------------
[2.443 ms ; 2.483 ms) | @@@
---------------------------------------------------

FrameworkSetupBenchmarks.Control_ConnectAssociateDisposeAsync: ShortRun(IterationCount=3, LaunchCount=1, WarmupCount=3) [Sessions=1]
Runtime = .NET 10.0.12 (10.0.12, 10.0.1226.42308), X64 RyuJIT x86-64-v4; GC = Concurrent Workstation
Mean = 4.481 ms, StdErr = 0.017 ms (0.38%), N = 3, StdDev = 0.029 ms
Min = 4.461 ms, Q1 = 4.465 ms, Median = 4.468 ms, Q3 = 4.492 ms, Max = 4.515 ms
IQR = 0.027 ms, LowerFence = 4.424 ms, UpperFence = 4.532 ms
ConfidenceInterval = [3.947 ms; 5.016 ms] (CI 99.9%), Margin = 0.535 ms (11.93% of Mean)
Skewness = 0.36, Kurtosis = 0.67, MValue = 2
-------------------- Histogram --------------------
[4.434 ms ; 4.542 ms) | @@@
---------------------------------------------------

FrameworkSetupBenchmarks.RelaySocket_CreateBindClose: ShortRun(IterationCount=3, LaunchCount=1, WarmupCount=3) [Sessions=1]
Runtime = .NET 10.0.12 (10.0.12, 10.0.1226.42308), X64 RyuJIT x86-64-v4; GC = Concurrent Workstation
Mean = 13.126 us, StdErr = 0.050 us (0.38%), N = 3, StdDev = 0.087 us
Min = 13.075 us, Q1 = 13.075 us, Median = 13.076 us, Q3 = 13.151 us, Max = 13.226 us
IQR = 0.076 us, LowerFence = 12.962 us, UpperFence = 13.264 us
ConfidenceInterval = [11.543 us; 14.708 us] (CI 99.9%), Margin = 1.582 us (12.06% of Mean)
Skewness = 0.38, Kurtosis = 0.67, MValue = 2
-------------------- Histogram --------------------
[13.071 us ; 13.229 us) | @@@
---------------------------------------------------

FrameworkSetupBenchmarks.SelfTraffic_RegisterRelease: ShortRun(IterationCount=3, LaunchCount=1, WarmupCount=3) [Sessions=1]
Runtime = .NET 10.0.12 (10.0.12, 10.0.1226.42308), X64 RyuJIT x86-64-v4; GC = Concurrent Workstation
Mean = 358.004 ns, StdErr = 1.420 ns (0.40%), N = 3, StdDev = 2.460 ns
Min = 356.276 ns, Q1 = 356.596 ns, Median = 356.916 ns, Q3 = 358.868 ns, Max = 360.820 ns
IQR = 2.272 ns, LowerFence = 353.188 ns, UpperFence = 362.276 ns
ConfidenceInterval = [313.127 ns; 402.881 ns] (CI 99.9%), Margin = 44.877 ns (12.54% of Mean)
Skewness = 0.36, Kurtosis = 0.67, MValue = 2
-------------------- Histogram --------------------
[354.038 ns ; 363.059 ns) | @@@
---------------------------------------------------

FrameworkSetupBenchmarks.RealTransport_CreateDisposeAsync: ShortRun(IterationCount=3, LaunchCount=1, WarmupCount=3) [Sessions=100]
Runtime = .NET 10.0.12 (10.0.12, 10.0.1226.42308), X64 RyuJIT x86-64-v4; GC = Concurrent Workstation
Mean = 447.609 ms, StdErr = 2.374 ms (0.53%), N = 3, StdDev = 4.112 ms
Min = 444.281 ms, Q1 = 445.310 ms, Median = 446.340 ms, Q3 = 449.273 ms, Max = 452.206 ms
IQR = 3.963 ms, LowerFence = 439.366 ms, UpperFence = 455.217 ms
ConfidenceInterval = [372.587 ms; 522.631 ms] (CI 99.9%), Margin = 75.022 ms (16.76% of Mean)
Skewness = 0.28, Kurtosis = 0.67, MValue = 2
-------------------- Histogram --------------------
[440.539 ms ; 455.948 ms) | @@@
---------------------------------------------------

FrameworkSetupBenchmarks.Control_ConnectDisposeAsync: ShortRun(IterationCount=3, LaunchCount=1, WarmupCount=3) [Sessions=100]
Runtime = .NET 10.0.12 (10.0.12, 10.0.1226.42308), X64 RyuJIT x86-64-v4; GC = Concurrent Workstation
Mean = 403.608 ms, StdErr = 0.603 ms (0.15%), N = 3, StdDev = 1.045 ms
Min = 402.436 ms, Q1 = 403.191 ms, Median = 403.947 ms, Q3 = 404.195 ms, Max = 404.443 ms
IQR = 1.003 ms, LowerFence = 401.686 ms, UpperFence = 405.700 ms
ConfidenceInterval = [384.540 ms; 422.677 ms] (CI 99.9%), Margin = 19.069 ms (4.72% of Mean)
Skewness = -0.29, Kurtosis = 0.67, MValue = 2
-------------------- Histogram --------------------
[401.485 ms ; 405.394 ms) | @@@
---------------------------------------------------

FrameworkSetupBenchmarks.Control_ConnectAssociateDisposeAsync: ShortRun(IterationCount=3, LaunchCount=1, WarmupCount=3) [Sessions=100]
Runtime = .NET 10.0.12 (10.0.12, 10.0.1226.42308), X64 RyuJIT x86-64-v4; GC = Concurrent Workstation
Mean = 441.246 ms, StdErr = 2.600 ms (0.59%), N = 3, StdDev = 4.503 ms
Min = 436.286 ms, Q1 = 439.331 ms, Median = 442.376 ms, Q3 = 443.726 ms, Max = 445.076 ms
IQR = 4.395 ms, LowerFence = 432.739 ms, UpperFence = 450.318 ms
ConfidenceInterval = [359.103 ms; 523.389 ms] (CI 99.9%), Margin = 82.143 ms (18.62% of Mean)
Skewness = -0.24, Kurtosis = 0.67, MValue = 2
-------------------- Histogram --------------------
[432.189 ms ; 448.163 ms) | @@@
---------------------------------------------------

FrameworkSetupBenchmarks.RelaySocket_CreateBindClose: ShortRun(IterationCount=3, LaunchCount=1, WarmupCount=3) [Sessions=100]
Runtime = .NET 10.0.12 (10.0.12, 10.0.1226.42308), X64 RyuJIT x86-64-v4; GC = Concurrent Workstation
Mean = 1.323 ms, StdErr = 0.003 ms (0.24%), N = 3, StdDev = 0.005 ms
Min = 1.317 ms, Q1 = 1.321 ms, Median = 1.326 ms, Q3 = 1.327 ms, Max = 1.328 ms
IQR = 0.005 ms, LowerFence = 1.314 ms, UpperFence = 1.334 ms
ConfidenceInterval = [1.223 ms; 1.424 ms] (CI 99.9%), Margin = 0.100 ms (7.57% of Mean)
Skewness = -0.34, Kurtosis = 0.67, MValue = 2
-------------------- Histogram --------------------
[1.312 ms ; 1.333 ms) | @@@
---------------------------------------------------

FrameworkSetupBenchmarks.SelfTraffic_RegisterRelease: ShortRun(IterationCount=3, LaunchCount=1, WarmupCount=3) [Sessions=100]
Runtime = .NET 10.0.12 (10.0.12, 10.0.1226.42308), X64 RyuJIT x86-64-v4; GC = Concurrent Workstation
Mean = 33.333 us, StdErr = 0.212 us (0.64%), N = 3, StdDev = 0.368 us
Min = 32.921 us, Q1 = 33.186 us, Median = 33.450 us, Q3 = 33.539 us, Max = 33.628 us
IQR = 0.354 us, LowerFence = 32.655 us, UpperFence = 34.070 us
ConfidenceInterval = [26.621 us; 40.045 us] (CI 99.9%), Margin = 6.712 us (20.14% of Mean)
Skewness = -0.29, Kurtosis = 0.67, MValue = 2
-------------------- Histogram --------------------
[32.586 us ; 33.963 us) | @@@
---------------------------------------------------

FrameworkSetupBenchmarks.RealTransport_CreateDisposeAsync: ShortRun(IterationCount=3, LaunchCount=1, WarmupCount=3) [Sessions=1000]
Runtime = .NET 10.0.12 (10.0.12, 10.0.1226.42308), X64 RyuJIT x86-64-v4; GC = Concurrent Workstation
Mean = 1.736 s, StdErr = 0.546 s (31.45%), N = 3, StdDev = 0.945 s
Min = 1.168 s, Q1 = 1.190 s, Median = 1.212 s, Q3 = 2.019 s, Max = 2.827 s
IQR = 0.829 s, LowerFence = -0.054 s, UpperFence = 3.263 s
ConfidenceInterval = [-15.514 s; 18.985 s] (CI 99.9%), Margin = 17.249 s (993.79% of Mean)
Skewness = 0.38, Kurtosis = 0.67, MValue = 2
-------------------- Histogram --------------------
[1.137 s ; 2.858 s) | @@@
---------------------------------------------------

FrameworkSetupBenchmarks.Control_ConnectDisposeAsync: ShortRun(IterationCount=3, LaunchCount=1, WarmupCount=3) [Sessions=1000]
Runtime = .NET 10.0.12 (10.0.12, 10.0.1226.42308), X64 RyuJIT x86-64-v4; GC = Concurrent Workstation
Mean = 3.948 s, StdErr = 0.036 s (0.91%), N = 3, StdDev = 0.062 s
Min = 3.878 s, Q1 = 3.923 s, Median = 3.969 s, Q3 = 3.983 s, Max = 3.997 s
IQR = 0.060 s, LowerFence = 3.834 s, UpperFence = 4.073 s
ConfidenceInterval = [2.808 s; 5.088 s] (CI 99.9%), Margin = 1.140 s (28.87% of Mean)
Skewness = -0.3, Kurtosis = 0.67, MValue = 2
-------------------- Histogram --------------------
[3.821 s ; 3.926 s) | @
[3.926 s ; 4.054 s) | @@
---------------------------------------------------

FrameworkSetupBenchmarks.Control_ConnectAssociateDisposeAsync: ShortRun(IterationCount=3, LaunchCount=1, WarmupCount=3) [Sessions=1000]
Runtime = .NET 10.0.12 (10.0.12, 10.0.1226.42308), X64 RyuJIT x86-64-v4; GC = Concurrent Workstation
Mean = 1.970 s, StdErr = 0.842 s (42.75%), N = 3, StdDev = 1.459 s
Min = 1.124 s, Q1 = 1.128 s, Median = 1.132 s, Q3 = 2.393 s, Max = 3.654 s
IQR = 1.265 s, LowerFence = -0.770 s, UpperFence = 4.291 s
ConfidenceInterval = [-24.643 s; 28.582 s] (CI 99.9%), Margin = 26.613 s (1351.00% of Mean)
Skewness = 0.38, Kurtosis = 0.67, MValue = 2
-------------------- Histogram --------------------
[1.061 s ; 3.716 s) | @@@
---------------------------------------------------

FrameworkSetupBenchmarks.RelaySocket_CreateBindClose: ShortRun(IterationCount=3, LaunchCount=1, WarmupCount=3) [Sessions=1000]
Runtime = .NET 10.0.12 (10.0.12, 10.0.1226.42308), X64 RyuJIT x86-64-v4; GC = Concurrent Workstation
Mean = 13.180 ms, StdErr = 0.051 ms (0.39%), N = 3, StdDev = 0.089 ms
Min = 13.086 ms, Q1 = 13.140 ms, Median = 13.194 ms, Q3 = 13.228 ms, Max = 13.262 ms
IQR = 0.088 ms, LowerFence = 13.007 ms, UpperFence = 13.360 ms
ConfidenceInterval = [11.557 ms; 14.804 ms] (CI 99.9%), Margin = 1.624 ms (12.32% of Mean)
Skewness = -0.15, Kurtosis = 0.67, MValue = 2
-------------------- Histogram --------------------
[13.005 ms ; 13.343 ms) | @@@
---------------------------------------------------

FrameworkSetupBenchmarks.SelfTraffic_RegisterRelease: ShortRun(IterationCount=3, LaunchCount=1, WarmupCount=3) [Sessions=1000]
Runtime = .NET 10.0.12 (10.0.12, 10.0.1226.42308), X64 RyuJIT x86-64-v4; GC = Concurrent Workstation
Mean = 329.104 us, StdErr = 2.188 us (0.66%), N = 3, StdDev = 3.789 us
Min = 324.758 us, Q1 = 327.799 us, Median = 330.840 us, Q3 = 331.277 us, Max = 331.715 us
IQR = 3.478 us, LowerFence = 322.582 us, UpperFence = 336.495 us
ConfidenceInterval = [259.975 us; 398.234 us] (CI 99.9%), Margin = 69.129 us (21.01% of Mean)
Skewness = -0.36, Kurtosis = 0.67, MValue = 2
-------------------- Histogram --------------------
[321.310 us ; 327.829 us) | @
[327.829 us ; 335.163 us) | @@
---------------------------------------------------

// * Summary *

BenchmarkDotNet v0.15.8, Linux NixOS 26.11 (Zokor)
AMD Ryzen 9 9955HX 2.50GHz, 1 CPU, 32 logical and 16 physical cores
.NET SDK 10.0.401
  [Host]   : .NET 10.0.12 (10.0.12, 10.0.1226.42308), X64 RyuJIT x86-64-v4
  ShortRun : .NET 10.0.12 (10.0.12, 10.0.1226.42308), X64 RyuJIT x86-64-v4

Job=ShortRun  IterationCount=3  LaunchCount=1  
WarmupCount=3  

| Method                               | Sessions | Mean               | Error                | StdDev              | Median             | Gen0    | Allocated |
|------------------------------------- |--------- |-------------------:|---------------------:|--------------------:|-------------------:|--------:|----------:|
| RealTransport_CreateDisposeAsync     | 1        |     1,459,172.9 ns |        159,096.53 ns |         8,720.62 ns |     1,463,914.1 ns |       - |    8152 B |
| Control_ConnectDisposeAsync          | 1        |     2,461,045.5 ns |        197,822.28 ns |        10,843.31 ns |     2,456,682.4 ns |       - |    3991 B |
| Control_ConnectAssociateDisposeAsync | 1        |     4,481,454.2 ns |        534,846.91 ns |        29,316.76 ns |     4,468,115.4 ns |       - |    4986 B |
| RelaySocket_CreateBindClose          | 1        |        13,125.5 ns |          1,582.31 ns |            86.73 ns |        13,076.3 ns |  0.0305 |     576 B |
| SelfTraffic_RegisterRelease          | 1        |           358.0 ns |             44.88 ns |             2.46 ns |           356.9 ns |  0.0095 |     160 B |
| RealTransport_CreateDisposeAsync     | 100      |   447,608,895.0 ns |     75,022,053.24 ns |     4,112,211.91 ns |   446,339,745.0 ns |       - |  795400 B |
| Control_ConnectDisposeAsync          | 100      |   403,608,443.0 ns |     19,068,630.66 ns |     1,045,215.99 ns |   403,946,532.0 ns |       - |  379552 B |
| Control_ConnectAssociateDisposeAsync | 100      |   441,246,039.7 ns |     82,143,334.33 ns |     4,502,553.35 ns |   442,375,847.0 ns |       - |  475432 B |
| RelaySocket_CreateBindClose          | 100      |     1,323,487.5 ns |        100,173.71 ns |         5,490.86 ns |     1,325,701.7 ns |  1.9531 |   57600 B |
| SelfTraffic_RegisterRelease          | 100      |        33,333.3 ns |          6,712.11 ns |           367.91 ns |        33,450.5 ns |  0.9155 |   16000 B |
| RealTransport_CreateDisposeAsync     | 1000     | 1,735,702,652.3 ns | 17,249,224,631.16 ns |   945,488,210.76 ns | 1,211,538,709.0 ns |       - | 7952072 B |
| Control_ConnectDisposeAsync          | 1000     | 3,948,032,134.7 ns |  1,139,872,185.31 ns |    62,480,241.06 ns | 3,969,016,687.0 ns |       - | 3792200 B |
| Control_ConnectAssociateDisposeAsync | 1000     | 1,969,835,381.0 ns | 26,612,520,141.02 ns | 1,458,722,034.76 ns | 1,131,582,567.0 ns |       - | 4750592 B |
| RelaySocket_CreateBindClose          | 1000     |    13,180,453.1 ns |      1,623,621.35 ns |        88,996.17 ns |    13,193,656.7 ns | 31.2500 |  576000 B |
| SelfTraffic_RegisterRelease          | 1000     |       329,104.3 ns |         69,129.29 ns |         3,789.21 ns |       330,840.0 ns |  9.2773 |  160000 B |

// * Legends *
  Sessions  : Value of the 'Sessions' parameter
  Mean      : Arithmetic mean of all measurements
  Error     : Half of 99.9% confidence interval
  StdDev    : Standard deviation of all measurements
  Median    : Value separating the higher half of all measurements (50th percentile)
  Gen0      : GC Generation 0 collects per 1000 operations
  Allocated : Allocated memory per single operation (managed only, inclusive, 1KB = 1024B)
  1 ns      : 1 Nanosecond (0.000000001 sec)

// * Diagnostic Output - MemoryDiagnoser *


// ***** BenchmarkRunner: End *****
Run time: 00:02:41 (161.23 sec), executed benchmarks: 15

Global total time: 00:03:17 (197.37 sec), executed benchmarks: 15
// * Artifacts cleanup *
Artifacts cleanup is finished
