// Validating benchmarks:
// ***** BenchmarkRunner: Start   *****
// ***** Found 15 benchmark(s) in total *****
// ***** Building 1 exe(s) in Parallel: Start   *****
// start dotnet  restore --nodeReuse:false /p:UseSharedCompilation=false /p:Deterministic=true /p:Optimize=true /p:ArtifactsPath="/home/paff/Projects/WinForward/benchmarks/WinForward.Benchmarks/bin/Release/net10.0/WinForward.Benchmarks-ShortRun-1/" /p:OutDir="/home/paff/Projects/WinForward/benchmarks/WinForward.Benchmarks/bin/Release/net10.0/WinForward.Benchmarks-ShortRun-1/bin/Release/net10.0/" /p:OutputPath="/home/paff/Projects/WinForward/benchmarks/WinForward.Benchmarks/bin/Release/net10.0/WinForward.Benchmarks-ShortRun-1/bin/Release/net10.0/" /p:PublishDir="/home/paff/Projects/WinForward/benchmarks/WinForward.Benchmarks/bin/Release/net10.0/WinForward.Benchmarks-ShortRun-1/publish/" in /home/paff/Projects/WinForward/benchmarks/WinForward.Benchmarks/bin/Release/net10.0/WinForward.Benchmarks-ShortRun-1
// command took 2.85 sec and exited with 0
// start dotnet  build -c Release --no-restore --nodeReuse:false /p:UseSharedCompilation=false /p:Deterministic=true /p:Optimize=true /p:ArtifactsPath="/home/paff/Projects/WinForward/benchmarks/WinForward.Benchmarks/bin/Release/net10.0/WinForward.Benchmarks-ShortRun-1/" /p:OutDir="/home/paff/Projects/WinForward/benchmarks/WinForward.Benchmarks/bin/Release/net10.0/WinForward.Benchmarks-ShortRun-1/bin/Release/net10.0/" /p:OutputPath="/home/paff/Projects/WinForward/benchmarks/WinForward.Benchmarks/bin/Release/net10.0/WinForward.Benchmarks-ShortRun-1/bin/Release/net10.0/" /p:PublishDir="/home/paff/Projects/WinForward/benchmarks/WinForward.Benchmarks/bin/Release/net10.0/WinForward.Benchmarks-ShortRun-1/publish/" --output "/home/paff/Projects/WinForward/benchmarks/WinForward.Benchmarks/bin/Release/net10.0/WinForward.Benchmarks-ShortRun-1/bin/Release/net10.0/" in /home/paff/Projects/WinForward/benchmarks/WinForward.Benchmarks/bin/Release/net10.0/WinForward.Benchmarks-ShortRun-1
// command took 35.88 sec and exited with 0
// ***** Done, took 00:00:38 (38.88 sec)   *****
// Found 15 benchmarks:
//   FrameworkSetupBenchmarks.RealTransport_CreateDisposeAsync: ShortRun(IterationCount=3, LaunchCount=1, WarmupCount=3) [Sessions=1]
//   FrameworkSetupBenchmarks.Control_ConnectDisposeAsync: ShortRun(IterationCount=3, LaunchCount=1, WarmupCount=3) [Sessions=1]
//   FrameworkSetupBenchmarks.Control_ConnectAssociateDisposeAsync: ShortRun(IterationCount=3, LaunchCount=1, WarmupCount=3) [Sessions=1]
//   FrameworkSetupBenchmarks.RelaySocket_CreateBindClose: ShortRun(IterationCount=3, LaunchCount=1, WarmupCount=3) [Sessions=1]
//   FrameworkSetupBenchmarks.SelfTraffic_RegisterRelease: ShortRun(IterationCount=3, LaunchCount=1, WarmupCount=3) [Sessions=1]
//   FrameworkSetupBenchmarks.RealTransport_CreateDisposeAsync: ShortRun(IterationCount=3, LaunchCount=1, WarmupCount=3) [Sessions=100]
//   FrameworkSetupBenchmarks.Control_ConnectDisposeAsync: ShortRun(IterationCount=3, LaunchCount=1, WarmupCount=3) [Sessions=100]
//   FrameworkSetupBenchmarks.Control_ConnectAssociateDisposeAsync: ShortRun(IterationCount=3, LaunchCount=1, WarmupCount=3) [Sessions=100]
//   FrameworkSetupBenchmarks.RelaySocket_CreateBindClose: ShortRun(IterationCount=3, LaunchCount=1, WarmupCount=3) [Sessions=100]
//   FrameworkSetupBenchmarks.SelfTraffic_RegisterRelease: ShortRun(IterationCount=3, LaunchCount=1, WarmupCount=3) [Sessions=100]
//   FrameworkSetupBenchmarks.RealTransport_CreateDisposeAsync: ShortRun(IterationCount=3, LaunchCount=1, WarmupCount=3) [Sessions=1000]
//   FrameworkSetupBenchmarks.Control_ConnectDisposeAsync: ShortRun(IterationCount=3, LaunchCount=1, WarmupCount=3) [Sessions=1000]
//   FrameworkSetupBenchmarks.Control_ConnectAssociateDisposeAsync: ShortRun(IterationCount=3, LaunchCount=1, WarmupCount=3) [Sessions=1000]
//   FrameworkSetupBenchmarks.RelaySocket_CreateBindClose: ShortRun(IterationCount=3, LaunchCount=1, WarmupCount=3) [Sessions=1000]
//   FrameworkSetupBenchmarks.SelfTraffic_RegisterRelease: ShortRun(IterationCount=3, LaunchCount=1, WarmupCount=3) [Sessions=1000]

// **************************
// Benchmark: FrameworkSetupBenchmarks.RealTransport_CreateDisposeAsync: ShortRun(IterationCount=3, LaunchCount=1, WarmupCount=3) [Sessions=1]
// *** Execute ***
// Launch: 1 / 1
// Execute: dotnet WinForward.Benchmarks-ShortRun-1.dll --anonymousPipes 150 151 --benchmarkName "WinForward.Benchmarks.Perf.FrameworkSetupBenchmarks.RealTransport_CreateDisposeAsync(Sessions: 1)" --job ShortRun --benchmarkId 0 in /home/paff/Projects/WinForward/benchmarks/WinForward.Benchmarks/bin/Release/net10.0/WinForward.Benchmarks-ShortRun-1/bin/Release/net10.0
// Failed to set up high priority (Permission denied). In order to run benchmarks with high priority, make sure you have the right permissions.
// BeforeAnythingElse

// Benchmark Process Environment Information:
// BenchmarkDotNet v0.15.8
// Runtime=.NET 10.0.12 (10.0.12, 10.0.1226.42308), X64 RyuJIT x86-64-v4
// GC=Concurrent Workstation
// HardwareIntrinsics=AVX512 BITALG+VBMI2+VNNI+VPOPCNTDQ,AVX512 IFMA+VBMI,AVX512 F+BW+CD+DQ+VL,AVX2+BMI1+BMI2+F16C+FMA+LZCNT+MOVBE,AVX,SSE3+SSSE3+SSE4.1+SSE4.2+POPCNT,X86Base+SSE+SSE2,AES+PCLMUL,AvxVnni VectorSize=256
// Job: ShortRun(IterationCount=3, LaunchCount=1, WarmupCount=3)

OverheadJitting  1: 1 op, 440810.00 ns, 440.8100 us/op
WorkloadJitting  1: 1 op, 57190264.00 ns, 57.1903 ms/op

WorkloadPilot    1: 2 op, 4001559.00 ns, 2.0008 ms/op
WorkloadPilot    2: 3 op, 5362229.00 ns, 1.7874 ms/op
WorkloadPilot    3: 4 op, 6526753.00 ns, 1.6317 ms/op
WorkloadPilot    4: 5 op, 7225142.00 ns, 1.4450 ms/op
WorkloadPilot    5: 6 op, 9208047.00 ns, 1.5347 ms/op
WorkloadPilot    6: 7 op, 10646760.00 ns, 1.5210 ms/op
WorkloadPilot    7: 8 op, 12221039.00 ns, 1.5276 ms/op
WorkloadPilot    8: 9 op, 13872548.00 ns, 1.5414 ms/op
WorkloadPilot    9: 10 op, 16685308.00 ns, 1.6685 ms/op
WorkloadPilot   10: 11 op, 17214331.00 ns, 1.5649 ms/op
WorkloadPilot   11: 12 op, 18540486.00 ns, 1.5450 ms/op
WorkloadPilot   12: 13 op, 19612058.00 ns, 1.5086 ms/op
WorkloadPilot   13: 14 op, 21014954.00 ns, 1.5011 ms/op
WorkloadPilot   14: 15 op, 23776120.00 ns, 1.5851 ms/op
WorkloadPilot   15: 16 op, 25490587.00 ns, 1.5932 ms/op
WorkloadPilot   16: 32 op, 55352158.00 ns, 1.7298 ms/op
WorkloadPilot   17: 64 op, 100779014.00 ns, 1.5747 ms/op
WorkloadPilot   18: 128 op, 200071555.00 ns, 1.5631 ms/op
WorkloadPilot   19: 256 op, 406041095.00 ns, 1.5861 ms/op
WorkloadPilot   20: 512 op, 776884538.00 ns, 1.5174 ms/op

WorkloadWarmup   1: 512 op, 750017446.00 ns, 1.4649 ms/op
WorkloadWarmup   2: 512 op, 737157581.00 ns, 1.4398 ms/op
WorkloadWarmup   3: 512 op, 748245334.00 ns, 1.4614 ms/op

// BeforeActualRun
WorkloadActual   1: 512 op, 759350870.00 ns, 1.4831 ms/op
WorkloadActual   2: 512 op, 751589166.00 ns, 1.4679 ms/op
WorkloadActual   3: 512 op, 741348811.00 ns, 1.4479 ms/op

// AfterActualRun
WorkloadResult   1: 512 op, 759350870.00 ns, 1.4831 ms/op
WorkloadResult   2: 512 op, 751589166.00 ns, 1.4679 ms/op
WorkloadResult   3: 512 op, 741348811.00 ns, 1.4479 ms/op
// GC:  0 0 0 4174432 512
// Threading:  1548 0 512

// AfterAll
// Benchmark Process 895661 has exited with code 0.

Mean = 1.466 ms, StdErr = 0.010 ms (0.69%), N = 3, StdDev = 0.018 ms
Min = 1.448 ms, Q1 = 1.458 ms, Median = 1.468 ms, Q3 = 1.476 ms, Max = 1.483 ms
IQR = 0.018 ms, LowerFence = 1.432 ms, UpperFence = 1.502 ms
ConfidenceInterval = [1.145 ms; 1.788 ms] (CI 99.9%), Margin = 0.322 ms (21.94% of Mean)
Skewness = -0.09, Kurtosis = 0.67, MValue = 2

// ** Remained 14 (93.3%) benchmark(s) to run. Estimated finish 2026-09-22 11:56 (0h 1m from now) **
// **************************
// Benchmark: FrameworkSetupBenchmarks.Control_ConnectDisposeAsync: ShortRun(IterationCount=3, LaunchCount=1, WarmupCount=3) [Sessions=1]
// *** Execute ***
// Launch: 1 / 1
// Execute: dotnet WinForward.Benchmarks-ShortRun-1.dll --anonymousPipes 150 151 --benchmarkName "WinForward.Benchmarks.Perf.FrameworkSetupBenchmarks.Control_ConnectDisposeAsync(Sessions: 1)" --job ShortRun --benchmarkId 1 in /home/paff/Projects/WinForward/benchmarks/WinForward.Benchmarks/bin/Release/net10.0/WinForward.Benchmarks-ShortRun-1/bin/Release/net10.0
// Failed to set up high priority (Permission denied). In order to run benchmarks with high priority, make sure you have the right permissions.
// BeforeAnythingElse

// Benchmark Process Environment Information:
// BenchmarkDotNet v0.15.8
// Runtime=.NET 10.0.12 (10.0.12, 10.0.1226.42308), X64 RyuJIT x86-64-v4
// GC=Concurrent Workstation
// HardwareIntrinsics=AVX512 BITALG+VBMI2+VNNI+VPOPCNTDQ,AVX512 IFMA+VBMI,AVX512 F+BW+CD+DQ+VL,AVX2+BMI1+BMI2+F16C+FMA+LZCNT+MOVBE,AVX,SSE3+SSSE3+SSE4.1+SSE4.2+POPCNT,X86Base+SSE+SSE2,AES+PCLMUL,AvxVnni VectorSize=256
// Job: ShortRun(IterationCount=3, LaunchCount=1, WarmupCount=3)

OverheadJitting  1: 1 op, 389905.00 ns, 389.9050 us/op
WorkloadJitting  1: 1 op, 31992072.00 ns, 31.9921 ms/op

OverheadJitting  2: 16 op, 373615.00 ns, 23.3509 us/op
WorkloadJitting  2: 16 op, 16496190.00 ns, 1.0310 ms/op

WorkloadPilot    1: 16 op, 15048980.00 ns, 940.5613 us/op
WorkloadPilot    2: 32 op, 30540292.00 ns, 954.3841 us/op
WorkloadPilot    3: 64 op, 61348004.00 ns, 958.5626 us/op
WorkloadPilot    4: 128 op, 120893456.00 ns, 944.4801 us/op
WorkloadPilot    5: 256 op, 250088503.00 ns, 976.9082 us/op
WorkloadPilot    6: 512 op, 496869303.00 ns, 970.4479 us/op
WorkloadPilot    7: 1024 op, 1008439916.00 ns, 984.8046 us/op

OverheadWarmup   1: 1024 op, 6302.00 ns, 6.1543 ns/op
OverheadWarmup   2: 1024 op, 3797.00 ns, 3.7080 ns/op
OverheadWarmup   3: 1024 op, 3727.00 ns, 3.6396 ns/op
OverheadWarmup   4: 1024 op, 3827.00 ns, 3.7373 ns/op
OverheadWarmup   5: 1024 op, 3847.00 ns, 3.7568 ns/op
OverheadWarmup   6: 1024 op, 3536.00 ns, 3.4531 ns/op
OverheadWarmup   7: 1024 op, 3537.00 ns, 3.4541 ns/op
OverheadWarmup   8: 1024 op, 3527.00 ns, 3.4443 ns/op

OverheadActual   1: 1024 op, 3868.00 ns, 3.7773 ns/op
OverheadActual   2: 1024 op, 3808.00 ns, 3.7188 ns/op
OverheadActual   3: 1024 op, 3897.00 ns, 3.8057 ns/op
OverheadActual   4: 1024 op, 3858.00 ns, 3.7676 ns/op
OverheadActual   5: 1024 op, 3807.00 ns, 3.7178 ns/op
OverheadActual   6: 1024 op, 3726.00 ns, 3.6387 ns/op
OverheadActual   7: 1024 op, 3777.00 ns, 3.6885 ns/op
OverheadActual   8: 1024 op, 3887.00 ns, 3.7959 ns/op
OverheadActual   9: 1024 op, 3576.00 ns, 3.4922 ns/op
OverheadActual  10: 1024 op, 3817.00 ns, 3.7275 ns/op
OverheadActual  11: 1024 op, 3696.00 ns, 3.6094 ns/op
OverheadActual  12: 1024 op, 3527.00 ns, 3.4443 ns/op
OverheadActual  13: 1024 op, 3516.00 ns, 3.4336 ns/op
OverheadActual  14: 1024 op, 3817.00 ns, 3.7275 ns/op
OverheadActual  15: 1024 op, 3687.00 ns, 3.6006 ns/op

WorkloadWarmup   1: 1024 op, 2138688894.00 ns, 2.0886 ms/op
WorkloadWarmup   2: 1024 op, 2511735828.00 ns, 2.4529 ms/op
WorkloadWarmup   3: 1024 op, 2507219440.00 ns, 2.4485 ms/op

// BeforeActualRun
WorkloadActual   1: 1024 op, 2525756527.00 ns, 2.4666 ms/op
WorkloadActual   2: 1024 op, 2510407793.00 ns, 2.4516 ms/op
WorkloadActual   3: 1024 op, 2531308216.00 ns, 2.4720 ms/op

// AfterActualRun
WorkloadResult   1: 1024 op, 2525752720.00 ns, 2.4666 ms/op
WorkloadResult   2: 1024 op, 2510403986.00 ns, 2.4516 ms/op
WorkloadResult   3: 1024 op, 2531304409.00 ns, 2.4720 ms/op
// GC:  0 0 0 4085704 1024
// Threading:  2056 2 1024

// AfterAll
// Benchmark Process 895754 has exited with code 0.

Mean = 2.463 ms, StdErr = 0.006 ms (0.25%), N = 3, StdDev = 0.011 ms
Min = 2.452 ms, Q1 = 2.459 ms, Median = 2.467 ms, Q3 = 2.469 ms, Max = 2.472 ms
IQR = 0.010 ms, LowerFence = 2.444 ms, UpperFence = 2.485 ms
ConfidenceInterval = [2.270 ms; 2.656 ms] (CI 99.9%), Margin = 0.193 ms (7.83% of Mean)
Skewness = -0.27, Kurtosis = 0.67, MValue = 2

// ** Remained 13 (86.7%) benchmark(s) to run. Estimated finish 2026-09-22 11:57 (0h 2m from now) **
// **************************
// Benchmark: FrameworkSetupBenchmarks.Control_ConnectAssociateDisposeAsync: ShortRun(IterationCount=3, LaunchCount=1, WarmupCount=3) [Sessions=1]
// *** Execute ***
// Launch: 1 / 1
// Execute: dotnet WinForward.Benchmarks-ShortRun-1.dll --anonymousPipes 150 151 --benchmarkName "WinForward.Benchmarks.Perf.FrameworkSetupBenchmarks.Control_ConnectAssociateDisposeAsync(Sessions: 1)" --job ShortRun --benchmarkId 2 in /home/paff/Projects/WinForward/benchmarks/WinForward.Benchmarks/bin/Release/net10.0/WinForward.Benchmarks-ShortRun-1/bin/Release/net10.0
// Failed to set up high priority (Permission denied). In order to run benchmarks with high priority, make sure you have the right permissions.
// BeforeAnythingElse

// Benchmark Process Environment Information:
// BenchmarkDotNet v0.15.8
// Runtime=.NET 10.0.12 (10.0.12, 10.0.1226.42308), X64 RyuJIT x86-64-v4
// GC=Concurrent Workstation
// HardwareIntrinsics=AVX512 BITALG+VBMI2+VNNI+VPOPCNTDQ,AVX512 IFMA+VBMI,AVX512 F+BW+CD+DQ+VL,AVX2+BMI1+BMI2+F16C+FMA+LZCNT+MOVBE,AVX,SSE3+SSSE3+SSE4.1+SSE4.2+POPCNT,X86Base+SSE+SSE2,AES+PCLMUL,AvxVnni VectorSize=256
// Job: ShortRun(IterationCount=3, LaunchCount=1, WarmupCount=3)

OverheadJitting  1: 1 op, 384345.00 ns, 384.3450 us/op
WorkloadJitting  1: 1 op, 44227845.00 ns, 44.2278 ms/op

WorkloadPilot    1: 2 op, 8115234.00 ns, 4.0576 ms/op
WorkloadPilot    2: 3 op, 10701455.00 ns, 3.5672 ms/op
WorkloadPilot    3: 4 op, 13319775.00 ns, 3.3299 ms/op
WorkloadPilot    4: 5 op, 15715711.00 ns, 3.1431 ms/op
WorkloadPilot    5: 6 op, 19963101.00 ns, 3.3272 ms/op
WorkloadPilot    6: 7 op, 22467781.00 ns, 3.2097 ms/op
WorkloadPilot    7: 8 op, 26873555.00 ns, 3.3592 ms/op
WorkloadPilot    8: 9 op, 30196695.00 ns, 3.3552 ms/op
WorkloadPilot    9: 10 op, 34561576.00 ns, 3.4562 ms/op
WorkloadPilot   10: 11 op, 41211075.00 ns, 3.7465 ms/op
WorkloadPilot   11: 12 op, 42754587.00 ns, 3.5629 ms/op
WorkloadPilot   12: 13 op, 44630881.00 ns, 3.4331 ms/op
WorkloadPilot   13: 14 op, 48246722.00 ns, 3.4462 ms/op
WorkloadPilot   14: 15 op, 52637268.00 ns, 3.5092 ms/op
WorkloadPilot   15: 16 op, 55703562.00 ns, 3.4815 ms/op
WorkloadPilot   16: 32 op, 116337731.00 ns, 3.6356 ms/op
WorkloadPilot   17: 64 op, 292506368.00 ns, 4.5704 ms/op
WorkloadPilot   18: 128 op, 602905489.00 ns, 4.7102 ms/op

WorkloadWarmup   1: 128 op, 582512827.00 ns, 4.5509 ms/op
WorkloadWarmup   2: 128 op, 568632072.00 ns, 4.4424 ms/op
WorkloadWarmup   3: 128 op, 568267272.00 ns, 4.4396 ms/op

// BeforeActualRun
WorkloadActual   1: 128 op, 570970200.00 ns, 4.4607 ms/op
WorkloadActual   2: 128 op, 566581945.00 ns, 4.4264 ms/op
WorkloadActual   3: 128 op, 574255983.00 ns, 4.4864 ms/op

// AfterActualRun
WorkloadResult   1: 128 op, 570970200.00 ns, 4.4607 ms/op
WorkloadResult   2: 128 op, 566581945.00 ns, 4.4264 ms/op
WorkloadResult   3: 128 op, 574255983.00 ns, 4.4864 ms/op
// GC:  0 0 0 637848 128
// Threading:  385 1 128

// AfterAll
// Benchmark Process 895911 has exited with code 0.

Mean = 4.458 ms, StdErr = 0.017 ms (0.39%), N = 3, StdDev = 0.030 ms
Min = 4.426 ms, Q1 = 4.444 ms, Median = 4.461 ms, Q3 = 4.474 ms, Max = 4.486 ms
IQR = 0.030 ms, LowerFence = 4.399 ms, UpperFence = 4.519 ms
ConfidenceInterval = [3.909 ms; 5.007 ms] (CI 99.9%), Margin = 0.549 ms (12.31% of Mean)
Skewness = -0.09, Kurtosis = 0.67, MValue = 2

// ** Remained 12 (80.0%) benchmark(s) to run. Estimated finish 2026-09-22 11:57 (0h 2m from now) **
// **************************
// Benchmark: FrameworkSetupBenchmarks.RelaySocket_CreateBindClose: ShortRun(IterationCount=3, LaunchCount=1, WarmupCount=3) [Sessions=1]
// *** Execute ***
// Launch: 1 / 1
// Execute: dotnet WinForward.Benchmarks-ShortRun-1.dll --anonymousPipes 150 151 --benchmarkName "WinForward.Benchmarks.Perf.FrameworkSetupBenchmarks.RelaySocket_CreateBindClose(Sessions: 1)" --job ShortRun --benchmarkId 3 in /home/paff/Projects/WinForward/benchmarks/WinForward.Benchmarks/bin/Release/net10.0/WinForward.Benchmarks-ShortRun-1/bin/Release/net10.0
// Failed to set up high priority (Permission denied). In order to run benchmarks with high priority, make sure you have the right permissions.
// BeforeAnythingElse

// Benchmark Process Environment Information:
// BenchmarkDotNet v0.15.8
// Runtime=.NET 10.0.12 (10.0.12, 10.0.1226.42308), X64 RyuJIT x86-64-v4
// GC=Concurrent Workstation
// HardwareIntrinsics=AVX512 BITALG+VBMI2+VNNI+VPOPCNTDQ,AVX512 IFMA+VBMI,AVX512 F+BW+CD+DQ+VL,AVX2+BMI1+BMI2+F16C+FMA+LZCNT+MOVBE,AVX,SSE3+SSSE3+SSE4.1+SSE4.2+POPCNT,X86Base+SSE+SSE2,AES+PCLMUL,AvxVnni VectorSize=256
// Job: ShortRun(IterationCount=3, LaunchCount=1, WarmupCount=3)

OverheadJitting  1: 1 op, 469384.00 ns, 469.3840 us/op
WorkloadJitting  1: 1 op, 5074019.00 ns, 5.0740 ms/op

OverheadJitting  2: 16 op, 463624.00 ns, 28.9765 us/op
WorkloadJitting  2: 16 op, 741730.00 ns, 46.3581 us/op

WorkloadPilot    1: 16 op, 253832.00 ns, 15.8645 us/op
WorkloadPilot    2: 32 op, 453033.00 ns, 14.1573 us/op
WorkloadPilot    3: 64 op, 1083365.00 ns, 16.9276 us/op
WorkloadPilot    4: 128 op, 1912888.00 ns, 14.9444 us/op
WorkloadPilot    5: 256 op, 4203158.00 ns, 16.4186 us/op
WorkloadPilot    6: 512 op, 7371112.00 ns, 14.3967 us/op
WorkloadPilot    7: 1024 op, 16552181.00 ns, 16.1642 us/op
WorkloadPilot    8: 2048 op, 29701772.00 ns, 14.5028 us/op
WorkloadPilot    9: 4096 op, 66561730.00 ns, 16.2504 us/op
WorkloadPilot   10: 8192 op, 121228228.00 ns, 14.7984 us/op
WorkloadPilot   11: 16384 op, 218166822.00 ns, 13.3158 us/op
WorkloadPilot   12: 32768 op, 439038369.00 ns, 13.3984 us/op
WorkloadPilot   13: 65536 op, 851608381.00 ns, 12.9945 us/op

OverheadWarmup   1: 65536 op, 254403.00 ns, 3.8819 ns/op
OverheadWarmup   2: 65536 op, 185305.00 ns, 2.8275 ns/op
OverheadWarmup   3: 65536 op, 185495.00 ns, 2.8304 ns/op
OverheadWarmup   4: 65536 op, 213297.00 ns, 3.2547 ns/op
OverheadWarmup   5: 65536 op, 185345.00 ns, 2.8281 ns/op
OverheadWarmup   6: 65536 op, 358187.00 ns, 5.4655 ns/op
OverheadWarmup   7: 65536 op, 256579.00 ns, 3.9151 ns/op

OverheadActual   1: 65536 op, 184182.00 ns, 2.8104 ns/op
OverheadActual   2: 65536 op, 293336.00 ns, 4.4760 ns/op
OverheadActual   3: 65536 op, 270403.00 ns, 4.1260 ns/op
OverheadActual   4: 65536 op, 183892.00 ns, 2.8060 ns/op
OverheadActual   5: 65536 op, 184122.00 ns, 2.8095 ns/op
OverheadActual   6: 65536 op, 183883.00 ns, 2.8058 ns/op
OverheadActual   7: 65536 op, 210612.00 ns, 3.2137 ns/op
OverheadActual   8: 65536 op, 200744.00 ns, 3.0631 ns/op
OverheadActual   9: 65536 op, 187008.00 ns, 2.8535 ns/op
OverheadActual  10: 65536 op, 186377.00 ns, 2.8439 ns/op
OverheadActual  11: 65536 op, 188190.00 ns, 2.8716 ns/op
OverheadActual  12: 65536 op, 241710.00 ns, 3.6882 ns/op
OverheadActual  13: 65536 op, 183391.00 ns, 2.7983 ns/op
OverheadActual  14: 65536 op, 185425.00 ns, 2.8294 ns/op
OverheadActual  15: 65536 op, 183642.00 ns, 2.8022 ns/op
OverheadActual  16: 65536 op, 183652.00 ns, 2.8023 ns/op
OverheadActual  17: 65536 op, 185535.00 ns, 2.8310 ns/op

WorkloadWarmup   1: 65536 op, 873835580.00 ns, 13.3337 us/op
WorkloadWarmup   2: 65536 op, 868658877.00 ns, 13.2547 us/op
WorkloadWarmup   3: 65536 op, 864074224.00 ns, 13.1847 us/op

// BeforeActualRun
WorkloadActual   1: 65536 op, 867190520.00 ns, 13.2323 us/op
WorkloadActual   2: 65536 op, 851654372.00 ns, 12.9952 us/op
WorkloadActual   3: 65536 op, 856486411.00 ns, 13.0689 us/op

// AfterActualRun
WorkloadResult   1: 65536 op, 867004985.00 ns, 13.2294 us/op
WorkloadResult   2: 65536 op, 851468837.00 ns, 12.9924 us/op
WorkloadResult   3: 65536 op, 856300876.00 ns, 13.0661 us/op
// GC:  2 0 0 37748736 65536
// Threading:  0 0 65536

// AfterAll
// Benchmark Process 896006 has exited with code 0.

Mean = 13.096 us, StdErr = 0.070 us (0.53%), N = 3, StdDev = 0.121 us
Min = 12.992 us, Q1 = 13.029 us, Median = 13.066 us, Q3 = 13.148 us, Max = 13.229 us
IQR = 0.119 us, LowerFence = 12.851 us, UpperFence = 13.326 us
ConfidenceInterval = [10.883 us; 15.309 us] (CI 99.9%), Margin = 2.213 us (16.90% of Mean)
Skewness = 0.23, Kurtosis = 0.67, MValue = 2

// ** Remained 11 (73.3%) benchmark(s) to run. Estimated finish 2026-09-22 11:56 (0h 1m from now) **
// **************************
// Benchmark: FrameworkSetupBenchmarks.SelfTraffic_RegisterRelease: ShortRun(IterationCount=3, LaunchCount=1, WarmupCount=3) [Sessions=1]
// *** Execute ***
// Launch: 1 / 1
// Execute: dotnet WinForward.Benchmarks-ShortRun-1.dll --anonymousPipes 150 151 --benchmarkName "WinForward.Benchmarks.Perf.FrameworkSetupBenchmarks.SelfTraffic_RegisterRelease(Sessions: 1)" --job ShortRun --benchmarkId 4 in /home/paff/Projects/WinForward/benchmarks/WinForward.Benchmarks/bin/Release/net10.0/WinForward.Benchmarks-ShortRun-1/bin/Release/net10.0
// Failed to set up high priority (Permission denied). In order to run benchmarks with high priority, make sure you have the right permissions.
// BeforeAnythingElse

// Benchmark Process Environment Information:
// BenchmarkDotNet v0.15.8
// Runtime=.NET 10.0.12 (10.0.12, 10.0.1226.42308), X64 RyuJIT x86-64-v4
// GC=Concurrent Workstation
// HardwareIntrinsics=AVX512 BITALG+VBMI2+VNNI+VPOPCNTDQ,AVX512 IFMA+VBMI,AVX512 F+BW+CD+DQ+VL,AVX2+BMI1+BMI2+F16C+FMA+LZCNT+MOVBE,AVX,SSE3+SSSE3+SSE4.1+SSE4.2+POPCNT,X86Base+SSE+SSE2,AES+PCLMUL,AvxVnni VectorSize=256
// Job: ShortRun(IterationCount=3, LaunchCount=1, WarmupCount=3)

OverheadJitting  1: 1 op, 295390.00 ns, 295.3900 us/op
WorkloadJitting  1: 1 op, 9430736.00 ns, 9.4307 ms/op

OverheadJitting  2: 16 op, 385858.00 ns, 24.1161 us/op
WorkloadJitting  2: 16 op, 451280.00 ns, 28.2050 us/op

WorkloadPilot    1: 16 op, 53290.00 ns, 3.3306 us/op
WorkloadPilot    2: 32 op, 104645.00 ns, 3.2702 us/op
WorkloadPilot    3: 64 op, 178442.00 ns, 2.7882 us/op
WorkloadPilot    4: 128 op, 338319.00 ns, 2.6431 us/op
WorkloadPilot    5: 256 op, 739045.00 ns, 2.8869 us/op
WorkloadPilot    6: 512 op, 1448815.00 ns, 2.8297 us/op
WorkloadPilot    7: 1024 op, 2876132.00 ns, 2.8087 us/op
WorkloadPilot    8: 2048 op, 5359341.00 ns, 2.6169 us/op
WorkloadPilot    9: 4096 op, 10815052.00 ns, 2.6404 us/op
WorkloadPilot   10: 8192 op, 22139102.00 ns, 2.7025 us/op
WorkloadPilot   11: 16384 op, 42982673.00 ns, 2.6235 us/op
WorkloadPilot   12: 32768 op, 68404081.00 ns, 2.0875 us/op
WorkloadPilot   13: 65536 op, 38741030.00 ns, 591.1412 ns/op
WorkloadPilot   14: 131072 op, 55642427.00 ns, 424.5180 ns/op
WorkloadPilot   15: 262144 op, 97934254.00 ns, 373.5895 ns/op
WorkloadPilot   16: 524288 op, 188445015.00 ns, 359.4303 ns/op
WorkloadPilot   17: 1048576 op, 377051018.00 ns, 359.5839 ns/op
WorkloadPilot   18: 2097152 op, 754448723.00 ns, 359.7492 ns/op

OverheadWarmup   1: 2097152 op, 6183495.00 ns, 2.9485 ns/op
OverheadWarmup   2: 2097152 op, 6265007.00 ns, 2.9874 ns/op
OverheadWarmup   3: 2097152 op, 6056038.00 ns, 2.8877 ns/op
OverheadWarmup   4: 2097152 op, 6097435.00 ns, 2.9075 ns/op
OverheadWarmup   5: 2097152 op, 6227978.00 ns, 2.9697 ns/op
OverheadWarmup   6: 2097152 op, 6181032.00 ns, 2.9473 ns/op

OverheadActual   1: 2097152 op, 6209954.00 ns, 2.9611 ns/op
OverheadActual   2: 2097152 op, 6474888.00 ns, 3.0875 ns/op
OverheadActual   3: 2097152 op, 6095722.00 ns, 2.9067 ns/op
OverheadActual   4: 2097152 op, 6680763.00 ns, 3.1856 ns/op
OverheadActual   5: 2097152 op, 6087947.00 ns, 2.9030 ns/op
OverheadActual   6: 2097152 op, 6094490.00 ns, 2.9061 ns/op
OverheadActual   7: 2097152 op, 6106703.00 ns, 2.9119 ns/op
OverheadActual   8: 2097152 op, 6102916.00 ns, 2.9101 ns/op
OverheadActual   9: 2097152 op, 6096694.00 ns, 2.9071 ns/op
OverheadActual  10: 2097152 op, 6207150.00 ns, 2.9598 ns/op
OverheadActual  11: 2097152 op, 6010854.00 ns, 2.8662 ns/op
OverheadActual  12: 2097152 op, 6338093.00 ns, 3.0222 ns/op
OverheadActual  13: 2097152 op, 6512307.00 ns, 3.1053 ns/op
OverheadActual  14: 2097152 op, 6098507.00 ns, 2.9080 ns/op
OverheadActual  15: 2097152 op, 6585203.00 ns, 3.1401 ns/op

WorkloadWarmup   1: 2097152 op, 765599979.00 ns, 365.0665 ns/op
WorkloadWarmup   2: 2097152 op, 761441826.00 ns, 363.0838 ns/op
WorkloadWarmup   3: 2097152 op, 752144807.00 ns, 358.6506 ns/op

// BeforeActualRun
WorkloadActual   1: 2097152 op, 755465914.00 ns, 360.2342 ns/op
WorkloadActual   2: 2097152 op, 757411134.00 ns, 361.1618 ns/op
WorkloadActual   3: 2097152 op, 754734961.00 ns, 359.8857 ns/op

// AfterActualRun
WorkloadResult   1: 2097152 op, 749359211.00 ns, 357.3223 ns/op
WorkloadResult   2: 2097152 op, 751304431.00 ns, 358.2499 ns/op
WorkloadResult   3: 2097152 op, 748628258.00 ns, 356.9738 ns/op
// GC:  20 0 0 335544320 2097152
// Threading:  0 0 2097152

// AfterAll
// Benchmark Process 896095 has exited with code 0.

Mean = 357.515 ns, StdErr = 0.381 ns (0.11%), N = 3, StdDev = 0.660 ns
Min = 356.974 ns, Q1 = 357.148 ns, Median = 357.322 ns, Q3 = 357.786 ns, Max = 358.250 ns
IQR = 0.638 ns, LowerFence = 356.191 ns, UpperFence = 358.743 ns
ConfidenceInterval = [345.482 ns; 369.548 ns] (CI 99.9%), Margin = 12.033 ns (3.37% of Mean)
Skewness = 0.27, Kurtosis = 0.67, MValue = 2

// ** Remained 10 (66.7%) benchmark(s) to run. Estimated finish 2026-09-22 11:56 (0h 1m from now) **
// **************************
// Benchmark: FrameworkSetupBenchmarks.RealTransport_CreateDisposeAsync: ShortRun(IterationCount=3, LaunchCount=1, WarmupCount=3) [Sessions=100]
// *** Execute ***
// Launch: 1 / 1
// Execute: dotnet WinForward.Benchmarks-ShortRun-1.dll --anonymousPipes 150 151 --benchmarkName "WinForward.Benchmarks.Perf.FrameworkSetupBenchmarks.RealTransport_CreateDisposeAsync(Sessions: 100)" --job ShortRun --benchmarkId 5 in /home/paff/Projects/WinForward/benchmarks/WinForward.Benchmarks/bin/Release/net10.0/WinForward.Benchmarks-ShortRun-1/bin/Release/net10.0
// Failed to set up high priority (Permission denied). In order to run benchmarks with high priority, make sure you have the right permissions.
// BeforeAnythingElse

// Benchmark Process Environment Information:
// BenchmarkDotNet v0.15.8
// Runtime=.NET 10.0.12 (10.0.12, 10.0.1226.42308), X64 RyuJIT x86-64-v4
// GC=Concurrent Workstation
// HardwareIntrinsics=AVX512 BITALG+VBMI2+VNNI+VPOPCNTDQ,AVX512 IFMA+VBMI,AVX512 F+BW+CD+DQ+VL,AVX2+BMI1+BMI2+F16C+FMA+LZCNT+MOVBE,AVX,SSE3+SSSE3+SSE4.1+SSE4.2+POPCNT,X86Base+SSE+SSE2,AES+PCLMUL,AvxVnni VectorSize=256
// Job: ShortRun(IterationCount=3, LaunchCount=1, WarmupCount=3)

OverheadJitting  1: 1 op, 421965.00 ns, 421.9650 us/op
WorkloadJitting  1: 1 op, 529631387.00 ns, 529.6314 ms/op

OverheadJitting  2: 1 op, 791.00 ns, 791.0000 ns/op
WorkloadJitting  2: 1 op, 471843890.00 ns, 471.8439 ms/op

WorkloadWarmup   1: 1 op, 462989493.00 ns, 462.9895 ms/op
WorkloadWarmup   2: 1 op, 462721937.00 ns, 462.7219 ms/op
WorkloadWarmup   3: 1 op, 456595185.00 ns, 456.5952 ms/op

// BeforeActualRun
WorkloadActual   1: 1 op, 443850675.00 ns, 443.8507 ms/op
WorkloadActual   2: 1 op, 441927676.00 ns, 441.9277 ms/op
WorkloadActual   3: 1 op, 448084461.00 ns, 448.0845 ms/op

// AfterActualRun
WorkloadResult   1: 1 op, 443850675.00 ns, 443.8507 ms/op
WorkloadResult   2: 1 op, 441927676.00 ns, 441.9277 ms/op
WorkloadResult   3: 1 op, 448084461.00 ns, 448.0845 ms/op
// GC:  0 0 0 795400 1
// Threading:  302 0 1

// AfterAll
// Benchmark Process 896188 has exited with code 0.

Mean = 444.621 ms, StdErr = 1.819 ms (0.41%), N = 3, StdDev = 3.150 ms
Min = 441.928 ms, Q1 = 442.889 ms, Median = 443.851 ms, Q3 = 445.968 ms, Max = 448.084 ms
IQR = 3.078 ms, LowerFence = 438.272 ms, UpperFence = 450.585 ms
ConfidenceInterval = [387.156 ms; 502.086 ms] (CI 99.9%), Margin = 57.465 ms (12.92% of Mean)
Skewness = 0.23, Kurtosis = 0.67, MValue = 2

// ** Remained 9 (60.0%) benchmark(s) to run. Estimated finish 2026-09-22 11:56 (0h 1m from now) **
// **************************
// Benchmark: FrameworkSetupBenchmarks.Control_ConnectDisposeAsync: ShortRun(IterationCount=3, LaunchCount=1, WarmupCount=3) [Sessions=100]
// *** Execute ***
// Launch: 1 / 1
// Execute: dotnet WinForward.Benchmarks-ShortRun-1.dll --anonymousPipes 150 151 --benchmarkName "WinForward.Benchmarks.Perf.FrameworkSetupBenchmarks.Control_ConnectDisposeAsync(Sessions: 100)" --job ShortRun --benchmarkId 6 in /home/paff/Projects/WinForward/benchmarks/WinForward.Benchmarks/bin/Release/net10.0/WinForward.Benchmarks-ShortRun-1/bin/Release/net10.0
// Failed to set up high priority (Permission denied). In order to run benchmarks with high priority, make sure you have the right permissions.
// BeforeAnythingElse

// Benchmark Process Environment Information:
// BenchmarkDotNet v0.15.8
// Runtime=.NET 10.0.12 (10.0.12, 10.0.1226.42308), X64 RyuJIT x86-64-v4
// GC=Concurrent Workstation
// HardwareIntrinsics=AVX512 BITALG+VBMI2+VNNI+VPOPCNTDQ,AVX512 IFMA+VBMI,AVX512 F+BW+CD+DQ+VL,AVX2+BMI1+BMI2+F16C+FMA+LZCNT+MOVBE,AVX,SSE3+SSSE3+SSE4.1+SSE4.2+POPCNT,X86Base+SSE+SSE2,AES+PCLMUL,AvxVnni VectorSize=256
// Job: ShortRun(IterationCount=3, LaunchCount=1, WarmupCount=3)

OverheadJitting  1: 1 op, 316949.00 ns, 316.9490 us/op
WorkloadJitting  1: 1 op, 463327476.00 ns, 463.3275 ms/op

OverheadJitting  2: 1 op, 872.00 ns, 872.0000 ns/op
WorkloadJitting  2: 1 op, 415937826.00 ns, 415.9378 ms/op

WorkloadWarmup   1: 1 op, 410071058.00 ns, 410.0711 ms/op
WorkloadWarmup   2: 1 op, 407086135.00 ns, 407.0861 ms/op
WorkloadWarmup   3: 1 op, 410760391.00 ns, 410.7604 ms/op

// BeforeActualRun
WorkloadActual   1: 1 op, 400365626.00 ns, 400.3656 ms/op
WorkloadActual   2: 1 op, 399813731.00 ns, 399.8137 ms/op
WorkloadActual   3: 1 op, 402074595.00 ns, 402.0746 ms/op

// AfterActualRun
WorkloadResult   1: 1 op, 400365626.00 ns, 400.3656 ms/op
WorkloadResult   2: 1 op, 399813731.00 ns, 399.8137 ms/op
WorkloadResult   3: 1 op, 402074595.00 ns, 402.0746 ms/op
// GC:  0 0 0 379296 1
// Threading:  203 0 1

// AfterAll
// Benchmark Process 896242 has exited with code 0.

Mean = 400.751 ms, StdErr = 0.681 ms (0.17%), N = 3, StdDev = 1.179 ms
Min = 399.814 ms, Q1 = 400.090 ms, Median = 400.366 ms, Q3 = 401.220 ms, Max = 402.075 ms
IQR = 1.130 ms, LowerFence = 398.394 ms, UpperFence = 402.916 ms
ConfidenceInterval = [379.247 ms; 422.256 ms] (CI 99.9%), Margin = 21.505 ms (5.37% of Mean)
Skewness = 0.29, Kurtosis = 0.67, MValue = 2

// ** Remained 8 (53.3%) benchmark(s) to run. Estimated finish 2026-09-22 11:56 (0h 1m from now) **
// **************************
// Benchmark: FrameworkSetupBenchmarks.Control_ConnectAssociateDisposeAsync: ShortRun(IterationCount=3, LaunchCount=1, WarmupCount=3) [Sessions=100]
// *** Execute ***
// Launch: 1 / 1
// Execute: dotnet WinForward.Benchmarks-ShortRun-1.dll --anonymousPipes 150 151 --benchmarkName "WinForward.Benchmarks.Perf.FrameworkSetupBenchmarks.Control_ConnectAssociateDisposeAsync(Sessions: 100)" --job ShortRun --benchmarkId 7 in /home/paff/Projects/WinForward/benchmarks/WinForward.Benchmarks/bin/Release/net10.0/WinForward.Benchmarks-ShortRun-1/bin/Release/net10.0
// Failed to set up high priority (Permission denied). In order to run benchmarks with high priority, make sure you have the right permissions.
// BeforeAnythingElse

// Benchmark Process Environment Information:
// BenchmarkDotNet v0.15.8
// Runtime=.NET 10.0.12 (10.0.12, 10.0.1226.42308), X64 RyuJIT x86-64-v4
// GC=Concurrent Workstation
// HardwareIntrinsics=AVX512 BITALG+VBMI2+VNNI+VPOPCNTDQ,AVX512 IFMA+VBMI,AVX512 F+BW+CD+DQ+VL,AVX2+BMI1+BMI2+F16C+FMA+LZCNT+MOVBE,AVX,SSE3+SSSE3+SSE4.1+SSE4.2+POPCNT,X86Base+SSE+SSE2,AES+PCLMUL,AvxVnni VectorSize=256
// Job: ShortRun(IterationCount=3, LaunchCount=1, WarmupCount=3)

OverheadJitting  1: 1 op, 402629.00 ns, 402.6290 us/op
WorkloadJitting  1: 1 op, 520363944.00 ns, 520.3639 ms/op

OverheadJitting  2: 1 op, 541.00 ns, 541.0000 ns/op
WorkloadJitting  2: 1 op, 480866007.00 ns, 480.8660 ms/op

WorkloadWarmup   1: 1 op, 473563340.00 ns, 473.5633 ms/op
WorkloadWarmup   2: 1 op, 443564549.00 ns, 443.5645 ms/op
WorkloadWarmup   3: 1 op, 446832767.00 ns, 446.8328 ms/op

// BeforeActualRun
WorkloadActual   1: 1 op, 439709194.00 ns, 439.7092 ms/op
WorkloadActual   2: 1 op, 446307672.00 ns, 446.3077 ms/op
WorkloadActual   3: 1 op, 440102840.00 ns, 440.1028 ms/op

// AfterActualRun
WorkloadResult   1: 1 op, 439709194.00 ns, 439.7092 ms/op
WorkloadResult   2: 1 op, 446307672.00 ns, 446.3077 ms/op
WorkloadResult   3: 1 op, 440102840.00 ns, 440.1028 ms/op
// GC:  0 0 0 475432 1
// Threading:  305 0 1

// AfterAll
// Benchmark Process 896300 has exited with code 0.

Mean = 442.040 ms, StdErr = 2.137 ms (0.48%), N = 3, StdDev = 3.701 ms
Min = 439.709 ms, Q1 = 439.906 ms, Median = 440.103 ms, Q3 = 443.205 ms, Max = 446.308 ms
IQR = 3.299 ms, LowerFence = 434.957 ms, UpperFence = 448.154 ms
ConfidenceInterval = [374.516 ms; 509.564 ms] (CI 99.9%), Margin = 67.524 ms (15.28% of Mean)
Skewness = 0.38, Kurtosis = 0.67, MValue = 2

// ** Remained 7 (46.7%) benchmark(s) to run. Estimated finish 2026-09-22 11:56 (0h 0m from now) **
// **************************
// Benchmark: FrameworkSetupBenchmarks.RelaySocket_CreateBindClose: ShortRun(IterationCount=3, LaunchCount=1, WarmupCount=3) [Sessions=100]
// *** Execute ***
// Launch: 1 / 1
// Execute: dotnet WinForward.Benchmarks-ShortRun-1.dll --anonymousPipes 150 151 --benchmarkName "WinForward.Benchmarks.Perf.FrameworkSetupBenchmarks.RelaySocket_CreateBindClose(Sessions: 100)" --job ShortRun --benchmarkId 8 in /home/paff/Projects/WinForward/benchmarks/WinForward.Benchmarks/bin/Release/net10.0/WinForward.Benchmarks-ShortRun-1/bin/Release/net10.0
// Failed to set up high priority (Permission denied). In order to run benchmarks with high priority, make sure you have the right permissions.
// BeforeAnythingElse

// Benchmark Process Environment Information:
// BenchmarkDotNet v0.15.8
// Runtime=.NET 10.0.12 (10.0.12, 10.0.1226.42308), X64 RyuJIT x86-64-v4
// GC=Concurrent Workstation
// HardwareIntrinsics=AVX512 BITALG+VBMI2+VNNI+VPOPCNTDQ,AVX512 IFMA+VBMI,AVX512 F+BW+CD+DQ+VL,AVX2+BMI1+BMI2+F16C+FMA+LZCNT+MOVBE,AVX,SSE3+SSSE3+SSE4.1+SSE4.2+POPCNT,X86Base+SSE+SSE2,AES+PCLMUL,AvxVnni VectorSize=256
// Job: ShortRun(IterationCount=3, LaunchCount=1, WarmupCount=3)

OverheadJitting  1: 1 op, 422476.00 ns, 422.4760 us/op
WorkloadJitting  1: 1 op, 6384013.00 ns, 6.3840 ms/op

OverheadJitting  2: 16 op, 393042.00 ns, 24.5651 us/op
WorkloadJitting  2: 16 op, 24108073.00 ns, 1.5068 ms/op

WorkloadPilot    1: 16 op, 24270505.00 ns, 1.5169 ms/op
WorkloadPilot    2: 32 op, 46800411.00 ns, 1.4625 ms/op
WorkloadPilot    3: 64 op, 95532225.00 ns, 1.4927 ms/op
WorkloadPilot    4: 128 op, 188589786.00 ns, 1.4734 ms/op
WorkloadPilot    5: 256 op, 344731563.00 ns, 1.3466 ms/op
WorkloadPilot    6: 512 op, 677122625.00 ns, 1.3225 ms/op

OverheadWarmup   1: 512 op, 4338.00 ns, 8.4727 ns/op
OverheadWarmup   2: 512 op, 2505.00 ns, 4.8926 ns/op
OverheadWarmup   3: 512 op, 2464.00 ns, 4.8125 ns/op
OverheadWarmup   4: 512 op, 2224.00 ns, 4.3438 ns/op
OverheadWarmup   5: 512 op, 2074.00 ns, 4.0508 ns/op
OverheadWarmup   6: 512 op, 2374.00 ns, 4.6367 ns/op
OverheadWarmup   7: 512 op, 2414.00 ns, 4.7148 ns/op
OverheadWarmup   8: 512 op, 2104.00 ns, 4.1094 ns/op
OverheadWarmup   9: 512 op, 2355.00 ns, 4.5996 ns/op
OverheadWarmup  10: 512 op, 2254.00 ns, 4.4023 ns/op

OverheadActual   1: 512 op, 2414.00 ns, 4.7148 ns/op
OverheadActual   2: 512 op, 2395.00 ns, 4.6777 ns/op
OverheadActual   3: 512 op, 2325.00 ns, 4.5410 ns/op
OverheadActual   4: 512 op, 2435.00 ns, 4.7559 ns/op
OverheadActual   5: 512 op, 2355.00 ns, 4.5996 ns/op
OverheadActual   6: 512 op, 2315.00 ns, 4.5215 ns/op
OverheadActual   7: 512 op, 2285.00 ns, 4.4629 ns/op
OverheadActual   8: 512 op, 2374.00 ns, 4.6367 ns/op
OverheadActual   9: 512 op, 2464.00 ns, 4.8125 ns/op
OverheadActual  10: 512 op, 2194.00 ns, 4.2852 ns/op
OverheadActual  11: 512 op, 2434.00 ns, 4.7539 ns/op
OverheadActual  12: 512 op, 2164.00 ns, 4.2266 ns/op
OverheadActual  13: 512 op, 2374.00 ns, 4.6367 ns/op
OverheadActual  14: 512 op, 2334.00 ns, 4.5586 ns/op
OverheadActual  15: 512 op, 2405.00 ns, 4.6973 ns/op

WorkloadWarmup   1: 512 op, 689075355.00 ns, 1.3459 ms/op
WorkloadWarmup   2: 512 op, 684766828.00 ns, 1.3374 ms/op
WorkloadWarmup   3: 512 op, 675387315.00 ns, 1.3191 ms/op

// BeforeActualRun
WorkloadActual   1: 512 op, 668982363.00 ns, 1.3066 ms/op
WorkloadActual   2: 512 op, 668654585.00 ns, 1.3060 ms/op
WorkloadActual   3: 512 op, 667258588.00 ns, 1.3032 ms/op

// AfterActualRun
WorkloadResult   1: 512 op, 668979989.00 ns, 1.3066 ms/op
WorkloadResult   2: 512 op, 668652211.00 ns, 1.3060 ms/op
WorkloadResult   3: 512 op, 667256214.00 ns, 1.3032 ms/op
// GC:  1 0 0 29491200 512
// Threading:  0 0 512

// AfterAll
// Benchmark Process 896403 has exited with code 0.

Mean = 1.305 ms, StdErr = 0.001 ms (0.08%), N = 3, StdDev = 0.002 ms
Min = 1.303 ms, Q1 = 1.305 ms, Median = 1.306 ms, Q3 = 1.306 ms, Max = 1.307 ms
IQR = 0.002 ms, LowerFence = 1.302 ms, UpperFence = 1.309 ms
ConfidenceInterval = [1.273 ms; 1.338 ms] (CI 99.9%), Margin = 0.033 ms (2.50% of Mean)
Skewness = -0.33, Kurtosis = 0.67, MValue = 2

// ** Remained 6 (40.0%) benchmark(s) to run. Estimated finish 2026-09-22 11:56 (0h 0m from now) **
// **************************
// Benchmark: FrameworkSetupBenchmarks.SelfTraffic_RegisterRelease: ShortRun(IterationCount=3, LaunchCount=1, WarmupCount=3) [Sessions=100]
// *** Execute ***
// Launch: 1 / 1
// Execute: dotnet WinForward.Benchmarks-ShortRun-1.dll --anonymousPipes 150 151 --benchmarkName "WinForward.Benchmarks.Perf.FrameworkSetupBenchmarks.SelfTraffic_RegisterRelease(Sessions: 100)" --job ShortRun --benchmarkId 9 in /home/paff/Projects/WinForward/benchmarks/WinForward.Benchmarks/bin/Release/net10.0/WinForward.Benchmarks-ShortRun-1/bin/Release/net10.0
// Failed to set up high priority (Permission denied). In order to run benchmarks with high priority, make sure you have the right permissions.
// BeforeAnythingElse

// Benchmark Process Environment Information:
// BenchmarkDotNet v0.15.8
// Runtime=.NET 10.0.12 (10.0.12, 10.0.1226.42308), X64 RyuJIT x86-64-v4
// GC=Concurrent Workstation
// HardwareIntrinsics=AVX512 BITALG+VBMI2+VNNI+VPOPCNTDQ,AVX512 IFMA+VBMI,AVX512 F+BW+CD+DQ+VL,AVX2+BMI1+BMI2+F16C+FMA+LZCNT+MOVBE,AVX,SSE3+SSSE3+SSE4.1+SSE4.2+POPCNT,X86Base+SSE+SSE2,AES+PCLMUL,AvxVnni VectorSize=256
// Job: ShortRun(IterationCount=3, LaunchCount=1, WarmupCount=3)

OverheadJitting  1: 1 op, 465968.00 ns, 465.9680 us/op
WorkloadJitting  1: 1 op, 9340408.00 ns, 9.3404 ms/op

OverheadJitting  2: 16 op, 379096.00 ns, 23.6935 us/op
WorkloadJitting  2: 16 op, 4638464.00 ns, 289.9040 us/op

WorkloadPilot    1: 16 op, 3881054.00 ns, 242.5659 us/op
WorkloadPilot    2: 32 op, 8318005.00 ns, 259.9377 us/op
WorkloadPilot    3: 64 op, 16922452.00 ns, 264.4133 us/op
WorkloadPilot    4: 128 op, 33351225.00 ns, 260.5564 us/op
WorkloadPilot    5: 256 op, 70056306.00 ns, 273.6574 us/op
WorkloadPilot    6: 512 op, 56428835.00 ns, 110.2126 us/op
WorkloadPilot    7: 1024 op, 48108527.00 ns, 46.9810 us/op
WorkloadPilot    8: 2048 op, 66743577.00 ns, 32.5896 us/op
WorkloadPilot    9: 4096 op, 133773889.00 ns, 32.6596 us/op
WorkloadPilot   10: 8192 op, 269961299.00 ns, 32.9543 us/op
WorkloadPilot   11: 16384 op, 534776726.00 ns, 32.6402 us/op

OverheadWarmup   1: 16384 op, 50434.00 ns, 3.0782 ns/op
OverheadWarmup   2: 16384 op, 46156.00 ns, 2.8171 ns/op
OverheadWarmup   3: 16384 op, 46496.00 ns, 2.8379 ns/op
OverheadWarmup   4: 16384 op, 46396.00 ns, 2.8318 ns/op
OverheadWarmup   5: 16384 op, 98644.00 ns, 6.0208 ns/op
OverheadWarmup   6: 16384 op, 46386.00 ns, 2.8312 ns/op

OverheadActual   1: 16384 op, 46457.00 ns, 2.8355 ns/op
OverheadActual   2: 16384 op, 46366.00 ns, 2.8300 ns/op
OverheadActual   3: 16384 op, 47469.00 ns, 2.8973 ns/op
OverheadActual   4: 16384 op, 46307.00 ns, 2.8264 ns/op
OverheadActual   5: 16384 op, 46126.00 ns, 2.8153 ns/op
OverheadActual   6: 16384 op, 46116.00 ns, 2.8147 ns/op
OverheadActual   7: 16384 op, 47208.00 ns, 2.8813 ns/op
OverheadActual   8: 16384 op, 81151.00 ns, 4.9531 ns/op
OverheadActual   9: 16384 op, 46056.00 ns, 2.8110 ns/op
OverheadActual  10: 16384 op, 46457.00 ns, 2.8355 ns/op
OverheadActual  11: 16384 op, 47188.00 ns, 2.8801 ns/op
OverheadActual  12: 16384 op, 46346.00 ns, 2.8287 ns/op
OverheadActual  13: 16384 op, 46386.00 ns, 2.8312 ns/op
OverheadActual  14: 16384 op, 87658.00 ns, 5.3502 ns/op
OverheadActual  15: 16384 op, 47468.00 ns, 2.8972 ns/op

WorkloadWarmup   1: 16384 op, 548506055.00 ns, 33.4782 us/op
WorkloadWarmup   2: 16384 op, 540025839.00 ns, 32.9606 us/op
WorkloadWarmup   3: 16384 op, 532934914.00 ns, 32.5278 us/op

// BeforeActualRun
WorkloadActual   1: 16384 op, 534020778.00 ns, 32.5940 us/op
WorkloadActual   2: 16384 op, 530473362.00 ns, 32.3775 us/op
WorkloadActual   3: 16384 op, 528109972.00 ns, 32.2333 us/op

// AfterActualRun
WorkloadResult   1: 16384 op, 533974321.00 ns, 32.5912 us/op
WorkloadResult   2: 16384 op, 530426905.00 ns, 32.3747 us/op
WorkloadResult   3: 16384 op, 528063515.00 ns, 32.2304 us/op
// GC:  15 0 0 262144000 16384
// Threading:  0 0 16384

// AfterAll
// Benchmark Process 896491 has exited with code 0.

Mean = 32.399 us, StdErr = 0.105 us (0.32%), N = 3, StdDev = 0.182 us
Min = 32.230 us, Q1 = 32.303 us, Median = 32.375 us, Q3 = 32.483 us, Max = 32.591 us
IQR = 0.180 us, LowerFence = 32.032 us, UpperFence = 32.754 us
ConfidenceInterval = [29.086 us; 35.712 us] (CI 99.9%), Margin = 3.313 us (10.23% of Mean)
Skewness = 0.13, Kurtosis = 0.67, MValue = 2

// ** Remained 5 (33.3%) benchmark(s) to run. Estimated finish 2026-09-22 11:56 (0h 0m from now) **
// **************************
// Benchmark: FrameworkSetupBenchmarks.RealTransport_CreateDisposeAsync: ShortRun(IterationCount=3, LaunchCount=1, WarmupCount=3) [Sessions=1000]
// *** Execute ***
// Launch: 1 / 1
// Execute: dotnet WinForward.Benchmarks-ShortRun-1.dll --anonymousPipes 150 151 --benchmarkName "WinForward.Benchmarks.Perf.FrameworkSetupBenchmarks.RealTransport_CreateDisposeAsync(Sessions: 1000)" --job ShortRun --benchmarkId 10 in /home/paff/Projects/WinForward/benchmarks/WinForward.Benchmarks/bin/Release/net10.0/WinForward.Benchmarks-ShortRun-1/bin/Release/net10.0
// Failed to set up high priority (Permission denied). In order to run benchmarks with high priority, make sure you have the right permissions.
// BeforeAnythingElse

// Benchmark Process Environment Information:
// BenchmarkDotNet v0.15.8
// Runtime=.NET 10.0.12 (10.0.12, 10.0.1226.42308), X64 RyuJIT x86-64-v4
// GC=Concurrent Workstation
// HardwareIntrinsics=AVX512 BITALG+VBMI2+VNNI+VPOPCNTDQ,AVX512 IFMA+VBMI,AVX512 F+BW+CD+DQ+VL,AVX2+BMI1+BMI2+F16C+FMA+LZCNT+MOVBE,AVX,SSE3+SSSE3+SSE4.1+SSE4.2+POPCNT,X86Base+SSE+SSE2,AES+PCLMUL,AvxVnni VectorSize=256
// Job: ShortRun(IterationCount=3, LaunchCount=1, WarmupCount=3)

OverheadJitting  1: 1 op, 382823.00 ns, 382.8230 us/op
WorkloadJitting  1: 1 op, 1344666516.00 ns, 1.3447 s/op

OverheadJitting  2: 1 op, 831.00 ns, 831.0000 ns/op
WorkloadJitting  2: 1 op, 1172414824.00 ns, 1.1724 s/op

WorkloadWarmup   1: 1 op, 1150191673.00 ns, 1.1502 s/op
WorkloadWarmup   2: 1 op, 1169436244.00 ns, 1.1694 s/op
WorkloadWarmup   3: 1 op, 1160385642.00 ns, 1.1604 s/op

// BeforeActualRun
WorkloadActual   1: 1 op, 1160125483.00 ns, 1.1601 s/op
WorkloadActual   2: 1 op, 1252594202.00 ns, 1.2526 s/op
WorkloadActual   3: 1 op, 2836665314.00 ns, 2.8367 s/op

// AfterActualRun
WorkloadResult   1: 1 op, 1160125483.00 ns, 1.1601 s/op
WorkloadResult   2: 1 op, 1252594202.00 ns, 1.2526 s/op
WorkloadResult   3: 1 op, 2836665314.00 ns, 2.8367 s/op
// GC:  0 0 0 7951608 1
// Threading:  3011 0 1

// AfterAll
// Benchmark Process 896546 has exited with code 0.

Mean = 1.750 s, StdErr = 0.544 s (31.09%), N = 3, StdDev = 0.942 s
Min = 1.160 s, Q1 = 1.206 s, Median = 1.253 s, Q3 = 2.045 s, Max = 2.837 s
IQR = 0.838 s, LowerFence = -0.051 s, UpperFence = 3.302 s
ConfidenceInterval = [-15.443 s; 18.943 s] (CI 99.9%), Margin = 17.193 s (982.56% of Mean)
Skewness = 0.38, Kurtosis = 0.67, MValue = 2

// ** Remained 4 (26.7%) benchmark(s) to run. Estimated finish 2026-09-22 11:56 (0h 0m from now) **
// **************************
// Benchmark: FrameworkSetupBenchmarks.Control_ConnectDisposeAsync: ShortRun(IterationCount=3, LaunchCount=1, WarmupCount=3) [Sessions=1000]
// *** Execute ***
// Launch: 1 / 1
// Execute: dotnet WinForward.Benchmarks-ShortRun-1.dll --anonymousPipes 150 151 --benchmarkName "WinForward.Benchmarks.Perf.FrameworkSetupBenchmarks.Control_ConnectDisposeAsync(Sessions: 1000)" --job ShortRun --benchmarkId 11 in /home/paff/Projects/WinForward/benchmarks/WinForward.Benchmarks/bin/Release/net10.0/WinForward.Benchmarks-ShortRun-1/bin/Release/net10.0
// Failed to set up high priority (Permission denied). In order to run benchmarks with high priority, make sure you have the right permissions.
// BeforeAnythingElse

// Benchmark Process Environment Information:
// BenchmarkDotNet v0.15.8
// Runtime=.NET 10.0.12 (10.0.12, 10.0.1226.42308), X64 RyuJIT x86-64-v4
// GC=Concurrent Workstation
// HardwareIntrinsics=AVX512 BITALG+VBMI2+VNNI+VPOPCNTDQ,AVX512 IFMA+VBMI,AVX512 F+BW+CD+DQ+VL,AVX2+BMI1+BMI2+F16C+FMA+LZCNT+MOVBE,AVX,SSE3+SSSE3+SSE4.1+SSE4.2+POPCNT,X86Base+SSE+SSE2,AES+PCLMUL,AvxVnni VectorSize=256
// Job: ShortRun(IterationCount=3, LaunchCount=1, WarmupCount=3)

OverheadJitting  1: 1 op, 315929.00 ns, 315.9290 us/op
WorkloadJitting  1: 1 op, 2536313401.00 ns, 2.5363 s/op

OverheadJitting  2: 1 op, 931.00 ns, 931.0000 ns/op
WorkloadJitting  2: 1 op, 2422320003.00 ns, 2.4223 s/op

WorkloadWarmup   1: 1 op, 2412867035.00 ns, 2.4129 s/op
WorkloadWarmup   2: 1 op, 2407723827.00 ns, 2.4077 s/op
WorkloadWarmup   3: 1 op, 2458804019.00 ns, 2.4588 s/op

// BeforeActualRun
WorkloadActual   1: 1 op, 3904953090.00 ns, 3.9050 s/op
WorkloadActual   2: 1 op, 4013754780.00 ns, 4.0138 s/op
WorkloadActual   3: 1 op, 4129886939.00 ns, 4.1299 s/op

// AfterActualRun
WorkloadResult   1: 1 op, 3904953090.00 ns, 3.9050 s/op
WorkloadResult   2: 1 op, 4013754780.00 ns, 4.0138 s/op
WorkloadResult   3: 1 op, 4129886939.00 ns, 4.1299 s/op
// GC:  0 0 0 3792200 1
// Threading:  2016 0 1

// AfterAll
// Benchmark Process 896704 has exited with code 0.

Mean = 4.016 s, StdErr = 0.065 s (1.62%), N = 3, StdDev = 0.112 s
Min = 3.905 s, Q1 = 3.959 s, Median = 4.014 s, Q3 = 4.072 s, Max = 4.130 s
IQR = 0.112 s, LowerFence = 3.791 s, UpperFence = 4.241 s
ConfidenceInterval = [1.964 s; 6.068 s] (CI 99.9%), Margin = 2.052 s (51.10% of Mean)
Skewness = 0.02, Kurtosis = 0.67, MValue = 2

// ** Remained 3 (20.0%) benchmark(s) to run. Estimated finish 2026-09-22 11:56 (0h 0m from now) **
// **************************
// Benchmark: FrameworkSetupBenchmarks.Control_ConnectAssociateDisposeAsync: ShortRun(IterationCount=3, LaunchCount=1, WarmupCount=3) [Sessions=1000]
// *** Execute ***
// Launch: 1 / 1
// Execute: dotnet WinForward.Benchmarks-ShortRun-1.dll --anonymousPipes 150 151 --benchmarkName "WinForward.Benchmarks.Perf.FrameworkSetupBenchmarks.Control_ConnectAssociateDisposeAsync(Sessions: 1000)" --job ShortRun --benchmarkId 12 in /home/paff/Projects/WinForward/benchmarks/WinForward.Benchmarks/bin/Release/net10.0/WinForward.Benchmarks-ShortRun-1/bin/Release/net10.0
// Failed to set up high priority (Permission denied). In order to run benchmarks with high priority, make sure you have the right permissions.
// BeforeAnythingElse

// Benchmark Process Environment Information:
// BenchmarkDotNet v0.15.8
// Runtime=.NET 10.0.12 (10.0.12, 10.0.1226.42308), X64 RyuJIT x86-64-v4
// GC=Concurrent Workstation
// HardwareIntrinsics=AVX512 BITALG+VBMI2+VNNI+VPOPCNTDQ,AVX512 IFMA+VBMI,AVX512 F+BW+CD+DQ+VL,AVX2+BMI1+BMI2+F16C+FMA+LZCNT+MOVBE,AVX,SSE3+SSSE3+SSE4.1+SSE4.2+POPCNT,X86Base+SSE+SSE2,AES+PCLMUL,AvxVnni VectorSize=256
// Job: ShortRun(IterationCount=3, LaunchCount=1, WarmupCount=3)

OverheadJitting  1: 1 op, 448045.00 ns, 448.0450 us/op
WorkloadJitting  1: 1 op, 4692944086.00 ns, 4.6929 s/op

OverheadJitting  2: 1 op, 812.00 ns, 812.0000 ns/op
WorkloadJitting  2: 1 op, 4466776913.00 ns, 4.4668 s/op

WorkloadWarmup   1: 1 op, 4450644197.00 ns, 4.4506 s/op
WorkloadWarmup   2: 1 op, 4405522681.00 ns, 4.4055 s/op
WorkloadWarmup   3: 1 op, 1121470164.00 ns, 1.1215 s/op

// BeforeActualRun
WorkloadActual   1: 1 op, 3225248303.00 ns, 3.2252 s/op
WorkloadActual   2: 1 op, 1114036795.00 ns, 1.1140 s/op
WorkloadActual   3: 1 op, 1118250585.00 ns, 1.1183 s/op

// AfterActualRun
WorkloadResult   1: 1 op, 3225248303.00 ns, 3.2252 s/op
WorkloadResult   2: 1 op, 1114036795.00 ns, 1.1140 s/op
WorkloadResult   3: 1 op, 1118250585.00 ns, 1.1183 s/op
// GC:  0 0 0 4751232 1
// Threading:  3014 0 1

// AfterAll
// Benchmark Process 896937 has exited with code 0.

Mean = 1.819 s, StdErr = 0.703 s (38.65%), N = 3, StdDev = 1.218 s
Min = 1.114 s, Q1 = 1.116 s, Median = 1.118 s, Q3 = 2.172 s, Max = 3.225 s
IQR = 1.056 s, LowerFence = -0.467 s, UpperFence = 3.755 s
ConfidenceInterval = [-20.396 s; 24.034 s] (CI 99.9%), Margin = 22.215 s (1221.17% of Mean)
Skewness = 0.38, Kurtosis = 0.67, MValue = 2

// ** Remained 2 (13.3%) benchmark(s) to run. Estimated finish 2026-09-22 11:57 (0h 0m from now) **
// **************************
// Benchmark: FrameworkSetupBenchmarks.RelaySocket_CreateBindClose: ShortRun(IterationCount=3, LaunchCount=1, WarmupCount=3) [Sessions=1000]
// *** Execute ***
// Launch: 1 / 1
// Execute: dotnet WinForward.Benchmarks-ShortRun-1.dll --anonymousPipes 150 151 --benchmarkName "WinForward.Benchmarks.Perf.FrameworkSetupBenchmarks.RelaySocket_CreateBindClose(Sessions: 1000)" --job ShortRun --benchmarkId 13 in /home/paff/Projects/WinForward/benchmarks/WinForward.Benchmarks/bin/Release/net10.0/WinForward.Benchmarks-ShortRun-1/bin/Release/net10.0
// Failed to set up high priority (Permission denied). In order to run benchmarks with high priority, make sure you have the right permissions.
// BeforeAnythingElse

// Benchmark Process Environment Information:
// BenchmarkDotNet v0.15.8
// Runtime=.NET 10.0.12 (10.0.12, 10.0.1226.42308), X64 RyuJIT x86-64-v4
// GC=Concurrent Workstation
// HardwareIntrinsics=AVX512 BITALG+VBMI2+VNNI+VPOPCNTDQ,AVX512 IFMA+VBMI,AVX512 F+BW+CD+DQ+VL,AVX2+BMI1+BMI2+F16C+FMA+LZCNT+MOVBE,AVX,SSE3+SSSE3+SSE4.1+SSE4.2+POPCNT,X86Base+SSE+SSE2,AES+PCLMUL,AvxVnni VectorSize=256
// Job: ShortRun(IterationCount=3, LaunchCount=1, WarmupCount=3)

OverheadJitting  1: 1 op, 328192.00 ns, 328.1920 us/op
WorkloadJitting  1: 1 op, 18730282.00 ns, 18.7303 ms/op

OverheadJitting  2: 16 op, 405406.00 ns, 25.3379 us/op
WorkloadJitting  2: 16 op, 254767387.00 ns, 15.9230 ms/op

WorkloadPilot    1: 16 op, 211350180.00 ns, 13.2094 ms/op
WorkloadPilot    2: 32 op, 445893082.00 ns, 13.9342 ms/op
WorkloadPilot    3: 64 op, 843021186.00 ns, 13.1722 ms/op

OverheadWarmup   1: 64 op, 4017.00 ns, 62.7656 ns/op
OverheadWarmup   2: 64 op, 1433.00 ns, 22.3906 ns/op
OverheadWarmup   3: 64 op, 1122.00 ns, 17.5313 ns/op
OverheadWarmup   4: 64 op, 1433.00 ns, 22.3906 ns/op
OverheadWarmup   5: 64 op, 1342.00 ns, 20.9688 ns/op
OverheadWarmup   6: 64 op, 1242.00 ns, 19.4063 ns/op
OverheadWarmup   7: 64 op, 982.00 ns, 15.3438 ns/op
OverheadWarmup   8: 64 op, 982.00 ns, 15.3438 ns/op
OverheadWarmup   9: 64 op, 972.00 ns, 15.1875 ns/op

OverheadActual   1: 64 op, 1343.00 ns, 20.9844 ns/op
OverheadActual   2: 64 op, 1213.00 ns, 18.9531 ns/op
OverheadActual   3: 64 op, 1203.00 ns, 18.7969 ns/op
OverheadActual   4: 64 op, 1132.00 ns, 17.6875 ns/op
OverheadActual   5: 64 op, 1292.00 ns, 20.1875 ns/op
OverheadActual   6: 64 op, 1483.00 ns, 23.1719 ns/op
OverheadActual   7: 64 op, 1072.00 ns, 16.7500 ns/op
OverheadActual   8: 64 op, 952.00 ns, 14.8750 ns/op
OverheadActual   9: 64 op, 972.00 ns, 15.1875 ns/op
OverheadActual  10: 64 op, 962.00 ns, 15.0313 ns/op
OverheadActual  11: 64 op, 1223.00 ns, 19.1094 ns/op
OverheadActual  12: 64 op, 1202.00 ns, 18.7813 ns/op
OverheadActual  13: 64 op, 972.00 ns, 15.1875 ns/op
OverheadActual  14: 64 op, 882.00 ns, 13.7813 ns/op
OverheadActual  15: 64 op, 881.00 ns, 13.7656 ns/op
OverheadActual  16: 64 op, 851.00 ns, 13.2969 ns/op
OverheadActual  17: 64 op, 882.00 ns, 13.7813 ns/op
OverheadActual  18: 64 op, 1292.00 ns, 20.1875 ns/op
OverheadActual  19: 64 op, 1202.00 ns, 18.7813 ns/op
OverheadActual  20: 64 op, 1223.00 ns, 19.1094 ns/op

WorkloadWarmup   1: 64 op, 864108235.00 ns, 13.5017 ms/op
WorkloadWarmup   2: 64 op, 854708435.00 ns, 13.3548 ms/op
WorkloadWarmup   3: 64 op, 838951225.00 ns, 13.1086 ms/op

// BeforeActualRun
WorkloadActual   1: 64 op, 846761337.00 ns, 13.2306 ms/op
WorkloadActual   2: 64 op, 836297175.00 ns, 13.0671 ms/op
WorkloadActual   3: 64 op, 835140139.00 ns, 13.0491 ms/op

// AfterActualRun
WorkloadResult   1: 64 op, 846760170.00 ns, 13.2306 ms/op
WorkloadResult   2: 64 op, 836296008.00 ns, 13.0671 ms/op
WorkloadResult   3: 64 op, 835138972.00 ns, 13.0490 ms/op
// GC:  2 0 0 36864000 64
// Threading:  0 0 64

// AfterAll
// Benchmark Process 897139 has exited with code 0.

Mean = 13.116 ms, StdErr = 0.058 ms (0.44%), N = 3, StdDev = 0.100 ms
Min = 13.049 ms, Q1 = 13.058 ms, Median = 13.067 ms, Q3 = 13.149 ms, Max = 13.231 ms
IQR = 0.091 ms, LowerFence = 12.922 ms, UpperFence = 13.285 ms
ConfidenceInterval = [11.291 ms; 14.940 ms] (CI 99.9%), Margin = 1.825 ms (13.91% of Mean)
Skewness = 0.37, Kurtosis = 0.67, MValue = 2

// ** Remained 1 (6.7%) benchmark(s) to run. Estimated finish 2026-09-22 11:56 (0h 0m from now) **
// **************************
// Benchmark: FrameworkSetupBenchmarks.SelfTraffic_RegisterRelease: ShortRun(IterationCount=3, LaunchCount=1, WarmupCount=3) [Sessions=1000]
// *** Execute ***
// Launch: 1 / 1
// Execute: dotnet WinForward.Benchmarks-ShortRun-1.dll --anonymousPipes 150 151 --benchmarkName "WinForward.Benchmarks.Perf.FrameworkSetupBenchmarks.SelfTraffic_RegisterRelease(Sessions: 1000)" --job ShortRun --benchmarkId 14 in /home/paff/Projects/WinForward/benchmarks/WinForward.Benchmarks/bin/Release/net10.0/WinForward.Benchmarks-ShortRun-1/bin/Release/net10.0
// Failed to set up high priority (Permission denied). In order to run benchmarks with high priority, make sure you have the right permissions.
// BeforeAnythingElse

// Benchmark Process Environment Information:
// BenchmarkDotNet v0.15.8
// Runtime=.NET 10.0.12 (10.0.12, 10.0.1226.42308), X64 RyuJIT x86-64-v4
// GC=Concurrent Workstation
// HardwareIntrinsics=AVX512 BITALG+VBMI2+VNNI+VPOPCNTDQ,AVX512 IFMA+VBMI,AVX512 F+BW+CD+DQ+VL,AVX2+BMI1+BMI2+F16C+FMA+LZCNT+MOVBE,AVX,SSE3+SSSE3+SSE4.1+SSE4.2+POPCNT,X86Base+SSE+SSE2,AES+PCLMUL,AvxVnni VectorSize=256
// Job: ShortRun(IterationCount=3, LaunchCount=1, WarmupCount=3)

OverheadJitting  1: 1 op, 364420.00 ns, 364.4200 us/op
WorkloadJitting  1: 1 op, 10859444.00 ns, 10.8594 ms/op

OverheadJitting  2: 16 op, 461310.00 ns, 28.8319 us/op
WorkloadJitting  2: 16 op, 69328502.00 ns, 4.3330 ms/op

WorkloadPilot    1: 16 op, 41841601.00 ns, 2.6151 ms/op
WorkloadPilot    2: 32 op, 78840474.00 ns, 2.4638 ms/op
WorkloadPilot    3: 64 op, 102865725.00 ns, 1.6073 ms/op
WorkloadPilot    4: 128 op, 74961872.00 ns, 585.6396 us/op
WorkloadPilot    5: 256 op, 82666942.00 ns, 322.9177 us/op
WorkloadPilot    6: 512 op, 165232286.00 ns, 322.7193 us/op
WorkloadPilot    7: 1024 op, 331108702.00 ns, 323.3483 us/op
WorkloadPilot    8: 2048 op, 664310120.00 ns, 324.3702 us/op

OverheadWarmup   1: 2048 op, 9107.00 ns, 4.4468 ns/op
OverheadWarmup   2: 2048 op, 6612.00 ns, 3.2285 ns/op
OverheadWarmup   3: 2048 op, 6763.00 ns, 3.3022 ns/op
OverheadWarmup   4: 2048 op, 6462.00 ns, 3.1553 ns/op
OverheadWarmup   5: 2048 op, 6402.00 ns, 3.1260 ns/op
OverheadWarmup   6: 2048 op, 6932.00 ns, 3.3848 ns/op
OverheadWarmup   7: 2048 op, 6391.00 ns, 3.1206 ns/op

OverheadActual   1: 2048 op, 6753.00 ns, 3.2974 ns/op
OverheadActual   2: 2048 op, 6742.00 ns, 3.2920 ns/op
OverheadActual   3: 2048 op, 6742.00 ns, 3.2920 ns/op
OverheadActual   4: 2048 op, 7845.00 ns, 3.8306 ns/op
OverheadActual   5: 2048 op, 6723.00 ns, 3.2827 ns/op
OverheadActual   6: 2048 op, 6402.00 ns, 3.1260 ns/op
OverheadActual   7: 2048 op, 6432.00 ns, 3.1406 ns/op
OverheadActual   8: 2048 op, 6723.00 ns, 3.2827 ns/op
OverheadActual   9: 2048 op, 6763.00 ns, 3.3022 ns/op
OverheadActual  10: 2048 op, 6513.00 ns, 3.1802 ns/op
OverheadActual  11: 2048 op, 6473.00 ns, 3.1606 ns/op
OverheadActual  12: 2048 op, 6522.00 ns, 3.1846 ns/op
OverheadActual  13: 2048 op, 6472.00 ns, 3.1602 ns/op
OverheadActual  14: 2048 op, 6392.00 ns, 3.1211 ns/op
OverheadActual  15: 2048 op, 6412.00 ns, 3.1309 ns/op

WorkloadWarmup   1: 2048 op, 679535144.00 ns, 331.8043 us/op
WorkloadWarmup   2: 2048 op, 674315298.00 ns, 329.2555 us/op
WorkloadWarmup   3: 2048 op, 667306327.00 ns, 325.8332 us/op

// BeforeActualRun
WorkloadActual   1: 2048 op, 673946576.00 ns, 329.0755 us/op
WorkloadActual   2: 2048 op, 663502758.00 ns, 323.9760 us/op
WorkloadActual   3: 2048 op, 666337809.00 ns, 325.3603 us/op

// AfterActualRun
WorkloadResult   1: 2048 op, 673940054.00 ns, 329.0723 us/op
WorkloadResult   2: 2048 op, 663496236.00 ns, 323.9728 us/op
WorkloadResult   3: 2048 op, 666331287.00 ns, 325.3571 us/op
// GC:  19 0 0 327680000 2048
// Threading:  0 0 2048

// AfterAll
// Benchmark Process 897268 has exited with code 0.

Mean = 326.134 us, StdErr = 1.523 us (0.47%), N = 3, StdDev = 2.637 us
Min = 323.973 us, Q1 = 324.665 us, Median = 325.357 us, Q3 = 327.215 us, Max = 329.072 us
IQR = 2.550 us, LowerFence = 320.840 us, UpperFence = 331.039 us
ConfidenceInterval = [278.024 us; 374.244 us] (CI 99.9%), Margin = 48.110 us (14.75% of Mean)
Skewness = 0.27, Kurtosis = 0.67, MValue = 2

// ** Remained 0 (0.0%) benchmark(s) to run. Estimated finish 2026-09-22 11:56 (0h 0m from now) **
// ***** BenchmarkRunner: Finish  *****

// * Export *
  BenchmarkDotNet.Artifacts/results/WinForward.Benchmarks.Perf.FrameworkSetupBenchmarks-report.csv
  BenchmarkDotNet.Artifacts/results/WinForward.Benchmarks.Perf.FrameworkSetupBenchmarks-report-github.md
  BenchmarkDotNet.Artifacts/results/WinForward.Benchmarks.Perf.FrameworkSetupBenchmarks-report.html

// * Detailed results *
FrameworkSetupBenchmarks.RealTransport_CreateDisposeAsync: ShortRun(IterationCount=3, LaunchCount=1, WarmupCount=3) [Sessions=1]
Runtime = .NET 10.0.12 (10.0.12, 10.0.1226.42308), X64 RyuJIT x86-64-v4; GC = Concurrent Workstation
Mean = 1.466 ms, StdErr = 0.010 ms (0.69%), N = 3, StdDev = 0.018 ms
Min = 1.448 ms, Q1 = 1.458 ms, Median = 1.468 ms, Q3 = 1.476 ms, Max = 1.483 ms
IQR = 0.018 ms, LowerFence = 1.432 ms, UpperFence = 1.502 ms
ConfidenceInterval = [1.145 ms; 1.788 ms] (CI 99.9%), Margin = 0.322 ms (21.94% of Mean)
Skewness = -0.09, Kurtosis = 0.67, MValue = 2
-------------------- Histogram --------------------
[1.432 ms ; 1.492 ms) | @@@
---------------------------------------------------

FrameworkSetupBenchmarks.Control_ConnectDisposeAsync: ShortRun(IterationCount=3, LaunchCount=1, WarmupCount=3) [Sessions=1]
Runtime = .NET 10.0.12 (10.0.12, 10.0.1226.42308), X64 RyuJIT x86-64-v4; GC = Concurrent Workstation
Mean = 2.463 ms, StdErr = 0.006 ms (0.25%), N = 3, StdDev = 0.011 ms
Min = 2.452 ms, Q1 = 2.459 ms, Median = 2.467 ms, Q3 = 2.469 ms, Max = 2.472 ms
IQR = 0.010 ms, LowerFence = 2.444 ms, UpperFence = 2.485 ms
ConfidenceInterval = [2.270 ms; 2.656 ms] (CI 99.9%), Margin = 0.193 ms (7.83% of Mean)
Skewness = -0.27, Kurtosis = 0.67, MValue = 2
-------------------- Histogram --------------------
[2.442 ms ; 2.482 ms) | @@@
---------------------------------------------------

FrameworkSetupBenchmarks.Control_ConnectAssociateDisposeAsync: ShortRun(IterationCount=3, LaunchCount=1, WarmupCount=3) [Sessions=1]
Runtime = .NET 10.0.12 (10.0.12, 10.0.1226.42308), X64 RyuJIT x86-64-v4; GC = Concurrent Workstation
Mean = 4.458 ms, StdErr = 0.017 ms (0.39%), N = 3, StdDev = 0.030 ms
Min = 4.426 ms, Q1 = 4.444 ms, Median = 4.461 ms, Q3 = 4.474 ms, Max = 4.486 ms
IQR = 0.030 ms, LowerFence = 4.399 ms, UpperFence = 4.519 ms
ConfidenceInterval = [3.909 ms; 5.007 ms] (CI 99.9%), Margin = 0.549 ms (12.31% of Mean)
Skewness = -0.09, Kurtosis = 0.67, MValue = 2
-------------------- Histogram --------------------
[4.399 ms ; 4.514 ms) | @@@
---------------------------------------------------

FrameworkSetupBenchmarks.RelaySocket_CreateBindClose: ShortRun(IterationCount=3, LaunchCount=1, WarmupCount=3) [Sessions=1]
Runtime = .NET 10.0.12 (10.0.12, 10.0.1226.42308), X64 RyuJIT x86-64-v4; GC = Concurrent Workstation
Mean = 13.096 us, StdErr = 0.070 us (0.53%), N = 3, StdDev = 0.121 us
Min = 12.992 us, Q1 = 13.029 us, Median = 13.066 us, Q3 = 13.148 us, Max = 13.229 us
IQR = 0.119 us, LowerFence = 12.851 us, UpperFence = 13.326 us
ConfidenceInterval = [10.883 us; 15.309 us] (CI 99.9%), Margin = 2.213 us (16.90% of Mean)
Skewness = 0.23, Kurtosis = 0.67, MValue = 2
-------------------- Histogram --------------------
[12.882 us ; 13.340 us) | @@@
---------------------------------------------------

FrameworkSetupBenchmarks.SelfTraffic_RegisterRelease: ShortRun(IterationCount=3, LaunchCount=1, WarmupCount=3) [Sessions=1]
Runtime = .NET 10.0.12 (10.0.12, 10.0.1226.42308), X64 RyuJIT x86-64-v4; GC = Concurrent Workstation
Mean = 357.515 ns, StdErr = 0.381 ns (0.11%), N = 3, StdDev = 0.660 ns
Min = 356.974 ns, Q1 = 357.148 ns, Median = 357.322 ns, Q3 = 357.786 ns, Max = 358.250 ns
IQR = 0.638 ns, LowerFence = 356.191 ns, UpperFence = 358.743 ns
ConfidenceInterval = [345.482 ns; 369.548 ns] (CI 99.9%), Margin = 12.033 ns (3.37% of Mean)
Skewness = 0.27, Kurtosis = 0.67, MValue = 2
-------------------- Histogram --------------------
[356.374 ns ; 358.850 ns) | @@@
---------------------------------------------------

FrameworkSetupBenchmarks.RealTransport_CreateDisposeAsync: ShortRun(IterationCount=3, LaunchCount=1, WarmupCount=3) [Sessions=100]
Runtime = .NET 10.0.12 (10.0.12, 10.0.1226.42308), X64 RyuJIT x86-64-v4; GC = Concurrent Workstation
Mean = 444.621 ms, StdErr = 1.819 ms (0.41%), N = 3, StdDev = 3.150 ms
Min = 441.928 ms, Q1 = 442.889 ms, Median = 443.851 ms, Q3 = 445.968 ms, Max = 448.084 ms
IQR = 3.078 ms, LowerFence = 438.272 ms, UpperFence = 450.585 ms
ConfidenceInterval = [387.156 ms; 502.086 ms] (CI 99.9%), Margin = 57.465 ms (12.92% of Mean)
Skewness = 0.23, Kurtosis = 0.67, MValue = 2
-------------------- Histogram --------------------
[439.061 ms ; 450.951 ms) | @@@
---------------------------------------------------

FrameworkSetupBenchmarks.Control_ConnectDisposeAsync: ShortRun(IterationCount=3, LaunchCount=1, WarmupCount=3) [Sessions=100]
Runtime = .NET 10.0.12 (10.0.12, 10.0.1226.42308), X64 RyuJIT x86-64-v4; GC = Concurrent Workstation
Mean = 400.751 ms, StdErr = 0.681 ms (0.17%), N = 3, StdDev = 1.179 ms
Min = 399.814 ms, Q1 = 400.090 ms, Median = 400.366 ms, Q3 = 401.220 ms, Max = 402.075 ms
IQR = 1.130 ms, LowerFence = 398.394 ms, UpperFence = 402.916 ms
ConfidenceInterval = [379.247 ms; 422.256 ms] (CI 99.9%), Margin = 21.505 ms (5.37% of Mean)
Skewness = 0.29, Kurtosis = 0.67, MValue = 2
-------------------- Histogram --------------------
[398.741 ms ; 403.147 ms) | @@@
---------------------------------------------------

FrameworkSetupBenchmarks.Control_ConnectAssociateDisposeAsync: ShortRun(IterationCount=3, LaunchCount=1, WarmupCount=3) [Sessions=100]
Runtime = .NET 10.0.12 (10.0.12, 10.0.1226.42308), X64 RyuJIT x86-64-v4; GC = Concurrent Workstation
Mean = 442.040 ms, StdErr = 2.137 ms (0.48%), N = 3, StdDev = 3.701 ms
Min = 439.709 ms, Q1 = 439.906 ms, Median = 440.103 ms, Q3 = 443.205 ms, Max = 446.308 ms
IQR = 3.299 ms, LowerFence = 434.957 ms, UpperFence = 448.154 ms
ConfidenceInterval = [374.516 ms; 509.564 ms] (CI 99.9%), Margin = 67.524 ms (15.28% of Mean)
Skewness = 0.38, Kurtosis = 0.67, MValue = 2
-------------------- Histogram --------------------
[439.640 ms ; 446.377 ms) | @@@
---------------------------------------------------

FrameworkSetupBenchmarks.RelaySocket_CreateBindClose: ShortRun(IterationCount=3, LaunchCount=1, WarmupCount=3) [Sessions=100]
Runtime = .NET 10.0.12 (10.0.12, 10.0.1226.42308), X64 RyuJIT x86-64-v4; GC = Concurrent Workstation
Mean = 1.305 ms, StdErr = 0.001 ms (0.08%), N = 3, StdDev = 0.002 ms
Min = 1.303 ms, Q1 = 1.305 ms, Median = 1.306 ms, Q3 = 1.306 ms, Max = 1.307 ms
IQR = 0.002 ms, LowerFence = 1.302 ms, UpperFence = 1.309 ms
ConfidenceInterval = [1.273 ms; 1.338 ms] (CI 99.9%), Margin = 0.033 ms (2.50% of Mean)
Skewness = -0.33, Kurtosis = 0.67, MValue = 2
-------------------- Histogram --------------------
[1.302 ms ; 1.308 ms) | @@@
---------------------------------------------------

FrameworkSetupBenchmarks.SelfTraffic_RegisterRelease: ShortRun(IterationCount=3, LaunchCount=1, WarmupCount=3) [Sessions=100]
Runtime = .NET 10.0.12 (10.0.12, 10.0.1226.42308), X64 RyuJIT x86-64-v4; GC = Concurrent Workstation
Mean = 32.399 us, StdErr = 0.105 us (0.32%), N = 3, StdDev = 0.182 us
Min = 32.230 us, Q1 = 32.303 us, Median = 32.375 us, Q3 = 32.483 us, Max = 32.591 us
IQR = 0.180 us, LowerFence = 32.032 us, UpperFence = 32.754 us
ConfidenceInterval = [29.086 us; 35.712 us] (CI 99.9%), Margin = 3.313 us (10.23% of Mean)
Skewness = 0.13, Kurtosis = 0.67, MValue = 2
-------------------- Histogram --------------------
[32.065 us ; 32.626 us) | @@@
---------------------------------------------------

FrameworkSetupBenchmarks.RealTransport_CreateDisposeAsync: ShortRun(IterationCount=3, LaunchCount=1, WarmupCount=3) [Sessions=1000]
Runtime = .NET 10.0.12 (10.0.12, 10.0.1226.42308), X64 RyuJIT x86-64-v4; GC = Concurrent Workstation
Mean = 1.750 s, StdErr = 0.544 s (31.09%), N = 3, StdDev = 0.942 s
Min = 1.160 s, Q1 = 1.206 s, Median = 1.253 s, Q3 = 2.045 s, Max = 2.837 s
IQR = 0.838 s, LowerFence = -0.051 s, UpperFence = 3.302 s
ConfidenceInterval = [-15.443 s; 18.943 s] (CI 99.9%), Margin = 17.193 s (982.56% of Mean)
Skewness = 0.38, Kurtosis = 0.67, MValue = 2
-------------------- Histogram --------------------
[1.141 s ; 2.856 s) | @@@
---------------------------------------------------

FrameworkSetupBenchmarks.Control_ConnectDisposeAsync: ShortRun(IterationCount=3, LaunchCount=1, WarmupCount=3) [Sessions=1000]
Runtime = .NET 10.0.12 (10.0.12, 10.0.1226.42308), X64 RyuJIT x86-64-v4; GC = Concurrent Workstation
Mean = 4.016 s, StdErr = 0.065 s (1.62%), N = 3, StdDev = 0.112 s
Min = 3.905 s, Q1 = 3.959 s, Median = 4.014 s, Q3 = 4.072 s, Max = 4.130 s
IQR = 0.112 s, LowerFence = 3.791 s, UpperFence = 4.241 s
ConfidenceInterval = [1.964 s; 6.068 s] (CI 99.9%), Margin = 2.052 s (51.10% of Mean)
Skewness = 0.02, Kurtosis = 0.67, MValue = 2
-------------------- Histogram --------------------
[3.857 s ; 4.062 s) | @@
[4.062 s ; 4.232 s) | @
---------------------------------------------------

FrameworkSetupBenchmarks.Control_ConnectAssociateDisposeAsync: ShortRun(IterationCount=3, LaunchCount=1, WarmupCount=3) [Sessions=1000]
Runtime = .NET 10.0.12 (10.0.12, 10.0.1226.42308), X64 RyuJIT x86-64-v4; GC = Concurrent Workstation
Mean = 1.819 s, StdErr = 0.703 s (38.65%), N = 3, StdDev = 1.218 s
Min = 1.114 s, Q1 = 1.116 s, Median = 1.118 s, Q3 = 2.172 s, Max = 3.225 s
IQR = 1.056 s, LowerFence = -0.467 s, UpperFence = 3.755 s
ConfidenceInterval = [-20.396 s; 24.034 s] (CI 99.9%), Margin = 22.215 s (1221.17% of Mean)
Skewness = 0.38, Kurtosis = 0.67, MValue = 2
-------------------- Histogram --------------------
[1.061 s ; 3.278 s) | @@@
---------------------------------------------------

FrameworkSetupBenchmarks.RelaySocket_CreateBindClose: ShortRun(IterationCount=3, LaunchCount=1, WarmupCount=3) [Sessions=1000]
Runtime = .NET 10.0.12 (10.0.12, 10.0.1226.42308), X64 RyuJIT x86-64-v4; GC = Concurrent Workstation
Mean = 13.116 ms, StdErr = 0.058 ms (0.44%), N = 3, StdDev = 0.100 ms
Min = 13.049 ms, Q1 = 13.058 ms, Median = 13.067 ms, Q3 = 13.149 ms, Max = 13.231 ms
IQR = 0.091 ms, LowerFence = 12.922 ms, UpperFence = 13.285 ms
ConfidenceInterval = [11.291 ms; 14.940 ms] (CI 99.9%), Margin = 1.825 ms (13.91% of Mean)
Skewness = 0.37, Kurtosis = 0.67, MValue = 2
-------------------- Histogram --------------------
[13.049 ms ; 13.231 ms) | @@@
---------------------------------------------------

FrameworkSetupBenchmarks.SelfTraffic_RegisterRelease: ShortRun(IterationCount=3, LaunchCount=1, WarmupCount=3) [Sessions=1000]
Runtime = .NET 10.0.12 (10.0.12, 10.0.1226.42308), X64 RyuJIT x86-64-v4; GC = Concurrent Workstation
Mean = 326.134 us, StdErr = 1.523 us (0.47%), N = 3, StdDev = 2.637 us
Min = 323.973 us, Q1 = 324.665 us, Median = 325.357 us, Q3 = 327.215 us, Max = 329.072 us
IQR = 2.550 us, LowerFence = 320.840 us, UpperFence = 331.039 us
ConfidenceInterval = [278.024 us; 374.244 us] (CI 99.9%), Margin = 48.110 us (14.75% of Mean)
Skewness = 0.27, Kurtosis = 0.67, MValue = 2
-------------------- Histogram --------------------
[321.573 us ; 331.472 us) | @@@
---------------------------------------------------

// * Summary *

BenchmarkDotNet v0.15.8, Linux NixOS 26.11 (Zokor)
AMD Ryzen 9 9955HX 2.50GHz, 1 CPU, 32 logical and 16 physical cores
.NET SDK 10.0.401
  [Host]   : .NET 10.0.12 (10.0.12, 10.0.1226.42308), X64 RyuJIT x86-64-v4
  ShortRun : .NET 10.0.12 (10.0.12, 10.0.1226.42308), X64 RyuJIT x86-64-v4

Job=ShortRun  IterationCount=3  LaunchCount=1  
WarmupCount=3  

| Method                               | Sessions | Mean               | Error                | StdDev              | Median             | Gen0    | Allocated |
|------------------------------------- |--------- |-------------------:|---------------------:|--------------------:|-------------------:|--------:|----------:|
| RealTransport_CreateDisposeAsync     | 1        |     1,466,333.9 ns |        321,738.90 ns |        17,635.59 ns |     1,467,947.6 ns |       - |    8153 B |
| Control_ConnectDisposeAsync          | 1        |     2,463,366.2 ns |        192,880.07 ns |        10,572.41 ns |     2,466,555.4 ns |       - |    3990 B |
| Control_ConnectAssociateDisposeAsync | 1        |     4,457,833.7 ns |        548,764.77 ns |        30,079.65 ns |     4,460,704.7 ns |       - |    4983 B |
| RelaySocket_CreateBindClose          | 1        |        13,096.0 ns |          2,213.34 ns |           121.32 ns |        13,066.1 ns |  0.0305 |     576 B |
| SelfTraffic_RegisterRelease          | 1        |           357.5 ns |             12.03 ns |             0.66 ns |           357.3 ns |  0.0095 |     160 B |
| RealTransport_CreateDisposeAsync     | 100      |   444,620,937.3 ns |     57,464,767.80 ns |     3,149,837.84 ns |   443,850,675.0 ns |       - |  795400 B |
| Control_ConnectDisposeAsync          | 100      |   400,751,317.3 ns |     21,504,736.14 ns |     1,178,747.16 ns |   400,365,626.0 ns |       - |  379296 B |
| Control_ConnectAssociateDisposeAsync | 100      |   442,039,902.0 ns |     67,524,290.66 ns |     3,701,234.24 ns |   440,102,840.0 ns |       - |  475432 B |
| RelaySocket_CreateBindClose          | 100      |     1,305,265.9 ns |         32,617.47 ns |         1,787.87 ns |     1,305,961.3 ns |  1.9531 |   57600 B |
| SelfTraffic_RegisterRelease          | 100      |        32,398.8 ns |          3,312.80 ns |           181.59 ns |        32,374.7 ns |  0.9155 |   16000 B |
| RealTransport_CreateDisposeAsync     | 1000     | 1,749,794,999.7 ns | 17,192,740,587.27 ns |   942,392,129.71 ns | 1,252,594,202.0 ns |       - | 7951608 B |
| Control_ConnectDisposeAsync          | 1000     | 4,016,198,269.7 ns |  2,052,178,535.10 ns |   112,486,830.73 ns | 4,013,754,780.0 ns |       - | 3792200 B |
| Control_ConnectAssociateDisposeAsync | 1000     | 1,819,178,561.0 ns | 22,215,270,421.02 ns | 1,217,693,938.78 ns | 1,118,250,585.0 ns |       - | 4751232 B |
| RelaySocket_CreateBindClose          | 1000     |    13,115,599.7 ns |      1,824,853.46 ns |       100,026.38 ns |    13,067,125.1 ns | 31.2500 |  576000 B |
| SelfTraffic_RegisterRelease          | 1000     |       326,134.0 ns |         48,109.64 ns |         2,637.05 ns |       325,357.1 ns |  9.2773 |  160000 B |

// * Legends *
  Sessions  : Value of the 'Sessions' parameter
  Mean      : Arithmetic mean of all measurements
  Error     : Half of 99.9% confidence interval
  StdDev    : Standard deviation of all measurements
  Median    : Value separating the higher half of all measurements (50th percentile)
  Gen0      : GC Generation 0 collects per 1000 operations
  Allocated : Allocated memory per single operation (managed only, inclusive, 1KB = 1024B)
  1 ns      : 1 Nanosecond (0.000000001 sec)

// * Diagnostic Output - MemoryDiagnoser *


// ***** BenchmarkRunner: End *****
Run time: 00:02:40 (160.52 sec), executed benchmarks: 15

Global total time: 00:03:19 (199.57 sec), executed benchmarks: 15
// * Artifacts cleanup *
Artifacts cleanup is finished
