// Validating benchmarks:
// ***** BenchmarkRunner: Start   *****
// ***** Found 15 benchmark(s) in total *****
// ***** Building 1 exe(s) in Parallel: Start   *****
// start dotnet  restore --nodeReuse:false /p:UseSharedCompilation=false /p:Deterministic=true /p:Optimize=true /p:ArtifactsPath="/home/paff/Projects/WinForward/benchmarks/WinForward.Benchmarks/bin/Release/net10.0/WinForward.Benchmarks-ShortRun-1/" /p:OutDir="/home/paff/Projects/WinForward/benchmarks/WinForward.Benchmarks/bin/Release/net10.0/WinForward.Benchmarks-ShortRun-1/bin/Release/net10.0/" /p:OutputPath="/home/paff/Projects/WinForward/benchmarks/WinForward.Benchmarks/bin/Release/net10.0/WinForward.Benchmarks-ShortRun-1/bin/Release/net10.0/" /p:PublishDir="/home/paff/Projects/WinForward/benchmarks/WinForward.Benchmarks/bin/Release/net10.0/WinForward.Benchmarks-ShortRun-1/publish/" in /home/paff/Projects/WinForward/benchmarks/WinForward.Benchmarks/bin/Release/net10.0/WinForward.Benchmarks-ShortRun-1
// command took 2.89 sec and exited with 0
// start dotnet  build -c Release --no-restore --nodeReuse:false /p:UseSharedCompilation=false /p:Deterministic=true /p:Optimize=true /p:ArtifactsPath="/home/paff/Projects/WinForward/benchmarks/WinForward.Benchmarks/bin/Release/net10.0/WinForward.Benchmarks-ShortRun-1/" /p:OutDir="/home/paff/Projects/WinForward/benchmarks/WinForward.Benchmarks/bin/Release/net10.0/WinForward.Benchmarks-ShortRun-1/bin/Release/net10.0/" /p:OutputPath="/home/paff/Projects/WinForward/benchmarks/WinForward.Benchmarks/bin/Release/net10.0/WinForward.Benchmarks-ShortRun-1/bin/Release/net10.0/" /p:PublishDir="/home/paff/Projects/WinForward/benchmarks/WinForward.Benchmarks/bin/Release/net10.0/WinForward.Benchmarks-ShortRun-1/publish/" --output "/home/paff/Projects/WinForward/benchmarks/WinForward.Benchmarks/bin/Release/net10.0/WinForward.Benchmarks-ShortRun-1/bin/Release/net10.0/" in /home/paff/Projects/WinForward/benchmarks/WinForward.Benchmarks/bin/Release/net10.0/WinForward.Benchmarks-ShortRun-1
// command took 34 sec and exited with 0
// ***** Done, took 00:00:37 (37.04 sec)   *****
// Found 15 benchmarks:
//   FrameworkSetupBenchmarks.RealTransport_CreateDisposeAsync: ShortRun(IterationCount=3, LaunchCount=1, WarmupCount=3) [Sessions=1]
//   FrameworkSetupBenchmarks.Control_ConnectDisposeAsync: ShortRun(IterationCount=3, LaunchCount=1, WarmupCount=3) [Sessions=1]
//   FrameworkSetupBenchmarks.Control_ConnectAssociateDisposeAsync: ShortRun(IterationCount=3, LaunchCount=1, WarmupCount=3) [Sessions=1]
//   FrameworkSetupBenchmarks.RelaySocket_CreateBindClose: ShortRun(IterationCount=3, LaunchCount=1, WarmupCount=3) [Sessions=1]
//   FrameworkSetupBenchmarks.SelfTraffic_RegisterRelease: ShortRun(IterationCount=3, LaunchCount=1, WarmupCount=3) [Sessions=1]
//   FrameworkSetupBenchmarks.RealTransport_CreateDisposeAsync: ShortRun(IterationCount=3, LaunchCount=1, WarmupCount=3) [Sessions=100]
//   FrameworkSetupBenchmarks.Control_ConnectDisposeAsync: ShortRun(IterationCount=3, LaunchCount=1, WarmupCount=3) [Sessions=100]
//   FrameworkSetupBenchmarks.Control_ConnectAssociateDisposeAsync: ShortRun(IterationCount=3, LaunchCount=1, WarmupCount=3) [Sessions=100]
//   FrameworkSetupBenchmarks.RelaySocket_CreateBindClose: ShortRun(IterationCount=3, LaunchCount=1, WarmupCount=3) [Sessions=100]
//   FrameworkSetupBenchmarks.SelfTraffic_RegisterRelease: ShortRun(IterationCount=3, LaunchCount=1, WarmupCount=3) [Sessions=100]
//   FrameworkSetupBenchmarks.RealTransport_CreateDisposeAsync: ShortRun(IterationCount=3, LaunchCount=1, WarmupCount=3) [Sessions=1000]
//   FrameworkSetupBenchmarks.Control_ConnectDisposeAsync: ShortRun(IterationCount=3, LaunchCount=1, WarmupCount=3) [Sessions=1000]
//   FrameworkSetupBenchmarks.Control_ConnectAssociateDisposeAsync: ShortRun(IterationCount=3, LaunchCount=1, WarmupCount=3) [Sessions=1000]
//   FrameworkSetupBenchmarks.RelaySocket_CreateBindClose: ShortRun(IterationCount=3, LaunchCount=1, WarmupCount=3) [Sessions=1000]
//   FrameworkSetupBenchmarks.SelfTraffic_RegisterRelease: ShortRun(IterationCount=3, LaunchCount=1, WarmupCount=3) [Sessions=1000]

// **************************
// Benchmark: FrameworkSetupBenchmarks.RealTransport_CreateDisposeAsync: ShortRun(IterationCount=3, LaunchCount=1, WarmupCount=3) [Sessions=1]
// *** Execute ***
// Launch: 1 / 1
// Execute: dotnet WinForward.Benchmarks-ShortRun-1.dll --anonymousPipes 150 151 --benchmarkName "WinForward.Benchmarks.Perf.FrameworkSetupBenchmarks.RealTransport_CreateDisposeAsync(Sessions: 1)" --job ShortRun --benchmarkId 0 in /home/paff/Projects/WinForward/benchmarks/WinForward.Benchmarks/bin/Release/net10.0/WinForward.Benchmarks-ShortRun-1/bin/Release/net10.0
// Failed to set up high priority (Permission denied). In order to run benchmarks with high priority, make sure you have the right permissions.
// BeforeAnythingElse

// Benchmark Process Environment Information:
// BenchmarkDotNet v0.15.8
// Runtime=.NET 10.0.12 (10.0.12, 10.0.1226.42308), X64 RyuJIT x86-64-v4
// GC=Concurrent Workstation
// HardwareIntrinsics=AVX512 BITALG+VBMI2+VNNI+VPOPCNTDQ,AVX512 IFMA+VBMI,AVX512 F+BW+CD+DQ+VL,AVX2+BMI1+BMI2+F16C+FMA+LZCNT+MOVBE,AVX,SSE3+SSSE3+SSE4.1+SSE4.2+POPCNT,X86Base+SSE+SSE2,AES+PCLMUL,AvxVnni VectorSize=256
// Job: ShortRun(IterationCount=3, LaunchCount=1, WarmupCount=3)

OverheadJitting  1: 1 op, 415924.00 ns, 415.9240 us/op
WorkloadJitting  1: 1 op, 55952966.00 ns, 55.9530 ms/op

WorkloadPilot    1: 2 op, 7377001.00 ns, 3.6885 ms/op
WorkloadPilot    2: 3 op, 3480018.00 ns, 1.1600 ms/op
WorkloadPilot    3: 4 op, 4320742.00 ns, 1.0802 ms/op
WorkloadPilot    4: 5 op, 5724016.00 ns, 1.1448 ms/op
WorkloadPilot    5: 6 op, 6845570.00 ns, 1.1409 ms/op
WorkloadPilot    6: 7 op, 7548884.00 ns, 1.0784 ms/op
WorkloadPilot    7: 8 op, 8684965.00 ns, 1.0856 ms/op
WorkloadPilot    8: 9 op, 9573200.00 ns, 1.0637 ms/op
WorkloadPilot    9: 10 op, 12189690.00 ns, 1.2190 ms/op
WorkloadPilot   10: 11 op, 12616724.00 ns, 1.1470 ms/op
WorkloadPilot   11: 12 op, 12862708.00 ns, 1.0719 ms/op
WorkloadPilot   12: 13 op, 13898089.00 ns, 1.0691 ms/op
WorkloadPilot   13: 14 op, 15095035.00 ns, 1.0782 ms/op
WorkloadPilot   14: 15 op, 17469208.00 ns, 1.1646 ms/op
WorkloadPilot   15: 16 op, 18736950.00 ns, 1.1711 ms/op
WorkloadPilot   16: 32 op, 35830679.00 ns, 1.1197 ms/op
WorkloadPilot   17: 64 op, 72750269.00 ns, 1.1367 ms/op
WorkloadPilot   18: 128 op, 153681474.00 ns, 1.2006 ms/op
WorkloadPilot   19: 256 op, 288433518.00 ns, 1.1267 ms/op
WorkloadPilot   20: 512 op, 522468196.00 ns, 1.0204 ms/op

WorkloadWarmup   1: 512 op, 525670220.00 ns, 1.0267 ms/op
WorkloadWarmup   2: 512 op, 476519191.00 ns, 930.7015 us/op
WorkloadWarmup   3: 512 op, 478473773.00 ns, 934.5191 us/op

// BeforeActualRun
WorkloadActual   1: 512 op, 472611316.00 ns, 923.0690 us/op
WorkloadActual   2: 512 op, 466256650.00 ns, 910.6575 us/op
WorkloadActual   3: 512 op, 466981436.00 ns, 912.0731 us/op

// AfterActualRun
WorkloadResult   1: 512 op, 472611316.00 ns, 923.0690 us/op
WorkloadResult   2: 512 op, 466256650.00 ns, 910.6575 us/op
WorkloadResult   3: 512 op, 466981436.00 ns, 912.0731 us/op
// GC:  2 1 0 42845400 512
// Threading:  4244 0 512
// Exceptions:  3

// AfterAll
// Benchmark Process 889816 has exited with code 0.

Mean = 915.267 us, StdErr = 3.923 us (0.43%), N = 3, StdDev = 6.794 us
Min = 910.658 us, Q1 = 911.365 us, Median = 912.073 us, Q3 = 917.571 us, Max = 923.069 us
IQR = 6.206 us, LowerFence = 902.057 us, UpperFence = 926.880 us
ConfidenceInterval = [791.317 us; 1,039.216 us] (CI 99.9%), Margin = 123.949 us (13.54% of Mean)
Skewness = 0.37, Kurtosis = 0.67, MValue = 2

// ** Remained 14 (93.3%) benchmark(s) to run. Estimated finish 2026-09-22 11:49 (0h 1m from now) **
// **************************
// Benchmark: FrameworkSetupBenchmarks.Control_ConnectDisposeAsync: ShortRun(IterationCount=3, LaunchCount=1, WarmupCount=3) [Sessions=1]
// *** Execute ***
// Launch: 1 / 1
// Execute: dotnet WinForward.Benchmarks-ShortRun-1.dll --anonymousPipes 150 151 --benchmarkName "WinForward.Benchmarks.Perf.FrameworkSetupBenchmarks.Control_ConnectDisposeAsync(Sessions: 1)" --job ShortRun --benchmarkId 1 in /home/paff/Projects/WinForward/benchmarks/WinForward.Benchmarks/bin/Release/net10.0/WinForward.Benchmarks-ShortRun-1/bin/Release/net10.0
// Failed to set up high priority (Permission denied). In order to run benchmarks with high priority, make sure you have the right permissions.
// BeforeAnythingElse

// Benchmark Process Environment Information:
// BenchmarkDotNet v0.15.8
// Runtime=.NET 10.0.12 (10.0.12, 10.0.1226.42308), X64 RyuJIT x86-64-v4
// GC=Concurrent Workstation
// HardwareIntrinsics=AVX512 BITALG+VBMI2+VNNI+VPOPCNTDQ,AVX512 IFMA+VBMI,AVX512 F+BW+CD+DQ+VL,AVX2+BMI1+BMI2+F16C+FMA+LZCNT+MOVBE,AVX,SSE3+SSSE3+SSE4.1+SSE4.2+POPCNT,X86Base+SSE+SSE2,AES+PCLMUL,AvxVnni VectorSize=256
// Job: ShortRun(IterationCount=3, LaunchCount=1, WarmupCount=3)

OverheadJitting  1: 1 op, 346112.00 ns, 346.1120 us/op
WorkloadJitting  1: 1 op, 40205304.00 ns, 40.2053 ms/op

WorkloadPilot    1: 2 op, 1944163.00 ns, 972.0815 us/op
WorkloadPilot    2: 3 op, 2718676.00 ns, 906.2253 us/op
WorkloadPilot    3: 4 op, 3111672.00 ns, 777.9180 us/op
WorkloadPilot    4: 5 op, 3722436.00 ns, 744.4872 us/op
WorkloadPilot    5: 6 op, 4831531.00 ns, 805.2552 us/op
WorkloadPilot    6: 7 op, 5603816.00 ns, 800.5451 us/op
WorkloadPilot    7: 8 op, 6141412.00 ns, 767.6765 us/op
WorkloadPilot    8: 9 op, 7319853.00 ns, 813.3170 us/op
WorkloadPilot    9: 10 op, 7421675.00 ns, 742.1675 us/op
WorkloadPilot   10: 11 op, 8694653.00 ns, 790.4230 us/op
WorkloadPilot   11: 12 op, 9040146.00 ns, 753.3455 us/op
WorkloadPilot   12: 13 op, 9821046.00 ns, 755.4651 us/op
WorkloadPilot   13: 14 op, 10394790.00 ns, 742.4850 us/op
WorkloadPilot   14: 15 op, 10783540.00 ns, 718.9027 us/op
WorkloadPilot   15: 16 op, 11550816.00 ns, 721.9260 us/op
WorkloadPilot   16: 32 op, 24148541.00 ns, 754.6419 us/op
WorkloadPilot   17: 64 op, 53140937.00 ns, 830.3271 us/op
WorkloadPilot   18: 128 op, 102907013.00 ns, 803.9610 us/op
WorkloadPilot   19: 256 op, 201719271.00 ns, 787.9659 us/op
WorkloadPilot   20: 512 op, 452863159.00 ns, 884.4984 us/op
WorkloadPilot   21: 1024 op, 873897802.00 ns, 853.4158 us/op

WorkloadWarmup   1: 1024 op, 2095427682.00 ns, 2.0463 ms/op
WorkloadWarmup   2: 1024 op, 2395806979.00 ns, 2.3397 ms/op
WorkloadWarmup   3: 1024 op, 2413441010.00 ns, 2.3569 ms/op

// BeforeActualRun
WorkloadActual   1: 1024 op, 2428451087.00 ns, 2.3715 ms/op
WorkloadActual   2: 1024 op, 2419802533.00 ns, 2.3631 ms/op
WorkloadActual   3: 1024 op, 2414688747.00 ns, 2.3581 ms/op

// AfterActualRun
WorkloadResult   1: 1024 op, 2428451087.00 ns, 2.3715 ms/op
WorkloadResult   2: 1024 op, 2419802533.00 ns, 2.3631 ms/op
WorkloadResult   3: 1024 op, 2414688747.00 ns, 2.3581 ms/op
// GC:  4 3 0 79520840 1024
// Threading:  6349 0 1024
// Exceptions:  7

// AfterAll
// Benchmark Process 889851 has exited with code 0.

Mean = 2.364 ms, StdErr = 0.004 ms (0.17%), N = 3, StdDev = 0.007 ms
Min = 2.358 ms, Q1 = 2.361 ms, Median = 2.363 ms, Q3 = 2.367 ms, Max = 2.372 ms
IQR = 0.007 ms, LowerFence = 2.351 ms, UpperFence = 2.377 ms
ConfidenceInterval = [2.240 ms; 2.488 ms] (CI 99.9%), Margin = 0.124 ms (5.24% of Mean)
Skewness = 0.16, Kurtosis = 0.67, MValue = 2

// ** Remained 13 (86.7%) benchmark(s) to run. Estimated finish 2026-09-22 11:50 (0h 2m from now) **
// **************************
// Benchmark: FrameworkSetupBenchmarks.Control_ConnectAssociateDisposeAsync: ShortRun(IterationCount=3, LaunchCount=1, WarmupCount=3) [Sessions=1]
// *** Execute ***
// Launch: 1 / 1
// Execute: dotnet WinForward.Benchmarks-ShortRun-1.dll --anonymousPipes 150 151 --benchmarkName "WinForward.Benchmarks.Perf.FrameworkSetupBenchmarks.Control_ConnectAssociateDisposeAsync(Sessions: 1)" --job ShortRun --benchmarkId 2 in /home/paff/Projects/WinForward/benchmarks/WinForward.Benchmarks/bin/Release/net10.0/WinForward.Benchmarks-ShortRun-1/bin/Release/net10.0
// Failed to set up high priority (Permission denied). In order to run benchmarks with high priority, make sure you have the right permissions.
// BeforeAnythingElse

// Benchmark Process Environment Information:
// BenchmarkDotNet v0.15.8
// Runtime=.NET 10.0.12 (10.0.12, 10.0.1226.42308), X64 RyuJIT x86-64-v4
// GC=Concurrent Workstation
// HardwareIntrinsics=AVX512 BITALG+VBMI2+VNNI+VPOPCNTDQ,AVX512 IFMA+VBMI,AVX512 F+BW+CD+DQ+VL,AVX2+BMI1+BMI2+F16C+FMA+LZCNT+MOVBE,AVX,SSE3+SSSE3+SSE4.1+SSE4.2+POPCNT,X86Base+SSE+SSE2,AES+PCLMUL,AvxVnni VectorSize=256
// Job: ShortRun(IterationCount=3, LaunchCount=1, WarmupCount=3)

OverheadJitting  1: 1 op, 345011.00 ns, 345.0110 us/op
WorkloadJitting  1: 1 op, 53167535.00 ns, 53.1675 ms/op

WorkloadPilot    1: 2 op, 8356943.00 ns, 4.1785 ms/op
WorkloadPilot    2: 3 op, 10030295.00 ns, 3.3434 ms/op
WorkloadPilot    3: 4 op, 11900211.00 ns, 2.9751 ms/op
WorkloadPilot    4: 5 op, 15383167.00 ns, 3.0766 ms/op
WorkloadPilot    5: 6 op, 20773234.00 ns, 3.4622 ms/op
WorkloadPilot    6: 7 op, 23313761.00 ns, 3.3305 ms/op
WorkloadPilot    7: 8 op, 26452516.00 ns, 3.3066 ms/op
WorkloadPilot    8: 9 op, 30809326.00 ns, 3.4233 ms/op
WorkloadPilot    9: 10 op, 37230896.00 ns, 3.7231 ms/op
WorkloadPilot   10: 11 op, 46836744.00 ns, 4.2579 ms/op
WorkloadPilot   11: 12 op, 48255258.00 ns, 4.0213 ms/op
WorkloadPilot   12: 13 op, 67637029.00 ns, 5.2028 ms/op
WorkloadPilot   13: 14 op, 80221765.00 ns, 5.7301 ms/op
WorkloadPilot   14: 15 op, 73458185.00 ns, 4.8972 ms/op
WorkloadPilot   15: 16 op, 78094397.00 ns, 4.8809 ms/op
WorkloadPilot   16: 32 op, 144385272.00 ns, 4.5120 ms/op
WorkloadPilot   17: 64 op, 285383449.00 ns, 4.4591 ms/op
WorkloadPilot   18: 128 op, 604733566.00 ns, 4.7245 ms/op

WorkloadWarmup   1: 128 op, 604667952.00 ns, 4.7240 ms/op
WorkloadWarmup   2: 128 op, 597279417.00 ns, 4.6662 ms/op
WorkloadWarmup   3: 128 op, 613298504.00 ns, 4.7914 ms/op

// BeforeActualRun
WorkloadActual   1: 128 op, 602362867.00 ns, 4.7060 ms/op
WorkloadActual   2: 128 op, 578149358.00 ns, 4.5168 ms/op
WorkloadActual   3: 128 op, 557951356.00 ns, 4.3590 ms/op

// AfterActualRun
WorkloadResult   1: 128 op, 602362867.00 ns, 4.7060 ms/op
WorkloadResult   2: 128 op, 578149358.00 ns, 4.5168 ms/op
WorkloadResult   3: 128 op, 557951356.00 ns, 4.3590 ms/op
// GC:  0 0 0 10300912 128
// Threading:  1043 0 128
// Exceptions:  3

// AfterAll
// Benchmark Process 890015 has exited with code 0.

Mean = 4.527 ms, StdErr = 0.100 ms (2.22%), N = 3, StdDev = 0.174 ms
Min = 4.359 ms, Q1 = 4.438 ms, Median = 4.517 ms, Q3 = 4.611 ms, Max = 4.706 ms
IQR = 0.173 ms, LowerFence = 4.178 ms, UpperFence = 4.872 ms
ConfidenceInterval = [1.358 ms; 7.697 ms] (CI 99.9%), Margin = 3.169 ms (70.00% of Mean)
Skewness = 0.06, Kurtosis = 0.67, MValue = 2

// ** Remained 12 (80.0%) benchmark(s) to run. Estimated finish 2026-09-22 11:50 (0h 2m from now) **
// **************************
// Benchmark: FrameworkSetupBenchmarks.RelaySocket_CreateBindClose: ShortRun(IterationCount=3, LaunchCount=1, WarmupCount=3) [Sessions=1]
// *** Execute ***
// Launch: 1 / 1
// Execute: dotnet WinForward.Benchmarks-ShortRun-1.dll --anonymousPipes 150 151 --benchmarkName "WinForward.Benchmarks.Perf.FrameworkSetupBenchmarks.RelaySocket_CreateBindClose(Sessions: 1)" --job ShortRun --benchmarkId 3 in /home/paff/Projects/WinForward/benchmarks/WinForward.Benchmarks/bin/Release/net10.0/WinForward.Benchmarks-ShortRun-1/bin/Release/net10.0
// Failed to set up high priority (Permission denied). In order to run benchmarks with high priority, make sure you have the right permissions.
// BeforeAnythingElse

// Benchmark Process Environment Information:
// BenchmarkDotNet v0.15.8
// Runtime=.NET 10.0.12 (10.0.12, 10.0.1226.42308), X64 RyuJIT x86-64-v4
// GC=Concurrent Workstation
// HardwareIntrinsics=AVX512 BITALG+VBMI2+VNNI+VPOPCNTDQ,AVX512 IFMA+VBMI,AVX512 F+BW+CD+DQ+VL,AVX2+BMI1+BMI2+F16C+FMA+LZCNT+MOVBE,AVX,SSE3+SSSE3+SSE4.1+SSE4.2+POPCNT,X86Base+SSE+SSE2,AES+PCLMUL,AvxVnni VectorSize=256
// Job: ShortRun(IterationCount=3, LaunchCount=1, WarmupCount=3)

OverheadJitting  1: 1 op, 365489.00 ns, 365.4890 us/op
WorkloadJitting  1: 1 op, 4554252.00 ns, 4.5543 ms/op

OverheadJitting  2: 16 op, 361341.00 ns, 22.5838 us/op
WorkloadJitting  2: 16 op, 982024.00 ns, 61.3765 us/op

WorkloadPilot    1: 16 op, 272764.00 ns, 17.0478 us/op
WorkloadPilot    2: 32 op, 454737.00 ns, 14.2105 us/op
WorkloadPilot    3: 64 op, 1117824.00 ns, 17.4660 us/op
WorkloadPilot    4: 128 op, 1864013.00 ns, 14.5626 us/op
WorkloadPilot    5: 256 op, 3906862.00 ns, 15.2612 us/op
WorkloadPilot    6: 512 op, 8324616.00 ns, 16.2590 us/op
WorkloadPilot    7: 1024 op, 15462492.00 ns, 15.1001 us/op
WorkloadPilot    8: 2048 op, 32154821.00 ns, 15.7006 us/op
WorkloadPilot    9: 4096 op, 60714487.00 ns, 14.8229 us/op
WorkloadPilot   10: 8192 op, 127598048.00 ns, 15.5759 us/op
WorkloadPilot   11: 16384 op, 229156979.00 ns, 13.9866 us/op
WorkloadPilot   12: 32768 op, 441937729.00 ns, 13.4869 us/op
WorkloadPilot   13: 65536 op, 867812141.00 ns, 13.2418 us/op

OverheadWarmup   1: 65536 op, 185860.00 ns, 2.8360 ns/op
OverheadWarmup   2: 65536 op, 184988.00 ns, 2.8227 ns/op
OverheadWarmup   3: 65536 op, 183756.00 ns, 2.8039 ns/op
OverheadWarmup   4: 65536 op, 183646.00 ns, 2.8022 ns/op
OverheadWarmup   5: 65536 op, 186962.00 ns, 2.8528 ns/op
OverheadWarmup   6: 65536 op, 186241.00 ns, 2.8418 ns/op
OverheadWarmup   7: 65536 op, 185971.00 ns, 2.8377 ns/op
OverheadWarmup   8: 65536 op, 185951.00 ns, 2.8374 ns/op
OverheadWarmup   9: 65536 op, 187513.00 ns, 2.8612 ns/op
OverheadWarmup  10: 65536 op, 187663.00 ns, 2.8635 ns/op

OverheadActual   1: 65536 op, 264869.00 ns, 4.0416 ns/op
OverheadActual   2: 65536 op, 187042.00 ns, 2.8540 ns/op
OverheadActual   3: 65536 op, 185209.00 ns, 2.8261 ns/op
OverheadActual   4: 65536 op, 184808.00 ns, 2.8199 ns/op
OverheadActual   5: 65536 op, 187483.00 ns, 2.8608 ns/op
OverheadActual   6: 65536 op, 187253.00 ns, 2.8573 ns/op
OverheadActual   7: 65536 op, 186211.00 ns, 2.8414 ns/op
OverheadActual   8: 65536 op, 192032.00 ns, 2.9302 ns/op
OverheadActual   9: 65536 op, 187724.00 ns, 2.8644 ns/op
OverheadActual  10: 65536 op, 233050.00 ns, 3.5561 ns/op
OverheadActual  11: 65536 op, 210928.00 ns, 3.2185 ns/op
OverheadActual  12: 65536 op, 187023.00 ns, 2.8537 ns/op
OverheadActual  13: 65536 op, 186291.00 ns, 2.8426 ns/op
OverheadActual  14: 65536 op, 186402.00 ns, 2.8443 ns/op
OverheadActual  15: 65536 op, 186351.00 ns, 2.8435 ns/op

WorkloadWarmup   1: 65536 op, 877436565.00 ns, 13.3886 us/op
WorkloadWarmup   2: 65536 op, 873884462.00 ns, 13.3344 us/op
WorkloadWarmup   3: 65536 op, 866858981.00 ns, 13.2272 us/op

// BeforeActualRun
WorkloadActual   1: 65536 op, 861940662.00 ns, 13.1522 us/op
WorkloadActual   2: 65536 op, 860040510.00 ns, 13.1232 us/op
WorkloadActual   3: 65536 op, 863761422.00 ns, 13.1800 us/op

// AfterActualRun
WorkloadResult   1: 65536 op, 861753620.00 ns, 13.1493 us/op
WorkloadResult   2: 65536 op, 859853468.00 ns, 13.1203 us/op
WorkloadResult   3: 65536 op, 863574380.00 ns, 13.1771 us/op
// GC:  2 0 0 37748736 65536
// Threading:  0 0 65536

// AfterAll
// Benchmark Process 890067 has exited with code 0.

Mean = 13.149 us, StdErr = 0.016 us (0.12%), N = 3, StdDev = 0.028 us
Min = 13.120 us, Q1 = 13.135 us, Median = 13.149 us, Q3 = 13.163 us, Max = 13.177 us
IQR = 0.028 us, LowerFence = 13.092 us, UpperFence = 13.206 us
ConfidenceInterval = [12.631 us; 13.667 us] (CI 99.9%), Margin = 0.518 us (3.94% of Mean)
Skewness = -0.01, Kurtosis = 0.67, MValue = 2

// ** Remained 11 (73.3%) benchmark(s) to run. Estimated finish 2026-09-22 11:50 (0h 1m from now) **
// **************************
// Benchmark: FrameworkSetupBenchmarks.SelfTraffic_RegisterRelease: ShortRun(IterationCount=3, LaunchCount=1, WarmupCount=3) [Sessions=1]
// *** Execute ***
// Launch: 1 / 1
// Execute: dotnet WinForward.Benchmarks-ShortRun-1.dll --anonymousPipes 150 151 --benchmarkName "WinForward.Benchmarks.Perf.FrameworkSetupBenchmarks.SelfTraffic_RegisterRelease(Sessions: 1)" --job ShortRun --benchmarkId 4 in /home/paff/Projects/WinForward/benchmarks/WinForward.Benchmarks/bin/Release/net10.0/WinForward.Benchmarks-ShortRun-1/bin/Release/net10.0
// Failed to set up high priority (Permission denied). In order to run benchmarks with high priority, make sure you have the right permissions.
// BeforeAnythingElse

// Benchmark Process Environment Information:
// BenchmarkDotNet v0.15.8
// Runtime=.NET 10.0.12 (10.0.12, 10.0.1226.42308), X64 RyuJIT x86-64-v4
// GC=Concurrent Workstation
// HardwareIntrinsics=AVX512 BITALG+VBMI2+VNNI+VPOPCNTDQ,AVX512 IFMA+VBMI,AVX512 F+BW+CD+DQ+VL,AVX2+BMI1+BMI2+F16C+FMA+LZCNT+MOVBE,AVX,SSE3+SSSE3+SSE4.1+SSE4.2+POPCNT,X86Base+SSE+SSE2,AES+PCLMUL,AvxVnni VectorSize=256
// Job: ShortRun(IterationCount=3, LaunchCount=1, WarmupCount=3)

OverheadJitting  1: 1 op, 338848.00 ns, 338.8480 us/op
WorkloadJitting  1: 1 op, 8903257.00 ns, 8.9033 ms/op

OverheadJitting  2: 16 op, 533846.00 ns, 33.3654 us/op
WorkloadJitting  2: 16 op, 619648.00 ns, 38.7280 us/op

WorkloadPilot    1: 16 op, 54513.00 ns, 3.4071 us/op
WorkloadPilot    2: 32 op, 117902.00 ns, 3.6844 us/op
WorkloadPilot    3: 64 op, 231205.00 ns, 3.6126 us/op
WorkloadPilot    4: 128 op, 374746.00 ns, 2.9277 us/op
WorkloadPilot    5: 256 op, 693286.00 ns, 2.7081 us/op
WorkloadPilot    6: 512 op, 1465291.00 ns, 2.8619 us/op
WorkloadPilot    7: 1024 op, 2716118.00 ns, 2.6525 us/op
WorkloadPilot    8: 2048 op, 5553274.00 ns, 2.7116 us/op
WorkloadPilot    9: 4096 op, 11128540.00 ns, 2.7169 us/op
WorkloadPilot   10: 8192 op, 22525405.00 ns, 2.7497 us/op
WorkloadPilot   11: 16384 op, 44489653.00 ns, 2.7154 us/op
WorkloadPilot   12: 32768 op, 51172195.00 ns, 1.5617 us/op
WorkloadPilot   13: 65536 op, 37751857.00 ns, 576.0476 ns/op
WorkloadPilot   14: 131072 op, 56639297.00 ns, 432.1235 ns/op
WorkloadPilot   15: 262144 op, 98930477.00 ns, 377.3898 ns/op
WorkloadPilot   16: 524288 op, 193377437.00 ns, 368.8382 ns/op
WorkloadPilot   17: 1048576 op, 380651531.00 ns, 363.0176 ns/op
WorkloadPilot   18: 2097152 op, 759146520.00 ns, 361.9893 ns/op

OverheadWarmup   1: 2097152 op, 6236425.00 ns, 2.9738 ns/op
OverheadWarmup   2: 2097152 op, 6400010.00 ns, 3.0518 ns/op
OverheadWarmup   3: 2097152 op, 6229523.00 ns, 2.9705 ns/op
OverheadWarmup   4: 2097152 op, 6202588.00 ns, 2.9576 ns/op
OverheadWarmup   5: 2097152 op, 6058035.00 ns, 2.8887 ns/op
OverheadWarmup   6: 2097152 op, 6081569.00 ns, 2.8999 ns/op
OverheadWarmup   7: 2097152 op, 6029171.00 ns, 2.8749 ns/op

OverheadActual   1: 2097152 op, 6260357.00 ns, 2.9852 ns/op
OverheadActual   2: 2097152 op, 6118819.00 ns, 2.9177 ns/op
OverheadActual   3: 2097152 op, 6124761.00 ns, 2.9205 ns/op
OverheadActual   4: 2097152 op, 6251309.00 ns, 2.9809 ns/op
OverheadActual   5: 2097152 op, 6420198.00 ns, 3.0614 ns/op
OverheadActual   6: 2097152 op, 6272169.00 ns, 2.9908 ns/op
OverheadActual   7: 2097152 op, 6973571.00 ns, 3.3253 ns/op
OverheadActual   8: 2097152 op, 6225130.00 ns, 2.9684 ns/op
OverheadActual   9: 2097152 op, 6540485.00 ns, 3.1187 ns/op
OverheadActual  10: 2097152 op, 6137906.00 ns, 2.9268 ns/op
OverheadActual  11: 2097152 op, 6148836.00 ns, 2.9320 ns/op
OverheadActual  12: 2097152 op, 6135962.00 ns, 2.9259 ns/op
OverheadActual  13: 2097152 op, 6276156.00 ns, 2.9927 ns/op
OverheadActual  14: 2097152 op, 6096658.00 ns, 2.9071 ns/op
OverheadActual  15: 2097152 op, 6082863.00 ns, 2.9005 ns/op

WorkloadWarmup   1: 2097152 op, 788509278.00 ns, 375.9905 ns/op
WorkloadWarmup   2: 2097152 op, 775940362.00 ns, 369.9972 ns/op
WorkloadWarmup   3: 2097152 op, 770718562.00 ns, 367.5072 ns/op

// BeforeActualRun
WorkloadActual   1: 2097152 op, 766645743.00 ns, 365.5652 ns/op
WorkloadActual   2: 2097152 op, 761816567.00 ns, 363.2624 ns/op
WorkloadActual   3: 2097152 op, 761129161.00 ns, 362.9347 ns/op

// AfterActualRun
WorkloadResult   1: 2097152 op, 760420613.00 ns, 362.5968 ns/op
WorkloadResult   2: 2097152 op, 755591437.00 ns, 360.2941 ns/op
WorkloadResult   3: 2097152 op, 754904031.00 ns, 359.9663 ns/op
// GC:  20 0 0 335544320 2097152
// Threading:  0 0 2097152

// AfterAll
// Benchmark Process 890130 has exited with code 0.

Mean = 360.952 ns, StdErr = 0.828 ns (0.23%), N = 3, StdDev = 1.434 ns
Min = 359.966 ns, Q1 = 360.130 ns, Median = 360.294 ns, Q3 = 361.445 ns, Max = 362.597 ns
IQR = 1.315 ns, LowerFence = 358.157 ns, UpperFence = 363.418 ns
ConfidenceInterval = [334.800 ns; 387.105 ns] (CI 99.9%), Margin = 26.152 ns (7.25% of Mean)
Skewness = 0.36, Kurtosis = 0.67, MValue = 2

// ** Remained 10 (66.7%) benchmark(s) to run. Estimated finish 2026-09-22 11:50 (0h 1m from now) **
// **************************
// Benchmark: FrameworkSetupBenchmarks.RealTransport_CreateDisposeAsync: ShortRun(IterationCount=3, LaunchCount=1, WarmupCount=3) [Sessions=100]
// *** Execute ***
// Launch: 1 / 1
// Execute: dotnet WinForward.Benchmarks-ShortRun-1.dll --anonymousPipes 150 151 --benchmarkName "WinForward.Benchmarks.Perf.FrameworkSetupBenchmarks.RealTransport_CreateDisposeAsync(Sessions: 100)" --job ShortRun --benchmarkId 5 in /home/paff/Projects/WinForward/benchmarks/WinForward.Benchmarks/bin/Release/net10.0/WinForward.Benchmarks-ShortRun-1/bin/Release/net10.0
// Failed to set up high priority (Permission denied). In order to run benchmarks with high priority, make sure you have the right permissions.
// BeforeAnythingElse

// Benchmark Process Environment Information:
// BenchmarkDotNet v0.15.8
// Runtime=.NET 10.0.12 (10.0.12, 10.0.1226.42308), X64 RyuJIT x86-64-v4
// GC=Concurrent Workstation
// HardwareIntrinsics=AVX512 BITALG+VBMI2+VNNI+VPOPCNTDQ,AVX512 IFMA+VBMI,AVX512 F+BW+CD+DQ+VL,AVX2+BMI1+BMI2+F16C+FMA+LZCNT+MOVBE,AVX,SSE3+SSSE3+SSE4.1+SSE4.2+POPCNT,X86Base+SSE+SSE2,AES+PCLMUL,AvxVnni VectorSize=256
// Job: ShortRun(IterationCount=3, LaunchCount=1, WarmupCount=3)

OverheadJitting  1: 1 op, 318009.00 ns, 318.0090 us/op
WorkloadJitting  1: 1 op, 491922665.00 ns, 491.9227 ms/op

OverheadJitting  2: 1 op, 1112.00 ns, 1.1120 us/op
WorkloadJitting  2: 1 op, 411892817.00 ns, 411.8928 ms/op

WorkloadWarmup   1: 1 op, 442479198.00 ns, 442.4792 ms/op
WorkloadWarmup   2: 1 op, 421649061.00 ns, 421.6491 ms/op
WorkloadWarmup   3: 1 op, 407995142.00 ns, 407.9951 ms/op

// BeforeActualRun
WorkloadActual   1: 1 op, 401818199.00 ns, 401.8182 ms/op
WorkloadActual   2: 1 op, 497460372.00 ns, 497.4604 ms/op
WorkloadActual   3: 1 op, 430598963.00 ns, 430.5990 ms/op

// AfterActualRun
WorkloadResult   1: 1 op, 401818199.00 ns, 401.8182 ms/op
WorkloadResult   2: 1 op, 497460372.00 ns, 497.4604 ms/op
WorkloadResult   3: 1 op, 430598963.00 ns, 430.5990 ms/op
// GC:  0 0 0 8342480 1
// Threading:  825 0 1
// Exceptions:  300

// AfterAll
// Benchmark Process 890200 has exited with code 0.

Mean = 443.293 ms, StdErr = 28.330 ms (6.39%), N = 3, StdDev = 49.068 ms
Min = 401.818 ms, Q1 = 416.209 ms, Median = 430.599 ms, Q3 = 464.030 ms, Max = 497.460 ms
IQR = 47.821 ms, LowerFence = 344.477 ms, UpperFence = 535.761 ms
ConfidenceInterval = [-451.896 ms; 1,338.481 ms] (CI 99.9%), Margin = 895.189 ms (201.94% of Mean)
Skewness = 0.24, Kurtosis = 0.67, MValue = 2

// ** Remained 9 (60.0%) benchmark(s) to run. Estimated finish 2026-09-22 11:49 (0h 1m from now) **
// **************************
// Benchmark: FrameworkSetupBenchmarks.Control_ConnectDisposeAsync: ShortRun(IterationCount=3, LaunchCount=1, WarmupCount=3) [Sessions=100]
// *** Execute ***
// Launch: 1 / 1
// Execute: dotnet WinForward.Benchmarks-ShortRun-1.dll --anonymousPipes 150 151 --benchmarkName "WinForward.Benchmarks.Perf.FrameworkSetupBenchmarks.Control_ConnectDisposeAsync(Sessions: 100)" --job ShortRun --benchmarkId 6 in /home/paff/Projects/WinForward/benchmarks/WinForward.Benchmarks/bin/Release/net10.0/WinForward.Benchmarks-ShortRun-1/bin/Release/net10.0
// Failed to set up high priority (Permission denied). In order to run benchmarks with high priority, make sure you have the right permissions.
// BeforeAnythingElse

// Benchmark Process Environment Information:
// BenchmarkDotNet v0.15.8
// Runtime=.NET 10.0.12 (10.0.12, 10.0.1226.42308), X64 RyuJIT x86-64-v4
// GC=Concurrent Workstation
// HardwareIntrinsics=AVX512 BITALG+VBMI2+VNNI+VPOPCNTDQ,AVX512 IFMA+VBMI,AVX512 F+BW+CD+DQ+VL,AVX2+BMI1+BMI2+F16C+FMA+LZCNT+MOVBE,AVX,SSE3+SSSE3+SSE4.1+SSE4.2+POPCNT,X86Base+SSE+SSE2,AES+PCLMUL,AvxVnni VectorSize=256
// Job: ShortRun(IterationCount=3, LaunchCount=1, WarmupCount=3)

OverheadJitting  1: 1 op, 287752.00 ns, 287.7520 us/op
WorkloadJitting  1: 1 op, 439951827.00 ns, 439.9518 ms/op

OverheadJitting  2: 1 op, 782.00 ns, 782.0000 ns/op
WorkloadJitting  2: 1 op, 389027627.00 ns, 389.0276 ms/op

WorkloadWarmup   1: 1 op, 382591603.00 ns, 382.5916 ms/op
WorkloadWarmup   2: 1 op, 384177340.00 ns, 384.1773 ms/op
WorkloadWarmup   3: 1 op, 380874074.00 ns, 380.8741 ms/op

// BeforeActualRun
WorkloadActual   1: 1 op, 382543183.00 ns, 382.5432 ms/op
WorkloadActual   2: 1 op, 380945168.00 ns, 380.9452 ms/op
WorkloadActual   3: 1 op, 376514911.00 ns, 376.5149 ms/op

// AfterActualRun
WorkloadResult   1: 1 op, 382543183.00 ns, 382.5432 ms/op
WorkloadResult   2: 1 op, 380945168.00 ns, 380.9452 ms/op
WorkloadResult   3: 1 op, 376514911.00 ns, 376.5149 ms/op
// GC:  0 0 0 7742384 1
// Threading:  627 0 1
// Exceptions:  700

// AfterAll
// Benchmark Process 890256 has exited with code 0.

Mean = 380.001 ms, StdErr = 1.803 ms (0.47%), N = 3, StdDev = 3.123 ms
Min = 376.515 ms, Q1 = 378.730 ms, Median = 380.945 ms, Q3 = 381.744 ms, Max = 382.543 ms
IQR = 3.014 ms, LowerFence = 374.209 ms, UpperFence = 386.265 ms
ConfidenceInterval = [323.025 ms; 436.977 ms] (CI 99.9%), Margin = 56.976 ms (14.99% of Mean)
Skewness = -0.27, Kurtosis = 0.67, MValue = 2

// ** Remained 8 (53.3%) benchmark(s) to run. Estimated finish 2026-09-22 11:49 (0h 1m from now) **
// **************************
// Benchmark: FrameworkSetupBenchmarks.Control_ConnectAssociateDisposeAsync: ShortRun(IterationCount=3, LaunchCount=1, WarmupCount=3) [Sessions=100]
// *** Execute ***
// Launch: 1 / 1
// Execute: dotnet WinForward.Benchmarks-ShortRun-1.dll --anonymousPipes 150 151 --benchmarkName "WinForward.Benchmarks.Perf.FrameworkSetupBenchmarks.Control_ConnectAssociateDisposeAsync(Sessions: 100)" --job ShortRun --benchmarkId 7 in /home/paff/Projects/WinForward/benchmarks/WinForward.Benchmarks/bin/Release/net10.0/WinForward.Benchmarks-ShortRun-1/bin/Release/net10.0
// Failed to set up high priority (Permission denied). In order to run benchmarks with high priority, make sure you have the right permissions.
// BeforeAnythingElse

// Benchmark Process Environment Information:
// BenchmarkDotNet v0.15.8
// Runtime=.NET 10.0.12 (10.0.12, 10.0.1226.42308), X64 RyuJIT x86-64-v4
// GC=Concurrent Workstation
// HardwareIntrinsics=AVX512 BITALG+VBMI2+VNNI+VPOPCNTDQ,AVX512 IFMA+VBMI,AVX512 F+BW+CD+DQ+VL,AVX2+BMI1+BMI2+F16C+FMA+LZCNT+MOVBE,AVX,SSE3+SSSE3+SSE4.1+SSE4.2+POPCNT,X86Base+SSE+SSE2,AES+PCLMUL,AvxVnni VectorSize=256
// Job: ShortRun(IterationCount=3, LaunchCount=1, WarmupCount=3)

OverheadJitting  1: 1 op, 460558.00 ns, 460.5580 us/op
WorkloadJitting  1: 1 op, 464864458.00 ns, 464.8645 ms/op

OverheadJitting  2: 1 op, 941.00 ns, 941.0000 ns/op
WorkloadJitting  2: 1 op, 410168924.00 ns, 410.1689 ms/op

WorkloadWarmup   1: 1 op, 400710402.00 ns, 400.7104 ms/op
WorkloadWarmup   2: 1 op, 395289256.00 ns, 395.2893 ms/op
WorkloadWarmup   3: 1 op, 400637416.00 ns, 400.6374 ms/op

// BeforeActualRun
WorkloadActual   1: 1 op, 445760760.00 ns, 445.7608 ms/op
WorkloadActual   2: 1 op, 416870792.00 ns, 416.8708 ms/op
WorkloadActual   3: 1 op, 413084374.00 ns, 413.0844 ms/op

// AfterActualRun
WorkloadResult   1: 1 op, 445760760.00 ns, 445.7608 ms/op
WorkloadResult   2: 1 op, 416870792.00 ns, 416.8708 ms/op
WorkloadResult   3: 1 op, 413084374.00 ns, 413.0844 ms/op
// GC:  0 0 0 8022200 1
// Threading:  816 0 1
// Exceptions:  300

// AfterAll
// Benchmark Process 890316 has exited with code 0.

Mean = 425.239 ms, StdErr = 10.319 ms (2.43%), N = 3, StdDev = 17.873 ms
Min = 413.084 ms, Q1 = 414.978 ms, Median = 416.871 ms, Q3 = 431.316 ms, Max = 445.761 ms
IQR = 16.338 ms, LowerFence = 390.470 ms, UpperFence = 455.823 ms
ConfidenceInterval = [99.164 ms; 751.313 ms] (CI 99.9%), Margin = 326.074 ms (76.68% of Mean)
Skewness = 0.37, Kurtosis = 0.67, MValue = 2

// ** Remained 7 (46.7%) benchmark(s) to run. Estimated finish 2026-09-22 11:49 (0h 0m from now) **
// **************************
// Benchmark: FrameworkSetupBenchmarks.RelaySocket_CreateBindClose: ShortRun(IterationCount=3, LaunchCount=1, WarmupCount=3) [Sessions=100]
// *** Execute ***
// Launch: 1 / 1
// Execute: dotnet WinForward.Benchmarks-ShortRun-1.dll --anonymousPipes 150 151 --benchmarkName "WinForward.Benchmarks.Perf.FrameworkSetupBenchmarks.RelaySocket_CreateBindClose(Sessions: 100)" --job ShortRun --benchmarkId 8 in /home/paff/Projects/WinForward/benchmarks/WinForward.Benchmarks/bin/Release/net10.0/WinForward.Benchmarks-ShortRun-1/bin/Release/net10.0
// Failed to set up high priority (Permission denied). In order to run benchmarks with high priority, make sure you have the right permissions.
// BeforeAnythingElse

// Benchmark Process Environment Information:
// BenchmarkDotNet v0.15.8
// Runtime=.NET 10.0.12 (10.0.12, 10.0.1226.42308), X64 RyuJIT x86-64-v4
// GC=Concurrent Workstation
// HardwareIntrinsics=AVX512 BITALG+VBMI2+VNNI+VPOPCNTDQ,AVX512 IFMA+VBMI,AVX512 F+BW+CD+DQ+VL,AVX2+BMI1+BMI2+F16C+FMA+LZCNT+MOVBE,AVX,SSE3+SSSE3+SSE4.1+SSE4.2+POPCNT,X86Base+SSE+SSE2,AES+PCLMUL,AvxVnni VectorSize=256
// Job: ShortRun(IterationCount=3, LaunchCount=1, WarmupCount=3)

OverheadJitting  1: 1 op, 317398.00 ns, 317.3980 us/op
WorkloadJitting  1: 1 op, 5580075.00 ns, 5.5801 ms/op

OverheadJitting  2: 16 op, 438456.00 ns, 27.4035 us/op
WorkloadJitting  2: 16 op, 25310863.00 ns, 1.5819 ms/op

WorkloadPilot    1: 16 op, 22819308.00 ns, 1.4262 ms/op
WorkloadPilot    2: 32 op, 45845126.00 ns, 1.4327 ms/op
WorkloadPilot    3: 64 op, 97574709.00 ns, 1.5246 ms/op
WorkloadPilot    4: 128 op, 189870995.00 ns, 1.4834 ms/op
WorkloadPilot    5: 256 op, 354534792.00 ns, 1.3849 ms/op
WorkloadPilot    6: 512 op, 690338250.00 ns, 1.3483 ms/op

OverheadWarmup   1: 512 op, 5591.00 ns, 10.9199 ns/op
OverheadWarmup   2: 512 op, 2725.00 ns, 5.3223 ns/op
OverheadWarmup   3: 512 op, 2415.00 ns, 4.7168 ns/op
OverheadWarmup   4: 512 op, 2625.00 ns, 5.1270 ns/op
OverheadWarmup   5: 512 op, 2294.00 ns, 4.4805 ns/op
OverheadWarmup   6: 512 op, 3206.00 ns, 6.2617 ns/op
OverheadWarmup   7: 512 op, 2625.00 ns, 5.1270 ns/op

OverheadActual   1: 512 op, 2675.00 ns, 5.2246 ns/op
OverheadActual   2: 512 op, 2504.00 ns, 4.8906 ns/op
OverheadActual   3: 512 op, 2746.00 ns, 5.3633 ns/op
OverheadActual   4: 512 op, 2504.00 ns, 4.8906 ns/op
OverheadActual   5: 512 op, 3326.00 ns, 6.4961 ns/op
OverheadActual   6: 512 op, 2645.00 ns, 5.1660 ns/op
OverheadActual   7: 512 op, 2234.00 ns, 4.3633 ns/op
OverheadActual   8: 512 op, 2194.00 ns, 4.2852 ns/op
OverheadActual   9: 512 op, 2404.00 ns, 4.6953 ns/op
OverheadActual  10: 512 op, 2434.00 ns, 4.7539 ns/op
OverheadActual  11: 512 op, 2876.00 ns, 5.6172 ns/op
OverheadActual  12: 512 op, 2464.00 ns, 4.8125 ns/op
OverheadActual  13: 512 op, 2434.00 ns, 4.7539 ns/op
OverheadActual  14: 512 op, 2394.00 ns, 4.6758 ns/op
OverheadActual  15: 512 op, 2435.00 ns, 4.7559 ns/op
OverheadActual  16: 512 op, 2454.00 ns, 4.7930 ns/op
OverheadActual  17: 512 op, 2264.00 ns, 4.4219 ns/op
OverheadActual  18: 512 op, 2195.00 ns, 4.2871 ns/op
OverheadActual  19: 512 op, 2464.00 ns, 4.8125 ns/op
OverheadActual  20: 512 op, 3256.00 ns, 6.3594 ns/op

WorkloadWarmup   1: 512 op, 707922706.00 ns, 1.3827 ms/op
WorkloadWarmup   2: 512 op, 708672493.00 ns, 1.3841 ms/op
WorkloadWarmup   3: 512 op, 701082700.00 ns, 1.3693 ms/op

// BeforeActualRun
WorkloadActual   1: 512 op, 685184773.00 ns, 1.3383 ms/op
WorkloadActual   2: 512 op, 690471274.00 ns, 1.3486 ms/op
WorkloadActual   3: 512 op, 667957621.00 ns, 1.3046 ms/op

// AfterActualRun
WorkloadResult   1: 512 op, 685182314.00 ns, 1.3382 ms/op
WorkloadResult   2: 512 op, 690468815.00 ns, 1.3486 ms/op
WorkloadResult   3: 512 op, 667955162.00 ns, 1.3046 ms/op
// GC:  1 0 0 29491200 512
// Threading:  0 0 512

// AfterAll
// Benchmark Process 890355 has exited with code 0.

Mean = 1.330 ms, StdErr = 0.013 ms (1.00%), N = 3, StdDev = 0.023 ms
Min = 1.305 ms, Q1 = 1.321 ms, Median = 1.338 ms, Q3 = 1.343 ms, Max = 1.349 ms
IQR = 0.022 ms, LowerFence = 1.288 ms, UpperFence = 1.376 ms
ConfidenceInterval = [0.911 ms; 1.750 ms] (CI 99.9%), Margin = 0.419 ms (31.53% of Mean)
Skewness = -0.3, Kurtosis = 0.67, MValue = 2

// ** Remained 6 (40.0%) benchmark(s) to run. Estimated finish 2026-09-22 11:49 (0h 0m from now) **
// **************************
// Benchmark: FrameworkSetupBenchmarks.SelfTraffic_RegisterRelease: ShortRun(IterationCount=3, LaunchCount=1, WarmupCount=3) [Sessions=100]
// *** Execute ***
// Launch: 1 / 1
// Execute: dotnet WinForward.Benchmarks-ShortRun-1.dll --anonymousPipes 150 151 --benchmarkName "WinForward.Benchmarks.Perf.FrameworkSetupBenchmarks.SelfTraffic_RegisterRelease(Sessions: 100)" --job ShortRun --benchmarkId 9 in /home/paff/Projects/WinForward/benchmarks/WinForward.Benchmarks/bin/Release/net10.0/WinForward.Benchmarks-ShortRun-1/bin/Release/net10.0
// Failed to set up high priority (Permission denied). In order to run benchmarks with high priority, make sure you have the right permissions.
// BeforeAnythingElse

// Benchmark Process Environment Information:
// BenchmarkDotNet v0.15.8
// Runtime=.NET 10.0.12 (10.0.12, 10.0.1226.42308), X64 RyuJIT x86-64-v4
// GC=Concurrent Workstation
// HardwareIntrinsics=AVX512 BITALG+VBMI2+VNNI+VPOPCNTDQ,AVX512 IFMA+VBMI,AVX512 F+BW+CD+DQ+VL,AVX2+BMI1+BMI2+F16C+FMA+LZCNT+MOVBE,AVX,SSE3+SSSE3+SSE4.1+SSE4.2+POPCNT,X86Base+SSE+SSE2,AES+PCLMUL,AvxVnni VectorSize=256
// Job: ShortRun(IterationCount=3, LaunchCount=1, WarmupCount=3)

OverheadJitting  1: 1 op, 321826.00 ns, 321.8260 us/op
WorkloadJitting  1: 1 op, 9174447.00 ns, 9.1744 ms/op

OverheadJitting  2: 16 op, 364536.00 ns, 22.7835 us/op
WorkloadJitting  2: 16 op, 4909410.00 ns, 306.8381 us/op

WorkloadPilot    1: 16 op, 4091239.00 ns, 255.7024 us/op
WorkloadPilot    2: 32 op, 8507370.00 ns, 265.8553 us/op
WorkloadPilot    3: 64 op, 17216772.00 ns, 269.0121 us/op
WorkloadPilot    4: 128 op, 33978466.00 ns, 265.4568 us/op
WorkloadPilot    5: 256 op, 68189050.00 ns, 266.3635 us/op
WorkloadPilot    6: 512 op, 39841874.00 ns, 77.8162 us/op
WorkloadPilot    7: 1024 op, 47378436.00 ns, 46.2680 us/op
WorkloadPilot    8: 2048 op, 67035374.00 ns, 32.7321 us/op
WorkloadPilot    9: 4096 op, 132751906.00 ns, 32.4101 us/op
WorkloadPilot   10: 8192 op, 265324239.00 ns, 32.3882 us/op
WorkloadPilot   11: 16384 op, 535244799.00 ns, 32.6687 us/op

OverheadWarmup   1: 16384 op, 50606.00 ns, 3.0887 ns/op
OverheadWarmup   2: 16384 op, 46667.00 ns, 2.8483 ns/op
OverheadWarmup   3: 16384 op, 48020.00 ns, 2.9309 ns/op
OverheadWarmup   4: 16384 op, 70954.00 ns, 4.3307 ns/op
OverheadWarmup   5: 16384 op, 48722.00 ns, 2.9738 ns/op
OverheadWarmup   6: 16384 op, 60905.00 ns, 3.7173 ns/op
OverheadWarmup   7: 16384 op, 46507.00 ns, 2.8386 ns/op

OverheadActual   1: 16384 op, 54413.00 ns, 3.3211 ns/op
OverheadActual   2: 16384 op, 48542.00 ns, 2.9628 ns/op
OverheadActual   3: 16384 op, 55365.00 ns, 3.3792 ns/op
OverheadActual   4: 16384 op, 46447.00 ns, 2.8349 ns/op
OverheadActual   5: 16384 op, 46387.00 ns, 2.8312 ns/op
OverheadActual   6: 16384 op, 48621.00 ns, 2.9676 ns/op
OverheadActual   7: 16384 op, 46538.00 ns, 2.8405 ns/op
OverheadActual   8: 16384 op, 46438.00 ns, 2.8344 ns/op
OverheadActual   9: 16384 op, 47089.00 ns, 2.8741 ns/op
OverheadActual  10: 16384 op, 48552.00 ns, 2.9634 ns/op
OverheadActual  11: 16384 op, 46397.00 ns, 2.8318 ns/op
OverheadActual  12: 16384 op, 46397.00 ns, 2.8318 ns/op
OverheadActual  13: 16384 op, 46448.00 ns, 2.8350 ns/op
OverheadActual  14: 16384 op, 48411.00 ns, 2.9548 ns/op
OverheadActual  15: 16384 op, 46397.00 ns, 2.8318 ns/op

WorkloadWarmup   1: 16384 op, 553305803.00 ns, 33.7711 us/op
WorkloadWarmup   2: 16384 op, 553207024.00 ns, 33.7651 us/op
WorkloadWarmup   3: 16384 op, 547220033.00 ns, 33.3997 us/op

// BeforeActualRun
WorkloadActual   1: 16384 op, 536709167.00 ns, 32.7581 us/op
WorkloadActual   2: 16384 op, 532589985.00 ns, 32.5067 us/op
WorkloadActual   3: 16384 op, 536432445.00 ns, 32.7412 us/op

// AfterActualRun
WorkloadResult   1: 16384 op, 536662629.00 ns, 32.7553 us/op
WorkloadResult   2: 16384 op, 532543447.00 ns, 32.5039 us/op
WorkloadResult   3: 16384 op, 536385907.00 ns, 32.7384 us/op
// GC:  15 0 0 262144000 16384
// Threading:  0 0 16384

// AfterAll
// Benchmark Process 890427 has exited with code 0.

Mean = 32.666 us, StdErr = 0.081 us (0.25%), N = 3, StdDev = 0.141 us
Min = 32.504 us, Q1 = 32.621 us, Median = 32.738 us, Q3 = 32.747 us, Max = 32.755 us
IQR = 0.126 us, LowerFence = 32.433 us, UpperFence = 32.935 us
ConfidenceInterval = [30.102 us; 35.230 us] (CI 99.9%), Margin = 2.564 us (7.85% of Mean)
Skewness = -0.38, Kurtosis = 0.67, MValue = 2

// ** Remained 5 (33.3%) benchmark(s) to run. Estimated finish 2026-09-22 11:49 (0h 0m from now) **
// **************************
// Benchmark: FrameworkSetupBenchmarks.RealTransport_CreateDisposeAsync: ShortRun(IterationCount=3, LaunchCount=1, WarmupCount=3) [Sessions=1000]
// *** Execute ***
// Launch: 1 / 1
// Execute: dotnet WinForward.Benchmarks-ShortRun-1.dll --anonymousPipes 150 151 --benchmarkName "WinForward.Benchmarks.Perf.FrameworkSetupBenchmarks.RealTransport_CreateDisposeAsync(Sessions: 1000)" --job ShortRun --benchmarkId 10 in /home/paff/Projects/WinForward/benchmarks/WinForward.Benchmarks/bin/Release/net10.0/WinForward.Benchmarks-ShortRun-1/bin/Release/net10.0
// Failed to set up high priority (Permission denied). In order to run benchmarks with high priority, make sure you have the right permissions.
// BeforeAnythingElse

// Benchmark Process Environment Information:
// BenchmarkDotNet v0.15.8
// Runtime=.NET 10.0.12 (10.0.12, 10.0.1226.42308), X64 RyuJIT x86-64-v4
// GC=Concurrent Workstation
// HardwareIntrinsics=AVX512 BITALG+VBMI2+VNNI+VPOPCNTDQ,AVX512 IFMA+VBMI,AVX512 F+BW+CD+DQ+VL,AVX2+BMI1+BMI2+F16C+FMA+LZCNT+MOVBE,AVX,SSE3+SSSE3+SSE4.1+SSE4.2+POPCNT,X86Base+SSE+SSE2,AES+PCLMUL,AvxVnni VectorSize=256
// Job: ShortRun(IterationCount=3, LaunchCount=1, WarmupCount=3)

OverheadJitting  1: 1 op, 433106.00 ns, 433.1060 us/op
WorkloadJitting  1: 1 op, 1032549192.00 ns, 1.0325 s/op

OverheadJitting  2: 1 op, 921.00 ns, 921.0000 ns/op
WorkloadJitting  2: 1 op, 880893354.00 ns, 880.8934 ms/op

WorkloadWarmup   1: 1 op, 824045400.00 ns, 824.0454 ms/op
WorkloadWarmup   2: 1 op, 778493413.00 ns, 778.4934 ms/op
WorkloadWarmup   3: 1 op, 784115361.00 ns, 784.1154 ms/op

// BeforeActualRun
WorkloadActual   1: 1 op, 767294712.00 ns, 767.2947 ms/op
WorkloadActual   2: 1 op, 871997455.00 ns, 871.9975 ms/op
WorkloadActual   3: 1 op, 2570455399.00 ns, 2.5705 s/op

// AfterActualRun
WorkloadResult   1: 1 op, 767294712.00 ns, 767.2947 ms/op
WorkloadResult   2: 1 op, 871997455.00 ns, 871.9975 ms/op
WorkloadResult   3: 1 op, 2570455399.00 ns, 2.5705 s/op
// GC:  5 4 0 83441856 1
// Threading:  8457 0 1
// Exceptions:  3000

// AfterAll
// Benchmark Process 890458 has exited with code 0.

Mean = 1.403 s, StdErr = 0.584 s (41.65%), N = 3, StdDev = 1.012 s
Min = 0.767 s, Q1 = 0.820 s, Median = 0.872 s, Q3 = 1.721 s, Max = 2.570 s
IQR = 0.902 s, LowerFence = -0.533 s, UpperFence = 3.074 s
ConfidenceInterval = [-17.063 s; 19.869 s] (CI 99.9%), Margin = 18.466 s (1315.95% of Mean)
Skewness = 0.38, Kurtosis = 0.67, MValue = 2

// ** Remained 4 (26.7%) benchmark(s) to run. Estimated finish 2026-09-22 11:49 (0h 0m from now) **
// **************************
// Benchmark: FrameworkSetupBenchmarks.Control_ConnectDisposeAsync: ShortRun(IterationCount=3, LaunchCount=1, WarmupCount=3) [Sessions=1000]
// *** Execute ***
// Launch: 1 / 1
// Execute: dotnet WinForward.Benchmarks-ShortRun-1.dll --anonymousPipes 150 151 --benchmarkName "WinForward.Benchmarks.Perf.FrameworkSetupBenchmarks.Control_ConnectDisposeAsync(Sessions: 1000)" --job ShortRun --benchmarkId 11 in /home/paff/Projects/WinForward/benchmarks/WinForward.Benchmarks/bin/Release/net10.0/WinForward.Benchmarks-ShortRun-1/bin/Release/net10.0
// Failed to set up high priority (Permission denied). In order to run benchmarks with high priority, make sure you have the right permissions.
// BeforeAnythingElse

// Benchmark Process Environment Information:
// BenchmarkDotNet v0.15.8
// Runtime=.NET 10.0.12 (10.0.12, 10.0.1226.42308), X64 RyuJIT x86-64-v4
// GC=Concurrent Workstation
// HardwareIntrinsics=AVX512 BITALG+VBMI2+VNNI+VPOPCNTDQ,AVX512 IFMA+VBMI,AVX512 F+BW+CD+DQ+VL,AVX2+BMI1+BMI2+F16C+FMA+LZCNT+MOVBE,AVX,SSE3+SSSE3+SSE4.1+SSE4.2+POPCNT,X86Base+SSE+SSE2,AES+PCLMUL,AvxVnni VectorSize=256
// Job: ShortRun(IterationCount=3, LaunchCount=1, WarmupCount=3)

OverheadJitting  1: 1 op, 293694.00 ns, 293.6940 us/op
WorkloadJitting  1: 1 op, 2325726761.00 ns, 2.3257 s/op

OverheadJitting  2: 1 op, 1072.00 ns, 1.0720 us/op
WorkloadJitting  2: 1 op, 2201875727.00 ns, 2.2019 s/op

WorkloadWarmup   1: 1 op, 2216895642.00 ns, 2.2169 s/op
WorkloadWarmup   2: 1 op, 2277760523.00 ns, 2.2778 s/op
WorkloadWarmup   3: 1 op, 2226248215.00 ns, 2.2262 s/op

// BeforeActualRun
WorkloadActual   1: 1 op, 3670091618.00 ns, 3.6701 s/op
WorkloadActual   2: 1 op, 3861254965.00 ns, 3.8613 s/op
WorkloadActual   3: 1 op, 3989070325.00 ns, 3.9891 s/op

// AfterActualRun
WorkloadResult   1: 1 op, 3670091618.00 ns, 3.6701 s/op
WorkloadResult   2: 1 op, 3861254965.00 ns, 3.8613 s/op
WorkloadResult   3: 1 op, 3989070325.00 ns, 3.9891 s/op
// GC:  4 3 0 77446992 1
// Threading:  6309 1 1
// Exceptions:  7000

// AfterAll
// Benchmark Process 890575 has exited with code 0.

Mean = 3.840 s, StdErr = 0.093 s (2.41%), N = 3, StdDev = 0.161 s
Min = 3.670 s, Q1 = 3.766 s, Median = 3.861 s, Q3 = 3.925 s, Max = 3.989 s
IQR = 0.159 s, LowerFence = 3.526 s, UpperFence = 4.164 s
ConfidenceInterval = [0.911 s; 6.769 s] (CI 99.9%), Margin = 2.929 s (76.27% of Mean)
Skewness = -0.13, Kurtosis = 0.67, MValue = 2

// ** Remained 3 (20.0%) benchmark(s) to run. Estimated finish 2026-09-22 11:50 (0h 0m from now) **
// **************************
// Benchmark: FrameworkSetupBenchmarks.Control_ConnectAssociateDisposeAsync: ShortRun(IterationCount=3, LaunchCount=1, WarmupCount=3) [Sessions=1000]
// *** Execute ***
// Launch: 1 / 1
// Execute: dotnet WinForward.Benchmarks-ShortRun-1.dll --anonymousPipes 150 151 --benchmarkName "WinForward.Benchmarks.Perf.FrameworkSetupBenchmarks.Control_ConnectAssociateDisposeAsync(Sessions: 1000)" --job ShortRun --benchmarkId 12 in /home/paff/Projects/WinForward/benchmarks/WinForward.Benchmarks/bin/Release/net10.0/WinForward.Benchmarks-ShortRun-1/bin/Release/net10.0
// Failed to set up high priority (Permission denied). In order to run benchmarks with high priority, make sure you have the right permissions.
// BeforeAnythingElse

// Benchmark Process Environment Information:
// BenchmarkDotNet v0.15.8
// Runtime=.NET 10.0.12 (10.0.12, 10.0.1226.42308), X64 RyuJIT x86-64-v4
// GC=Concurrent Workstation
// HardwareIntrinsics=AVX512 BITALG+VBMI2+VNNI+VPOPCNTDQ,AVX512 IFMA+VBMI,AVX512 F+BW+CD+DQ+VL,AVX2+BMI1+BMI2+F16C+FMA+LZCNT+MOVBE,AVX,SSE3+SSSE3+SSE4.1+SSE4.2+POPCNT,X86Base+SSE+SSE2,AES+PCLMUL,AvxVnni VectorSize=256
// Job: ShortRun(IterationCount=3, LaunchCount=1, WarmupCount=3)

OverheadJitting  1: 1 op, 438206.00 ns, 438.2060 us/op
WorkloadJitting  1: 1 op, 4463181923.00 ns, 4.4632 s/op

OverheadJitting  2: 1 op, 962.00 ns, 962.0000 ns/op
WorkloadJitting  2: 1 op, 4301501655.00 ns, 4.3015 s/op

WorkloadWarmup   1: 1 op, 4156971348.00 ns, 4.1570 s/op
WorkloadWarmup   2: 1 op, 4149843850.00 ns, 4.1498 s/op
WorkloadWarmup   3: 1 op, 4268231302.00 ns, 4.2682 s/op

// BeforeActualRun
WorkloadActual   1: 1 op, 3420725494.00 ns, 3.4207 s/op
WorkloadActual   2: 1 op, 722841484.00 ns, 722.8415 ms/op
WorkloadActual   3: 1 op, 721606887.00 ns, 721.6069 ms/op

// AfterActualRun
WorkloadResult   1: 1 op, 3420725494.00 ns, 3.4207 s/op
WorkloadResult   2: 1 op, 722841484.00 ns, 722.8415 ms/op
WorkloadResult   3: 1 op, 721606887.00 ns, 721.6069 ms/op
// GC:  4 3 0 80311568 1
// Threading:  7941 0 1
// Exceptions:  3000

// AfterAll
// Benchmark Process 890780 has exited with code 0.

Mean = 1.622 s, StdErr = 0.900 s (55.47%), N = 3, StdDev = 1.558 s
Min = 0.722 s, Q1 = 0.722 s, Median = 0.723 s, Q3 = 2.072 s, Max = 3.421 s
IQR = 1.350 s, LowerFence = -1.302 s, UpperFence = 4.096 s
ConfidenceInterval = [-26.802 s; 30.045 s] (CI 99.9%), Margin = 28.423 s (1752.66% of Mean)
Skewness = 0.38, Kurtosis = 0.67, MValue = 2

// ** Remained 2 (13.3%) benchmark(s) to run. Estimated finish 2026-09-22 11:50 (0h 0m from now) **
// **************************
// Benchmark: FrameworkSetupBenchmarks.RelaySocket_CreateBindClose: ShortRun(IterationCount=3, LaunchCount=1, WarmupCount=3) [Sessions=1000]
// *** Execute ***
// Launch: 1 / 1
// Execute: dotnet WinForward.Benchmarks-ShortRun-1.dll --anonymousPipes 150 151 --benchmarkName "WinForward.Benchmarks.Perf.FrameworkSetupBenchmarks.RelaySocket_CreateBindClose(Sessions: 1000)" --job ShortRun --benchmarkId 13 in /home/paff/Projects/WinForward/benchmarks/WinForward.Benchmarks/bin/Release/net10.0/WinForward.Benchmarks-ShortRun-1/bin/Release/net10.0
// Failed to set up high priority (Permission denied). In order to run benchmarks with high priority, make sure you have the right permissions.
// BeforeAnythingElse

// Benchmark Process Environment Information:
// BenchmarkDotNet v0.15.8
// Runtime=.NET 10.0.12 (10.0.12, 10.0.1226.42308), X64 RyuJIT x86-64-v4
// GC=Concurrent Workstation
// HardwareIntrinsics=AVX512 BITALG+VBMI2+VNNI+VPOPCNTDQ,AVX512 IFMA+VBMI,AVX512 F+BW+CD+DQ+VL,AVX2+BMI1+BMI2+F16C+FMA+LZCNT+MOVBE,AVX,SSE3+SSSE3+SSE4.1+SSE4.2+POPCNT,X86Base+SSE+SSE2,AES+PCLMUL,AvxVnni VectorSize=256
// Job: ShortRun(IterationCount=3, LaunchCount=1, WarmupCount=3)

OverheadJitting  1: 1 op, 341203.00 ns, 341.2030 us/op
WorkloadJitting  1: 1 op, 18989400.00 ns, 18.9894 ms/op

OverheadJitting  2: 16 op, 409291.00 ns, 25.5807 us/op
WorkloadJitting  2: 16 op, 254340133.00 ns, 15.8963 ms/op

WorkloadPilot    1: 16 op, 211815828.00 ns, 13.2385 ms/op
WorkloadPilot    2: 32 op, 448871793.00 ns, 14.0272 ms/op
WorkloadPilot    3: 64 op, 845826022.00 ns, 13.2160 ms/op

OverheadWarmup   1: 64 op, 4448.00 ns, 69.5000 ns/op
OverheadWarmup   2: 64 op, 1192.00 ns, 18.6250 ns/op
OverheadWarmup   3: 64 op, 1002.00 ns, 15.6563 ns/op
OverheadWarmup   4: 64 op, 1232.00 ns, 19.2500 ns/op
OverheadWarmup   5: 64 op, 872.00 ns, 13.6250 ns/op
OverheadWarmup   6: 64 op, 1072.00 ns, 16.7500 ns/op
OverheadWarmup   7: 64 op, 972.00 ns, 15.1875 ns/op

OverheadActual   1: 64 op, 1262.00 ns, 19.7188 ns/op
OverheadActual   2: 64 op, 1173.00 ns, 18.3281 ns/op
OverheadActual   3: 64 op, 1173.00 ns, 18.3281 ns/op
OverheadActual   4: 64 op, 1153.00 ns, 18.0156 ns/op
OverheadActual   5: 64 op, 1172.00 ns, 18.3125 ns/op
OverheadActual   6: 64 op, 882.00 ns, 13.7813 ns/op
OverheadActual   7: 64 op, 1182.00 ns, 18.4688 ns/op
OverheadActual   8: 64 op, 1212.00 ns, 18.9375 ns/op
OverheadActual   9: 64 op, 1152.00 ns, 18.0000 ns/op
OverheadActual  10: 64 op, 1072.00 ns, 16.7500 ns/op
OverheadActual  11: 64 op, 1313.00 ns, 20.5156 ns/op
OverheadActual  12: 64 op, 1223.00 ns, 19.1094 ns/op
OverheadActual  13: 64 op, 872.00 ns, 13.6250 ns/op
OverheadActual  14: 64 op, 891.00 ns, 13.9219 ns/op
OverheadActual  15: 64 op, 872.00 ns, 13.6250 ns/op
OverheadActual  16: 64 op, 861.00 ns, 13.4531 ns/op
OverheadActual  17: 64 op, 1202.00 ns, 18.7813 ns/op
OverheadActual  18: 64 op, 1152.00 ns, 18.0000 ns/op
OverheadActual  19: 64 op, 992.00 ns, 15.5000 ns/op
OverheadActual  20: 64 op, 1192.00 ns, 18.6250 ns/op

WorkloadWarmup   1: 64 op, 870836607.00 ns, 13.6068 ms/op
WorkloadWarmup   2: 64 op, 870518665.00 ns, 13.6019 ms/op
WorkloadWarmup   3: 64 op, 861404457.00 ns, 13.4594 ms/op

// BeforeActualRun
WorkloadActual   1: 64 op, 854011401.00 ns, 13.3439 ms/op
WorkloadActual   2: 64 op, 852554075.00 ns, 13.3212 ms/op
WorkloadActual   3: 64 op, 854385174.00 ns, 13.3498 ms/op

// AfterActualRun
WorkloadResult   1: 64 op, 854010238.50 ns, 13.3439 ms/op
WorkloadResult   2: 64 op, 852552912.50 ns, 13.3211 ms/op
WorkloadResult   3: 64 op, 854384011.50 ns, 13.3498 ms/op
// GC:  2 0 0 36864000 64
// Threading:  0 0 64

// AfterAll
// Benchmark Process 890980 has exited with code 0.

Mean = 13.338 ms, StdErr = 0.009 ms (0.07%), N = 3, StdDev = 0.015 ms
Min = 13.321 ms, Q1 = 13.333 ms, Median = 13.344 ms, Q3 = 13.347 ms, Max = 13.350 ms
IQR = 0.014 ms, LowerFence = 13.311 ms, UpperFence = 13.368 ms
ConfidenceInterval = [13.062 ms; 13.614 ms] (CI 99.9%), Margin = 0.276 ms (2.07% of Mean)
Skewness = -0.32, Kurtosis = 0.67, MValue = 2

// ** Remained 1 (6.7%) benchmark(s) to run. Estimated finish 2026-09-22 11:50 (0h 0m from now) **
// **************************
// Benchmark: FrameworkSetupBenchmarks.SelfTraffic_RegisterRelease: ShortRun(IterationCount=3, LaunchCount=1, WarmupCount=3) [Sessions=1000]
// *** Execute ***
// Launch: 1 / 1
// Execute: dotnet WinForward.Benchmarks-ShortRun-1.dll --anonymousPipes 150 151 --benchmarkName "WinForward.Benchmarks.Perf.FrameworkSetupBenchmarks.SelfTraffic_RegisterRelease(Sessions: 1000)" --job ShortRun --benchmarkId 14 in /home/paff/Projects/WinForward/benchmarks/WinForward.Benchmarks/bin/Release/net10.0/WinForward.Benchmarks-ShortRun-1/bin/Release/net10.0
// Failed to set up high priority (Permission denied). In order to run benchmarks with high priority, make sure you have the right permissions.
// BeforeAnythingElse

// Benchmark Process Environment Information:
// BenchmarkDotNet v0.15.8
// Runtime=.NET 10.0.12 (10.0.12, 10.0.1226.42308), X64 RyuJIT x86-64-v4
// GC=Concurrent Workstation
// HardwareIntrinsics=AVX512 BITALG+VBMI2+VNNI+VPOPCNTDQ,AVX512 IFMA+VBMI,AVX512 F+BW+CD+DQ+VL,AVX2+BMI1+BMI2+F16C+FMA+LZCNT+MOVBE,AVX,SSE3+SSSE3+SSE4.1+SSE4.2+POPCNT,X86Base+SSE+SSE2,AES+PCLMUL,AvxVnni VectorSize=256
// Job: ShortRun(IterationCount=3, LaunchCount=1, WarmupCount=3)

OverheadJitting  1: 1 op, 359658.00 ns, 359.6580 us/op
WorkloadJitting  1: 1 op, 11601419.00 ns, 11.6014 ms/op

OverheadJitting  2: 16 op, 373474.00 ns, 23.3421 us/op
WorkloadJitting  2: 16 op, 68248986.00 ns, 4.2656 ms/op

WorkloadPilot    1: 16 op, 43140967.00 ns, 2.6963 ms/op
WorkloadPilot    2: 32 op, 82588675.00 ns, 2.5809 ms/op
WorkloadPilot    3: 64 op, 154213601.00 ns, 2.4096 ms/op
WorkloadPilot    4: 128 op, 84052502.00 ns, 656.6602 us/op
WorkloadPilot    5: 256 op, 83648190.00 ns, 326.7507 us/op
WorkloadPilot    6: 512 op, 169746027.00 ns, 331.5352 us/op
WorkloadPilot    7: 1024 op, 345994347.00 ns, 337.8851 us/op
WorkloadPilot    8: 2048 op, 676432714.00 ns, 330.2894 us/op

OverheadWarmup   1: 2048 op, 10150.00 ns, 4.9561 ns/op
OverheadWarmup   2: 2048 op, 6863.00 ns, 3.3511 ns/op
OverheadWarmup   3: 2048 op, 7024.00 ns, 3.4297 ns/op
OverheadWarmup   4: 2048 op, 6672.00 ns, 3.2578 ns/op
OverheadWarmup   5: 2048 op, 6632.00 ns, 3.2383 ns/op
OverheadWarmup   6: 2048 op, 6502.00 ns, 3.1748 ns/op
OverheadWarmup   7: 2048 op, 6673.00 ns, 3.2583 ns/op
OverheadWarmup   8: 2048 op, 6512.00 ns, 3.1797 ns/op

OverheadActual   1: 2048 op, 6673.00 ns, 3.2583 ns/op
OverheadActual   2: 2048 op, 6692.00 ns, 3.2676 ns/op
OverheadActual   3: 2048 op, 6702.00 ns, 3.2725 ns/op
OverheadActual   4: 2048 op, 6692.00 ns, 3.2676 ns/op
OverheadActual   5: 2048 op, 6753.00 ns, 3.2974 ns/op
OverheadActual   6: 2048 op, 6743.00 ns, 3.2925 ns/op
OverheadActual   7: 2048 op, 7825.00 ns, 3.8208 ns/op
OverheadActual   8: 2048 op, 6683.00 ns, 3.2632 ns/op
OverheadActual   9: 2048 op, 6632.00 ns, 3.2383 ns/op
OverheadActual  10: 2048 op, 6723.00 ns, 3.2827 ns/op
OverheadActual  11: 2048 op, 6692.00 ns, 3.2676 ns/op
OverheadActual  12: 2048 op, 6453.00 ns, 3.1509 ns/op
OverheadActual  13: 2048 op, 7213.00 ns, 3.5220 ns/op
OverheadActual  14: 2048 op, 6913.00 ns, 3.3755 ns/op
OverheadActual  15: 2048 op, 6693.00 ns, 3.2681 ns/op

WorkloadWarmup   1: 2048 op, 688838727.00 ns, 336.3470 us/op
WorkloadWarmup   2: 2048 op, 689697617.00 ns, 336.7664 us/op
WorkloadWarmup   3: 2048 op, 671734508.00 ns, 327.9954 us/op

// BeforeActualRun
WorkloadActual   1: 2048 op, 669245052.00 ns, 326.7798 us/op
WorkloadActual   2: 2048 op, 673014469.00 ns, 328.6203 us/op
WorkloadActual   3: 2048 op, 671610985.00 ns, 327.9351 us/op

// AfterActualRun
WorkloadResult   1: 2048 op, 669238359.00 ns, 326.7765 us/op
WorkloadResult   2: 2048 op, 673007776.00 ns, 328.6171 us/op
WorkloadResult   3: 2048 op, 671604292.00 ns, 327.9318 us/op
// GC:  19 0 0 327680000 2048
// Threading:  0 0 2048

// AfterAll
// Benchmark Process 891073 has exited with code 0.

Mean = 327.775 us, StdErr = 0.537 us (0.16%), N = 3, StdDev = 0.930 us
Min = 326.777 us, Q1 = 327.354 us, Median = 327.932 us, Q3 = 328.274 us, Max = 328.617 us
IQR = 0.920 us, LowerFence = 325.974 us, UpperFence = 329.655 us
ConfidenceInterval = [310.805 us; 344.746 us] (CI 99.9%), Margin = 16.971 us (5.18% of Mean)
Skewness = -0.16, Kurtosis = 0.67, MValue = 2

// ** Remained 0 (0.0%) benchmark(s) to run. Estimated finish 2026-09-22 11:50 (0h 0m from now) **
// ***** BenchmarkRunner: Finish  *****

// * Export *
  BenchmarkDotNet.Artifacts/results/WinForward.Benchmarks.Perf.FrameworkSetupBenchmarks-report.csv
  BenchmarkDotNet.Artifacts/results/WinForward.Benchmarks.Perf.FrameworkSetupBenchmarks-report-github.md
  BenchmarkDotNet.Artifacts/results/WinForward.Benchmarks.Perf.FrameworkSetupBenchmarks-report.html

// * Detailed results *
FrameworkSetupBenchmarks.RealTransport_CreateDisposeAsync: ShortRun(IterationCount=3, LaunchCount=1, WarmupCount=3) [Sessions=1]
Runtime = .NET 10.0.12 (10.0.12, 10.0.1226.42308), X64 RyuJIT x86-64-v4; GC = Concurrent Workstation
Mean = 915.267 us, StdErr = 3.923 us (0.43%), N = 3, StdDev = 6.794 us
Min = 910.658 us, Q1 = 911.365 us, Median = 912.073 us, Q3 = 917.571 us, Max = 923.069 us
IQR = 6.206 us, LowerFence = 902.057 us, UpperFence = 926.880 us
ConfidenceInterval = [791.317 us; 1,039.216 us] (CI 99.9%), Margin = 123.949 us (13.54% of Mean)
Skewness = 0.37, Kurtosis = 0.67, MValue = 2
-------------------- Histogram --------------------
[904.475 us ; 929.252 us) | @@@
---------------------------------------------------

FrameworkSetupBenchmarks.Control_ConnectDisposeAsync: ShortRun(IterationCount=3, LaunchCount=1, WarmupCount=3) [Sessions=1]
Runtime = .NET 10.0.12 (10.0.12, 10.0.1226.42308), X64 RyuJIT x86-64-v4; GC = Concurrent Workstation
Mean = 2.364 ms, StdErr = 0.004 ms (0.17%), N = 3, StdDev = 0.007 ms
Min = 2.358 ms, Q1 = 2.361 ms, Median = 2.363 ms, Q3 = 2.367 ms, Max = 2.372 ms
IQR = 0.007 ms, LowerFence = 2.351 ms, UpperFence = 2.377 ms
ConfidenceInterval = [2.240 ms; 2.488 ms] (CI 99.9%), Margin = 0.124 ms (5.24% of Mean)
Skewness = 0.16, Kurtosis = 0.67, MValue = 2
-------------------- Histogram --------------------
[2.352 ms ; 2.378 ms) | @@@
---------------------------------------------------

FrameworkSetupBenchmarks.Control_ConnectAssociateDisposeAsync: ShortRun(IterationCount=3, LaunchCount=1, WarmupCount=3) [Sessions=1]
Runtime = .NET 10.0.12 (10.0.12, 10.0.1226.42308), X64 RyuJIT x86-64-v4; GC = Concurrent Workstation
Mean = 4.527 ms, StdErr = 0.100 ms (2.22%), N = 3, StdDev = 0.174 ms
Min = 4.359 ms, Q1 = 4.438 ms, Median = 4.517 ms, Q3 = 4.611 ms, Max = 4.706 ms
IQR = 0.173 ms, LowerFence = 4.178 ms, UpperFence = 4.872 ms
ConfidenceInterval = [1.358 ms; 7.697 ms] (CI 99.9%), Margin = 3.169 ms (70.00% of Mean)
Skewness = 0.06, Kurtosis = 0.67, MValue = 2
-------------------- Histogram --------------------
[4.280 ms ; 4.596 ms) | @@
[4.596 ms ; 4.864 ms) | @
---------------------------------------------------

FrameworkSetupBenchmarks.RelaySocket_CreateBindClose: ShortRun(IterationCount=3, LaunchCount=1, WarmupCount=3) [Sessions=1]
Runtime = .NET 10.0.12 (10.0.12, 10.0.1226.42308), X64 RyuJIT x86-64-v4; GC = Concurrent Workstation
Mean = 13.149 us, StdErr = 0.016 us (0.12%), N = 3, StdDev = 0.028 us
Min = 13.120 us, Q1 = 13.135 us, Median = 13.149 us, Q3 = 13.163 us, Max = 13.177 us
IQR = 0.028 us, LowerFence = 13.092 us, UpperFence = 13.206 us
ConfidenceInterval = [12.631 us; 13.667 us] (CI 99.9%), Margin = 0.518 us (3.94% of Mean)
Skewness = -0.01, Kurtosis = 0.67, MValue = 2
-------------------- Histogram --------------------
[13.094 us ; 13.203 us) | @@@
---------------------------------------------------

FrameworkSetupBenchmarks.SelfTraffic_RegisterRelease: ShortRun(IterationCount=3, LaunchCount=1, WarmupCount=3) [Sessions=1]
Runtime = .NET 10.0.12 (10.0.12, 10.0.1226.42308), X64 RyuJIT x86-64-v4; GC = Concurrent Workstation
Mean = 360.952 ns, StdErr = 0.828 ns (0.23%), N = 3, StdDev = 1.434 ns
Min = 359.966 ns, Q1 = 360.130 ns, Median = 360.294 ns, Q3 = 361.445 ns, Max = 362.597 ns
IQR = 1.315 ns, LowerFence = 358.157 ns, UpperFence = 363.418 ns
ConfidenceInterval = [334.800 ns; 387.105 ns] (CI 99.9%), Margin = 26.152 ns (7.25% of Mean)
Skewness = 0.36, Kurtosis = 0.67, MValue = 2
-------------------- Histogram --------------------
[358.662 ns ; 363.901 ns) | @@@
---------------------------------------------------

FrameworkSetupBenchmarks.RealTransport_CreateDisposeAsync: ShortRun(IterationCount=3, LaunchCount=1, WarmupCount=3) [Sessions=100]
Runtime = .NET 10.0.12 (10.0.12, 10.0.1226.42308), X64 RyuJIT x86-64-v4; GC = Concurrent Workstation
Mean = 443.293 ms, StdErr = 28.330 ms (6.39%), N = 3, StdDev = 49.068 ms
Min = 401.818 ms, Q1 = 416.209 ms, Median = 430.599 ms, Q3 = 464.030 ms, Max = 497.460 ms
IQR = 47.821 ms, LowerFence = 344.477 ms, UpperFence = 535.761 ms
ConfidenceInterval = [-451.896 ms; 1,338.481 ms] (CI 99.9%), Margin = 895.189 ms (201.94% of Mean)
Skewness = 0.24, Kurtosis = 0.67, MValue = 2
-------------------- Histogram --------------------
[371.555 ms ; 460.863 ms) | @@
[460.863 ms ; 542.114 ms) | @
---------------------------------------------------

FrameworkSetupBenchmarks.Control_ConnectDisposeAsync: ShortRun(IterationCount=3, LaunchCount=1, WarmupCount=3) [Sessions=100]
Runtime = .NET 10.0.12 (10.0.12, 10.0.1226.42308), X64 RyuJIT x86-64-v4; GC = Concurrent Workstation
Mean = 380.001 ms, StdErr = 1.803 ms (0.47%), N = 3, StdDev = 3.123 ms
Min = 376.515 ms, Q1 = 378.730 ms, Median = 380.945 ms, Q3 = 381.744 ms, Max = 382.543 ms
IQR = 3.014 ms, LowerFence = 374.209 ms, UpperFence = 386.265 ms
ConfidenceInterval = [323.025 ms; 436.977 ms] (CI 99.9%), Margin = 56.976 ms (14.99% of Mean)
Skewness = -0.27, Kurtosis = 0.67, MValue = 2
-------------------- Histogram --------------------
[373.673 ms ; 385.385 ms) | @@@
---------------------------------------------------

FrameworkSetupBenchmarks.Control_ConnectAssociateDisposeAsync: ShortRun(IterationCount=3, LaunchCount=1, WarmupCount=3) [Sessions=100]
Runtime = .NET 10.0.12 (10.0.12, 10.0.1226.42308), X64 RyuJIT x86-64-v4; GC = Concurrent Workstation
Mean = 425.239 ms, StdErr = 10.319 ms (2.43%), N = 3, StdDev = 17.873 ms
Min = 413.084 ms, Q1 = 414.978 ms, Median = 416.871 ms, Q3 = 431.316 ms, Max = 445.761 ms
IQR = 16.338 ms, LowerFence = 390.470 ms, UpperFence = 455.823 ms
ConfidenceInterval = [99.164 ms; 751.313 ms] (CI 99.9%), Margin = 326.074 ms (76.68% of Mean)
Skewness = 0.37, Kurtosis = 0.67, MValue = 2
-------------------- Histogram --------------------
[396.819 ms ; 431.243 ms) | @@
[431.243 ms ; 462.026 ms) | @
---------------------------------------------------

FrameworkSetupBenchmarks.RelaySocket_CreateBindClose: ShortRun(IterationCount=3, LaunchCount=1, WarmupCount=3) [Sessions=100]
Runtime = .NET 10.0.12 (10.0.12, 10.0.1226.42308), X64 RyuJIT x86-64-v4; GC = Concurrent Workstation
Mean = 1.330 ms, StdErr = 0.013 ms (1.00%), N = 3, StdDev = 0.023 ms
Min = 1.305 ms, Q1 = 1.321 ms, Median = 1.338 ms, Q3 = 1.343 ms, Max = 1.349 ms
IQR = 0.022 ms, LowerFence = 1.288 ms, UpperFence = 1.376 ms
ConfidenceInterval = [0.911 ms; 1.750 ms] (CI 99.9%), Margin = 0.419 ms (31.53% of Mean)
Skewness = -0.3, Kurtosis = 0.67, MValue = 2
-------------------- Histogram --------------------
[1.284 ms ; 1.322 ms) | @
[1.322 ms ; 1.369 ms) | @@
---------------------------------------------------

FrameworkSetupBenchmarks.SelfTraffic_RegisterRelease: ShortRun(IterationCount=3, LaunchCount=1, WarmupCount=3) [Sessions=100]
Runtime = .NET 10.0.12 (10.0.12, 10.0.1226.42308), X64 RyuJIT x86-64-v4; GC = Concurrent Workstation
Mean = 32.666 us, StdErr = 0.081 us (0.25%), N = 3, StdDev = 0.141 us
Min = 32.504 us, Q1 = 32.621 us, Median = 32.738 us, Q3 = 32.747 us, Max = 32.755 us
IQR = 0.126 us, LowerFence = 32.433 us, UpperFence = 32.935 us
ConfidenceInterval = [30.102 us; 35.230 us] (CI 99.9%), Margin = 2.564 us (7.85% of Mean)
Skewness = -0.38, Kurtosis = 0.67, MValue = 2
-------------------- Histogram --------------------
[32.502 us ; 32.757 us) | @@@
---------------------------------------------------

FrameworkSetupBenchmarks.RealTransport_CreateDisposeAsync: ShortRun(IterationCount=3, LaunchCount=1, WarmupCount=3) [Sessions=1000]
Runtime = .NET 10.0.12 (10.0.12, 10.0.1226.42308), X64 RyuJIT x86-64-v4; GC = Concurrent Workstation
Mean = 1.403 s, StdErr = 0.584 s (41.65%), N = 3, StdDev = 1.012 s
Min = 0.767 s, Q1 = 0.820 s, Median = 0.872 s, Q3 = 1.721 s, Max = 2.570 s
IQR = 0.902 s, LowerFence = -0.533 s, UpperFence = 3.074 s
ConfidenceInterval = [-17.063 s; 19.869 s] (CI 99.9%), Margin = 18.466 s (1315.95% of Mean)
Skewness = 0.38, Kurtosis = 0.67, MValue = 2
-------------------- Histogram --------------------
[0.748 s ; 2.590 s) | @@@
---------------------------------------------------

FrameworkSetupBenchmarks.Control_ConnectDisposeAsync: ShortRun(IterationCount=3, LaunchCount=1, WarmupCount=3) [Sessions=1000]
Runtime = .NET 10.0.12 (10.0.12, 10.0.1226.42308), X64 RyuJIT x86-64-v4; GC = Concurrent Workstation
Mean = 3.840 s, StdErr = 0.093 s (2.41%), N = 3, StdDev = 0.161 s
Min = 3.670 s, Q1 = 3.766 s, Median = 3.861 s, Q3 = 3.925 s, Max = 3.989 s
IQR = 0.159 s, LowerFence = 3.526 s, UpperFence = 4.164 s
ConfidenceInterval = [0.911 s; 6.769 s] (CI 99.9%), Margin = 2.929 s (76.27% of Mean)
Skewness = -0.13, Kurtosis = 0.67, MValue = 2
-------------------- Histogram --------------------
[3.524 s ; 3.779 s) | @
[3.779 s ; 4.071 s) | @@
---------------------------------------------------

FrameworkSetupBenchmarks.Control_ConnectAssociateDisposeAsync: ShortRun(IterationCount=3, LaunchCount=1, WarmupCount=3) [Sessions=1000]
Runtime = .NET 10.0.12 (10.0.12, 10.0.1226.42308), X64 RyuJIT x86-64-v4; GC = Concurrent Workstation
Mean = 1.622 s, StdErr = 0.900 s (55.47%), N = 3, StdDev = 1.558 s
Min = 0.722 s, Q1 = 0.722 s, Median = 0.723 s, Q3 = 2.072 s, Max = 3.421 s
IQR = 1.350 s, LowerFence = -1.302 s, UpperFence = 4.096 s
ConfidenceInterval = [-26.802 s; 30.045 s] (CI 99.9%), Margin = 28.423 s (1752.66% of Mean)
Skewness = 0.38, Kurtosis = 0.67, MValue = 2
-------------------- Histogram --------------------
[0.653 s ; 3.489 s) | @@@
---------------------------------------------------

FrameworkSetupBenchmarks.RelaySocket_CreateBindClose: ShortRun(IterationCount=3, LaunchCount=1, WarmupCount=3) [Sessions=1000]
Runtime = .NET 10.0.12 (10.0.12, 10.0.1226.42308), X64 RyuJIT x86-64-v4; GC = Concurrent Workstation
Mean = 13.338 ms, StdErr = 0.009 ms (0.07%), N = 3, StdDev = 0.015 ms
Min = 13.321 ms, Q1 = 13.333 ms, Median = 13.344 ms, Q3 = 13.347 ms, Max = 13.350 ms
IQR = 0.014 ms, LowerFence = 13.311 ms, UpperFence = 13.368 ms
ConfidenceInterval = [13.062 ms; 13.614 ms] (CI 99.9%), Margin = 0.276 ms (2.07% of Mean)
Skewness = -0.32, Kurtosis = 0.67, MValue = 2
-------------------- Histogram --------------------
[13.307 ms ; 13.364 ms) | @@@
---------------------------------------------------

FrameworkSetupBenchmarks.SelfTraffic_RegisterRelease: ShortRun(IterationCount=3, LaunchCount=1, WarmupCount=3) [Sessions=1000]
Runtime = .NET 10.0.12 (10.0.12, 10.0.1226.42308), X64 RyuJIT x86-64-v4; GC = Concurrent Workstation
Mean = 327.775 us, StdErr = 0.537 us (0.16%), N = 3, StdDev = 0.930 us
Min = 326.777 us, Q1 = 327.354 us, Median = 327.932 us, Q3 = 328.274 us, Max = 328.617 us
IQR = 0.920 us, LowerFence = 325.974 us, UpperFence = 329.655 us
ConfidenceInterval = [310.805 us; 344.746 us] (CI 99.9%), Margin = 16.971 us (5.18% of Mean)
Skewness = -0.16, Kurtosis = 0.67, MValue = 2
-------------------- Histogram --------------------
[325.930 us ; 329.464 us) | @@@
---------------------------------------------------

// * Summary *

BenchmarkDotNet v0.15.8, Linux NixOS 26.11 (Zokor)
AMD Ryzen 9 9955HX 2.50GHz, 1 CPU, 32 logical and 16 physical cores
.NET SDK 10.0.401
  [Host]   : .NET 10.0.12 (10.0.12, 10.0.1226.42308), X64 RyuJIT x86-64-v4
  ShortRun : .NET 10.0.12 (10.0.12, 10.0.1226.42308), X64 RyuJIT x86-64-v4

Job=ShortRun  IterationCount=3  LaunchCount=1  
WarmupCount=3  

| Method                               | Sessions | Mean               | Error                | StdDev              | Median             | Gen0      | Gen1      | Allocated  |
|------------------------------------- |--------- |-------------------:|---------------------:|--------------------:|-------------------:|----------:|----------:|-----------:|
| RealTransport_CreateDisposeAsync     | 1        |       915,266.5 ns |        123,949.30 ns |         6,794.08 ns |       912,073.1 ns |    3.9063 |    1.9531 |    83682 B |
| Control_ConnectDisposeAsync          | 1        |     2,364,239.1 ns |        123,936.44 ns |         6,793.37 ns |     2,363,088.4 ns |    3.9063 |    2.9297 |    77657 B |
| Control_ConnectAssociateDisposeAsync | 1        |     4,527,248.9 ns |      3,169,275.31 ns |       173,718.67 ns |     4,516,791.9 ns |         - |         - |    80476 B |
| RelaySocket_CreateBindClose          | 1        |        13,148.9 ns |            517.95 ns |            28.39 ns |        13,149.3 ns |    0.0305 |         - |      576 B |
| SelfTraffic_RegisterRelease          | 1        |           361.0 ns |             26.15 ns |             1.43 ns |           360.3 ns |    0.0095 |         - |      160 B |
| RealTransport_CreateDisposeAsync     | 100      |   443,292,511.3 ns |    895,188,987.94 ns |    49,068,329.31 ns |   430,598,963.0 ns |         - |         - |  8342480 B |
| Control_ConnectDisposeAsync          | 100      |   380,001,087.3 ns |     56,976,176.87 ns |     3,123,056.52 ns |   380,945,168.0 ns |         - |         - |  7742384 B |
| Control_ConnectAssociateDisposeAsync | 100      |   425,238,642.0 ns |    326,074,191.30 ns |    17,873,226.79 ns |   416,870,792.0 ns |         - |         - |  8022200 B |
| RelaySocket_CreateBindClose          | 100      |     1,330,472.8 ns |        419,489.96 ns |        22,993.66 ns |     1,338,246.7 ns |    1.9531 |         - |    57600 B |
| SelfTraffic_RegisterRelease          | 100      |        32,665.9 ns |          2,563.84 ns |           140.53 ns |        32,738.4 ns |    0.9155 |         - |    16000 B |
| RealTransport_CreateDisposeAsync     | 1000     | 1,403,249,188.7 ns | 18,466,021,855.72 ns | 1,012,184,972.81 ns |   871,997,455.0 ns | 5000.0000 | 4000.0000 | 83441856 B |
| Control_ConnectDisposeAsync          | 1000     | 3,840,138,969.3 ns |  2,928,743,596.98 ns |   160,534,319.80 ns | 3,861,254,965.0 ns | 4000.0000 | 3000.0000 | 77446992 B |
| Control_ConnectAssociateDisposeAsync | 1000     | 1,621,724,621.7 ns | 28,423,365,490.01 ns | 1,557,980,579.16 ns |   722,841,484.0 ns | 4000.0000 | 3000.0000 | 80311568 B |
| RelaySocket_CreateBindClose          | 1000     |    13,338,266.5 ns |        275,796.02 ns |        15,117.31 ns |    13,343,910.0 ns |   31.2500 |         - |   576000 B |
| SelfTraffic_RegisterRelease          | 1000     |       327,775.1 ns |         16,970.56 ns |           930.21 ns |       327,931.8 ns |    9.2773 |         - |   160000 B |

// * Legends *
  Sessions  : Value of the 'Sessions' parameter
  Mean      : Arithmetic mean of all measurements
  Error     : Half of 99.9% confidence interval
  StdDev    : Standard deviation of all measurements
  Median    : Value separating the higher half of all measurements (50th percentile)
  Gen0      : GC Generation 0 collects per 1000 operations
  Gen1      : GC Generation 1 collects per 1000 operations
  Allocated : Allocated memory per single operation (managed only, inclusive, 1KB = 1024B)
  1 ns      : 1 Nanosecond (0.000000001 sec)

// * Diagnostic Output - MemoryDiagnoser *


// ***** BenchmarkRunner: End *****
Run time: 00:02:30 (150.98 sec), executed benchmarks: 15

Global total time: 00:03:08 (188.19 sec), executed benchmarks: 15
// * Artifacts cleanup *
Artifacts cleanup is finished
