// Validating benchmarks:
// ***** BenchmarkRunner: Start   *****
// ***** Found 6 benchmark(s) in total *****
// ***** Building 1 exe(s) in Parallel: Start   *****
// start dotnet  restore --nodeReuse:false /p:UseSharedCompilation=false /p:Deterministic=true /p:Optimize=true /p:ArtifactsPath="/home/paff/Projects/WinForward/benchmarks/WinForward.Benchmarks/bin/Release/net10.0/WinForward.Benchmarks-ShortRun-1/" /p:OutDir="/home/paff/Projects/WinForward/benchmarks/WinForward.Benchmarks/bin/Release/net10.0/WinForward.Benchmarks-ShortRun-1/bin/Release/net10.0/" /p:OutputPath="/home/paff/Projects/WinForward/benchmarks/WinForward.Benchmarks/bin/Release/net10.0/WinForward.Benchmarks-ShortRun-1/bin/Release/net10.0/" /p:PublishDir="/home/paff/Projects/WinForward/benchmarks/WinForward.Benchmarks/bin/Release/net10.0/WinForward.Benchmarks-ShortRun-1/publish/" in /home/paff/Projects/WinForward/benchmarks/WinForward.Benchmarks/bin/Release/net10.0/WinForward.Benchmarks-ShortRun-1
// command took 2.96 sec and exited with 0
// start dotnet  build -c Release --no-restore --nodeReuse:false /p:UseSharedCompilation=false /p:Deterministic=true /p:Optimize=true /p:ArtifactsPath="/home/paff/Projects/WinForward/benchmarks/WinForward.Benchmarks/bin/Release/net10.0/WinForward.Benchmarks-ShortRun-1/" /p:OutDir="/home/paff/Projects/WinForward/benchmarks/WinForward.Benchmarks/bin/Release/net10.0/WinForward.Benchmarks-ShortRun-1/bin/Release/net10.0/" /p:OutputPath="/home/paff/Projects/WinForward/benchmarks/WinForward.Benchmarks/bin/Release/net10.0/WinForward.Benchmarks-ShortRun-1/bin/Release/net10.0/" /p:PublishDir="/home/paff/Projects/WinForward/benchmarks/WinForward.Benchmarks/bin/Release/net10.0/WinForward.Benchmarks-ShortRun-1/publish/" --output "/home/paff/Projects/WinForward/benchmarks/WinForward.Benchmarks/bin/Release/net10.0/WinForward.Benchmarks-ShortRun-1/bin/Release/net10.0/" in /home/paff/Projects/WinForward/benchmarks/WinForward.Benchmarks/bin/Release/net10.0/WinForward.Benchmarks-ShortRun-1
// command took 34.25 sec and exited with 0
// ***** Done, took 00:00:37 (37.36 sec)   *****
// Found 6 benchmarks:
//   UdpSessionBenchmarks.PopulateSessionsAsync: ShortRun(IterationCount=3, LaunchCount=1, WarmupCount=3) [Sessions=1]
//   UdpSessionBenchmarks.PopulateSessionsNoopTransportAsync: ShortRun(IterationCount=3, LaunchCount=1, WarmupCount=3) [Sessions=1]
//   UdpSessionBenchmarks.PopulateSessionsAsync: ShortRun(IterationCount=3, LaunchCount=1, WarmupCount=3) [Sessions=100]
//   UdpSessionBenchmarks.PopulateSessionsNoopTransportAsync: ShortRun(IterationCount=3, LaunchCount=1, WarmupCount=3) [Sessions=100]
//   UdpSessionBenchmarks.PopulateSessionsAsync: ShortRun(IterationCount=3, LaunchCount=1, WarmupCount=3) [Sessions=1000]
//   UdpSessionBenchmarks.PopulateSessionsNoopTransportAsync: ShortRun(IterationCount=3, LaunchCount=1, WarmupCount=3) [Sessions=1000]

// **************************
// Benchmark: UdpSessionBenchmarks.PopulateSessionsAsync: ShortRun(IterationCount=3, LaunchCount=1, WarmupCount=3) [Sessions=1]
// *** Execute ***
// Launch: 1 / 1
// Execute: dotnet WinForward.Benchmarks-ShortRun-1.dll --anonymousPipes 141 142 --benchmarkName "WinForward.Benchmarks.Perf.UdpSessionBenchmarks.PopulateSessionsAsync(Sessions: 1)" --job ShortRun --benchmarkId 0 in /home/paff/Projects/WinForward/benchmarks/WinForward.Benchmarks/bin/Release/net10.0/WinForward.Benchmarks-ShortRun-1/bin/Release/net10.0
// Failed to set up high priority (Permission denied). In order to run benchmarks with high priority, make sure you have the right permissions.
// BeforeAnythingElse

// Benchmark Process Environment Information:
// BenchmarkDotNet v0.15.8
// Runtime=.NET 10.0.12 (10.0.12, 10.0.1226.42308), X64 RyuJIT x86-64-v4
// GC=Concurrent Workstation
// HardwareIntrinsics=AVX512 BITALG+VBMI2+VNNI+VPOPCNTDQ,AVX512 IFMA+VBMI,AVX512 F+BW+CD+DQ+VL,AVX2+BMI1+BMI2+F16C+FMA+LZCNT+MOVBE,AVX,SSE3+SSSE3+SSE4.1+SSE4.2+POPCNT,X86Base+SSE+SSE2,AES+PCLMUL,AvxVnni VectorSize=256
// Job: ShortRun(IterationCount=3, LaunchCount=1, WarmupCount=3)

OverheadJitting  1: 1 op, 300744.00 ns, 300.7440 us/op
WorkloadJitting  1: 1 op, 148474978.00 ns, 148.4750 ms/op

WorkloadPilot    1: 2 op, 95118072.00 ns, 47.5590 ms/op
WorkloadPilot    2: 3 op, 142200020.00 ns, 47.4000 ms/op
WorkloadPilot    3: 4 op, 187631940.00 ns, 46.9080 ms/op
WorkloadPilot    4: 5 op, 231085909.00 ns, 46.2172 ms/op
WorkloadPilot    5: 6 op, 277323329.00 ns, 46.2206 ms/op
WorkloadPilot    6: 7 op, 328829781.00 ns, 46.9757 ms/op
WorkloadPilot    7: 8 op, 374117744.00 ns, 46.7647 ms/op
WorkloadPilot    8: 9 op, 425285238.00 ns, 47.2539 ms/op
WorkloadPilot    9: 10 op, 455837217.00 ns, 45.5837 ms/op
WorkloadPilot   10: 11 op, 504395161.00 ns, 45.8541 ms/op

WorkloadWarmup   1: 11 op, 516395943.00 ns, 46.9451 ms/op
WorkloadWarmup   2: 11 op, 502865570.00 ns, 45.7151 ms/op
WorkloadWarmup   3: 11 op, 498390888.00 ns, 45.3083 ms/op

// BeforeActualRun
WorkloadActual   1: 11 op, 497024100.00 ns, 45.1840 ms/op
WorkloadActual   2: 11 op, 496611990.00 ns, 45.1465 ms/op
WorkloadActual   3: 11 op, 498917685.00 ns, 45.3562 ms/op

// AfterActualRun
WorkloadResult   1: 11 op, 497024100.00 ns, 45.1840 ms/op
WorkloadResult   2: 11 op, 496611990.00 ns, 45.1465 ms/op
WorkloadResult   3: 11 op, 498917685.00 ns, 45.3562 ms/op
// GC:  0 0 0 974584 11
// Threading:  76 704 11
// Exceptions:  130

// AfterAll
// Benchmark Process 986967 has exited with code 0.

Mean = 45.229 ms, StdErr = 0.065 ms (0.14%), N = 3, StdDev = 0.112 ms
Min = 45.147 ms, Q1 = 45.165 ms, Median = 45.184 ms, Q3 = 45.270 ms, Max = 45.356 ms
IQR = 0.105 ms, LowerFence = 45.008 ms, UpperFence = 45.427 ms
ConfidenceInterval = [43.190 ms; 47.268 ms] (CI 99.9%), Margin = 2.039 ms (4.51% of Mean)
Skewness = 0.34, Kurtosis = 0.67, MValue = 2

// ** Remained 5 (83.3%) benchmark(s) to run. Estimated finish 2026-09-22 12:08 (0h 0m from now) **
// **************************
// Benchmark: UdpSessionBenchmarks.PopulateSessionsNoopTransportAsync: ShortRun(IterationCount=3, LaunchCount=1, WarmupCount=3) [Sessions=1]
// *** Execute ***
// Launch: 1 / 1
// Execute: dotnet WinForward.Benchmarks-ShortRun-1.dll --anonymousPipes 141 142 --benchmarkName "WinForward.Benchmarks.Perf.UdpSessionBenchmarks.PopulateSessionsNoopTransportAsync(Sessions: 1)" --job ShortRun --benchmarkId 1 in /home/paff/Projects/WinForward/benchmarks/WinForward.Benchmarks/bin/Release/net10.0/WinForward.Benchmarks-ShortRun-1/bin/Release/net10.0
// Failed to set up high priority (Permission denied). In order to run benchmarks with high priority, make sure you have the right permissions.
// BeforeAnythingElse

// Benchmark Process Environment Information:
// BenchmarkDotNet v0.15.8
// Runtime=.NET 10.0.12 (10.0.12, 10.0.1226.42308), X64 RyuJIT x86-64-v4
// GC=Concurrent Workstation
// HardwareIntrinsics=AVX512 BITALG+VBMI2+VNNI+VPOPCNTDQ,AVX512 IFMA+VBMI,AVX512 F+BW+CD+DQ+VL,AVX2+BMI1+BMI2+F16C+FMA+LZCNT+MOVBE,AVX,SSE3+SSSE3+SSE4.1+SSE4.2+POPCNT,X86Base+SSE+SSE2,AES+PCLMUL,AvxVnni VectorSize=256
// Job: ShortRun(IterationCount=3, LaunchCount=1, WarmupCount=3)

OverheadJitting  1: 1 op, 399970.00 ns, 399.9700 us/op
WorkloadJitting  1: 1 op, 95968797.00 ns, 95.9688 ms/op

WorkloadPilot    1: 2 op, 91993216.00 ns, 45.9966 ms/op
WorkloadPilot    2: 3 op, 139289550.00 ns, 46.4299 ms/op
WorkloadPilot    3: 4 op, 180913745.00 ns, 45.2284 ms/op
WorkloadPilot    4: 5 op, 226442037.00 ns, 45.2884 ms/op
WorkloadPilot    5: 6 op, 268413941.00 ns, 44.7357 ms/op
WorkloadPilot    6: 7 op, 309662595.00 ns, 44.2375 ms/op
WorkloadPilot    7: 8 op, 346440435.00 ns, 43.3051 ms/op
WorkloadPilot    8: 9 op, 394155288.00 ns, 43.7950 ms/op
WorkloadPilot    9: 10 op, 434191187.00 ns, 43.4191 ms/op
WorkloadPilot   10: 11 op, 482703793.00 ns, 43.8822 ms/op
WorkloadPilot   11: 12 op, 525070870.00 ns, 43.7559 ms/op

WorkloadWarmup   1: 12 op, 528660282.00 ns, 44.0550 ms/op
WorkloadWarmup   2: 12 op, 520144174.00 ns, 43.3453 ms/op
WorkloadWarmup   3: 12 op, 521787128.00 ns, 43.4823 ms/op

// BeforeActualRun
WorkloadActual   1: 12 op, 523379823.00 ns, 43.6150 ms/op
WorkloadActual   2: 12 op, 519194954.00 ns, 43.2662 ms/op
WorkloadActual   3: 12 op, 519067621.00 ns, 43.2556 ms/op

// AfterActualRun
WorkloadResult   1: 12 op, 523379823.00 ns, 43.6150 ms/op
WorkloadResult   2: 12 op, 519194954.00 ns, 43.2662 ms/op
WorkloadResult   3: 12 op, 519067621.00 ns, 43.2556 ms/op
// GC:  0 0 0 940032 12
// Threading:  25 765 12
// Exceptions:  130

// AfterAll
// Benchmark Process 996186 has exited with code 0.

Mean = 43.379 ms, StdErr = 0.118 ms (0.27%), N = 3, StdDev = 0.204 ms
Min = 43.256 ms, Q1 = 43.261 ms, Median = 43.266 ms, Q3 = 43.441 ms, Max = 43.615 ms
IQR = 0.180 ms, LowerFence = 42.991 ms, UpperFence = 43.710 ms
ConfidenceInterval = [39.649 ms; 47.109 ms] (CI 99.9%), Margin = 3.730 ms (8.60% of Mean)
Skewness = 0.38, Kurtosis = 0.67, MValue = 2

// ** Remained 4 (66.7%) benchmark(s) to run. Estimated finish 2026-09-22 12:08 (0h 0m from now) **
// **************************
// Benchmark: UdpSessionBenchmarks.PopulateSessionsAsync: ShortRun(IterationCount=3, LaunchCount=1, WarmupCount=3) [Sessions=100]
// *** Execute ***
// Launch: 1 / 1
// Execute: dotnet WinForward.Benchmarks-ShortRun-1.dll --anonymousPipes 141 142 --benchmarkName "WinForward.Benchmarks.Perf.UdpSessionBenchmarks.PopulateSessionsAsync(Sessions: 100)" --job ShortRun --benchmarkId 2 in /home/paff/Projects/WinForward/benchmarks/WinForward.Benchmarks/bin/Release/net10.0/WinForward.Benchmarks-ShortRun-1/bin/Release/net10.0
// Failed to set up high priority (Permission denied). In order to run benchmarks with high priority, make sure you have the right permissions.
// BeforeAnythingElse

// Benchmark Process Environment Information:
// BenchmarkDotNet v0.15.8
// Runtime=.NET 10.0.12 (10.0.12, 10.0.1226.42308), X64 RyuJIT x86-64-v4
// GC=Concurrent Workstation
// HardwareIntrinsics=AVX512 BITALG+VBMI2+VNNI+VPOPCNTDQ,AVX512 IFMA+VBMI,AVX512 F+BW+CD+DQ+VL,AVX2+BMI1+BMI2+F16C+FMA+LZCNT+MOVBE,AVX,SSE3+SSSE3+SSE4.1+SSE4.2+POPCNT,X86Base+SSE+SSE2,AES+PCLMUL,AvxVnni VectorSize=256
// Job: ShortRun(IterationCount=3, LaunchCount=1, WarmupCount=3)

OverheadJitting  1: 1 op, 301295.00 ns, 301.2950 us/op
WorkloadJitting  1: 1 op, 254083538.00 ns, 254.0835 ms/op

WorkloadPilot    1: 2 op, 193936131.00 ns, 96.9681 ms/op
WorkloadPilot    2: 3 op, 276949190.00 ns, 92.3164 ms/op
WorkloadPilot    3: 4 op, 338191559.00 ns, 84.5479 ms/op
WorkloadPilot    4: 5 op, 432169063.00 ns, 86.4338 ms/op
WorkloadPilot    5: 6 op, 491506861.00 ns, 81.9178 ms/op
WorkloadPilot    6: 7 op, 572840696.00 ns, 81.8344 ms/op

WorkloadWarmup   1: 7 op, 569912679.00 ns, 81.4161 ms/op
WorkloadWarmup   2: 7 op, 556572789.00 ns, 79.5104 ms/op
WorkloadWarmup   3: 7 op, 552328695.00 ns, 78.9041 ms/op

// BeforeActualRun
WorkloadActual   1: 7 op, 568877636.00 ns, 81.2682 ms/op
WorkloadActual   2: 7 op, 545336639.00 ns, 77.9052 ms/op
WorkloadActual   3: 7 op, 574845982.00 ns, 82.1209 ms/op

// AfterActualRun
WorkloadResult   1: 7 op, 568877636.00 ns, 81.2682 ms/op
WorkloadResult   2: 7 op, 545336639.00 ns, 77.9052 ms/op
WorkloadResult   3: 7 op, 574845982.00 ns, 82.1209 ms/op
// GC:  0 0 0 12494056 7
// Threading:  4428 691 7
// Exceptions:  328

// AfterAll
// Benchmark Process 1006668 has exited with code 0.

Mean = 80.431 ms, StdErr = 1.287 ms (1.60%), N = 3, StdDev = 2.229 ms
Min = 77.905 ms, Q1 = 79.587 ms, Median = 81.268 ms, Q3 = 81.695 ms, Max = 82.121 ms
IQR = 2.108 ms, LowerFence = 76.425 ms, UpperFence = 84.856 ms
ConfidenceInterval = [39.768 ms; 121.095 ms] (CI 99.9%), Margin = 40.664 ms (50.56% of Mean)
Skewness = -0.32, Kurtosis = 0.67, MValue = 2

// ** Remained 3 (50.0%) benchmark(s) to run. Estimated finish 2026-09-22 12:08 (0h 0m from now) **
// **************************
// Benchmark: UdpSessionBenchmarks.PopulateSessionsNoopTransportAsync: ShortRun(IterationCount=3, LaunchCount=1, WarmupCount=3) [Sessions=100]
// *** Execute ***
// Launch: 1 / 1
// Execute: dotnet WinForward.Benchmarks-ShortRun-1.dll --anonymousPipes 141 142 --benchmarkName "WinForward.Benchmarks.Perf.UdpSessionBenchmarks.PopulateSessionsNoopTransportAsync(Sessions: 100)" --job ShortRun --benchmarkId 3 in /home/paff/Projects/WinForward/benchmarks/WinForward.Benchmarks/bin/Release/net10.0/WinForward.Benchmarks-ShortRun-1/bin/Release/net10.0
// Failed to set up high priority (Permission denied). In order to run benchmarks with high priority, make sure you have the right permissions.
// BeforeAnythingElse

// Benchmark Process Environment Information:
// BenchmarkDotNet v0.15.8
// Runtime=.NET 10.0.12 (10.0.12, 10.0.1226.42308), X64 RyuJIT x86-64-v4
// GC=Concurrent Workstation
// HardwareIntrinsics=AVX512 BITALG+VBMI2+VNNI+VPOPCNTDQ,AVX512 IFMA+VBMI,AVX512 F+BW+CD+DQ+VL,AVX2+BMI1+BMI2+F16C+FMA+LZCNT+MOVBE,AVX,SSE3+SSSE3+SSE4.1+SSE4.2+POPCNT,X86Base+SSE+SSE2,AES+PCLMUL,AvxVnni VectorSize=256
// Job: ShortRun(IterationCount=3, LaunchCount=1, WarmupCount=3)

OverheadJitting  1: 1 op, 261701.00 ns, 261.7010 us/op
WorkloadJitting  1: 1 op, 117179320.00 ns, 117.1793 ms/op

WorkloadPilot    1: 2 op, 107907470.00 ns, 53.9537 ms/op
WorkloadPilot    2: 3 op, 166060838.00 ns, 55.3536 ms/op
WorkloadPilot    3: 4 op, 217632286.00 ns, 54.4081 ms/op
WorkloadPilot    4: 5 op, 284195234.00 ns, 56.8390 ms/op
WorkloadPilot    5: 6 op, 321404924.00 ns, 53.5675 ms/op
WorkloadPilot    6: 7 op, 366620895.00 ns, 52.3744 ms/op
WorkloadPilot    7: 8 op, 414403595.00 ns, 51.8004 ms/op
WorkloadPilot    8: 9 op, 453228205.00 ns, 50.3587 ms/op
WorkloadPilot    9: 10 op, 498109823.00 ns, 49.8110 ms/op
WorkloadPilot   10: 11 op, 546222663.00 ns, 49.6566 ms/op

WorkloadWarmup   1: 11 op, 548427500.00 ns, 49.8570 ms/op
WorkloadWarmup   2: 11 op, 542656842.00 ns, 49.3324 ms/op
WorkloadWarmup   3: 11 op, 553744751.00 ns, 50.3404 ms/op

// BeforeActualRun
WorkloadActual   1: 11 op, 554827178.00 ns, 50.4388 ms/op
WorkloadActual   2: 11 op, 559063283.00 ns, 50.8239 ms/op
WorkloadActual   3: 11 op, 546570802.00 ns, 49.6883 ms/op

// AfterActualRun
WorkloadResult   1: 11 op, 554827178.00 ns, 50.4388 ms/op
WorkloadResult   2: 11 op, 559063283.00 ns, 50.8239 ms/op
WorkloadResult   3: 11 op, 546570802.00 ns, 49.6883 ms/op
// GC:  0 0 0 7081224 11
// Threading:  2025 1404 11
// Exceptions:  328

// AfterAll
// Benchmark Process 1011740 has exited with code 0.

Mean = 50.317 ms, StdErr = 0.333 ms (0.66%), N = 3, StdDev = 0.578 ms
Min = 49.688 ms, Q1 = 50.064 ms, Median = 50.439 ms, Q3 = 50.631 ms, Max = 50.824 ms
IQR = 0.568 ms, LowerFence = 49.212 ms, UpperFence = 51.483 ms
ConfidenceInterval = [39.780 ms; 60.854 ms] (CI 99.9%), Margin = 10.537 ms (20.94% of Mean)
Skewness = -0.2, Kurtosis = 0.67, MValue = 2

// ** Remained 2 (33.3%) benchmark(s) to run. Estimated finish 2026-09-22 12:08 (0h 0m from now) **
// **************************
// Benchmark: UdpSessionBenchmarks.PopulateSessionsAsync: ShortRun(IterationCount=3, LaunchCount=1, WarmupCount=3) [Sessions=1000]
// *** Execute ***
// Launch: 1 / 1
// Execute: dotnet WinForward.Benchmarks-ShortRun-1.dll --anonymousPipes 141 142 --benchmarkName "WinForward.Benchmarks.Perf.UdpSessionBenchmarks.PopulateSessionsAsync(Sessions: 1000)" --job ShortRun --benchmarkId 4 in /home/paff/Projects/WinForward/benchmarks/WinForward.Benchmarks/bin/Release/net10.0/WinForward.Benchmarks-ShortRun-1/bin/Release/net10.0
// Failed to set up high priority (Permission denied). In order to run benchmarks with high priority, make sure you have the right permissions.
// BeforeAnythingElse

// Benchmark Process Environment Information:
// BenchmarkDotNet v0.15.8
// Runtime=.NET 10.0.12 (10.0.12, 10.0.1226.42308), X64 RyuJIT x86-64-v4
// GC=Concurrent Workstation
// HardwareIntrinsics=AVX512 BITALG+VBMI2+VNNI+VPOPCNTDQ,AVX512 IFMA+VBMI,AVX512 F+BW+CD+DQ+VL,AVX2+BMI1+BMI2+F16C+FMA+LZCNT+MOVBE,AVX,SSE3+SSSE3+SSE4.1+SSE4.2+POPCNT,X86Base+SSE+SSE2,AES+PCLMUL,AvxVnni VectorSize=256
// Job: ShortRun(IterationCount=3, LaunchCount=1, WarmupCount=3)

OverheadJitting  1: 1 op, 430377.00 ns, 430.3770 us/op
WorkloadJitting  1: 1 op, 844419411.00 ns, 844.4194 ms/op

OverheadJitting  2: 1 op, 1012.00 ns, 1.0120 us/op
WorkloadJitting  2: 1 op, 619583570.00 ns, 619.5836 ms/op

WorkloadWarmup   1: 1 op, 592386594.00 ns, 592.3866 ms/op
WorkloadWarmup   2: 1 op, 592195167.00 ns, 592.1952 ms/op
WorkloadWarmup   3: 1 op, 576988096.00 ns, 576.9881 ms/op

// BeforeActualRun
WorkloadActual   1: 1 op, 579112942.00 ns, 579.1129 ms/op
WorkloadActual   2: 1 op, 731188805.00 ns, 731.1888 ms/op
WorkloadActual   3: 1 op, 747857507.00 ns, 747.8575 ms/op

// AfterActualRun
WorkloadResult   1: 1 op, 579112942.00 ns, 579.1129 ms/op
WorkloadResult   2: 1 op, 731188805.00 ns, 731.1888 ms/op
WorkloadResult   3: 1 op, 747857507.00 ns, 747.8575 ms/op
// GC:  0 0 0 17097376 1
// Threading:  6948 93 1
// Exceptions:  2128

// AfterAll
// Benchmark Process 1021023 has exited with code 0.

Mean = 686.053 ms, StdErr = 53.686 ms (7.83%), N = 3, StdDev = 92.987 ms
Min = 579.113 ms, Q1 = 655.151 ms, Median = 731.189 ms, Q3 = 739.523 ms, Max = 747.858 ms
IQR = 84.372 ms, LowerFence = 528.592 ms, UpperFence = 866.082 ms
ConfidenceInterval = [-1,010.378 ms; 2,382.485 ms] (CI 99.9%), Margin = 1,696.431 ms (247.27% of Mean)
Skewness = -0.37, Kurtosis = 0.67, MValue = 2

// ** Remained 1 (16.7%) benchmark(s) to run. Estimated finish 2026-09-22 12:08 (0h 0m from now) **
// **************************
// Benchmark: UdpSessionBenchmarks.PopulateSessionsNoopTransportAsync: ShortRun(IterationCount=3, LaunchCount=1, WarmupCount=3) [Sessions=1000]
// *** Execute ***
// Launch: 1 / 1
// Execute: dotnet WinForward.Benchmarks-ShortRun-1.dll --anonymousPipes 141 142 --benchmarkName "WinForward.Benchmarks.Perf.UdpSessionBenchmarks.PopulateSessionsNoopTransportAsync(Sessions: 1000)" --job ShortRun --benchmarkId 5 in /home/paff/Projects/WinForward/benchmarks/WinForward.Benchmarks/bin/Release/net10.0/WinForward.Benchmarks-ShortRun-1/bin/Release/net10.0
// Failed to set up high priority (Permission denied). In order to run benchmarks with high priority, make sure you have the right permissions.
// BeforeAnythingElse

// Benchmark Process Environment Information:
// BenchmarkDotNet v0.15.8
// Runtime=.NET 10.0.12 (10.0.12, 10.0.1226.42308), X64 RyuJIT x86-64-v4
// GC=Concurrent Workstation
// HardwareIntrinsics=AVX512 BITALG+VBMI2+VNNI+VPOPCNTDQ,AVX512 IFMA+VBMI,AVX512 F+BW+CD+DQ+VL,AVX2+BMI1+BMI2+F16C+FMA+LZCNT+MOVBE,AVX,SSE3+SSSE3+SSE4.1+SSE4.2+POPCNT,X86Base+SSE+SSE2,AES+PCLMUL,AvxVnni VectorSize=256
// Job: ShortRun(IterationCount=3, LaunchCount=1, WarmupCount=3)

OverheadJitting  1: 1 op, 349526.00 ns, 349.5260 us/op
WorkloadJitting  1: 1 op, 145210334.00 ns, 145.2103 ms/op

WorkloadPilot    1: 2 op, 167034975.00 ns, 83.5175 ms/op
WorkloadPilot    2: 3 op, 276121347.00 ns, 92.0404 ms/op
WorkloadPilot    3: 4 op, 375137125.00 ns, 93.7843 ms/op
WorkloadPilot    4: 5 op, 442834341.00 ns, 88.5669 ms/op
WorkloadPilot    5: 6 op, 479837231.00 ns, 79.9729 ms/op
WorkloadPilot    6: 7 op, 510608501.00 ns, 72.9441 ms/op

WorkloadWarmup   1: 7 op, 494401421.00 ns, 70.6288 ms/op
WorkloadWarmup   2: 7 op, 499091870.00 ns, 71.2988 ms/op
WorkloadWarmup   3: 7 op, 487066461.00 ns, 69.5809 ms/op

// BeforeActualRun
WorkloadActual   1: 7 op, 507287361.00 ns, 72.4696 ms/op
WorkloadActual   2: 7 op, 503590941.00 ns, 71.9416 ms/op
WorkloadActual   3: 7 op, 499275101.00 ns, 71.3250 ms/op

// AfterActualRun
WorkloadResult   1: 7 op, 507287361.00 ns, 72.4696 ms/op
WorkloadResult   2: 7 op, 503590941.00 ns, 71.9416 ms/op
WorkloadResult   3: 7 op, 499275101.00 ns, 71.3250 ms/op
// GC:  3 2 1 40651568 7
// Threading:  13938 2420 7
// Exceptions:  2128

// AfterAll
// Benchmark Process 1021709 has exited with code 0.

Mean = 71.912 ms, StdErr = 0.331 ms (0.46%), N = 3, StdDev = 0.573 ms
Min = 71.325 ms, Q1 = 71.633 ms, Median = 71.942 ms, Q3 = 72.206 ms, Max = 72.470 ms
IQR = 0.572 ms, LowerFence = 70.775 ms, UpperFence = 73.064 ms
ConfidenceInterval = [61.461 ms; 82.363 ms] (CI 99.9%), Margin = 10.451 ms (14.53% of Mean)
Skewness = -0.05, Kurtosis = 0.67, MValue = 2

// ** Remained 0 (0.0%) benchmark(s) to run. Estimated finish 2026-09-22 12:08 (0h 0m from now) **
// ***** BenchmarkRunner: Finish  *****

// * Export *
  BenchmarkDotNet.Artifacts/results/WinForward.Benchmarks.Perf.UdpSessionBenchmarks-report.csv
  BenchmarkDotNet.Artifacts/results/WinForward.Benchmarks.Perf.UdpSessionBenchmarks-report-github.md
  BenchmarkDotNet.Artifacts/results/WinForward.Benchmarks.Perf.UdpSessionBenchmarks-report.html

// * Detailed results *
UdpSessionBenchmarks.PopulateSessionsAsync: ShortRun(IterationCount=3, LaunchCount=1, WarmupCount=3) [Sessions=1]
Runtime = .NET 10.0.12 (10.0.12, 10.0.1226.42308), X64 RyuJIT x86-64-v4; GC = Concurrent Workstation
Mean = 45.229 ms, StdErr = 0.065 ms (0.14%), N = 3, StdDev = 0.112 ms
Min = 45.147 ms, Q1 = 45.165 ms, Median = 45.184 ms, Q3 = 45.270 ms, Max = 45.356 ms
IQR = 0.105 ms, LowerFence = 45.008 ms, UpperFence = 45.427 ms
ConfidenceInterval = [43.190 ms; 47.268 ms] (CI 99.9%), Margin = 2.039 ms (4.51% of Mean)
Skewness = 0.34, Kurtosis = 0.67, MValue = 2
-------------------- Histogram --------------------
[45.045 ms ; 45.458 ms) | @@@
---------------------------------------------------

UdpSessionBenchmarks.PopulateSessionsNoopTransportAsync: ShortRun(IterationCount=3, LaunchCount=1, WarmupCount=3) [Sessions=1]
Runtime = .NET 10.0.12 (10.0.12, 10.0.1226.42308), X64 RyuJIT x86-64-v4; GC = Concurrent Workstation
Mean = 43.379 ms, StdErr = 0.118 ms (0.27%), N = 3, StdDev = 0.204 ms
Min = 43.256 ms, Q1 = 43.261 ms, Median = 43.266 ms, Q3 = 43.441 ms, Max = 43.615 ms
IQR = 0.180 ms, LowerFence = 42.991 ms, UpperFence = 43.710 ms
ConfidenceInterval = [39.649 ms; 47.109 ms] (CI 99.9%), Margin = 3.730 ms (8.60% of Mean)
Skewness = 0.38, Kurtosis = 0.67, MValue = 2
-------------------- Histogram --------------------
[43.249 ms ; 43.621 ms) | @@@
---------------------------------------------------

UdpSessionBenchmarks.PopulateSessionsAsync: ShortRun(IterationCount=3, LaunchCount=1, WarmupCount=3) [Sessions=100]
Runtime = .NET 10.0.12 (10.0.12, 10.0.1226.42308), X64 RyuJIT x86-64-v4; GC = Concurrent Workstation
Mean = 80.431 ms, StdErr = 1.287 ms (1.60%), N = 3, StdDev = 2.229 ms
Min = 77.905 ms, Q1 = 79.587 ms, Median = 81.268 ms, Q3 = 81.695 ms, Max = 82.121 ms
IQR = 2.108 ms, LowerFence = 76.425 ms, UpperFence = 84.856 ms
ConfidenceInterval = [39.768 ms; 121.095 ms] (CI 99.9%), Margin = 40.664 ms (50.56% of Mean)
Skewness = -0.32, Kurtosis = 0.67, MValue = 2
-------------------- Histogram --------------------
[75.877 ms ; 79.666 ms) | @
[79.666 ms ; 84.149 ms) | @@
---------------------------------------------------

UdpSessionBenchmarks.PopulateSessionsNoopTransportAsync: ShortRun(IterationCount=3, LaunchCount=1, WarmupCount=3) [Sessions=100]
Runtime = .NET 10.0.12 (10.0.12, 10.0.1226.42308), X64 RyuJIT x86-64-v4; GC = Concurrent Workstation
Mean = 50.317 ms, StdErr = 0.333 ms (0.66%), N = 3, StdDev = 0.578 ms
Min = 49.688 ms, Q1 = 50.064 ms, Median = 50.439 ms, Q3 = 50.631 ms, Max = 50.824 ms
IQR = 0.568 ms, LowerFence = 49.212 ms, UpperFence = 51.483 ms
ConfidenceInterval = [39.780 ms; 60.854 ms] (CI 99.9%), Margin = 10.537 ms (20.94% of Mean)
Skewness = -0.2, Kurtosis = 0.67, MValue = 2
-------------------- Histogram --------------------
[49.163 ms ; 51.350 ms) | @@@
---------------------------------------------------

UdpSessionBenchmarks.PopulateSessionsAsync: ShortRun(IterationCount=3, LaunchCount=1, WarmupCount=3) [Sessions=1000]
Runtime = .NET 10.0.12 (10.0.12, 10.0.1226.42308), X64 RyuJIT x86-64-v4; GC = Concurrent Workstation
Mean = 686.053 ms, StdErr = 53.686 ms (7.83%), N = 3, StdDev = 92.987 ms
Min = 579.113 ms, Q1 = 655.151 ms, Median = 731.189 ms, Q3 = 739.523 ms, Max = 747.858 ms
IQR = 84.372 ms, LowerFence = 528.592 ms, UpperFence = 866.082 ms
ConfidenceInterval = [-1,010.378 ms; 2,382.485 ms] (CI 99.9%), Margin = 1,696.431 ms (247.27% of Mean)
Skewness = -0.37, Kurtosis = 0.67, MValue = 2
-------------------- Histogram --------------------
[578.864 ms ; 748.107 ms) | @@@
---------------------------------------------------

UdpSessionBenchmarks.PopulateSessionsNoopTransportAsync: ShortRun(IterationCount=3, LaunchCount=1, WarmupCount=3) [Sessions=1000]
Runtime = .NET 10.0.12 (10.0.12, 10.0.1226.42308), X64 RyuJIT x86-64-v4; GC = Concurrent Workstation
Mean = 71.912 ms, StdErr = 0.331 ms (0.46%), N = 3, StdDev = 0.573 ms
Min = 71.325 ms, Q1 = 71.633 ms, Median = 71.942 ms, Q3 = 72.206 ms, Max = 72.470 ms
IQR = 0.572 ms, LowerFence = 70.775 ms, UpperFence = 73.064 ms
ConfidenceInterval = [61.461 ms; 82.363 ms] (CI 99.9%), Margin = 10.451 ms (14.53% of Mean)
Skewness = -0.05, Kurtosis = 0.67, MValue = 2
-------------------- Histogram --------------------
[70.804 ms ; 72.991 ms) | @@@
---------------------------------------------------

// * Summary *

BenchmarkDotNet v0.15.8, Linux NixOS 26.11 (Zokor)
AMD Ryzen 9 9955HX 2.50GHz, 1 CPU, 32 logical and 16 physical cores
.NET SDK 10.0.401
  [Host]   : .NET 10.0.12 (10.0.12, 10.0.1226.42308), X64 RyuJIT x86-64-v4
  ShortRun : .NET 10.0.12 (10.0.12, 10.0.1226.42308), X64 RyuJIT x86-64-v4

Job=ShortRun  IterationCount=3  LaunchCount=1  
WarmupCount=3  

| Method                             | Sessions | Mean      | Error        | StdDev    | Gen0     | Gen1     | Gen2     | Allocated   |
|----------------------------------- |--------- |----------:|-------------:|----------:|---------:|---------:|---------:|------------:|
| PopulateSessionsAsync              | 1        |  45.23 ms |     2.039 ms |  0.112 ms |        - |        - |        - |    86.52 KB |
| PopulateSessionsNoopTransportAsync | 1        |  43.38 ms |     3.730 ms |  0.204 ms |        - |        - |        - |     76.5 KB |
| PopulateSessionsAsync              | 100      |  80.43 ms |    40.664 ms |  2.229 ms |        - |        - |        - |  1743.03 KB |
| PopulateSessionsNoopTransportAsync | 100      |  50.32 ms |    10.537 ms |  0.578 ms |        - |        - |        - |   628.66 KB |
| PopulateSessionsAsync              | 1000     | 686.05 ms | 1,696.431 ms | 92.987 ms |        - |        - |        - | 16696.66 KB |
| PopulateSessionsNoopTransportAsync | 1000     |  71.91 ms |    10.451 ms |  0.573 ms | 428.5714 | 285.7143 | 142.8571 |  5671.26 KB |

// * Legends *
  Sessions  : Value of the 'Sessions' parameter
  Mean      : Arithmetic mean of all measurements
  Error     : Half of 99.9% confidence interval
  StdDev    : Standard deviation of all measurements
  Gen0      : GC Generation 0 collects per 1000 operations
  Gen1      : GC Generation 1 collects per 1000 operations
  Gen2      : GC Generation 2 collects per 1000 operations
  Allocated : Allocated memory per single operation (managed only, inclusive, 1KB = 1024B)
  1 ms      : 1 Millisecond (0.001 sec)

// * Diagnostic Output - MemoryDiagnoser *


// ***** BenchmarkRunner: End *****
Run time: 00:00:43 (43.36 sec), executed benchmarks: 6

Global total time: 00:01:20 (80.87 sec), executed benchmarks: 6
// * Artifacts cleanup *
Artifacts cleanup is finished
