// Validating benchmarks:
// ***** BenchmarkRunner: Start   *****
// ***** Found 9 benchmark(s) in total *****
// ***** Building 1 exe(s) in Parallel: Start   *****
// start dotnet  restore --nodeReuse:false /p:UseSharedCompilation=false /p:Deterministic=true /p:Optimize=true /p:ArtifactsPath="/home/paff/Projects/WinForward/benchmarks/WinForward.Benchmarks/bin/Release/net10.0/WinForward.Benchmarks-ShortRun-1/" /p:OutDir="/home/paff/Projects/WinForward/benchmarks/WinForward.Benchmarks/bin/Release/net10.0/WinForward.Benchmarks-ShortRun-1/bin/Release/net10.0/" /p:OutputPath="/home/paff/Projects/WinForward/benchmarks/WinForward.Benchmarks/bin/Release/net10.0/WinForward.Benchmarks-ShortRun-1/bin/Release/net10.0/" /p:PublishDir="/home/paff/Projects/WinForward/benchmarks/WinForward.Benchmarks/bin/Release/net10.0/WinForward.Benchmarks-ShortRun-1/publish/" in /home/paff/Projects/WinForward/benchmarks/WinForward.Benchmarks/bin/Release/net10.0/WinForward.Benchmarks-ShortRun-1
// command took 2.97 sec and exited with 0
// start dotnet  build -c Release --no-restore --nodeReuse:false /p:UseSharedCompilation=false /p:Deterministic=true /p:Optimize=true /p:ArtifactsPath="/home/paff/Projects/WinForward/benchmarks/WinForward.Benchmarks/bin/Release/net10.0/WinForward.Benchmarks-ShortRun-1/" /p:OutDir="/home/paff/Projects/WinForward/benchmarks/WinForward.Benchmarks/bin/Release/net10.0/WinForward.Benchmarks-ShortRun-1/bin/Release/net10.0/" /p:OutputPath="/home/paff/Projects/WinForward/benchmarks/WinForward.Benchmarks/bin/Release/net10.0/WinForward.Benchmarks-ShortRun-1/bin/Release/net10.0/" /p:PublishDir="/home/paff/Projects/WinForward/benchmarks/WinForward.Benchmarks/bin/Release/net10.0/WinForward.Benchmarks-ShortRun-1/publish/" --output "/home/paff/Projects/WinForward/benchmarks/WinForward.Benchmarks/bin/Release/net10.0/WinForward.Benchmarks-ShortRun-1/bin/Release/net10.0/" in /home/paff/Projects/WinForward/benchmarks/WinForward.Benchmarks/bin/Release/net10.0/WinForward.Benchmarks-ShortRun-1
// command took 33.74 sec and exited with 0
// ***** Done, took 00:00:36 (36.86 sec)   *****
// Found 6 benchmarks:
//   SessionSetupDecompositionBenchmarks.StageS4_ReadinessTeardownOutsideAsync: ShortRun(InvocationCount=1, IterationCount=3, LaunchCount=1, UnrollFactor=1, WarmupCount=3) [Sessions=1]
//   SessionSetupDecompositionBenchmarks.StageS5_ReadinessTeardownInsideAsync: ShortRun(InvocationCount=1, IterationCount=3, LaunchCount=1, UnrollFactor=1, WarmupCount=3) [Sessions=1]
//   SessionSetupDecompositionBenchmarks.StageS4_ReadinessTeardownOutsideAsync: ShortRun(InvocationCount=1, IterationCount=3, LaunchCount=1, UnrollFactor=1, WarmupCount=3) [Sessions=100]
//   SessionSetupDecompositionBenchmarks.StageS5_ReadinessTeardownInsideAsync: ShortRun(InvocationCount=1, IterationCount=3, LaunchCount=1, UnrollFactor=1, WarmupCount=3) [Sessions=100]
//   SessionSetupDecompositionBenchmarks.StageS4_ReadinessTeardownOutsideAsync: ShortRun(InvocationCount=1, IterationCount=3, LaunchCount=1, UnrollFactor=1, WarmupCount=3) [Sessions=1000]
//   SessionSetupDecompositionBenchmarks.StageS5_ReadinessTeardownInsideAsync: ShortRun(InvocationCount=1, IterationCount=3, LaunchCount=1, UnrollFactor=1, WarmupCount=3) [Sessions=1000]

// **************************
// Benchmark: SessionSetupDecompositionBenchmarks.StageS4_ReadinessTeardownOutsideAsync: ShortRun(InvocationCount=1, IterationCount=3, LaunchCount=1, UnrollFactor=1, WarmupCount=3) [Sessions=1]
// *** Execute ***
// Launch: 1 / 1
// Execute: dotnet WinForward.Benchmarks-ShortRun-1.dll --anonymousPipes 144 145 --benchmarkName "WinForward.Benchmarks.Perf.SessionSetupDecompositionBenchmarks.StageS4_ReadinessTeardownOutsideAsync(Sessions: 1)" --job ShortRun --benchmarkId 0 in /home/paff/Projects/WinForward/benchmarks/WinForward.Benchmarks/bin/Release/net10.0/WinForward.Benchmarks-ShortRun-1/bin/Release/net10.0
// Failed to set up high priority (Permission denied). In order to run benchmarks with high priority, make sure you have the right permissions.
// BeforeAnythingElse

// Benchmark Process Environment Information:
// BenchmarkDotNet v0.15.8
// Runtime=.NET 10.0.12 (10.0.12, 10.0.1226.42308), X64 RyuJIT x86-64-v4
// GC=Concurrent Workstation
// HardwareIntrinsics=AVX512 BITALG+VBMI2+VNNI+VPOPCNTDQ,AVX512 IFMA+VBMI,AVX512 F+BW+CD+DQ+VL,AVX2+BMI1+BMI2+F16C+FMA+LZCNT+MOVBE,AVX,SSE3+SSSE3+SSE4.1+SSE4.2+POPCNT,X86Base+SSE+SSE2,AES+PCLMUL,AvxVnni VectorSize=256
// Job: ShortRun(InvocationCount=1, IterationCount=3, LaunchCount=1, UnrollFactor=1, WarmupCount=3)

OverheadJitting  1: 1 op, 326485.00 ns, 326.4850 us/op
WorkloadJitting  1: 1 op, 77414743.00 ns, 77.4147 ms/op

OverheadWarmup   1: 1 op, 691.00 ns, 691.0000 ns/op
OverheadWarmup   2: 1 op, 471.00 ns, 471.0000 ns/op
OverheadWarmup   3: 1 op, 360.00 ns, 360.0000 ns/op
OverheadWarmup   4: 1 op, 381.00 ns, 381.0000 ns/op
OverheadWarmup   5: 1 op, 370.00 ns, 370.0000 ns/op
OverheadWarmup   6: 1 op, 271.00 ns, 271.0000 ns/op
OverheadWarmup   7: 1 op, 270.00 ns, 270.0000 ns/op
OverheadWarmup   8: 1 op, 270.00 ns, 270.0000 ns/op
OverheadWarmup   9: 1 op, 271.00 ns, 271.0000 ns/op

OverheadActual   1: 1 op, 371.00 ns, 371.0000 ns/op
OverheadActual   2: 1 op, 361.00 ns, 361.0000 ns/op
OverheadActual   3: 1 op, 461.00 ns, 461.0000 ns/op
OverheadActual   4: 1 op, 371.00 ns, 371.0000 ns/op
OverheadActual   5: 1 op, 400.00 ns, 400.0000 ns/op
OverheadActual   6: 1 op, 340.00 ns, 340.0000 ns/op
OverheadActual   7: 1 op, 401.00 ns, 401.0000 ns/op
OverheadActual   8: 1 op, 270.00 ns, 270.0000 ns/op
OverheadActual   9: 1 op, 460.00 ns, 460.0000 ns/op
OverheadActual  10: 1 op, 371.00 ns, 371.0000 ns/op
OverheadActual  11: 1 op, 371.00 ns, 371.0000 ns/op
OverheadActual  12: 1 op, 461.00 ns, 461.0000 ns/op
OverheadActual  13: 1 op, 341.00 ns, 341.0000 ns/op
OverheadActual  14: 1 op, 411.00 ns, 411.0000 ns/op
OverheadActual  15: 1 op, 290.00 ns, 290.0000 ns/op
OverheadActual  16: 1 op, 411.00 ns, 411.0000 ns/op
OverheadActual  17: 1 op, 411.00 ns, 411.0000 ns/op
OverheadActual  18: 1 op, 381.00 ns, 381.0000 ns/op
OverheadActual  19: 1 op, 381.00 ns, 381.0000 ns/op
OverheadActual  20: 1 op, 370.00 ns, 370.0000 ns/op

WorkloadWarmup   1: 1 op, 30205258.00 ns, 30.2053 ms/op
WorkloadWarmup   2: 1 op, 29653107.00 ns, 29.6531 ms/op
WorkloadWarmup   3: 1 op, 30563643.00 ns, 30.5636 ms/op

// BeforeActualRun
WorkloadActual   1: 1 op, 31519447.00 ns, 31.5194 ms/op
WorkloadActual   2: 1 op, 29888310.00 ns, 29.8883 ms/op
WorkloadActual   3: 1 op, 29783132.00 ns, 29.7831 ms/op

// AfterActualRun
WorkloadResult   1: 1 op, 31519071.00 ns, 31.5191 ms/op
WorkloadResult   2: 1 op, 29887934.00 ns, 29.8879 ms/op
WorkloadResult   3: 1 op, 29782756.00 ns, 29.7828 ms/op
// GC:  0 0 0 33248 1
// Threading:  0 0 1

// AfterAll
// Benchmark Process 268129 has exited with code 0.

Mean = 30.397 ms, StdErr = 0.562 ms (1.85%), N = 3, StdDev = 0.974 ms
Min = 29.783 ms, Q1 = 29.835 ms, Median = 29.888 ms, Q3 = 30.704 ms, Max = 31.519 ms
IQR = 0.868 ms, LowerFence = 28.533 ms, UpperFence = 32.006 ms
ConfidenceInterval = [12.636 ms; 48.157 ms] (CI 99.9%), Margin = 17.761 ms (58.43% of Mean)
Skewness = 0.38, Kurtosis = 0.67, MValue = 2

// ** Remained 8 (88.9%) benchmark(s) to run. Estimated finish 2026-09-22 0:12 (0h 0m from now) **
// **************************
// Benchmark: SessionSetupDecompositionBenchmarks.StageS5_ReadinessTeardownInsideAsync: ShortRun(InvocationCount=1, IterationCount=3, LaunchCount=1, UnrollFactor=1, WarmupCount=3) [Sessions=1]
// *** Execute ***
// Launch: 1 / 1
// Execute: dotnet WinForward.Benchmarks-ShortRun-1.dll --anonymousPipes 144 145 --benchmarkName "WinForward.Benchmarks.Perf.SessionSetupDecompositionBenchmarks.StageS5_ReadinessTeardownInsideAsync(Sessions: 1)" --job ShortRun --benchmarkId 1 in /home/paff/Projects/WinForward/benchmarks/WinForward.Benchmarks/bin/Release/net10.0/WinForward.Benchmarks-ShortRun-1/bin/Release/net10.0
// Failed to set up high priority (Permission denied). In order to run benchmarks with high priority, make sure you have the right permissions.
// BeforeAnythingElse

// Benchmark Process Environment Information:
// BenchmarkDotNet v0.15.8
// Runtime=.NET 10.0.12 (10.0.12, 10.0.1226.42308), X64 RyuJIT x86-64-v4
// GC=Concurrent Workstation
// HardwareIntrinsics=AVX512 BITALG+VBMI2+VNNI+VPOPCNTDQ,AVX512 IFMA+VBMI,AVX512 F+BW+CD+DQ+VL,AVX2+BMI1+BMI2+F16C+FMA+LZCNT+MOVBE,AVX,SSE3+SSSE3+SSE4.1+SSE4.2+POPCNT,X86Base+SSE+SSE2,AES+PCLMUL,AvxVnni VectorSize=256
// Job: ShortRun(InvocationCount=1, IterationCount=3, LaunchCount=1, UnrollFactor=1, WarmupCount=3)

OverheadJitting  1: 1 op, 243379.00 ns, 243.3790 us/op
WorkloadJitting  1: 1 op, 102941008.00 ns, 102.9410 ms/op

OverheadWarmup   1: 1 op, 511.00 ns, 511.0000 ns/op
OverheadWarmup   2: 1 op, 271.00 ns, 271.0000 ns/op
OverheadWarmup   3: 1 op, 290.00 ns, 290.0000 ns/op
OverheadWarmup   4: 1 op, 300.00 ns, 300.0000 ns/op
OverheadWarmup   5: 1 op, 301.00 ns, 301.0000 ns/op
OverheadWarmup   6: 1 op, 311.00 ns, 311.0000 ns/op
OverheadWarmup   7: 1 op, 301.00 ns, 301.0000 ns/op
OverheadWarmup   8: 1 op, 451.00 ns, 451.0000 ns/op
OverheadWarmup   9: 1 op, 311.00 ns, 311.0000 ns/op

OverheadActual   1: 1 op, 421.00 ns, 421.0000 ns/op
OverheadActual   2: 1 op, 431.00 ns, 431.0000 ns/op
OverheadActual   3: 1 op, 421.00 ns, 421.0000 ns/op
OverheadActual   4: 1 op, 420.00 ns, 420.0000 ns/op
OverheadActual   5: 1 op, 441.00 ns, 441.0000 ns/op
OverheadActual   6: 1 op, 431.00 ns, 431.0000 ns/op
OverheadActual   7: 1 op, 301.00 ns, 301.0000 ns/op
OverheadActual   8: 1 op, 431.00 ns, 431.0000 ns/op
OverheadActual   9: 1 op, 431.00 ns, 431.0000 ns/op
OverheadActual  10: 1 op, 441.00 ns, 441.0000 ns/op
OverheadActual  11: 1 op, 401.00 ns, 401.0000 ns/op
OverheadActual  12: 1 op, 310.00 ns, 310.0000 ns/op
OverheadActual  13: 1 op, 301.00 ns, 301.0000 ns/op
OverheadActual  14: 1 op, 291.00 ns, 291.0000 ns/op
OverheadActual  15: 1 op, 441.00 ns, 441.0000 ns/op
OverheadActual  16: 1 op, 451.00 ns, 451.0000 ns/op
OverheadActual  17: 1 op, 301.00 ns, 301.0000 ns/op
OverheadActual  18: 1 op, 421.00 ns, 421.0000 ns/op
OverheadActual  19: 1 op, 431.00 ns, 431.0000 ns/op
OverheadActual  20: 1 op, 450.00 ns, 450.0000 ns/op

WorkloadWarmup   1: 1 op, 44458977.00 ns, 44.4590 ms/op
WorkloadWarmup   2: 1 op, 43571194.00 ns, 43.5712 ms/op
WorkloadWarmup   3: 1 op, 42645146.00 ns, 42.6451 ms/op

// BeforeActualRun
WorkloadActual   1: 1 op, 43115877.00 ns, 43.1159 ms/op
WorkloadActual   2: 1 op, 43817107.00 ns, 43.8171 ms/op
WorkloadActual   3: 1 op, 43012581.00 ns, 43.0126 ms/op

// AfterActualRun
WorkloadResult   1: 1 op, 43115451.00 ns, 43.1155 ms/op
WorkloadResult   2: 1 op, 43816681.00 ns, 43.8167 ms/op
WorkloadResult   3: 1 op, 43012155.00 ns, 43.0122 ms/op
// GC:  0 0 0 100472 1
// Threading:  1 63 1
// Exceptions:  130

// AfterAll
// Benchmark Process 268655 has exited with code 0.

Mean = 43.315 ms, StdErr = 0.253 ms (0.58%), N = 3, StdDev = 0.438 ms
Min = 43.012 ms, Q1 = 43.064 ms, Median = 43.115 ms, Q3 = 43.466 ms, Max = 43.817 ms
IQR = 0.402 ms, LowerFence = 42.460 ms, UpperFence = 44.069 ms
ConfidenceInterval = [35.329 ms; 51.301 ms] (CI 99.9%), Margin = 7.986 ms (18.44% of Mean)
Skewness = 0.36, Kurtosis = 0.67, MValue = 2

// ** Remained 7 (77.8%) benchmark(s) to run. Estimated finish 2026-09-22 0:12 (0h 0m from now) **
// **************************
// Benchmark: SessionSetupDecompositionBenchmarks.StageS4_ReadinessTeardownOutsideAsync: ShortRun(InvocationCount=1, IterationCount=3, LaunchCount=1, UnrollFactor=1, WarmupCount=3) [Sessions=100]
// *** Execute ***
// Launch: 1 / 1
// Execute: dotnet WinForward.Benchmarks-ShortRun-1.dll --anonymousPipes 144 145 --benchmarkName "WinForward.Benchmarks.Perf.SessionSetupDecompositionBenchmarks.StageS4_ReadinessTeardownOutsideAsync(Sessions: 100)" --job ShortRun --benchmarkId 2 in /home/paff/Projects/WinForward/benchmarks/WinForward.Benchmarks/bin/Release/net10.0/WinForward.Benchmarks-ShortRun-1/bin/Release/net10.0
// Failed to set up high priority (Permission denied). In order to run benchmarks with high priority, make sure you have the right permissions.
// BeforeAnythingElse

// Benchmark Process Environment Information:
// BenchmarkDotNet v0.15.8
// Runtime=.NET 10.0.12 (10.0.12, 10.0.1226.42308), X64 RyuJIT x86-64-v4
// GC=Concurrent Workstation
// HardwareIntrinsics=AVX512 BITALG+VBMI2+VNNI+VPOPCNTDQ,AVX512 IFMA+VBMI,AVX512 F+BW+CD+DQ+VL,AVX2+BMI1+BMI2+F16C+FMA+LZCNT+MOVBE,AVX,SSE3+SSSE3+SSE4.1+SSE4.2+POPCNT,X86Base+SSE+SSE2,AES+PCLMUL,AvxVnni VectorSize=256
// Job: ShortRun(InvocationCount=1, IterationCount=3, LaunchCount=1, UnrollFactor=1, WarmupCount=3)

OverheadJitting  1: 1 op, 434759.00 ns, 434.7590 us/op
WorkloadJitting  1: 1 op, 100567877.00 ns, 100.5679 ms/op

OverheadWarmup   1: 1 op, 652.00 ns, 652.0000 ns/op
OverheadWarmup   2: 1 op, 391.00 ns, 391.0000 ns/op
OverheadWarmup   3: 1 op, 291.00 ns, 291.0000 ns/op
OverheadWarmup   4: 1 op, 441.00 ns, 441.0000 ns/op
OverheadWarmup   5: 1 op, 381.00 ns, 381.0000 ns/op
OverheadWarmup   6: 1 op, 420.00 ns, 420.0000 ns/op
OverheadWarmup   7: 1 op, 471.00 ns, 471.0000 ns/op
OverheadWarmup   8: 1 op, 300.00 ns, 300.0000 ns/op

OverheadActual   1: 1 op, 390.00 ns, 390.0000 ns/op
OverheadActual   2: 1 op, 431.00 ns, 431.0000 ns/op
OverheadActual   3: 1 op, 421.00 ns, 421.0000 ns/op
OverheadActual   4: 1 op, 391.00 ns, 391.0000 ns/op
OverheadActual   5: 1 op, 391.00 ns, 391.0000 ns/op
OverheadActual   6: 1 op, 320.00 ns, 320.0000 ns/op
OverheadActual   7: 1 op, 371.00 ns, 371.0000 ns/op
OverheadActual   8: 1 op, 441.00 ns, 441.0000 ns/op
OverheadActual   9: 1 op, 361.00 ns, 361.0000 ns/op
OverheadActual  10: 1 op, 400.00 ns, 400.0000 ns/op
OverheadActual  11: 1 op, 291.00 ns, 291.0000 ns/op
OverheadActual  12: 1 op, 301.00 ns, 301.0000 ns/op
OverheadActual  13: 1 op, 311.00 ns, 311.0000 ns/op
OverheadActual  14: 1 op, 300.00 ns, 300.0000 ns/op
OverheadActual  15: 1 op, 301.00 ns, 301.0000 ns/op
OverheadActual  16: 1 op, 291.00 ns, 291.0000 ns/op
OverheadActual  17: 1 op, 421.00 ns, 421.0000 ns/op
OverheadActual  18: 1 op, 421.00 ns, 421.0000 ns/op
OverheadActual  19: 1 op, 461.00 ns, 461.0000 ns/op
OverheadActual  20: 1 op, 351.00 ns, 351.0000 ns/op

WorkloadWarmup   1: 1 op, 38073163.00 ns, 38.0732 ms/op
WorkloadWarmup   2: 1 op, 37600694.00 ns, 37.6007 ms/op
WorkloadWarmup   3: 1 op, 39623796.00 ns, 39.6238 ms/op

// BeforeActualRun
WorkloadActual   1: 1 op, 38718941.00 ns, 38.7189 ms/op
WorkloadActual   2: 1 op, 38252198.00 ns, 38.2522 ms/op
WorkloadActual   3: 1 op, 39482980.00 ns, 39.4830 ms/op

// AfterActualRun
WorkloadResult   1: 1 op, 38718560.50 ns, 38.7186 ms/op
WorkloadResult   2: 1 op, 38251817.50 ns, 38.2518 ms/op
WorkloadResult   3: 1 op, 39482599.50 ns, 39.4826 ms/op
// GC:  0 0 0 468024 1
// Threading:  90 62 1

// AfterAll
// Benchmark Process 269181 has exited with code 0.

Mean = 38.818 ms, StdErr = 0.359 ms (0.92%), N = 3, StdDev = 0.621 ms
Min = 38.252 ms, Q1 = 38.485 ms, Median = 38.719 ms, Q3 = 39.101 ms, Max = 39.483 ms
IQR = 0.615 ms, LowerFence = 37.562 ms, UpperFence = 40.024 ms
ConfidenceInterval = [27.482 ms; 50.153 ms] (CI 99.9%), Margin = 11.336 ms (29.20% of Mean)
Skewness = 0.16, Kurtosis = 0.67, MValue = 2

// ** Remained 6 (66.7%) benchmark(s) to run. Estimated finish 2026-09-22 0:12 (0h 0m from now) **
// **************************
// Benchmark: SessionSetupDecompositionBenchmarks.StageS5_ReadinessTeardownInsideAsync: ShortRun(InvocationCount=1, IterationCount=3, LaunchCount=1, UnrollFactor=1, WarmupCount=3) [Sessions=100]
// *** Execute ***
// Launch: 1 / 1
// Execute: dotnet WinForward.Benchmarks-ShortRun-1.dll --anonymousPipes 144 145 --benchmarkName "WinForward.Benchmarks.Perf.SessionSetupDecompositionBenchmarks.StageS5_ReadinessTeardownInsideAsync(Sessions: 100)" --job ShortRun --benchmarkId 3 in /home/paff/Projects/WinForward/benchmarks/WinForward.Benchmarks/bin/Release/net10.0/WinForward.Benchmarks-ShortRun-1/bin/Release/net10.0
// Failed to set up high priority (Permission denied). In order to run benchmarks with high priority, make sure you have the right permissions.
// BeforeAnythingElse

// Benchmark Process Environment Information:
// BenchmarkDotNet v0.15.8
// Runtime=.NET 10.0.12 (10.0.12, 10.0.1226.42308), X64 RyuJIT x86-64-v4
// GC=Concurrent Workstation
// HardwareIntrinsics=AVX512 BITALG+VBMI2+VNNI+VPOPCNTDQ,AVX512 IFMA+VBMI,AVX512 F+BW+CD+DQ+VL,AVX2+BMI1+BMI2+F16C+FMA+LZCNT+MOVBE,AVX,SSE3+SSSE3+SSE4.1+SSE4.2+POPCNT,X86Base+SSE+SSE2,AES+PCLMUL,AvxVnni VectorSize=256
// Job: ShortRun(InvocationCount=1, IterationCount=3, LaunchCount=1, UnrollFactor=1, WarmupCount=3)

OverheadJitting  1: 1 op, 302190.00 ns, 302.1900 us/op
WorkloadJitting  1: 1 op, 132344388.00 ns, 132.3444 ms/op

OverheadWarmup   1: 1 op, 371.00 ns, 371.0000 ns/op
OverheadWarmup   2: 1 op, 231.00 ns, 231.0000 ns/op
OverheadWarmup   3: 1 op, 270.00 ns, 270.0000 ns/op
OverheadWarmup   4: 1 op, 270.00 ns, 270.0000 ns/op
OverheadWarmup   5: 1 op, 411.00 ns, 411.0000 ns/op
OverheadWarmup   6: 1 op, 411.00 ns, 411.0000 ns/op

OverheadActual   1: 1 op, 371.00 ns, 371.0000 ns/op
OverheadActual   2: 1 op, 391.00 ns, 391.0000 ns/op
OverheadActual   3: 1 op, 361.00 ns, 361.0000 ns/op
OverheadActual   4: 1 op, 310.00 ns, 310.0000 ns/op
OverheadActual   5: 1 op, 401.00 ns, 401.0000 ns/op
OverheadActual   6: 1 op, 431.00 ns, 431.0000 ns/op
OverheadActual   7: 1 op, 391.00 ns, 391.0000 ns/op
OverheadActual   8: 1 op, 350.00 ns, 350.0000 ns/op
OverheadActual   9: 1 op, 280.00 ns, 280.0000 ns/op
OverheadActual  10: 1 op, 441.00 ns, 441.0000 ns/op
OverheadActual  11: 1 op, 481.00 ns, 481.0000 ns/op
OverheadActual  12: 1 op, 270.00 ns, 270.0000 ns/op
OverheadActual  13: 1 op, 281.00 ns, 281.0000 ns/op
OverheadActual  14: 1 op, 271.00 ns, 271.0000 ns/op
OverheadActual  15: 1 op, 400.00 ns, 400.0000 ns/op
OverheadActual  16: 1 op, 411.00 ns, 411.0000 ns/op
OverheadActual  17: 1 op, 361.00 ns, 361.0000 ns/op
OverheadActual  18: 1 op, 391.00 ns, 391.0000 ns/op
OverheadActual  19: 1 op, 270.00 ns, 270.0000 ns/op
OverheadActual  20: 1 op, 400.00 ns, 400.0000 ns/op

WorkloadWarmup   1: 1 op, 53555012.00 ns, 53.5550 ms/op
WorkloadWarmup   2: 1 op, 54516239.00 ns, 54.5162 ms/op
WorkloadWarmup   3: 1 op, 55355199.00 ns, 55.3552 ms/op

// BeforeActualRun
WorkloadActual   1: 1 op, 53393472.00 ns, 53.3935 ms/op
WorkloadActual   2: 1 op, 52354665.00 ns, 52.3547 ms/op
WorkloadActual   3: 1 op, 52792320.00 ns, 52.7923 ms/op

// AfterActualRun
WorkloadResult   1: 1 op, 53393091.00 ns, 53.3931 ms/op
WorkloadResult   2: 1 op, 52354284.00 ns, 52.3543 ms/op
WorkloadResult   3: 1 op, 52791939.00 ns, 52.7919 ms/op
// GC:  0 0 0 754864 1
// Threading:  192 149 1
// Exceptions:  328

// AfterAll
// Benchmark Process 269731 has exited with code 0.

Mean = 52.846 ms, StdErr = 0.301 ms (0.57%), N = 3, StdDev = 0.522 ms
Min = 52.354 ms, Q1 = 52.573 ms, Median = 52.792 ms, Q3 = 53.093 ms, Max = 53.393 ms
IQR = 0.519 ms, LowerFence = 51.794 ms, UpperFence = 53.872 ms
ConfidenceInterval = [43.332 ms; 62.361 ms] (CI 99.9%), Margin = 9.515 ms (18.00% of Mean)
Skewness = 0.1, Kurtosis = 0.67, MValue = 2

// ** Remained 5 (55.6%) benchmark(s) to run. Estimated finish 2026-09-22 0:12 (0h 0m from now) **
// **************************
// Benchmark: SessionSetupDecompositionBenchmarks.StageS4_ReadinessTeardownOutsideAsync: ShortRun(InvocationCount=1, IterationCount=3, LaunchCount=1, UnrollFactor=1, WarmupCount=3) [Sessions=1000]
// *** Execute ***
// Launch: 1 / 1
// Execute: dotnet WinForward.Benchmarks-ShortRun-1.dll --anonymousPipes 144 145 --benchmarkName "WinForward.Benchmarks.Perf.SessionSetupDecompositionBenchmarks.StageS4_ReadinessTeardownOutsideAsync(Sessions: 1000)" --job ShortRun --benchmarkId 4 in /home/paff/Projects/WinForward/benchmarks/WinForward.Benchmarks/bin/Release/net10.0/WinForward.Benchmarks-ShortRun-1/bin/Release/net10.0
// Failed to set up high priority (Permission denied). In order to run benchmarks with high priority, make sure you have the right permissions.
// BeforeAnythingElse

// Benchmark Process Environment Information:
// BenchmarkDotNet v0.15.8
// Runtime=.NET 10.0.12 (10.0.12, 10.0.1226.42308), X64 RyuJIT x86-64-v4
// GC=Concurrent Workstation
// HardwareIntrinsics=AVX512 BITALG+VBMI2+VNNI+VPOPCNTDQ,AVX512 IFMA+VBMI,AVX512 F+BW+CD+DQ+VL,AVX2+BMI1+BMI2+F16C+FMA+LZCNT+MOVBE,AVX,SSE3+SSSE3+SSE4.1+SSE4.2+POPCNT,X86Base+SSE+SSE2,AES+PCLMUL,AvxVnni VectorSize=256
// Job: ShortRun(InvocationCount=1, IterationCount=3, LaunchCount=1, UnrollFactor=1, WarmupCount=3)

OverheadJitting  1: 1 op, 288684.00 ns, 288.6840 us/op
WorkloadJitting  1: 1 op, 122736876.00 ns, 122.7369 ms/op

OverheadWarmup   1: 1 op, 1162.00 ns, 1.1620 us/op
OverheadWarmup   2: 1 op, 931.00 ns, 931.0000 ns/op
OverheadWarmup   3: 1 op, 611.00 ns, 611.0000 ns/op
OverheadWarmup   4: 1 op, 671.00 ns, 671.0000 ns/op
OverheadWarmup   5: 1 op, 1082.00 ns, 1.0820 us/op
OverheadWarmup   6: 1 op, 701.00 ns, 701.0000 ns/op
OverheadWarmup   7: 1 op, 440.00 ns, 440.0000 ns/op
OverheadWarmup   8: 1 op, 431.00 ns, 431.0000 ns/op
OverheadWarmup   9: 1 op, 291.00 ns, 291.0000 ns/op
OverheadWarmup  10: 1 op, 271.00 ns, 271.0000 ns/op

OverheadActual   1: 1 op, 451.00 ns, 451.0000 ns/op
OverheadActual   2: 1 op, 421.00 ns, 421.0000 ns/op
OverheadActual   3: 1 op, 421.00 ns, 421.0000 ns/op
OverheadActual   4: 1 op, 390.00 ns, 390.0000 ns/op
OverheadActual   5: 1 op, 410.00 ns, 410.0000 ns/op
OverheadActual   6: 1 op, 280.00 ns, 280.0000 ns/op
OverheadActual   7: 1 op, 271.00 ns, 271.0000 ns/op
OverheadActual   8: 1 op, 290.00 ns, 290.0000 ns/op
OverheadActual   9: 1 op, 301.00 ns, 301.0000 ns/op
OverheadActual  10: 1 op, 280.00 ns, 280.0000 ns/op
OverheadActual  11: 1 op, 291.00 ns, 291.0000 ns/op
OverheadActual  12: 1 op, 571.00 ns, 571.0000 ns/op
OverheadActual  13: 1 op, 420.00 ns, 420.0000 ns/op
OverheadActual  14: 1 op, 281.00 ns, 281.0000 ns/op
OverheadActual  15: 1 op, 421.00 ns, 421.0000 ns/op
OverheadActual  16: 1 op, 291.00 ns, 291.0000 ns/op
OverheadActual  17: 1 op, 411.00 ns, 411.0000 ns/op
OverheadActual  18: 1 op, 390.00 ns, 390.0000 ns/op
OverheadActual  19: 1 op, 481.00 ns, 481.0000 ns/op
OverheadActual  20: 1 op, 281.00 ns, 281.0000 ns/op

WorkloadWarmup   1: 1 op, 64816939.00 ns, 64.8169 ms/op
WorkloadWarmup   2: 1 op, 64231656.00 ns, 64.2317 ms/op
WorkloadWarmup   3: 1 op, 74963860.00 ns, 74.9639 ms/op

// BeforeActualRun
WorkloadActual   1: 1 op, 79890134.00 ns, 79.8901 ms/op
WorkloadActual   2: 1 op, 80454141.00 ns, 80.4541 ms/op
WorkloadActual   3: 1 op, 58304157.00 ns, 58.3042 ms/op

// AfterActualRun
WorkloadResult   1: 1 op, 79889744.00 ns, 79.8897 ms/op
WorkloadResult   2: 1 op, 80453751.00 ns, 80.4538 ms/op
WorkloadResult   3: 1 op, 58303767.00 ns, 58.3038 ms/op
// GC:  0 0 0 4409872 1
// Threading:  998 362 1

// AfterAll
// Benchmark Process 270291 has exited with code 0.

Mean = 72.882 ms, StdErr = 7.291 ms (10.00%), N = 3, StdDev = 12.629 ms
Min = 58.304 ms, Q1 = 69.097 ms, Median = 79.890 ms, Q3 = 80.172 ms, Max = 80.454 ms
IQR = 11.075 ms, LowerFence = 52.484 ms, UpperFence = 96.784 ms
ConfidenceInterval = [-157.511 ms; 303.276 ms] (CI 99.9%), Margin = 230.393 ms (316.12% of Mean)
Skewness = -0.38, Kurtosis = 0.67, MValue = 2

// ** Remained 4 (44.4%) benchmark(s) to run. Estimated finish 2026-09-22 0:12 (0h 0m from now) **
// **************************
// Benchmark: SessionSetupDecompositionBenchmarks.StageS5_ReadinessTeardownInsideAsync: ShortRun(InvocationCount=1, IterationCount=3, LaunchCount=1, UnrollFactor=1, WarmupCount=3) [Sessions=1000]
// *** Execute ***
// Launch: 1 / 1
// Execute: dotnet WinForward.Benchmarks-ShortRun-1.dll --anonymousPipes 144 145 --benchmarkName "WinForward.Benchmarks.Perf.SessionSetupDecompositionBenchmarks.StageS5_ReadinessTeardownInsideAsync(Sessions: 1000)" --job ShortRun --benchmarkId 5 in /home/paff/Projects/WinForward/benchmarks/WinForward.Benchmarks/bin/Release/net10.0/WinForward.Benchmarks-ShortRun-1/bin/Release/net10.0
// Failed to set up high priority (Permission denied). In order to run benchmarks with high priority, make sure you have the right permissions.
// BeforeAnythingElse

// Benchmark Process Environment Information:
// BenchmarkDotNet v0.15.8
// Runtime=.NET 10.0.12 (10.0.12, 10.0.1226.42308), X64 RyuJIT x86-64-v4
// GC=Concurrent Workstation
// HardwareIntrinsics=AVX512 BITALG+VBMI2+VNNI+VPOPCNTDQ,AVX512 IFMA+VBMI,AVX512 F+BW+CD+DQ+VL,AVX2+BMI1+BMI2+F16C+FMA+LZCNT+MOVBE,AVX,SSE3+SSSE3+SSE4.1+SSE4.2+POPCNT,X86Base+SSE+SSE2,AES+PCLMUL,AvxVnni VectorSize=256
// Job: ShortRun(InvocationCount=1, IterationCount=3, LaunchCount=1, UnrollFactor=1, WarmupCount=3)

OverheadJitting  1: 1 op, 276552.00 ns, 276.5520 us/op
WorkloadJitting  1: 1 op, 159174313.00 ns, 159.1743 ms/op

OverheadWarmup   1: 1 op, 481.00 ns, 481.0000 ns/op
OverheadWarmup   2: 1 op, 401.00 ns, 401.0000 ns/op
OverheadWarmup   3: 1 op, 461.00 ns, 461.0000 ns/op
OverheadWarmup   4: 1 op, 400.00 ns, 400.0000 ns/op
OverheadWarmup   5: 1 op, 270.00 ns, 270.0000 ns/op
OverheadWarmup   6: 1 op, 391.00 ns, 391.0000 ns/op
OverheadWarmup   7: 1 op, 431.00 ns, 431.0000 ns/op
OverheadWarmup   8: 1 op, 391.00 ns, 391.0000 ns/op

OverheadActual   1: 1 op, 771.00 ns, 771.0000 ns/op
OverheadActual   2: 1 op, 401.00 ns, 401.0000 ns/op
OverheadActual   3: 1 op, 430.00 ns, 430.0000 ns/op
OverheadActual   4: 1 op, 1042.00 ns, 1.0420 us/op
OverheadActual   5: 1 op, 380.00 ns, 380.0000 ns/op
OverheadActual   6: 1 op, 451.00 ns, 451.0000 ns/op
OverheadActual   7: 1 op, 491.00 ns, 491.0000 ns/op
OverheadActual   8: 1 op, 481.00 ns, 481.0000 ns/op
OverheadActual   9: 1 op, 380.00 ns, 380.0000 ns/op
OverheadActual  10: 1 op, 391.00 ns, 391.0000 ns/op
OverheadActual  11: 1 op, 321.00 ns, 321.0000 ns/op
OverheadActual  12: 1 op, 401.00 ns, 401.0000 ns/op
OverheadActual  13: 1 op, 451.00 ns, 451.0000 ns/op
OverheadActual  14: 1 op, 380.00 ns, 380.0000 ns/op
OverheadActual  15: 1 op, 401.00 ns, 401.0000 ns/op
OverheadActual  16: 1 op, 290.00 ns, 290.0000 ns/op
OverheadActual  17: 1 op, 290.00 ns, 290.0000 ns/op
OverheadActual  18: 1 op, 400.00 ns, 400.0000 ns/op
OverheadActual  19: 1 op, 291.00 ns, 291.0000 ns/op
OverheadActual  20: 1 op, 431.00 ns, 431.0000 ns/op

WorkloadWarmup   1: 1 op, 87697294.00 ns, 87.6973 ms/op
WorkloadWarmup   2: 1 op, 87151195.00 ns, 87.1512 ms/op
WorkloadWarmup   3: 1 op, 87283973.00 ns, 87.2840 ms/op

// BeforeActualRun
WorkloadActual   1: 1 op, 90828053.00 ns, 90.8281 ms/op
WorkloadActual   2: 1 op, 82655034.00 ns, 82.6550 ms/op
WorkloadActual   3: 1 op, 90658875.00 ns, 90.6589 ms/op

// AfterActualRun
WorkloadResult   1: 1 op, 90827652.00 ns, 90.8277 ms/op
WorkloadResult   2: 1 op, 82654633.00 ns, 82.6546 ms/op
WorkloadResult   3: 1 op, 90658474.00 ns, 90.6585 ms/op
// GC:  0 0 0 6498632 1
// Threading:  1996 491 1
// Exceptions:  2128

// AfterAll
// Benchmark Process 270851 has exited with code 0.

Mean = 88.047 ms, StdErr = 2.697 ms (3.06%), N = 3, StdDev = 4.671 ms
Min = 82.655 ms, Q1 = 86.657 ms, Median = 90.658 ms, Q3 = 90.743 ms, Max = 90.828 ms
IQR = 4.087 ms, LowerFence = 80.527 ms, UpperFence = 96.873 ms
ConfidenceInterval = [2.837 ms; 173.256 ms] (CI 99.9%), Margin = 85.210 ms (96.78% of Mean)
Skewness = -0.38, Kurtosis = 0.67, MValue = 2

// ** Remained 3 (33.3%) benchmark(s) to run. Estimated finish 2026-09-22 0:12 (0h 0m from now) **
// ***** BenchmarkRunner: Finish  *****

// * Export *
  BenchmarkDotNet.Artifacts/results/WinForward.Benchmarks.Perf.SessionSetupDecompositionBenchmarks-report.csv
  BenchmarkDotNet.Artifacts/results/WinForward.Benchmarks.Perf.SessionSetupDecompositionBenchmarks-report-github.md
  BenchmarkDotNet.Artifacts/results/WinForward.Benchmarks.Perf.SessionSetupDecompositionBenchmarks-report.html

// * Detailed results *
SessionSetupDecompositionBenchmarks.StageS4_ReadinessTeardownOutsideAsync: ShortRun(InvocationCount=1, IterationCount=3, LaunchCount=1, UnrollFactor=1, WarmupCount=3) [Sessions=1]
Runtime = .NET 10.0.12 (10.0.12, 10.0.1226.42308), X64 RyuJIT x86-64-v4; GC = Concurrent Workstation
Mean = 30.397 ms, StdErr = 0.562 ms (1.85%), N = 3, StdDev = 0.974 ms
Min = 29.783 ms, Q1 = 29.835 ms, Median = 29.888 ms, Q3 = 30.704 ms, Max = 31.519 ms
IQR = 0.868 ms, LowerFence = 28.533 ms, UpperFence = 32.006 ms
ConfidenceInterval = [12.636 ms; 48.157 ms] (CI 99.9%), Margin = 17.761 ms (58.43% of Mean)
Skewness = 0.38, Kurtosis = 0.67, MValue = 2
-------------------- Histogram --------------------
[29.765 ms ; 31.537 ms) | @@@
---------------------------------------------------

SessionSetupDecompositionBenchmarks.StageS5_ReadinessTeardownInsideAsync: ShortRun(InvocationCount=1, IterationCount=3, LaunchCount=1, UnrollFactor=1, WarmupCount=3) [Sessions=1]
Runtime = .NET 10.0.12 (10.0.12, 10.0.1226.42308), X64 RyuJIT x86-64-v4; GC = Concurrent Workstation
Mean = 43.315 ms, StdErr = 0.253 ms (0.58%), N = 3, StdDev = 0.438 ms
Min = 43.012 ms, Q1 = 43.064 ms, Median = 43.115 ms, Q3 = 43.466 ms, Max = 43.817 ms
IQR = 0.402 ms, LowerFence = 42.460 ms, UpperFence = 44.069 ms
ConfidenceInterval = [35.329 ms; 51.301 ms] (CI 99.9%), Margin = 7.986 ms (18.44% of Mean)
Skewness = 0.36, Kurtosis = 0.67, MValue = 2
-------------------- Histogram --------------------
[42.614 ms ; 44.215 ms) | @@@
---------------------------------------------------

SessionSetupDecompositionBenchmarks.StageS4_ReadinessTeardownOutsideAsync: ShortRun(InvocationCount=1, IterationCount=3, LaunchCount=1, UnrollFactor=1, WarmupCount=3) [Sessions=100]
Runtime = .NET 10.0.12 (10.0.12, 10.0.1226.42308), X64 RyuJIT x86-64-v4; GC = Concurrent Workstation
Mean = 38.818 ms, StdErr = 0.359 ms (0.92%), N = 3, StdDev = 0.621 ms
Min = 38.252 ms, Q1 = 38.485 ms, Median = 38.719 ms, Q3 = 39.101 ms, Max = 39.483 ms
IQR = 0.615 ms, LowerFence = 37.562 ms, UpperFence = 40.024 ms
ConfidenceInterval = [27.482 ms; 50.153 ms] (CI 99.9%), Margin = 11.336 ms (29.20% of Mean)
Skewness = 0.16, Kurtosis = 0.67, MValue = 2
-------------------- Histogram --------------------
[37.920 ms ; 39.051 ms) | @@
[39.051 ms ; 40.048 ms) | @
---------------------------------------------------

SessionSetupDecompositionBenchmarks.StageS5_ReadinessTeardownInsideAsync: ShortRun(InvocationCount=1, IterationCount=3, LaunchCount=1, UnrollFactor=1, WarmupCount=3) [Sessions=100]
Runtime = .NET 10.0.12 (10.0.12, 10.0.1226.42308), X64 RyuJIT x86-64-v4; GC = Concurrent Workstation
Mean = 52.846 ms, StdErr = 0.301 ms (0.57%), N = 3, StdDev = 0.522 ms
Min = 52.354 ms, Q1 = 52.573 ms, Median = 52.792 ms, Q3 = 53.093 ms, Max = 53.393 ms
IQR = 0.519 ms, LowerFence = 51.794 ms, UpperFence = 53.872 ms
ConfidenceInterval = [43.332 ms; 62.361 ms] (CI 99.9%), Margin = 9.515 ms (18.00% of Mean)
Skewness = 0.1, Kurtosis = 0.67, MValue = 2
-------------------- Histogram --------------------
[52.047 ms ; 53.868 ms) | @@@
---------------------------------------------------

SessionSetupDecompositionBenchmarks.StageS4_ReadinessTeardownOutsideAsync: ShortRun(InvocationCount=1, IterationCount=3, LaunchCount=1, UnrollFactor=1, WarmupCount=3) [Sessions=1000]
Runtime = .NET 10.0.12 (10.0.12, 10.0.1226.42308), X64 RyuJIT x86-64-v4; GC = Concurrent Workstation
Mean = 72.882 ms, StdErr = 7.291 ms (10.00%), N = 3, StdDev = 12.629 ms
Min = 58.304 ms, Q1 = 69.097 ms, Median = 79.890 ms, Q3 = 80.172 ms, Max = 80.454 ms
IQR = 11.075 ms, LowerFence = 52.484 ms, UpperFence = 96.784 ms
ConfidenceInterval = [-157.511 ms; 303.276 ms] (CI 99.9%), Margin = 230.393 ms (316.12% of Mean)
Skewness = -0.38, Kurtosis = 0.67, MValue = 2
-------------------- Histogram --------------------
[57.886 ms ; 80.871 ms) | @@@
---------------------------------------------------

SessionSetupDecompositionBenchmarks.StageS5_ReadinessTeardownInsideAsync: ShortRun(InvocationCount=1, IterationCount=3, LaunchCount=1, UnrollFactor=1, WarmupCount=3) [Sessions=1000]
Runtime = .NET 10.0.12 (10.0.12, 10.0.1226.42308), X64 RyuJIT x86-64-v4; GC = Concurrent Workstation
Mean = 88.047 ms, StdErr = 2.697 ms (3.06%), N = 3, StdDev = 4.671 ms
Min = 82.655 ms, Q1 = 86.657 ms, Median = 90.658 ms, Q3 = 90.743 ms, Max = 90.828 ms
IQR = 4.087 ms, LowerFence = 80.527 ms, UpperFence = 96.873 ms
ConfidenceInterval = [2.837 ms; 173.256 ms] (CI 99.9%), Margin = 85.210 ms (96.78% of Mean)
Skewness = -0.38, Kurtosis = 0.67, MValue = 2
-------------------- Histogram --------------------
[82.491 ms ; 90.992 ms) | @@@
---------------------------------------------------

// * Summary *

BenchmarkDotNet v0.15.8, Linux NixOS 26.11 (Zokor)
AMD Ryzen 9 9955HX 2.50GHz, 1 CPU, 32 logical and 16 physical cores
.NET SDK 10.0.401
  [Host]   : .NET 10.0.12 (10.0.12, 10.0.1226.42308), X64 RyuJIT x86-64-v4
  ShortRun : .NET 10.0.12 (10.0.12, 10.0.1226.42308), X64 RyuJIT x86-64-v4

Job=ShortRun  InvocationCount=1  IterationCount=3  
LaunchCount=1  UnrollFactor=1  WarmupCount=3  

| Method                                | Sessions | Mean     | Error      | StdDev    | Allocated  |
|-------------------------------------- |--------- |---------:|-----------:|----------:|-----------:|
| StageS4_ReadinessTeardownOutsideAsync | 1        | 30.40 ms |  17.761 ms |  0.974 ms |   32.47 KB |
| StageS5_ReadinessTeardownInsideAsync  | 1        | 43.31 ms |   7.986 ms |  0.438 ms |   98.12 KB |
| StageS4_ReadinessTeardownOutsideAsync | 100      | 38.82 ms |  11.336 ms |  0.621 ms |  457.05 KB |
| StageS5_ReadinessTeardownInsideAsync  | 100      | 52.85 ms |   9.515 ms |  0.522 ms |  737.17 KB |
| StageS4_ReadinessTeardownOutsideAsync | 1000     | 72.88 ms | 230.393 ms | 12.629 ms | 4306.52 KB |
| StageS5_ReadinessTeardownInsideAsync  | 1000     | 88.05 ms |  85.210 ms |  4.671 ms | 6346.32 KB |

// * Warnings *
MinIterationTime
  SessionSetupDecompositionBenchmarks.StageS4_ReadinessTeardownOutsideAsync: ShortRun -> The minimum observed iteration time is 29.783ms which is very small. It's recommended to increase it to at least 100ms using more operations.
  SessionSetupDecompositionBenchmarks.StageS5_ReadinessTeardownInsideAsync: ShortRun  -> The minimum observed iteration time is 43.013ms which is very small. It's recommended to increase it to at least 100ms using more operations.
  SessionSetupDecompositionBenchmarks.StageS4_ReadinessTeardownOutsideAsync: ShortRun -> The minimum observed iteration time is 38.252ms which is very small. It's recommended to increase it to at least 100ms using more operations.
  SessionSetupDecompositionBenchmarks.StageS5_ReadinessTeardownInsideAsync: ShortRun  -> The minimum observed iteration time is 52.355ms which is very small. It's recommended to increase it to at least 100ms using more operations.
  SessionSetupDecompositionBenchmarks.StageS4_ReadinessTeardownOutsideAsync: ShortRun -> The minimum observed iteration time is 58.304ms which is very small. It's recommended to increase it to at least 100ms using more operations.
  SessionSetupDecompositionBenchmarks.StageS5_ReadinessTeardownInsideAsync: ShortRun  -> The minimum observed iteration time is 82.655ms which is very small. It's recommended to increase it to at least 100ms using more operations.

// * Legends *
  Sessions  : Value of the 'Sessions' parameter
  Mean      : Arithmetic mean of all measurements
  Error     : Half of 99.9% confidence interval
  StdDev    : Standard deviation of all measurements
  Allocated : Allocated memory per single operation (managed only, inclusive, 1KB = 1024B)
  1 ms      : 1 Millisecond (0.001 sec)

// * Diagnostic Output - MemoryDiagnoser *


// ***** BenchmarkRunner: End *****
Run time: 00:00:05 (5.45 sec), executed benchmarks: 6

// Found 3 benchmarks:
//   UdpSessionBenchmarks.PopulateSessionsNoopTransportAsync: ShortRun(IterationCount=3, LaunchCount=1, WarmupCount=3) [Sessions=1]
//   UdpSessionBenchmarks.PopulateSessionsNoopTransportAsync: ShortRun(IterationCount=3, LaunchCount=1, WarmupCount=3) [Sessions=100]
//   UdpSessionBenchmarks.PopulateSessionsNoopTransportAsync: ShortRun(IterationCount=3, LaunchCount=1, WarmupCount=3) [Sessions=1000]

// **************************
// Benchmark: UdpSessionBenchmarks.PopulateSessionsNoopTransportAsync: ShortRun(IterationCount=3, LaunchCount=1, WarmupCount=3) [Sessions=1]
// *** Execute ***
// Launch: 1 / 1
// Execute: dotnet WinForward.Benchmarks-ShortRun-1.dll --anonymousPipes 149 150 --benchmarkName "WinForward.Benchmarks.Perf.UdpSessionBenchmarks.PopulateSessionsNoopTransportAsync(Sessions: 1)" --job ShortRun --benchmarkId 6 in /home/paff/Projects/WinForward/benchmarks/WinForward.Benchmarks/bin/Release/net10.0/WinForward.Benchmarks-ShortRun-1/bin/Release/net10.0
// Failed to set up high priority (Permission denied). In order to run benchmarks with high priority, make sure you have the right permissions.
// BeforeAnythingElse

// Benchmark Process Environment Information:
// BenchmarkDotNet v0.15.8
// Runtime=.NET 10.0.12 (10.0.12, 10.0.1226.42308), X64 RyuJIT x86-64-v4
// GC=Concurrent Workstation
// HardwareIntrinsics=AVX512 BITALG+VBMI2+VNNI+VPOPCNTDQ,AVX512 IFMA+VBMI,AVX512 F+BW+CD+DQ+VL,AVX2+BMI1+BMI2+F16C+FMA+LZCNT+MOVBE,AVX,SSE3+SSSE3+SSE4.1+SSE4.2+POPCNT,X86Base+SSE+SSE2,AES+PCLMUL,AvxVnni VectorSize=256
// Job: ShortRun(IterationCount=3, LaunchCount=1, WarmupCount=3)

OverheadJitting  1: 1 op, 358776.00 ns, 358.7760 us/op
WorkloadJitting  1: 1 op, 102533190.00 ns, 102.5332 ms/op

WorkloadPilot    1: 2 op, 90528438.00 ns, 45.2642 ms/op
WorkloadPilot    2: 3 op, 135122541.00 ns, 45.0408 ms/op
WorkloadPilot    3: 4 op, 178187140.00 ns, 44.5468 ms/op
WorkloadPilot    4: 5 op, 221824959.00 ns, 44.3650 ms/op
WorkloadPilot    5: 6 op, 266980097.00 ns, 44.4967 ms/op
WorkloadPilot    6: 7 op, 307473082.00 ns, 43.9247 ms/op
WorkloadPilot    7: 8 op, 350449896.00 ns, 43.8062 ms/op
WorkloadPilot    8: 9 op, 392384127.00 ns, 43.5982 ms/op
WorkloadPilot    9: 10 op, 438061693.00 ns, 43.8062 ms/op
WorkloadPilot   10: 11 op, 479646369.00 ns, 43.6042 ms/op
WorkloadPilot   11: 12 op, 525514251.00 ns, 43.7929 ms/op

WorkloadWarmup   1: 12 op, 529885958.00 ns, 44.1572 ms/op
WorkloadWarmup   2: 12 op, 523569736.00 ns, 43.6308 ms/op
WorkloadWarmup   3: 12 op, 519789934.00 ns, 43.3158 ms/op

// BeforeActualRun
WorkloadActual   1: 12 op, 518565008.00 ns, 43.2138 ms/op
WorkloadActual   2: 12 op, 519908688.00 ns, 43.3257 ms/op
WorkloadActual   3: 12 op, 528335928.00 ns, 44.0280 ms/op

// AfterActualRun
WorkloadResult   1: 12 op, 518565008.00 ns, 43.2138 ms/op
WorkloadResult   2: 12 op, 519908688.00 ns, 43.3257 ms/op
WorkloadResult   3: 12 op, 528335928.00 ns, 44.0280 ms/op
// GC:  0 0 0 940032 12
// Threading:  24 766 12
// Exceptions:  130

// AfterAll
// Benchmark Process 271408 has exited with code 0.

Mean = 43.522 ms, StdErr = 0.255 ms (0.59%), N = 3, StdDev = 0.441 ms
Min = 43.214 ms, Q1 = 43.270 ms, Median = 43.326 ms, Q3 = 43.677 ms, Max = 44.028 ms
IQR = 0.407 ms, LowerFence = 42.659 ms, UpperFence = 44.288 ms
ConfidenceInterval = [35.471 ms; 51.574 ms] (CI 99.9%), Margin = 8.052 ms (18.50% of Mean)
Skewness = 0.36, Kurtosis = 0.67, MValue = 2

// ** Remained 2 (22.2%) benchmark(s) to run. Estimated finish 2026-09-22 0:12 (0h 0m from now) **
// **************************
// Benchmark: UdpSessionBenchmarks.PopulateSessionsNoopTransportAsync: ShortRun(IterationCount=3, LaunchCount=1, WarmupCount=3) [Sessions=100]
// *** Execute ***
// Launch: 1 / 1
// Execute: dotnet WinForward.Benchmarks-ShortRun-1.dll --anonymousPipes 149 150 --benchmarkName "WinForward.Benchmarks.Perf.UdpSessionBenchmarks.PopulateSessionsNoopTransportAsync(Sessions: 100)" --job ShortRun --benchmarkId 7 in /home/paff/Projects/WinForward/benchmarks/WinForward.Benchmarks/bin/Release/net10.0/WinForward.Benchmarks-ShortRun-1/bin/Release/net10.0
// Failed to set up high priority (Permission denied). In order to run benchmarks with high priority, make sure you have the right permissions.
// BeforeAnythingElse

// Benchmark Process Environment Information:
// BenchmarkDotNet v0.15.8
// Runtime=.NET 10.0.12 (10.0.12, 10.0.1226.42308), X64 RyuJIT x86-64-v4
// GC=Concurrent Workstation
// HardwareIntrinsics=AVX512 BITALG+VBMI2+VNNI+VPOPCNTDQ,AVX512 IFMA+VBMI,AVX512 F+BW+CD+DQ+VL,AVX2+BMI1+BMI2+F16C+FMA+LZCNT+MOVBE,AVX,SSE3+SSSE3+SSE4.1+SSE4.2+POPCNT,X86Base+SSE+SSE2,AES+PCLMUL,AvxVnni VectorSize=256
// Job: ShortRun(IterationCount=3, LaunchCount=1, WarmupCount=3)

OverheadJitting  1: 1 op, 253107.00 ns, 253.1070 us/op
WorkloadJitting  1: 1 op, 118902867.00 ns, 118.9029 ms/op

WorkloadPilot    1: 2 op, 106027896.00 ns, 53.0139 ms/op
WorkloadPilot    2: 3 op, 157892135.00 ns, 52.6307 ms/op
WorkloadPilot    3: 4 op, 218690713.00 ns, 54.6727 ms/op
WorkloadPilot    4: 5 op, 267385201.00 ns, 53.4770 ms/op
WorkloadPilot    5: 6 op, 328529779.00 ns, 54.7550 ms/op
WorkloadPilot    6: 7 op, 372360563.00 ns, 53.1944 ms/op
WorkloadPilot    7: 8 op, 420502329.00 ns, 52.5628 ms/op
WorkloadPilot    8: 9 op, 469759180.00 ns, 52.1955 ms/op
WorkloadPilot    9: 10 op, 522734092.00 ns, 52.2734 ms/op

WorkloadWarmup   1: 10 op, 511878807.00 ns, 51.1879 ms/op
WorkloadWarmup   2: 10 op, 512812396.00 ns, 51.2812 ms/op
WorkloadWarmup   3: 10 op, 509702886.00 ns, 50.9703 ms/op

// BeforeActualRun
WorkloadActual   1: 10 op, 526071540.00 ns, 52.6072 ms/op
WorkloadActual   2: 10 op, 521405047.00 ns, 52.1405 ms/op
WorkloadActual   3: 10 op, 514748761.00 ns, 51.4749 ms/op

// AfterActualRun
WorkloadResult   1: 10 op, 526071540.00 ns, 52.6072 ms/op
WorkloadResult   2: 10 op, 521405047.00 ns, 52.1405 ms/op
WorkloadResult   3: 10 op, 514748761.00 ns, 51.4749 ms/op
// GC:  0 0 0 6463680 10
// Threading:  1854 1195 10
// Exceptions:  328

// AfterAll
// Benchmark Process 281872 has exited with code 0.

Mean = 52.074 ms, StdErr = 0.329 ms (0.63%), N = 3, StdDev = 0.569 ms
Min = 51.475 ms, Q1 = 51.808 ms, Median = 52.141 ms, Q3 = 52.374 ms, Max = 52.607 ms
IQR = 0.566 ms, LowerFence = 50.958 ms, UpperFence = 53.223 ms
ConfidenceInterval = [41.693 ms; 62.456 ms] (CI 99.9%), Margin = 10.382 ms (19.94% of Mean)
Skewness = -0.11, Kurtosis = 0.67, MValue = 2

// ** Remained 1 (11.1%) benchmark(s) to run. Estimated finish 2026-09-22 0:13 (0h 0m from now) **
// **************************
// Benchmark: UdpSessionBenchmarks.PopulateSessionsNoopTransportAsync: ShortRun(IterationCount=3, LaunchCount=1, WarmupCount=3) [Sessions=1000]
// *** Execute ***
// Launch: 1 / 1
// Execute: dotnet WinForward.Benchmarks-ShortRun-1.dll --anonymousPipes 149 150 --benchmarkName "WinForward.Benchmarks.Perf.UdpSessionBenchmarks.PopulateSessionsNoopTransportAsync(Sessions: 1000)" --job ShortRun --benchmarkId 8 in /home/paff/Projects/WinForward/benchmarks/WinForward.Benchmarks/bin/Release/net10.0/WinForward.Benchmarks-ShortRun-1/bin/Release/net10.0
// Failed to set up high priority (Permission denied). In order to run benchmarks with high priority, make sure you have the right permissions.
// BeforeAnythingElse

// Benchmark Process Environment Information:
// BenchmarkDotNet v0.15.8
// Runtime=.NET 10.0.12 (10.0.12, 10.0.1226.42308), X64 RyuJIT x86-64-v4
// GC=Concurrent Workstation
// HardwareIntrinsics=AVX512 BITALG+VBMI2+VNNI+VPOPCNTDQ,AVX512 IFMA+VBMI,AVX512 F+BW+CD+DQ+VL,AVX2+BMI1+BMI2+F16C+FMA+LZCNT+MOVBE,AVX,SSE3+SSSE3+SSE4.1+SSE4.2+POPCNT,X86Base+SSE+SSE2,AES+PCLMUL,AvxVnni VectorSize=256
// Job: ShortRun(IterationCount=3, LaunchCount=1, WarmupCount=3)

OverheadJitting  1: 1 op, 293443.00 ns, 293.4430 us/op
WorkloadJitting  1: 1 op, 160877252.00 ns, 160.8773 ms/op

WorkloadPilot    1: 2 op, 183812764.00 ns, 91.9064 ms/op
WorkloadPilot    2: 3 op, 296500756.00 ns, 98.8336 ms/op
WorkloadPilot    3: 4 op, 377935656.00 ns, 94.4839 ms/op
WorkloadPilot    4: 5 op, 500281953.00 ns, 100.0564 ms/op

WorkloadWarmup   1: 5 op, 434650780.00 ns, 86.9302 ms/op
WorkloadWarmup   2: 5 op, 405018357.00 ns, 81.0037 ms/op
WorkloadWarmup   3: 5 op, 350359775.00 ns, 70.0720 ms/op

// BeforeActualRun
WorkloadActual   1: 5 op, 349455065.00 ns, 69.8910 ms/op
WorkloadActual   2: 5 op, 358630520.00 ns, 71.7261 ms/op
WorkloadActual   3: 5 op, 348913672.00 ns, 69.7827 ms/op

// AfterActualRun
WorkloadResult   1: 5 op, 349455065.00 ns, 69.8910 ms/op
WorkloadResult   2: 5 op, 358630520.00 ns, 71.7261 ms/op
WorkloadResult   3: 5 op, 348913672.00 ns, 69.7827 ms/op
// GC:  1 0 0 28992328 5
// Threading:  9981 1602 5
// Exceptions:  2128

// AfterAll
// Benchmark Process 289956 has exited with code 0.

Mean = 70.467 ms, StdErr = 0.631 ms (0.89%), N = 3, StdDev = 1.092 ms
Min = 69.783 ms, Q1 = 69.837 ms, Median = 69.891 ms, Q3 = 70.809 ms, Max = 71.726 ms
IQR = 0.972 ms, LowerFence = 68.379 ms, UpperFence = 72.266 ms
ConfidenceInterval = [50.543 ms; 90.390 ms] (CI 99.9%), Margin = 19.924 ms (28.27% of Mean)
Skewness = 0.38, Kurtosis = 0.67, MValue = 2

// ** Remained 0 (0.0%) benchmark(s) to run. Estimated finish 2026-09-22 0:13 (0h 0m from now) **
// ***** BenchmarkRunner: Finish  *****

// * Export *
  BenchmarkDotNet.Artifacts/results/WinForward.Benchmarks.Perf.UdpSessionBenchmarks-report.csv
  BenchmarkDotNet.Artifacts/results/WinForward.Benchmarks.Perf.UdpSessionBenchmarks-report-github.md
  BenchmarkDotNet.Artifacts/results/WinForward.Benchmarks.Perf.UdpSessionBenchmarks-report.html

// * Detailed results *
UdpSessionBenchmarks.PopulateSessionsNoopTransportAsync: ShortRun(IterationCount=3, LaunchCount=1, WarmupCount=3) [Sessions=1]
Runtime = .NET 10.0.12 (10.0.12, 10.0.1226.42308), X64 RyuJIT x86-64-v4; GC = Concurrent Workstation
Mean = 43.522 ms, StdErr = 0.255 ms (0.59%), N = 3, StdDev = 0.441 ms
Min = 43.214 ms, Q1 = 43.270 ms, Median = 43.326 ms, Q3 = 43.677 ms, Max = 44.028 ms
IQR = 0.407 ms, LowerFence = 42.659 ms, UpperFence = 44.288 ms
ConfidenceInterval = [35.471 ms; 51.574 ms] (CI 99.9%), Margin = 8.052 ms (18.50% of Mean)
Skewness = 0.36, Kurtosis = 0.67, MValue = 2
-------------------- Histogram --------------------
[42.812 ms ; 44.430 ms) | @@@
---------------------------------------------------

UdpSessionBenchmarks.PopulateSessionsNoopTransportAsync: ShortRun(IterationCount=3, LaunchCount=1, WarmupCount=3) [Sessions=100]
Runtime = .NET 10.0.12 (10.0.12, 10.0.1226.42308), X64 RyuJIT x86-64-v4; GC = Concurrent Workstation
Mean = 52.074 ms, StdErr = 0.329 ms (0.63%), N = 3, StdDev = 0.569 ms
Min = 51.475 ms, Q1 = 51.808 ms, Median = 52.141 ms, Q3 = 52.374 ms, Max = 52.607 ms
IQR = 0.566 ms, LowerFence = 50.958 ms, UpperFence = 53.223 ms
ConfidenceInterval = [41.693 ms; 62.456 ms] (CI 99.9%), Margin = 10.382 ms (19.94% of Mean)
Skewness = -0.11, Kurtosis = 0.67, MValue = 2
-------------------- Histogram --------------------
[50.957 ms ; 52.898 ms) | @@@
---------------------------------------------------

UdpSessionBenchmarks.PopulateSessionsNoopTransportAsync: ShortRun(IterationCount=3, LaunchCount=1, WarmupCount=3) [Sessions=1000]
Runtime = .NET 10.0.12 (10.0.12, 10.0.1226.42308), X64 RyuJIT x86-64-v4; GC = Concurrent Workstation
Mean = 70.467 ms, StdErr = 0.631 ms (0.89%), N = 3, StdDev = 1.092 ms
Min = 69.783 ms, Q1 = 69.837 ms, Median = 69.891 ms, Q3 = 70.809 ms, Max = 71.726 ms
IQR = 0.972 ms, LowerFence = 68.379 ms, UpperFence = 72.266 ms
ConfidenceInterval = [50.543 ms; 90.390 ms] (CI 99.9%), Margin = 19.924 ms (28.27% of Mean)
Skewness = 0.38, Kurtosis = 0.67, MValue = 2
-------------------- Histogram --------------------
[69.761 ms ; 71.748 ms) | @@@
---------------------------------------------------

// * Summary *

BenchmarkDotNet v0.15.8, Linux NixOS 26.11 (Zokor)
AMD Ryzen 9 9955HX 2.50GHz, 1 CPU, 32 logical and 16 physical cores
.NET SDK 10.0.401
  [Host]   : .NET 10.0.12 (10.0.12, 10.0.1226.42308), X64 RyuJIT x86-64-v4
  ShortRun : .NET 10.0.12 (10.0.12, 10.0.1226.42308), X64 RyuJIT x86-64-v4

Job=ShortRun  IterationCount=3  LaunchCount=1  
WarmupCount=3  

| Method                             | Sessions | Mean     | Error     | StdDev   | Gen0     | Allocated  |
|----------------------------------- |--------- |---------:|----------:|---------:|---------:|-----------:|
| PopulateSessionsNoopTransportAsync | 1        | 43.52 ms |  8.052 ms | 0.441 ms |        - |    76.5 KB |
| PopulateSessionsNoopTransportAsync | 100      | 52.07 ms | 10.382 ms | 0.569 ms |        - |  631.22 KB |
| PopulateSessionsNoopTransportAsync | 1000     | 70.47 ms | 19.924 ms | 1.092 ms | 200.0000 | 5662.56 KB |

// * Legends *
  Sessions  : Value of the 'Sessions' parameter
  Mean      : Arithmetic mean of all measurements
  Error     : Half of 99.9% confidence interval
  StdDev    : Standard deviation of all measurements
  Gen0      : GC Generation 0 collects per 1000 operations
  Allocated : Allocated memory per single operation (managed only, inclusive, 1KB = 1024B)
  1 ms      : 1 Millisecond (0.001 sec)

// * Diagnostic Output - MemoryDiagnoser *


// ***** BenchmarkRunner: End *****
Run time: 00:00:18 (18.97 sec), executed benchmarks: 3

Global total time: 00:01:01 (61.45 sec), executed benchmarks: 9
// * Artifacts cleanup *
Artifacts cleanup is finished
