// Validating benchmarks:
// ***** BenchmarkRunner: Start   *****
// ***** Found 6 benchmark(s) in total *****
// ***** Building 1 exe(s) in Parallel: Start   *****
// start dotnet  restore --nodeReuse:false /p:UseSharedCompilation=false /p:Deterministic=true /p:Optimize=true /p:ArtifactsPath="/home/paff/Projects/WinForward/benchmarks/WinForward.Benchmarks/bin/Release/net10.0/WinForward.Benchmarks-Job-ZIYXXS-1/" /p:OutDir="/home/paff/Projects/WinForward/benchmarks/WinForward.Benchmarks/bin/Release/net10.0/WinForward.Benchmarks-Job-ZIYXXS-1/bin/Release/net10.0/" /p:OutputPath="/home/paff/Projects/WinForward/benchmarks/WinForward.Benchmarks/bin/Release/net10.0/WinForward.Benchmarks-Job-ZIYXXS-1/bin/Release/net10.0/" /p:PublishDir="/home/paff/Projects/WinForward/benchmarks/WinForward.Benchmarks/bin/Release/net10.0/WinForward.Benchmarks-Job-ZIYXXS-1/publish/" in /home/paff/Projects/WinForward/benchmarks/WinForward.Benchmarks/bin/Release/net10.0/WinForward.Benchmarks-Job-ZIYXXS-1
// command took 3.01 sec and exited with 0
// start dotnet  build -c Release --no-restore --nodeReuse:false /p:UseSharedCompilation=false /p:Deterministic=true /p:Optimize=true /p:ArtifactsPath="/home/paff/Projects/WinForward/benchmarks/WinForward.Benchmarks/bin/Release/net10.0/WinForward.Benchmarks-Job-ZIYXXS-1/" /p:OutDir="/home/paff/Projects/WinForward/benchmarks/WinForward.Benchmarks/bin/Release/net10.0/WinForward.Benchmarks-Job-ZIYXXS-1/bin/Release/net10.0/" /p:OutputPath="/home/paff/Projects/WinForward/benchmarks/WinForward.Benchmarks/bin/Release/net10.0/WinForward.Benchmarks-Job-ZIYXXS-1/bin/Release/net10.0/" /p:PublishDir="/home/paff/Projects/WinForward/benchmarks/WinForward.Benchmarks/bin/Release/net10.0/WinForward.Benchmarks-Job-ZIYXXS-1/publish/" --output "/home/paff/Projects/WinForward/benchmarks/WinForward.Benchmarks/bin/Release/net10.0/WinForward.Benchmarks-Job-ZIYXXS-1/bin/Release/net10.0/" in /home/paff/Projects/WinForward/benchmarks/WinForward.Benchmarks/bin/Release/net10.0/WinForward.Benchmarks-Job-ZIYXXS-1
// command took 32.96 sec and exited with 0
// ***** Done, took 00:00:36 (36.13 sec)   *****
// Found 3 benchmarks:
//   SessionSetupDecompositionBenchmarks.StageS5_ReadinessTeardownInsideAsync: Job-ZIYXXS(InvocationCount=6, IterationCount=3, LaunchCount=1, UnrollFactor=1, WarmupCount=3) [Sessions=1]
//   SessionSetupDecompositionBenchmarks.StageS5_ReadinessTeardownInsideAsync: Job-ZIYXXS(InvocationCount=6, IterationCount=3, LaunchCount=1, UnrollFactor=1, WarmupCount=3) [Sessions=100]
//   SessionSetupDecompositionBenchmarks.StageS5_ReadinessTeardownInsideAsync: Job-ZIYXXS(InvocationCount=6, IterationCount=3, LaunchCount=1, UnrollFactor=1, WarmupCount=3) [Sessions=1000]

// **************************
// Benchmark: SessionSetupDecompositionBenchmarks.StageS5_ReadinessTeardownInsideAsync: Job-ZIYXXS(InvocationCount=6, IterationCount=3, LaunchCount=1, UnrollFactor=1, WarmupCount=3) [Sessions=1]
// *** Execute ***
// Launch: 1 / 1
// Execute: dotnet WinForward.Benchmarks-Job-ZIYXXS-1.dll --anonymousPipes 141 142 --benchmarkName "WinForward.Benchmarks.Perf.SessionSetupDecompositionBenchmarks.StageS5_ReadinessTeardownInsideAsync(Sessions: 1)" --job "InvocationCount=6, IterationCount=3, LaunchCount=1, UnrollFactor=1, WarmupCount=3" --benchmarkId 0 in /home/paff/Projects/WinForward/benchmarks/WinForward.Benchmarks/bin/Release/net10.0/WinForward.Benchmarks-Job-ZIYXXS-1/bin/Release/net10.0
// Failed to set up high priority (Permission denied). In order to run benchmarks with high priority, make sure you have the right permissions.
// BeforeAnythingElse

// Benchmark Process Environment Information:
// BenchmarkDotNet v0.15.8
// Runtime=.NET 10.0.12 (10.0.12, 10.0.1226.42308), X64 RyuJIT x86-64-v4
// GC=Concurrent Workstation
// HardwareIntrinsics=AVX512 BITALG+VBMI2+VNNI+VPOPCNTDQ,AVX512 IFMA+VBMI,AVX512 F+BW+CD+DQ+VL,AVX2+BMI1+BMI2+F16C+FMA+LZCNT+MOVBE,AVX,SSE3+SSSE3+SSE4.1+SSE4.2+POPCNT,X86Base+SSE+SSE2,AES+PCLMUL,AvxVnni VectorSize=256
// Job: Job-ZIYXXS(InvocationCount=6, IterationCount=3, LaunchCount=1, UnrollFactor=1, WarmupCount=3)

OverheadJitting  1: 1 op, 261360.00 ns, 261.3600 us/op
WorkloadJitting  1: 1 op, 124655527.00 ns, 124.6555 ms/op

OverheadWarmup   1: 6 op, 912.00 ns, 152.0000 ns/op
OverheadWarmup   2: 6 op, 591.00 ns, 98.5000 ns/op
OverheadWarmup   3: 6 op, 491.00 ns, 81.8333 ns/op
OverheadWarmup   4: 6 op, 572.00 ns, 95.3333 ns/op
OverheadWarmup   5: 6 op, 461.00 ns, 76.8333 ns/op
OverheadWarmup   6: 6 op, 461.00 ns, 76.8333 ns/op
OverheadWarmup   7: 6 op, 511.00 ns, 85.1667 ns/op

OverheadActual   1: 6 op, 581.00 ns, 96.8333 ns/op
OverheadActual   2: 6 op, 801.00 ns, 133.5000 ns/op
OverheadActual   3: 6 op, 692.00 ns, 115.3333 ns/op
OverheadActual   4: 6 op, 491.00 ns, 81.8333 ns/op
OverheadActual   5: 6 op, 792.00 ns, 132.0000 ns/op
OverheadActual   6: 6 op, 421.00 ns, 70.1667 ns/op
OverheadActual   7: 6 op, 441.00 ns, 73.5000 ns/op
OverheadActual   8: 6 op, 601.00 ns, 100.1667 ns/op
OverheadActual   9: 6 op, 461.00 ns, 76.8333 ns/op
OverheadActual  10: 6 op, 591.00 ns, 98.5000 ns/op
OverheadActual  11: 6 op, 612.00 ns, 102.0000 ns/op
OverheadActual  12: 6 op, 491.00 ns, 81.8333 ns/op
OverheadActual  13: 6 op, 491.00 ns, 81.8333 ns/op
OverheadActual  14: 6 op, 612.00 ns, 102.0000 ns/op
OverheadActual  15: 6 op, 551.00 ns, 91.8333 ns/op
OverheadActual  16: 6 op, 471.00 ns, 78.5000 ns/op
OverheadActual  17: 6 op, 441.00 ns, 73.5000 ns/op
OverheadActual  18: 6 op, 772.00 ns, 128.6667 ns/op
OverheadActual  19: 6 op, 501.00 ns, 83.5000 ns/op
OverheadActual  20: 6 op, 531.00 ns, 88.5000 ns/op

WorkloadWarmup   1: 6 op, 297514996.00 ns, 49.5858 ms/op
WorkloadWarmup   2: 6 op, 286305920.00 ns, 47.7177 ms/op
WorkloadWarmup   3: 6 op, 275422601.00 ns, 45.9038 ms/op

// BeforeActualRun
WorkloadActual   1: 6 op, 280598084.00 ns, 46.7663 ms/op
WorkloadActual   2: 6 op, 282649024.00 ns, 47.1082 ms/op
WorkloadActual   3: 6 op, 283114594.00 ns, 47.1858 ms/op

// AfterActualRun
WorkloadResult   1: 6 op, 280597543.00 ns, 46.7663 ms/op
WorkloadResult   2: 6 op, 282648483.00 ns, 47.1081 ms/op
WorkloadResult   3: 6 op, 283114053.00 ns, 47.1857 ms/op
// GC:  0 0 0 470832 6
// Threading:  6 385 6
// Exceptions:  130

// AfterAll
// Benchmark Process 479351 has exited with code 0.

Mean = 47.020 ms, StdErr = 0.129 ms (0.27%), N = 3, StdDev = 0.223 ms
Min = 46.766 ms, Q1 = 46.937 ms, Median = 47.108 ms, Q3 = 47.147 ms, Max = 47.186 ms
IQR = 0.210 ms, LowerFence = 46.623 ms, UpperFence = 47.461 ms
ConfidenceInterval = [42.949 ms; 51.091 ms] (CI 99.9%), Margin = 4.071 ms (8.66% of Mean)
Skewness = -0.33, Kurtosis = 0.67, MValue = 2

// ** Remained 5 (83.3%) benchmark(s) to run. Estimated finish 2026-09-22 0:55 (0h 0m from now) **
// **************************
// Benchmark: SessionSetupDecompositionBenchmarks.StageS5_ReadinessTeardownInsideAsync: Job-ZIYXXS(InvocationCount=6, IterationCount=3, LaunchCount=1, UnrollFactor=1, WarmupCount=3) [Sessions=100]
// *** Execute ***
// Launch: 1 / 1
// Execute: dotnet WinForward.Benchmarks-Job-ZIYXXS-1.dll --anonymousPipes 141 142 --benchmarkName "WinForward.Benchmarks.Perf.SessionSetupDecompositionBenchmarks.StageS5_ReadinessTeardownInsideAsync(Sessions: 100)" --job "InvocationCount=6, IterationCount=3, LaunchCount=1, UnrollFactor=1, WarmupCount=3" --benchmarkId 1 in /home/paff/Projects/WinForward/benchmarks/WinForward.Benchmarks/bin/Release/net10.0/WinForward.Benchmarks-Job-ZIYXXS-1/bin/Release/net10.0
// Failed to set up high priority (Permission denied). In order to run benchmarks with high priority, make sure you have the right permissions.
// BeforeAnythingElse

// Benchmark Process Environment Information:
// BenchmarkDotNet v0.15.8
// Runtime=.NET 10.0.12 (10.0.12, 10.0.1226.42308), X64 RyuJIT x86-64-v4
// GC=Concurrent Workstation
// HardwareIntrinsics=AVX512 BITALG+VBMI2+VNNI+VPOPCNTDQ,AVX512 IFMA+VBMI,AVX512 F+BW+CD+DQ+VL,AVX2+BMI1+BMI2+F16C+FMA+LZCNT+MOVBE,AVX,SSE3+SSSE3+SSE4.1+SSE4.2+POPCNT,X86Base+SSE+SSE2,AES+PCLMUL,AvxVnni VectorSize=256
// Job: Job-ZIYXXS(InvocationCount=6, IterationCount=3, LaunchCount=1, UnrollFactor=1, WarmupCount=3)

OverheadJitting  1: 1 op, 292068.00 ns, 292.0680 us/op
WorkloadJitting  1: 1 op, 131642021.00 ns, 131.6420 ms/op

OverheadWarmup   1: 6 op, 541.00 ns, 90.1667 ns/op
OverheadWarmup   2: 6 op, 471.00 ns, 78.5000 ns/op
OverheadWarmup   3: 6 op, 571.00 ns, 95.1667 ns/op
OverheadWarmup   4: 6 op, 501.00 ns, 83.5000 ns/op
OverheadWarmup   5: 6 op, 481.00 ns, 80.1667 ns/op
OverheadWarmup   6: 6 op, 701.00 ns, 116.8333 ns/op
OverheadWarmup   7: 6 op, 591.00 ns, 98.5000 ns/op

OverheadActual   1: 6 op, 791.00 ns, 131.8333 ns/op
OverheadActual   2: 6 op, 561.00 ns, 93.5000 ns/op
OverheadActual   3: 6 op, 602.00 ns, 100.3333 ns/op
OverheadActual   4: 6 op, 592.00 ns, 98.6667 ns/op
OverheadActual   5: 6 op, 571.00 ns, 95.1667 ns/op
OverheadActual   6: 6 op, 651.00 ns, 108.5000 ns/op
OverheadActual   7: 6 op, 762.00 ns, 127.0000 ns/op
OverheadActual   8: 6 op, 731.00 ns, 121.8333 ns/op
OverheadActual   9: 6 op, 431.00 ns, 71.8333 ns/op
OverheadActual  10: 6 op, 491.00 ns, 81.8333 ns/op
OverheadActual  11: 6 op, 602.00 ns, 100.3333 ns/op
OverheadActual  12: 6 op, 561.00 ns, 93.5000 ns/op
OverheadActual  13: 6 op, 351.00 ns, 58.5000 ns/op
OverheadActual  14: 6 op, 471.00 ns, 78.5000 ns/op
OverheadActual  15: 6 op, 331.00 ns, 55.1667 ns/op
OverheadActual  16: 6 op, 340.00 ns, 56.6667 ns/op
OverheadActual  17: 6 op, 501.00 ns, 83.5000 ns/op
OverheadActual  18: 6 op, 491.00 ns, 81.8333 ns/op
OverheadActual  19: 6 op, 531.00 ns, 88.5000 ns/op
OverheadActual  20: 6 op, 491.00 ns, 81.8333 ns/op

WorkloadWarmup   1: 6 op, 341269337.00 ns, 56.8782 ms/op
WorkloadWarmup   2: 6 op, 326944732.00 ns, 54.4908 ms/op
WorkloadWarmup   3: 6 op, 323984873.00 ns, 53.9975 ms/op

// BeforeActualRun
WorkloadActual   1: 6 op, 321975232.00 ns, 53.6625 ms/op
WorkloadActual   2: 6 op, 335950475.00 ns, 55.9917 ms/op
WorkloadActual   3: 6 op, 318439166.00 ns, 53.0732 ms/op

// AfterActualRun
WorkloadResult   1: 6 op, 321974686.00 ns, 53.6624 ms/op
WorkloadResult   2: 6 op, 335949929.00 ns, 55.9917 ms/op
WorkloadResult   3: 6 op, 318438620.00 ns, 53.0731 ms/op
// GC:  0 0 0 3868224 6
// Threading:  1109 788 6
// Exceptions:  328

// AfterAll
// Benchmark Process 482154 has exited with code 0.

Mean = 54.242 ms, StdErr = 0.891 ms (1.64%), N = 3, StdDev = 1.543 ms
Min = 53.073 ms, Q1 = 53.368 ms, Median = 53.662 ms, Q3 = 54.827 ms, Max = 55.992 ms
IQR = 1.459 ms, LowerFence = 51.179 ms, UpperFence = 57.016 ms
ConfidenceInterval = [26.087 ms; 82.398 ms] (CI 99.9%), Margin = 28.155 ms (51.91% of Mean)
Skewness = 0.32, Kurtosis = 0.67, MValue = 2

// ** Remained 4 (66.7%) benchmark(s) to run. Estimated finish 2026-09-22 0:55 (0h 0m from now) **
// **************************
// Benchmark: SessionSetupDecompositionBenchmarks.StageS5_ReadinessTeardownInsideAsync: Job-ZIYXXS(InvocationCount=6, IterationCount=3, LaunchCount=1, UnrollFactor=1, WarmupCount=3) [Sessions=1000]
// *** Execute ***
// Launch: 1 / 1
// Execute: dotnet WinForward.Benchmarks-Job-ZIYXXS-1.dll --anonymousPipes 141 142 --benchmarkName "WinForward.Benchmarks.Perf.SessionSetupDecompositionBenchmarks.StageS5_ReadinessTeardownInsideAsync(Sessions: 1000)" --job "InvocationCount=6, IterationCount=3, LaunchCount=1, UnrollFactor=1, WarmupCount=3" --benchmarkId 2 in /home/paff/Projects/WinForward/benchmarks/WinForward.Benchmarks/bin/Release/net10.0/WinForward.Benchmarks-Job-ZIYXXS-1/bin/Release/net10.0
// Failed to set up high priority (Permission denied). In order to run benchmarks with high priority, make sure you have the right permissions.
// BeforeAnythingElse

// Benchmark Process Environment Information:
// BenchmarkDotNet v0.15.8
// Runtime=.NET 10.0.12 (10.0.12, 10.0.1226.42308), X64 RyuJIT x86-64-v4
// GC=Concurrent Workstation
// HardwareIntrinsics=AVX512 BITALG+VBMI2+VNNI+VPOPCNTDQ,AVX512 IFMA+VBMI,AVX512 F+BW+CD+DQ+VL,AVX2+BMI1+BMI2+F16C+FMA+LZCNT+MOVBE,AVX,SSE3+SSSE3+SSE4.1+SSE4.2+POPCNT,X86Base+SSE+SSE2,AES+PCLMUL,AvxVnni VectorSize=256
// Job: Job-ZIYXXS(InvocationCount=6, IterationCount=3, LaunchCount=1, UnrollFactor=1, WarmupCount=3)

OverheadJitting  1: 1 op, 301446.00 ns, 301.4460 us/op
WorkloadJitting  1: 1 op, 160068544.00 ns, 160.0685 ms/op

OverheadWarmup   1: 6 op, 781.00 ns, 130.1667 ns/op
OverheadWarmup   2: 6 op, 421.00 ns, 70.1667 ns/op
OverheadWarmup   3: 6 op, 551.00 ns, 91.8333 ns/op
OverheadWarmup   4: 6 op, 521.00 ns, 86.8333 ns/op
OverheadWarmup   5: 6 op, 521.00 ns, 86.8333 ns/op
OverheadWarmup   6: 6 op, 491.00 ns, 81.8333 ns/op

OverheadActual   1: 6 op, 491.00 ns, 81.8333 ns/op
OverheadActual   2: 6 op, 481.00 ns, 80.1667 ns/op
OverheadActual   3: 6 op, 571.00 ns, 95.1667 ns/op
OverheadActual   4: 6 op, 561.00 ns, 93.5000 ns/op
OverheadActual   5: 6 op, 521.00 ns, 86.8333 ns/op
OverheadActual   6: 6 op, 611.00 ns, 101.8333 ns/op
OverheadActual   7: 6 op, 351.00 ns, 58.5000 ns/op
OverheadActual   8: 6 op, 481.00 ns, 80.1667 ns/op
OverheadActual   9: 6 op, 411.00 ns, 68.5000 ns/op
OverheadActual  10: 6 op, 400.00 ns, 66.6667 ns/op
OverheadActual  11: 6 op, 581.00 ns, 96.8333 ns/op
OverheadActual  12: 6 op, 331.00 ns, 55.1667 ns/op
OverheadActual  13: 6 op, 391.00 ns, 65.1667 ns/op
OverheadActual  14: 6 op, 672.00 ns, 112.0000 ns/op
OverheadActual  15: 6 op, 561.00 ns, 93.5000 ns/op
OverheadActual  16: 6 op, 491.00 ns, 81.8333 ns/op
OverheadActual  17: 6 op, 431.00 ns, 71.8333 ns/op
OverheadActual  18: 6 op, 381.00 ns, 63.5000 ns/op
OverheadActual  19: 6 op, 411.00 ns, 68.5000 ns/op
OverheadActual  20: 6 op, 431.00 ns, 71.8333 ns/op

WorkloadWarmup   1: 6 op, 559612463.00 ns, 93.2687 ms/op
WorkloadWarmup   2: 6 op, 576079309.00 ns, 96.0132 ms/op
WorkloadWarmup   3: 6 op, 535267552.00 ns, 89.2113 ms/op

// BeforeActualRun
WorkloadActual   1: 6 op, 457771570.00 ns, 76.2953 ms/op
WorkloadActual   2: 6 op, 495133656.00 ns, 82.5223 ms/op
WorkloadActual   3: 6 op, 439145744.00 ns, 73.1910 ms/op

// AfterActualRun
WorkloadResult   1: 6 op, 457771089.00 ns, 76.2952 ms/op
WorkloadResult   2: 6 op, 495133175.00 ns, 82.5222 ms/op
WorkloadResult   3: 6 op, 439145263.00 ns, 73.1909 ms/op
// GC:  2 1 0 34824304 6
// Threading:  11939 2098 6
// Exceptions:  2128

// AfterAll
// Benchmark Process 484990 has exited with code 0.

Mean = 77.336 ms, StdErr = 2.744 ms (3.55%), N = 3, StdDev = 4.752 ms
Min = 73.191 ms, Q1 = 74.743 ms, Median = 76.295 ms, Q3 = 79.409 ms, Max = 82.522 ms
IQR = 4.666 ms, LowerFence = 67.745 ms, UpperFence = 86.407 ms
ConfidenceInterval = [-9.357 ms; 164.029 ms] (CI 99.9%), Margin = 86.693 ms (112.10% of Mean)
Skewness = 0.21, Kurtosis = 0.67, MValue = 2

// ** Remained 3 (50.0%) benchmark(s) to run. Estimated finish 2026-09-22 0:55 (0h 0m from now) **
// ***** BenchmarkRunner: Finish  *****

// * Export *
  BenchmarkDotNet.Artifacts/results/WinForward.Benchmarks.Perf.SessionSetupDecompositionBenchmarks-report.csv
  BenchmarkDotNet.Artifacts/results/WinForward.Benchmarks.Perf.SessionSetupDecompositionBenchmarks-report-github.md
  BenchmarkDotNet.Artifacts/results/WinForward.Benchmarks.Perf.SessionSetupDecompositionBenchmarks-report.html

// * Detailed results *
SessionSetupDecompositionBenchmarks.StageS5_ReadinessTeardownInsideAsync: Job-ZIYXXS(InvocationCount=6, IterationCount=3, LaunchCount=1, UnrollFactor=1, WarmupCount=3) [Sessions=1]
Runtime = .NET 10.0.12 (10.0.12, 10.0.1226.42308), X64 RyuJIT x86-64-v4; GC = Concurrent Workstation
Mean = 47.020 ms, StdErr = 0.129 ms (0.27%), N = 3, StdDev = 0.223 ms
Min = 46.766 ms, Q1 = 46.937 ms, Median = 47.108 ms, Q3 = 47.147 ms, Max = 47.186 ms
IQR = 0.210 ms, LowerFence = 46.623 ms, UpperFence = 47.461 ms
ConfidenceInterval = [42.949 ms; 51.091 ms] (CI 99.9%), Margin = 4.071 ms (8.66% of Mean)
Skewness = -0.33, Kurtosis = 0.67, MValue = 2
-------------------- Histogram --------------------
[46.563 ms ; 47.389 ms) | @@@
---------------------------------------------------

SessionSetupDecompositionBenchmarks.StageS5_ReadinessTeardownInsideAsync: Job-ZIYXXS(InvocationCount=6, IterationCount=3, LaunchCount=1, UnrollFactor=1, WarmupCount=3) [Sessions=100]
Runtime = .NET 10.0.12 (10.0.12, 10.0.1226.42308), X64 RyuJIT x86-64-v4; GC = Concurrent Workstation
Mean = 54.242 ms, StdErr = 0.891 ms (1.64%), N = 3, StdDev = 1.543 ms
Min = 53.073 ms, Q1 = 53.368 ms, Median = 53.662 ms, Q3 = 54.827 ms, Max = 55.992 ms
IQR = 1.459 ms, LowerFence = 51.179 ms, UpperFence = 57.016 ms
ConfidenceInterval = [26.087 ms; 82.398 ms] (CI 99.9%), Margin = 28.155 ms (51.91% of Mean)
Skewness = 0.32, Kurtosis = 0.67, MValue = 2
-------------------- Histogram --------------------
[51.963 ms ; 54.772 ms) | @@
[54.772 ms ; 57.396 ms) | @
---------------------------------------------------

SessionSetupDecompositionBenchmarks.StageS5_ReadinessTeardownInsideAsync: Job-ZIYXXS(InvocationCount=6, IterationCount=3, LaunchCount=1, UnrollFactor=1, WarmupCount=3) [Sessions=1000]
Runtime = .NET 10.0.12 (10.0.12, 10.0.1226.42308), X64 RyuJIT x86-64-v4; GC = Concurrent Workstation
Mean = 77.336 ms, StdErr = 2.744 ms (3.55%), N = 3, StdDev = 4.752 ms
Min = 73.191 ms, Q1 = 74.743 ms, Median = 76.295 ms, Q3 = 79.409 ms, Max = 82.522 ms
IQR = 4.666 ms, LowerFence = 67.745 ms, UpperFence = 86.407 ms
ConfidenceInterval = [-9.357 ms; 164.029 ms] (CI 99.9%), Margin = 86.693 ms (112.10% of Mean)
Skewness = 0.21, Kurtosis = 0.67, MValue = 2
-------------------- Histogram --------------------
[70.419 ms ; 79.067 ms) | @@
[79.067 ms ; 86.847 ms) | @
---------------------------------------------------

// * Summary *

BenchmarkDotNet v0.15.8, Linux NixOS 26.11 (Zokor)
AMD Ryzen 9 9955HX 2.50GHz, 1 CPU, 32 logical and 16 physical cores
.NET SDK 10.0.401
  [Host]     : .NET 10.0.12 (10.0.12, 10.0.1226.42308), X64 RyuJIT x86-64-v4
  Job-ZIYXXS : .NET 10.0.12 (10.0.12, 10.0.1226.42308), X64 RyuJIT x86-64-v4

InvocationCount=6  IterationCount=3  LaunchCount=1  
UnrollFactor=1  WarmupCount=3  

| Method                               | Sessions | Mean     | Error     | StdDev   | Gen0     | Gen1     | Allocated  |
|------------------------------------- |--------- |---------:|----------:|---------:|---------:|---------:|-----------:|
| StageS5_ReadinessTeardownInsideAsync | 1        | 47.02 ms |  4.071 ms | 0.223 ms |        - |        - |   76.63 KB |
| StageS5_ReadinessTeardownInsideAsync | 100      | 54.24 ms | 28.155 ms | 1.543 ms |        - |        - |  629.59 KB |
| StageS5_ReadinessTeardownInsideAsync | 1000     | 77.34 ms | 86.693 ms | 4.752 ms | 333.3333 | 166.6667 | 5668.02 KB |

// * Legends *
  Sessions  : Value of the 'Sessions' parameter
  Mean      : Arithmetic mean of all measurements
  Error     : Half of 99.9% confidence interval
  StdDev    : Standard deviation of all measurements
  Gen0      : GC Generation 0 collects per 1000 operations
  Gen1      : GC Generation 1 collects per 1000 operations
  Allocated : Allocated memory per single operation (managed only, inclusive, 1KB = 1024B)
  1 ms      : 1 Millisecond (0.001 sec)

// * Diagnostic Output - MemoryDiagnoser *


// ***** BenchmarkRunner: End *****
Run time: 00:00:09 (9.39 sec), executed benchmarks: 3

// Found 3 benchmarks:
//   UdpSessionBenchmarks.PopulateSessionsNoopTransportAsync: Job-ZIYXXS(InvocationCount=6, IterationCount=3, LaunchCount=1, UnrollFactor=1, WarmupCount=3) [Sessions=1]
//   UdpSessionBenchmarks.PopulateSessionsNoopTransportAsync: Job-ZIYXXS(InvocationCount=6, IterationCount=3, LaunchCount=1, UnrollFactor=1, WarmupCount=3) [Sessions=100]
//   UdpSessionBenchmarks.PopulateSessionsNoopTransportAsync: Job-ZIYXXS(InvocationCount=6, IterationCount=3, LaunchCount=1, UnrollFactor=1, WarmupCount=3) [Sessions=1000]

// **************************
// Benchmark: UdpSessionBenchmarks.PopulateSessionsNoopTransportAsync: Job-ZIYXXS(InvocationCount=6, IterationCount=3, LaunchCount=1, UnrollFactor=1, WarmupCount=3) [Sessions=1]
// *** Execute ***
// Launch: 1 / 1
// Execute: dotnet WinForward.Benchmarks-Job-ZIYXXS-1.dll --anonymousPipes 146 147 --benchmarkName "WinForward.Benchmarks.Perf.UdpSessionBenchmarks.PopulateSessionsNoopTransportAsync(Sessions: 1)" --job "InvocationCount=6, IterationCount=3, LaunchCount=1, UnrollFactor=1, WarmupCount=3" --benchmarkId 3 in /home/paff/Projects/WinForward/benchmarks/WinForward.Benchmarks/bin/Release/net10.0/WinForward.Benchmarks-Job-ZIYXXS-1/bin/Release/net10.0
// Failed to set up high priority (Permission denied). In order to run benchmarks with high priority, make sure you have the right permissions.
// BeforeAnythingElse

// Benchmark Process Environment Information:
// BenchmarkDotNet v0.15.8
// Runtime=.NET 10.0.12 (10.0.12, 10.0.1226.42308), X64 RyuJIT x86-64-v4
// GC=Concurrent Workstation
// HardwareIntrinsics=AVX512 BITALG+VBMI2+VNNI+VPOPCNTDQ,AVX512 IFMA+VBMI,AVX512 F+BW+CD+DQ+VL,AVX2+BMI1+BMI2+F16C+FMA+LZCNT+MOVBE,AVX,SSE3+SSSE3+SSE4.1+SSE4.2+POPCNT,X86Base+SSE+SSE2,AES+PCLMUL,AvxVnni VectorSize=256
// Job: Job-ZIYXXS(InvocationCount=6, IterationCount=3, LaunchCount=1, UnrollFactor=1, WarmupCount=3)

OverheadJitting  1: 1 op, 249718.00 ns, 249.7180 us/op
WorkloadJitting  1: 1 op, 94546686.00 ns, 94.5467 ms/op

OverheadWarmup   1: 6 op, 621.00 ns, 103.5000 ns/op
OverheadWarmup   2: 6 op, 470.00 ns, 78.3333 ns/op
OverheadWarmup   3: 6 op, 511.00 ns, 85.1667 ns/op
OverheadWarmup   4: 6 op, 501.00 ns, 83.5000 ns/op
OverheadWarmup   5: 6 op, 531.00 ns, 88.5000 ns/op
OverheadWarmup   6: 6 op, 471.00 ns, 78.5000 ns/op

OverheadActual   1: 6 op, 521.00 ns, 86.8333 ns/op
OverheadActual   2: 6 op, 511.00 ns, 85.1667 ns/op
OverheadActual   3: 6 op, 490.00 ns, 81.6667 ns/op
OverheadActual   4: 6 op, 471.00 ns, 78.5000 ns/op
OverheadActual   5: 6 op, 471.00 ns, 78.5000 ns/op
OverheadActual   6: 6 op, 481.00 ns, 80.1667 ns/op
OverheadActual   7: 6 op, 501.00 ns, 83.5000 ns/op
OverheadActual   8: 6 op, 1032.00 ns, 172.0000 ns/op
OverheadActual   9: 6 op, 641.00 ns, 106.8333 ns/op
OverheadActual  10: 6 op, 501.00 ns, 83.5000 ns/op
OverheadActual  11: 6 op, 511.00 ns, 85.1667 ns/op
OverheadActual  12: 6 op, 481.00 ns, 80.1667 ns/op
OverheadActual  13: 6 op, 511.00 ns, 85.1667 ns/op
OverheadActual  14: 6 op, 451.00 ns, 75.1667 ns/op
OverheadActual  15: 6 op, 461.00 ns, 76.8333 ns/op
OverheadActual  16: 6 op, 461.00 ns, 76.8333 ns/op
OverheadActual  17: 6 op, 501.00 ns, 83.5000 ns/op

WorkloadWarmup   1: 6 op, 291821351.00 ns, 48.6369 ms/op
WorkloadWarmup   2: 6 op, 285351929.00 ns, 47.5587 ms/op
WorkloadWarmup   3: 6 op, 272726872.00 ns, 45.4545 ms/op

// BeforeActualRun
WorkloadActual   1: 6 op, 280459500.00 ns, 46.7433 ms/op
WorkloadActual   2: 6 op, 278346299.00 ns, 46.3910 ms/op
WorkloadActual   3: 6 op, 266806600.00 ns, 44.4678 ms/op

// AfterActualRun
WorkloadResult   1: 6 op, 280458999.00 ns, 46.7432 ms/op
WorkloadResult   2: 6 op, 278345798.00 ns, 46.3910 ms/op
WorkloadResult   3: 6 op, 266806099.00 ns, 44.4677 ms/op
// GC:  0 0 0 470016 6
// Threading:  12 384 6
// Exceptions:  130

// AfterAll
// Benchmark Process 487814 has exited with code 0.

Mean = 45.867 ms, StdErr = 0.707 ms (1.54%), N = 3, StdDev = 1.225 ms
Min = 44.468 ms, Q1 = 45.429 ms, Median = 46.391 ms, Q3 = 46.567 ms, Max = 46.743 ms
IQR = 1.138 ms, LowerFence = 43.723 ms, UpperFence = 48.274 ms
ConfidenceInterval = [23.522 ms; 68.212 ms] (CI 99.9%), Margin = 22.345 ms (48.72% of Mean)
Skewness = -0.35, Kurtosis = 0.67, MValue = 2

// ** Remained 2 (33.3%) benchmark(s) to run. Estimated finish 2026-09-22 0:55 (0h 0m from now) **
// **************************
// Benchmark: UdpSessionBenchmarks.PopulateSessionsNoopTransportAsync: Job-ZIYXXS(InvocationCount=6, IterationCount=3, LaunchCount=1, UnrollFactor=1, WarmupCount=3) [Sessions=100]
// *** Execute ***
// Launch: 1 / 1
// Execute: dotnet WinForward.Benchmarks-Job-ZIYXXS-1.dll --anonymousPipes 146 147 --benchmarkName "WinForward.Benchmarks.Perf.UdpSessionBenchmarks.PopulateSessionsNoopTransportAsync(Sessions: 100)" --job "InvocationCount=6, IterationCount=3, LaunchCount=1, UnrollFactor=1, WarmupCount=3" --benchmarkId 4 in /home/paff/Projects/WinForward/benchmarks/WinForward.Benchmarks/bin/Release/net10.0/WinForward.Benchmarks-Job-ZIYXXS-1/bin/Release/net10.0
// Failed to set up high priority (Permission denied). In order to run benchmarks with high priority, make sure you have the right permissions.
// BeforeAnythingElse

// Benchmark Process Environment Information:
// BenchmarkDotNet v0.15.8
// Runtime=.NET 10.0.12 (10.0.12, 10.0.1226.42308), X64 RyuJIT x86-64-v4
// GC=Concurrent Workstation
// HardwareIntrinsics=AVX512 BITALG+VBMI2+VNNI+VPOPCNTDQ,AVX512 IFMA+VBMI,AVX512 F+BW+CD+DQ+VL,AVX2+BMI1+BMI2+F16C+FMA+LZCNT+MOVBE,AVX,SSE3+SSSE3+SSE4.1+SSE4.2+POPCNT,X86Base+SSE+SSE2,AES+PCLMUL,AvxVnni VectorSize=256
// Job: Job-ZIYXXS(InvocationCount=6, IterationCount=3, LaunchCount=1, UnrollFactor=1, WarmupCount=3)

OverheadJitting  1: 1 op, 491832.00 ns, 491.8320 us/op
WorkloadJitting  1: 1 op, 125567567.00 ns, 125.5676 ms/op

OverheadWarmup   1: 6 op, 621.00 ns, 103.5000 ns/op
OverheadWarmup   2: 6 op, 471.00 ns, 78.5000 ns/op
OverheadWarmup   3: 6 op, 461.00 ns, 76.8333 ns/op
OverheadWarmup   4: 6 op, 511.00 ns, 85.1667 ns/op
OverheadWarmup   5: 6 op, 861.00 ns, 143.5000 ns/op
OverheadWarmup   6: 6 op, 381.00 ns, 63.5000 ns/op
OverheadWarmup   7: 6 op, 461.00 ns, 76.8333 ns/op
OverheadWarmup   8: 6 op, 441.00 ns, 73.5000 ns/op

OverheadActual   1: 6 op, 481.00 ns, 80.1667 ns/op
OverheadActual   2: 6 op, 481.00 ns, 80.1667 ns/op
OverheadActual   3: 6 op, 892.00 ns, 148.6667 ns/op
OverheadActual   4: 6 op, 681.00 ns, 113.5000 ns/op
OverheadActual   5: 6 op, 571.00 ns, 95.1667 ns/op
OverheadActual   6: 6 op, 551.00 ns, 91.8333 ns/op
OverheadActual   7: 6 op, 471.00 ns, 78.5000 ns/op
OverheadActual   8: 6 op, 491.00 ns, 81.8333 ns/op
OverheadActual   9: 6 op, 491.00 ns, 81.8333 ns/op
OverheadActual  10: 6 op, 481.00 ns, 80.1667 ns/op
OverheadActual  11: 6 op, 521.00 ns, 86.8333 ns/op
OverheadActual  12: 6 op, 441.00 ns, 73.5000 ns/op
OverheadActual  13: 6 op, 450.00 ns, 75.0000 ns/op
OverheadActual  14: 6 op, 481.00 ns, 80.1667 ns/op
OverheadActual  15: 6 op, 461.00 ns, 76.8333 ns/op
OverheadActual  16: 6 op, 471.00 ns, 78.5000 ns/op
OverheadActual  17: 6 op, 461.00 ns, 76.8333 ns/op
OverheadActual  18: 6 op, 381.00 ns, 63.5000 ns/op
OverheadActual  19: 6 op, 531.00 ns, 88.5000 ns/op
OverheadActual  20: 6 op, 431.00 ns, 71.8333 ns/op

WorkloadWarmup   1: 6 op, 358238757.00 ns, 59.7065 ms/op
WorkloadWarmup   2: 6 op, 357061460.00 ns, 59.5102 ms/op
WorkloadWarmup   3: 6 op, 337669392.00 ns, 56.2782 ms/op

// BeforeActualRun
WorkloadActual   1: 6 op, 339243043.00 ns, 56.5405 ms/op
WorkloadActual   2: 6 op, 332669555.00 ns, 55.4449 ms/op
WorkloadActual   3: 6 op, 322625258.00 ns, 53.7709 ms/op

// AfterActualRun
WorkloadResult   1: 6 op, 339242562.00 ns, 56.5404 ms/op
WorkloadResult   2: 6 op, 332669074.00 ns, 55.4448 ms/op
WorkloadResult   3: 6 op, 322624777.00 ns, 53.7708 ms/op
// GC:  0 0 0 3901256 6
// Threading:  1144 842 6
// Exceptions:  328

// AfterAll
// Benchmark Process 490599 has exited with code 0.

Mean = 55.252 ms, StdErr = 0.805 ms (1.46%), N = 3, StdDev = 1.395 ms
Min = 53.771 ms, Q1 = 54.608 ms, Median = 55.445 ms, Q3 = 55.993 ms, Max = 56.540 ms
IQR = 1.385 ms, LowerFence = 52.531 ms, UpperFence = 58.070 ms
ConfidenceInterval = [29.805 ms; 80.699 ms] (CI 99.9%), Margin = 25.447 ms (46.06% of Mean)
Skewness = -0.14, Kurtosis = 0.67, MValue = 2

// ** Remained 1 (16.7%) benchmark(s) to run. Estimated finish 2026-09-22 0:55 (0h 0m from now) **
// **************************
// Benchmark: UdpSessionBenchmarks.PopulateSessionsNoopTransportAsync: Job-ZIYXXS(InvocationCount=6, IterationCount=3, LaunchCount=1, UnrollFactor=1, WarmupCount=3) [Sessions=1000]
// *** Execute ***
// Launch: 1 / 1
// Execute: dotnet WinForward.Benchmarks-Job-ZIYXXS-1.dll --anonymousPipes 146 147 --benchmarkName "WinForward.Benchmarks.Perf.UdpSessionBenchmarks.PopulateSessionsNoopTransportAsync(Sessions: 1000)" --job "InvocationCount=6, IterationCount=3, LaunchCount=1, UnrollFactor=1, WarmupCount=3" --benchmarkId 5 in /home/paff/Projects/WinForward/benchmarks/WinForward.Benchmarks/bin/Release/net10.0/WinForward.Benchmarks-Job-ZIYXXS-1/bin/Release/net10.0
// Failed to set up high priority (Permission denied). In order to run benchmarks with high priority, make sure you have the right permissions.
// BeforeAnythingElse

// Benchmark Process Environment Information:
// BenchmarkDotNet v0.15.8
// Runtime=.NET 10.0.12 (10.0.12, 10.0.1226.42308), X64 RyuJIT x86-64-v4
// GC=Concurrent Workstation
// HardwareIntrinsics=AVX512 BITALG+VBMI2+VNNI+VPOPCNTDQ,AVX512 IFMA+VBMI,AVX512 F+BW+CD+DQ+VL,AVX2+BMI1+BMI2+F16C+FMA+LZCNT+MOVBE,AVX,SSE3+SSSE3+SSE4.1+SSE4.2+POPCNT,X86Base+SSE+SSE2,AES+PCLMUL,AvxVnni VectorSize=256
// Job: Job-ZIYXXS(InvocationCount=6, IterationCount=3, LaunchCount=1, UnrollFactor=1, WarmupCount=3)

OverheadJitting  1: 1 op, 356479.00 ns, 356.4790 us/op
WorkloadJitting  1: 1 op, 153061550.00 ns, 153.0616 ms/op

OverheadWarmup   1: 6 op, 681.00 ns, 113.5000 ns/op
OverheadWarmup   2: 6 op, 491.00 ns, 81.8333 ns/op
OverheadWarmup   3: 6 op, 551.00 ns, 91.8333 ns/op
OverheadWarmup   4: 6 op, 350.00 ns, 58.3333 ns/op
OverheadWarmup   5: 6 op, 481.00 ns, 80.1667 ns/op
OverheadWarmup   6: 6 op, 361.00 ns, 60.1667 ns/op

OverheadActual   1: 6 op, 541.00 ns, 90.1667 ns/op
OverheadActual   2: 6 op, 500.00 ns, 83.3333 ns/op
OverheadActual   3: 6 op, 441.00 ns, 73.5000 ns/op
OverheadActual   4: 6 op, 481.00 ns, 80.1667 ns/op
OverheadActual   5: 6 op, 461.00 ns, 76.8333 ns/op
OverheadActual   6: 6 op, 581.00 ns, 96.8333 ns/op
OverheadActual   7: 6 op, 541.00 ns, 90.1667 ns/op
OverheadActual   8: 6 op, 471.00 ns, 78.5000 ns/op
OverheadActual   9: 6 op, 932.00 ns, 155.3333 ns/op
OverheadActual  10: 6 op, 521.00 ns, 86.8333 ns/op
OverheadActual  11: 6 op, 501.00 ns, 83.5000 ns/op
OverheadActual  12: 6 op, 471.00 ns, 78.5000 ns/op
OverheadActual  13: 6 op, 531.00 ns, 88.5000 ns/op
OverheadActual  14: 6 op, 501.00 ns, 83.5000 ns/op
OverheadActual  15: 6 op, 491.00 ns, 81.8333 ns/op
OverheadActual  16: 6 op, 982.00 ns, 163.6667 ns/op
OverheadActual  17: 6 op, 501.00 ns, 83.5000 ns/op
OverheadActual  18: 6 op, 501.00 ns, 83.5000 ns/op
OverheadActual  19: 6 op, 511.00 ns, 85.1667 ns/op
OverheadActual  20: 6 op, 411.00 ns, 68.5000 ns/op

WorkloadWarmup   1: 6 op, 569546711.00 ns, 94.9245 ms/op
WorkloadWarmup   2: 6 op, 580855270.00 ns, 96.8092 ms/op
WorkloadWarmup   3: 6 op, 499451203.00 ns, 83.2419 ms/op

// BeforeActualRun
WorkloadActual   1: 6 op, 469579239.00 ns, 78.2632 ms/op
WorkloadActual   2: 6 op, 467105657.00 ns, 77.8509 ms/op
WorkloadActual   3: 6 op, 472527449.00 ns, 78.7546 ms/op

// AfterActualRun
WorkloadResult   1: 6 op, 469578738.00 ns, 78.2631 ms/op
WorkloadResult   2: 6 op, 467105156.00 ns, 77.8509 ms/op
WorkloadResult   3: 6 op, 472526948.00 ns, 78.7545 ms/op
// GC:  2 1 0 34801000 6
// Threading:  11947 1872 6
// Exceptions:  2128

// AfterAll
// Benchmark Process 493433 has exited with code 0.

Mean = 78.289 ms, StdErr = 0.261 ms (0.33%), N = 3, StdDev = 0.452 ms
Min = 77.851 ms, Q1 = 78.057 ms, Median = 78.263 ms, Q3 = 78.509 ms, Max = 78.754 ms
IQR = 0.452 ms, LowerFence = 77.379 ms, UpperFence = 79.187 ms
ConfidenceInterval = [70.036 ms; 86.543 ms] (CI 99.9%), Margin = 8.253 ms (10.54% of Mean)
Skewness = 0.06, Kurtosis = 0.67, MValue = 2

// ** Remained 0 (0.0%) benchmark(s) to run. Estimated finish 2026-09-22 0:55 (0h 0m from now) **
// ***** BenchmarkRunner: Finish  *****

// * Export *
  BenchmarkDotNet.Artifacts/results/WinForward.Benchmarks.Perf.UdpSessionBenchmarks-report.csv
  BenchmarkDotNet.Artifacts/results/WinForward.Benchmarks.Perf.UdpSessionBenchmarks-report-github.md
  BenchmarkDotNet.Artifacts/results/WinForward.Benchmarks.Perf.UdpSessionBenchmarks-report.html

// * Detailed results *
UdpSessionBenchmarks.PopulateSessionsNoopTransportAsync: Job-ZIYXXS(InvocationCount=6, IterationCount=3, LaunchCount=1, UnrollFactor=1, WarmupCount=3) [Sessions=1]
Runtime = .NET 10.0.12 (10.0.12, 10.0.1226.42308), X64 RyuJIT x86-64-v4; GC = Concurrent Workstation
Mean = 45.867 ms, StdErr = 0.707 ms (1.54%), N = 3, StdDev = 1.225 ms
Min = 44.468 ms, Q1 = 45.429 ms, Median = 46.391 ms, Q3 = 46.567 ms, Max = 46.743 ms
IQR = 1.138 ms, LowerFence = 43.723 ms, UpperFence = 48.274 ms
ConfidenceInterval = [23.522 ms; 68.212 ms] (CI 99.9%), Margin = 22.345 ms (48.72% of Mean)
Skewness = -0.35, Kurtosis = 0.67, MValue = 2
-------------------- Histogram --------------------
[43.353 ms ; 45.452 ms) | @
[45.452 ms ; 47.858 ms) | @@
---------------------------------------------------

UdpSessionBenchmarks.PopulateSessionsNoopTransportAsync: Job-ZIYXXS(InvocationCount=6, IterationCount=3, LaunchCount=1, UnrollFactor=1, WarmupCount=3) [Sessions=100]
Runtime = .NET 10.0.12 (10.0.12, 10.0.1226.42308), X64 RyuJIT x86-64-v4; GC = Concurrent Workstation
Mean = 55.252 ms, StdErr = 0.805 ms (1.46%), N = 3, StdDev = 1.395 ms
Min = 53.771 ms, Q1 = 54.608 ms, Median = 55.445 ms, Q3 = 55.993 ms, Max = 56.540 ms
IQR = 1.385 ms, LowerFence = 52.531 ms, UpperFence = 58.070 ms
ConfidenceInterval = [29.805 ms; 80.699 ms] (CI 99.9%), Margin = 25.447 ms (46.06% of Mean)
Skewness = -0.14, Kurtosis = 0.67, MValue = 2
-------------------- Histogram --------------------
[52.501 ms ; 54.723 ms) | @
[54.723 ms ; 57.262 ms) | @@
---------------------------------------------------

UdpSessionBenchmarks.PopulateSessionsNoopTransportAsync: Job-ZIYXXS(InvocationCount=6, IterationCount=3, LaunchCount=1, UnrollFactor=1, WarmupCount=3) [Sessions=1000]
Runtime = .NET 10.0.12 (10.0.12, 10.0.1226.42308), X64 RyuJIT x86-64-v4; GC = Concurrent Workstation
Mean = 78.289 ms, StdErr = 0.261 ms (0.33%), N = 3, StdDev = 0.452 ms
Min = 77.851 ms, Q1 = 78.057 ms, Median = 78.263 ms, Q3 = 78.509 ms, Max = 78.754 ms
IQR = 0.452 ms, LowerFence = 77.379 ms, UpperFence = 79.187 ms
ConfidenceInterval = [70.036 ms; 86.543 ms] (CI 99.9%), Margin = 8.253 ms (10.54% of Mean)
Skewness = 0.06, Kurtosis = 0.67, MValue = 2
-------------------- Histogram --------------------
[77.439 ms ; 78.838 ms) | @@@
---------------------------------------------------

// * Summary *

BenchmarkDotNet v0.15.8, Linux NixOS 26.11 (Zokor)
AMD Ryzen 9 9955HX 2.50GHz, 1 CPU, 32 logical and 16 physical cores
.NET SDK 10.0.401
  [Host]     : .NET 10.0.12 (10.0.12, 10.0.1226.42308), X64 RyuJIT x86-64-v4
  Job-ZIYXXS : .NET 10.0.12 (10.0.12, 10.0.1226.42308), X64 RyuJIT x86-64-v4

InvocationCount=6  IterationCount=3  LaunchCount=1  
UnrollFactor=1  WarmupCount=3  

| Method                             | Sessions | Mean     | Error     | StdDev   | Gen0     | Gen1     | Allocated  |
|----------------------------------- |--------- |---------:|----------:|---------:|---------:|---------:|-----------:|
| PopulateSessionsNoopTransportAsync | 1        | 45.87 ms | 22.345 ms | 1.225 ms |        - |        - |    76.5 KB |
| PopulateSessionsNoopTransportAsync | 100      | 55.25 ms | 25.447 ms | 1.395 ms |        - |        - |  634.97 KB |
| PopulateSessionsNoopTransportAsync | 1000     | 78.29 ms |  8.253 ms | 0.452 ms | 333.3333 | 166.6667 | 5664.23 KB |

// * Legends *
  Sessions  : Value of the 'Sessions' parameter
  Mean      : Arithmetic mean of all measurements
  Error     : Half of 99.9% confidence interval
  StdDev    : Standard deviation of all measurements
  Gen0      : GC Generation 0 collects per 1000 operations
  Gen1      : GC Generation 1 collects per 1000 operations
  Allocated : Allocated memory per single operation (managed only, inclusive, 1KB = 1024B)
  1 ms      : 1 Millisecond (0.001 sec)

// * Diagnostic Output - MemoryDiagnoser *


// ***** BenchmarkRunner: End *****
Run time: 00:00:09 (9.35 sec), executed benchmarks: 3

Global total time: 00:00:55 (55.05 sec), executed benchmarks: 6
// * Artifacts cleanup *
Artifacts cleanup is finished
