// Validating benchmarks:
// ***** BenchmarkRunner: Start   *****
// ***** Found 6 benchmark(s) in total *****
// ***** Building 1 exe(s) in Parallel: Start   *****
// start dotnet  restore --nodeReuse:false /p:UseSharedCompilation=false /p:Deterministic=true /p:Optimize=true /p:ArtifactsPath="/home/paff/Projects/WinForward/benchmarks/WinForward.Benchmarks/bin/Release/net10.0/WinForward.Benchmarks-Job-ZIYXXS-1/" /p:OutDir="/home/paff/Projects/WinForward/benchmarks/WinForward.Benchmarks/bin/Release/net10.0/WinForward.Benchmarks-Job-ZIYXXS-1/bin/Release/net10.0/" /p:OutputPath="/home/paff/Projects/WinForward/benchmarks/WinForward.Benchmarks/bin/Release/net10.0/WinForward.Benchmarks-Job-ZIYXXS-1/bin/Release/net10.0/" /p:PublishDir="/home/paff/Projects/WinForward/benchmarks/WinForward.Benchmarks/bin/Release/net10.0/WinForward.Benchmarks-Job-ZIYXXS-1/publish/" in /home/paff/Projects/WinForward/benchmarks/WinForward.Benchmarks/bin/Release/net10.0/WinForward.Benchmarks-Job-ZIYXXS-1
// command took 2.94 sec and exited with 0
// start dotnet  build -c Release --no-restore --nodeReuse:false /p:UseSharedCompilation=false /p:Deterministic=true /p:Optimize=true /p:ArtifactsPath="/home/paff/Projects/WinForward/benchmarks/WinForward.Benchmarks/bin/Release/net10.0/WinForward.Benchmarks-Job-ZIYXXS-1/" /p:OutDir="/home/paff/Projects/WinForward/benchmarks/WinForward.Benchmarks/bin/Release/net10.0/WinForward.Benchmarks-Job-ZIYXXS-1/bin/Release/net10.0/" /p:OutputPath="/home/paff/Projects/WinForward/benchmarks/WinForward.Benchmarks/bin/Release/net10.0/WinForward.Benchmarks-Job-ZIYXXS-1/bin/Release/net10.0/" /p:PublishDir="/home/paff/Projects/WinForward/benchmarks/WinForward.Benchmarks/bin/Release/net10.0/WinForward.Benchmarks-Job-ZIYXXS-1/publish/" --output "/home/paff/Projects/WinForward/benchmarks/WinForward.Benchmarks/bin/Release/net10.0/WinForward.Benchmarks-Job-ZIYXXS-1/bin/Release/net10.0/" in /home/paff/Projects/WinForward/benchmarks/WinForward.Benchmarks/bin/Release/net10.0/WinForward.Benchmarks-Job-ZIYXXS-1
// command took 33.64 sec and exited with 0
// ***** Done, took 00:00:36 (36.73 sec)   *****
// Found 6 benchmarks:
//   SessionSetupDecompositionBenchmarks.StageS4_ReadinessTeardownOutsideAsync: Job-ZIYXXS(InvocationCount=6, IterationCount=3, LaunchCount=1, UnrollFactor=1, WarmupCount=3) [Sessions=1]
//   SessionSetupDecompositionBenchmarks.StageS5_ReadinessTeardownInsideAsync: Job-ZIYXXS(InvocationCount=6, IterationCount=3, LaunchCount=1, UnrollFactor=1, WarmupCount=3) [Sessions=1]
//   SessionSetupDecompositionBenchmarks.StageS4_ReadinessTeardownOutsideAsync: Job-ZIYXXS(InvocationCount=6, IterationCount=3, LaunchCount=1, UnrollFactor=1, WarmupCount=3) [Sessions=100]
//   SessionSetupDecompositionBenchmarks.StageS5_ReadinessTeardownInsideAsync: Job-ZIYXXS(InvocationCount=6, IterationCount=3, LaunchCount=1, UnrollFactor=1, WarmupCount=3) [Sessions=100]
//   SessionSetupDecompositionBenchmarks.StageS4_ReadinessTeardownOutsideAsync: Job-ZIYXXS(InvocationCount=6, IterationCount=3, LaunchCount=1, UnrollFactor=1, WarmupCount=3) [Sessions=1000]
//   SessionSetupDecompositionBenchmarks.StageS5_ReadinessTeardownInsideAsync: Job-ZIYXXS(InvocationCount=6, IterationCount=3, LaunchCount=1, UnrollFactor=1, WarmupCount=3) [Sessions=1000]

// **************************
// Benchmark: SessionSetupDecompositionBenchmarks.StageS4_ReadinessTeardownOutsideAsync: Job-ZIYXXS(InvocationCount=6, IterationCount=3, LaunchCount=1, UnrollFactor=1, WarmupCount=3) [Sessions=1]
// *** Execute ***
// Launch: 1 / 1
// Execute: dotnet WinForward.Benchmarks-Job-ZIYXXS-1.dll --anonymousPipes 141 142 --benchmarkName "WinForward.Benchmarks.Perf.SessionSetupDecompositionBenchmarks.StageS4_ReadinessTeardownOutsideAsync(Sessions: 1)" --job "InvocationCount=6, IterationCount=3, LaunchCount=1, UnrollFactor=1, WarmupCount=3" --benchmarkId 0 in /home/paff/Projects/WinForward/benchmarks/WinForward.Benchmarks/bin/Release/net10.0/WinForward.Benchmarks-Job-ZIYXXS-1/bin/Release/net10.0
// Failed to set up high priority (Permission denied). In order to run benchmarks with high priority, make sure you have the right permissions.
// BeforeAnythingElse

// Benchmark Process Environment Information:
// BenchmarkDotNet v0.15.8
// Runtime=.NET 10.0.12 (10.0.12, 10.0.1226.42308), X64 RyuJIT x86-64-v4
// GC=Concurrent Workstation
// HardwareIntrinsics=AVX512 BITALG+VBMI2+VNNI+VPOPCNTDQ,AVX512 IFMA+VBMI,AVX512 F+BW+CD+DQ+VL,AVX2+BMI1+BMI2+F16C+FMA+LZCNT+MOVBE,AVX,SSE3+SSSE3+SSE4.1+SSE4.2+POPCNT,X86Base+SSE+SSE2,AES+PCLMUL,AvxVnni VectorSize=256
// Job: Job-ZIYXXS(InvocationCount=6, IterationCount=3, LaunchCount=1, UnrollFactor=1, WarmupCount=3)

OverheadJitting  1: 1 op, 298781.00 ns, 298.7810 us/op
WorkloadJitting  1: 1 op, 95286653.00 ns, 95.2867 ms/op

OverheadWarmup   1: 6 op, 561.00 ns, 93.5000 ns/op
OverheadWarmup   2: 6 op, 501.00 ns, 83.5000 ns/op
OverheadWarmup   3: 6 op, 491.00 ns, 81.8333 ns/op
OverheadWarmup   4: 6 op, 451.00 ns, 75.1667 ns/op
OverheadWarmup   5: 6 op, 491.00 ns, 81.8333 ns/op
OverheadWarmup   6: 6 op, 491.00 ns, 81.8333 ns/op
OverheadWarmup   7: 6 op, 411.00 ns, 68.5000 ns/op
OverheadWarmup   8: 6 op, 471.00 ns, 78.5000 ns/op

OverheadActual   1: 6 op, 491.00 ns, 81.8333 ns/op
OverheadActual   2: 6 op, 481.00 ns, 80.1667 ns/op
OverheadActual   3: 6 op, 942.00 ns, 157.0000 ns/op
OverheadActual   4: 6 op, 601.00 ns, 100.1667 ns/op
OverheadActual   5: 6 op, 501.00 ns, 83.5000 ns/op
OverheadActual   6: 6 op, 441.00 ns, 73.5000 ns/op
OverheadActual   7: 6 op, 501.00 ns, 83.5000 ns/op
OverheadActual   8: 6 op, 481.00 ns, 80.1667 ns/op
OverheadActual   9: 6 op, 511.00 ns, 85.1667 ns/op
OverheadActual  10: 6 op, 471.00 ns, 78.5000 ns/op
OverheadActual  11: 6 op, 511.00 ns, 85.1667 ns/op
OverheadActual  12: 6 op, 571.00 ns, 95.1667 ns/op
OverheadActual  13: 6 op, 491.00 ns, 81.8333 ns/op
OverheadActual  14: 6 op, 461.00 ns, 76.8333 ns/op
OverheadActual  15: 6 op, 481.00 ns, 80.1667 ns/op
OverheadActual  16: 6 op, 471.00 ns, 78.5000 ns/op

WorkloadWarmup   1: 6 op, 200598516.00 ns, 33.4331 ms/op
WorkloadWarmup   2: 6 op, 192769912.00 ns, 32.1283 ms/op
WorkloadWarmup   3: 6 op, 191579477.00 ns, 31.9299 ms/op

// BeforeActualRun
WorkloadActual   1: 6 op, 191157163.00 ns, 31.8595 ms/op
WorkloadActual   2: 6 op, 186553549.00 ns, 31.0923 ms/op
WorkloadActual   3: 6 op, 198438302.00 ns, 33.0731 ms/op

// AfterActualRun
WorkloadResult   1: 6 op, 191156672.00 ns, 31.8594 ms/op
WorkloadResult   2: 6 op, 186553058.00 ns, 31.0922 ms/op
WorkloadResult   3: 6 op, 198437811.00 ns, 33.0730 ms/op
// GC:  0 0 0 200208 6
// Threading:  0 0 6

// AfterAll
// Benchmark Process 498559 has exited with code 0.

Mean = 32.008 ms, StdErr = 0.577 ms (1.80%), N = 3, StdDev = 0.999 ms
Min = 31.092 ms, Q1 = 31.476 ms, Median = 31.859 ms, Q3 = 32.466 ms, Max = 33.073 ms
IQR = 0.990 ms, LowerFence = 29.990 ms, UpperFence = 33.952 ms
ConfidenceInterval = [13.787 ms; 50.229 ms] (CI 99.9%), Margin = 18.221 ms (56.93% of Mean)
Skewness = 0.15, Kurtosis = 0.67, MValue = 2

// ** Remained 5 (83.3%) benchmark(s) to run. Estimated finish 2026-09-22 0:57 (0h 0m from now) **
// **************************
// Benchmark: SessionSetupDecompositionBenchmarks.StageS5_ReadinessTeardownInsideAsync: Job-ZIYXXS(InvocationCount=6, IterationCount=3, LaunchCount=1, UnrollFactor=1, WarmupCount=3) [Sessions=1]
// *** Execute ***
// Launch: 1 / 1
// Execute: dotnet WinForward.Benchmarks-Job-ZIYXXS-1.dll --anonymousPipes 141 142 --benchmarkName "WinForward.Benchmarks.Perf.SessionSetupDecompositionBenchmarks.StageS5_ReadinessTeardownInsideAsync(Sessions: 1)" --job "InvocationCount=6, IterationCount=3, LaunchCount=1, UnrollFactor=1, WarmupCount=3" --benchmarkId 1 in /home/paff/Projects/WinForward/benchmarks/WinForward.Benchmarks/bin/Release/net10.0/WinForward.Benchmarks-Job-ZIYXXS-1/bin/Release/net10.0
// Failed to set up high priority (Permission denied). In order to run benchmarks with high priority, make sure you have the right permissions.
// BeforeAnythingElse

// Benchmark Process Environment Information:
// BenchmarkDotNet v0.15.8
// Runtime=.NET 10.0.12 (10.0.12, 10.0.1226.42308), X64 RyuJIT x86-64-v4
// GC=Concurrent Workstation
// HardwareIntrinsics=AVX512 BITALG+VBMI2+VNNI+VPOPCNTDQ,AVX512 IFMA+VBMI,AVX512 F+BW+CD+DQ+VL,AVX2+BMI1+BMI2+F16C+FMA+LZCNT+MOVBE,AVX,SSE3+SSSE3+SSE4.1+SSE4.2+POPCNT,X86Base+SSE+SSE2,AES+PCLMUL,AvxVnni VectorSize=256
// Job: Job-ZIYXXS(InvocationCount=6, IterationCount=3, LaunchCount=1, UnrollFactor=1, WarmupCount=3)

OverheadJitting  1: 1 op, 250820.00 ns, 250.8200 us/op
WorkloadJitting  1: 1 op, 110343558.00 ns, 110.3436 ms/op

OverheadWarmup   1: 6 op, 511.00 ns, 85.1667 ns/op
OverheadWarmup   2: 6 op, 571.00 ns, 95.1667 ns/op
OverheadWarmup   3: 6 op, 531.00 ns, 88.5000 ns/op
OverheadWarmup   4: 6 op, 451.00 ns, 75.1667 ns/op
OverheadWarmup   5: 6 op, 922.00 ns, 153.6667 ns/op
OverheadWarmup   6: 6 op, 451.00 ns, 75.1667 ns/op

OverheadActual   1: 6 op, 571.00 ns, 95.1667 ns/op
OverheadActual   2: 6 op, 451.00 ns, 75.1667 ns/op
OverheadActual   3: 6 op, 451.00 ns, 75.1667 ns/op
OverheadActual   4: 6 op, 481.00 ns, 80.1667 ns/op
OverheadActual   5: 6 op, 1052.00 ns, 175.3333 ns/op
OverheadActual   6: 6 op, 611.00 ns, 101.8333 ns/op
OverheadActual   7: 6 op, 461.00 ns, 76.8333 ns/op
OverheadActual   8: 6 op, 521.00 ns, 86.8333 ns/op
OverheadActual   9: 6 op, 451.00 ns, 75.1667 ns/op
OverheadActual  10: 6 op, 491.00 ns, 81.8333 ns/op
OverheadActual  11: 6 op, 441.00 ns, 73.5000 ns/op
OverheadActual  12: 6 op, 451.00 ns, 75.1667 ns/op
OverheadActual  13: 6 op, 471.00 ns, 78.5000 ns/op
OverheadActual  14: 6 op, 451.00 ns, 75.1667 ns/op
OverheadActual  15: 6 op, 440.00 ns, 73.3333 ns/op
OverheadActual  16: 6 op, 491.00 ns, 81.8333 ns/op
OverheadActual  17: 6 op, 891.00 ns, 148.5000 ns/op
OverheadActual  18: 6 op, 501.00 ns, 83.5000 ns/op
OverheadActual  19: 6 op, 692.00 ns, 115.3333 ns/op
OverheadActual  20: 6 op, 471.00 ns, 78.5000 ns/op

WorkloadWarmup   1: 6 op, 286601502.00 ns, 47.7669 ms/op
WorkloadWarmup   2: 6 op, 283656288.00 ns, 47.2760 ms/op
WorkloadWarmup   3: 6 op, 270750703.00 ns, 45.1251 ms/op

// BeforeActualRun
WorkloadActual   1: 6 op, 273683701.00 ns, 45.6140 ms/op
WorkloadActual   2: 6 op, 268410958.00 ns, 44.7352 ms/op
WorkloadActual   3: 6 op, 267674787.00 ns, 44.6125 ms/op

// AfterActualRun
WorkloadResult   1: 6 op, 273683225.00 ns, 45.6139 ms/op
WorkloadResult   2: 6 op, 268410482.00 ns, 44.7351 ms/op
WorkloadResult   3: 6 op, 267674311.00 ns, 44.6124 ms/op
// GC:  0 0 0 470832 6
// Threading:  6 382 6
// Exceptions:  130

// AfterAll
// Benchmark Process 501338 has exited with code 0.

Mean = 44.987 ms, StdErr = 0.315 ms (0.70%), N = 3, StdDev = 0.546 ms
Min = 44.612 ms, Q1 = 44.674 ms, Median = 44.735 ms, Q3 = 45.174 ms, Max = 45.614 ms
IQR = 0.501 ms, LowerFence = 43.923 ms, UpperFence = 45.926 ms
ConfidenceInterval = [35.022 ms; 54.953 ms] (CI 99.9%), Margin = 9.966 ms (22.15% of Mean)
Skewness = 0.36, Kurtosis = 0.67, MValue = 2

// ** Remained 4 (66.7%) benchmark(s) to run. Estimated finish 2026-09-22 0:57 (0h 0m from now) **
// **************************
// Benchmark: SessionSetupDecompositionBenchmarks.StageS4_ReadinessTeardownOutsideAsync: Job-ZIYXXS(InvocationCount=6, IterationCount=3, LaunchCount=1, UnrollFactor=1, WarmupCount=3) [Sessions=100]
// *** Execute ***
// Launch: 1 / 1
// Execute: dotnet WinForward.Benchmarks-Job-ZIYXXS-1.dll --anonymousPipes 141 142 --benchmarkName "WinForward.Benchmarks.Perf.SessionSetupDecompositionBenchmarks.StageS4_ReadinessTeardownOutsideAsync(Sessions: 100)" --job "InvocationCount=6, IterationCount=3, LaunchCount=1, UnrollFactor=1, WarmupCount=3" --benchmarkId 2 in /home/paff/Projects/WinForward/benchmarks/WinForward.Benchmarks/bin/Release/net10.0/WinForward.Benchmarks-Job-ZIYXXS-1/bin/Release/net10.0
// Failed to set up high priority (Permission denied). In order to run benchmarks with high priority, make sure you have the right permissions.
// BeforeAnythingElse

// Benchmark Process Environment Information:
// BenchmarkDotNet v0.15.8
// Runtime=.NET 10.0.12 (10.0.12, 10.0.1226.42308), X64 RyuJIT x86-64-v4
// GC=Concurrent Workstation
// HardwareIntrinsics=AVX512 BITALG+VBMI2+VNNI+VPOPCNTDQ,AVX512 IFMA+VBMI,AVX512 F+BW+CD+DQ+VL,AVX2+BMI1+BMI2+F16C+FMA+LZCNT+MOVBE,AVX,SSE3+SSSE3+SSE4.1+SSE4.2+POPCNT,X86Base+SSE+SSE2,AES+PCLMUL,AvxVnni VectorSize=256
// Job: Job-ZIYXXS(InvocationCount=6, IterationCount=3, LaunchCount=1, UnrollFactor=1, WarmupCount=3)

OverheadJitting  1: 1 op, 256030.00 ns, 256.0300 us/op
WorkloadJitting  1: 1 op, 104349691.00 ns, 104.3497 ms/op

OverheadWarmup   1: 6 op, 721.00 ns, 120.1667 ns/op
OverheadWarmup   2: 6 op, 501.00 ns, 83.5000 ns/op
OverheadWarmup   3: 6 op, 481.00 ns, 80.1667 ns/op
OverheadWarmup   4: 6 op, 471.00 ns, 78.5000 ns/op
OverheadWarmup   5: 6 op, 501.00 ns, 83.5000 ns/op
OverheadWarmup   6: 6 op, 501.00 ns, 83.5000 ns/op
OverheadWarmup   7: 6 op, 410.00 ns, 68.3333 ns/op
OverheadWarmup   8: 6 op, 361.00 ns, 60.1667 ns/op
OverheadWarmup   9: 6 op, 380.00 ns, 63.3333 ns/op

OverheadActual   1: 6 op, 461.00 ns, 76.8333 ns/op
OverheadActual   2: 6 op, 481.00 ns, 80.1667 ns/op
OverheadActual   3: 6 op, 471.00 ns, 78.5000 ns/op
OverheadActual   4: 6 op, 481.00 ns, 80.1667 ns/op
OverheadActual   5: 6 op, 361.00 ns, 60.1667 ns/op
OverheadActual   6: 6 op, 902.00 ns, 150.3333 ns/op
OverheadActual   7: 6 op, 391.00 ns, 65.1667 ns/op
OverheadActual   8: 6 op, 361.00 ns, 60.1667 ns/op
OverheadActual   9: 6 op, 491.00 ns, 81.8333 ns/op
OverheadActual  10: 6 op, 360.00 ns, 60.0000 ns/op
OverheadActual  11: 6 op, 451.00 ns, 75.1667 ns/op
OverheadActual  12: 6 op, 350.00 ns, 58.3333 ns/op
OverheadActual  13: 6 op, 411.00 ns, 68.5000 ns/op
OverheadActual  14: 6 op, 451.00 ns, 75.1667 ns/op
OverheadActual  15: 6 op, 461.00 ns, 76.8333 ns/op
OverheadActual  16: 6 op, 461.00 ns, 76.8333 ns/op
OverheadActual  17: 6 op, 480.00 ns, 80.0000 ns/op
OverheadActual  18: 6 op, 521.00 ns, 86.8333 ns/op
OverheadActual  19: 6 op, 340.00 ns, 56.6667 ns/op
OverheadActual  20: 6 op, 471.00 ns, 78.5000 ns/op

WorkloadWarmup   1: 6 op, 259729505.00 ns, 43.2883 ms/op
WorkloadWarmup   2: 6 op, 247911141.00 ns, 41.3185 ms/op
WorkloadWarmup   3: 6 op, 242384282.00 ns, 40.3974 ms/op

// BeforeActualRun
WorkloadActual   1: 6 op, 234986540.00 ns, 39.1644 ms/op
WorkloadActual   2: 6 op, 230272030.00 ns, 38.3787 ms/op
WorkloadActual   3: 6 op, 226003228.00 ns, 37.6672 ms/op

// AfterActualRun
WorkloadResult   1: 6 op, 234986079.00 ns, 39.1643 ms/op
WorkloadResult   2: 6 op, 230271569.00 ns, 38.3786 ms/op
WorkloadResult   3: 6 op, 226002767.00 ns, 37.6671 ms/op
// GC:  0 0 0 2767520 6
// Threading:  503 385 6

// AfterAll
// Benchmark Process 504111 has exited with code 0.

Mean = 38.403 ms, StdErr = 0.432 ms (1.13%), N = 3, StdDev = 0.749 ms
Min = 37.667 ms, Q1 = 38.023 ms, Median = 38.379 ms, Q3 = 38.771 ms, Max = 39.164 ms
IQR = 0.749 ms, LowerFence = 36.900 ms, UpperFence = 39.894 ms
ConfidenceInterval = [24.740 ms; 52.066 ms] (CI 99.9%), Margin = 13.663 ms (35.58% of Mean)
Skewness = 0.03, Kurtosis = 0.67, MValue = 2

// ** Remained 3 (50.0%) benchmark(s) to run. Estimated finish 2026-09-22 0:57 (0h 0m from now) **
// **************************
// Benchmark: SessionSetupDecompositionBenchmarks.StageS5_ReadinessTeardownInsideAsync: Job-ZIYXXS(InvocationCount=6, IterationCount=3, LaunchCount=1, UnrollFactor=1, WarmupCount=3) [Sessions=100]
// *** Execute ***
// Launch: 1 / 1
// Execute: dotnet WinForward.Benchmarks-Job-ZIYXXS-1.dll --anonymousPipes 141 142 --benchmarkName "WinForward.Benchmarks.Perf.SessionSetupDecompositionBenchmarks.StageS5_ReadinessTeardownInsideAsync(Sessions: 100)" --job "InvocationCount=6, IterationCount=3, LaunchCount=1, UnrollFactor=1, WarmupCount=3" --benchmarkId 3 in /home/paff/Projects/WinForward/benchmarks/WinForward.Benchmarks/bin/Release/net10.0/WinForward.Benchmarks-Job-ZIYXXS-1/bin/Release/net10.0
// Failed to set up high priority (Permission denied). In order to run benchmarks with high priority, make sure you have the right permissions.
// BeforeAnythingElse

// Benchmark Process Environment Information:
// BenchmarkDotNet v0.15.8
// Runtime=.NET 10.0.12 (10.0.12, 10.0.1226.42308), X64 RyuJIT x86-64-v4
// GC=Concurrent Workstation
// HardwareIntrinsics=AVX512 BITALG+VBMI2+VNNI+VPOPCNTDQ,AVX512 IFMA+VBMI,AVX512 F+BW+CD+DQ+VL,AVX2+BMI1+BMI2+F16C+FMA+LZCNT+MOVBE,AVX,SSE3+SSSE3+SSE4.1+SSE4.2+POPCNT,X86Base+SSE+SSE2,AES+PCLMUL,AvxVnni VectorSize=256
// Job: Job-ZIYXXS(InvocationCount=6, IterationCount=3, LaunchCount=1, UnrollFactor=1, WarmupCount=3)

OverheadJitting  1: 1 op, 255459.00 ns, 255.4590 us/op
WorkloadJitting  1: 1 op, 129747779.00 ns, 129.7478 ms/op

OverheadWarmup   1: 6 op, 511.00 ns, 85.1667 ns/op
OverheadWarmup   2: 6 op, 461.00 ns, 76.8333 ns/op
OverheadWarmup   3: 6 op, 320.00 ns, 53.3333 ns/op
OverheadWarmup   4: 6 op, 341.00 ns, 56.8333 ns/op
OverheadWarmup   5: 6 op, 321.00 ns, 53.5000 ns/op
OverheadWarmup   6: 6 op, 51216.00 ns, 8.5360 us/op
OverheadWarmup   7: 6 op, 331.00 ns, 55.1667 ns/op

OverheadActual   1: 6 op, 461.00 ns, 76.8333 ns/op
OverheadActual   2: 6 op, 461.00 ns, 76.8333 ns/op
OverheadActual   3: 6 op, 460.00 ns, 76.6667 ns/op
OverheadActual   4: 6 op, 892.00 ns, 148.6667 ns/op
OverheadActual   5: 6 op, 330.00 ns, 55.0000 ns/op
OverheadActual   6: 6 op, 320.00 ns, 53.3333 ns/op
OverheadActual   7: 6 op, 461.00 ns, 76.8333 ns/op
OverheadActual   8: 6 op, 471.00 ns, 78.5000 ns/op
OverheadActual   9: 6 op, 461.00 ns, 76.8333 ns/op
OverheadActual  10: 6 op, 491.00 ns, 81.8333 ns/op
OverheadActual  11: 6 op, 341.00 ns, 56.8333 ns/op
OverheadActual  12: 6 op, 461.00 ns, 76.8333 ns/op
OverheadActual  13: 6 op, 321.00 ns, 53.5000 ns/op
OverheadActual  14: 6 op, 321.00 ns, 53.5000 ns/op
OverheadActual  15: 6 op, 320.00 ns, 53.3333 ns/op
OverheadActual  16: 6 op, 331.00 ns, 55.1667 ns/op
OverheadActual  17: 6 op, 321.00 ns, 53.5000 ns/op
OverheadActual  18: 6 op, 320.00 ns, 53.3333 ns/op
OverheadActual  19: 6 op, 371.00 ns, 61.8333 ns/op
OverheadActual  20: 6 op, 641.00 ns, 106.8333 ns/op

WorkloadWarmup   1: 6 op, 342146648.00 ns, 57.0244 ms/op
WorkloadWarmup   2: 6 op, 317728731.00 ns, 52.9548 ms/op
WorkloadWarmup   3: 6 op, 316174035.00 ns, 52.6957 ms/op

// BeforeActualRun
WorkloadActual   1: 6 op, 323768332.00 ns, 53.9614 ms/op
WorkloadActual   2: 6 op, 322578380.00 ns, 53.7631 ms/op
WorkloadActual   3: 6 op, 306373971.00 ns, 51.0623 ms/op

// AfterActualRun
WorkloadResult   1: 6 op, 323767916.50 ns, 53.9613 ms/op
WorkloadResult   2: 6 op, 322577964.50 ns, 53.7630 ms/op
WorkloadResult   3: 6 op, 306373555.50 ns, 51.0623 ms/op
// GC:  0 0 0 3940392 6
// Threading:  1118 709 6
// Exceptions:  328

// AfterAll
// Benchmark Process 506914 has exited with code 0.

Mean = 52.929 ms, StdErr = 0.935 ms (1.77%), N = 3, StdDev = 1.620 ms
Min = 51.062 ms, Q1 = 52.413 ms, Median = 53.763 ms, Q3 = 53.862 ms, Max = 53.961 ms
IQR = 1.450 ms, LowerFence = 50.238 ms, UpperFence = 56.036 ms
ConfidenceInterval = [23.382 ms; 82.476 ms] (CI 99.9%), Margin = 29.547 ms (55.82% of Mean)
Skewness = -0.38, Kurtosis = 0.67, MValue = 2

// ** Remained 2 (33.3%) benchmark(s) to run. Estimated finish 2026-09-22 0:57 (0h 0m from now) **
// **************************
// Benchmark: SessionSetupDecompositionBenchmarks.StageS4_ReadinessTeardownOutsideAsync: Job-ZIYXXS(InvocationCount=6, IterationCount=3, LaunchCount=1, UnrollFactor=1, WarmupCount=3) [Sessions=1000]
// *** Execute ***
// Launch: 1 / 1
// Execute: dotnet WinForward.Benchmarks-Job-ZIYXXS-1.dll --anonymousPipes 141 142 --benchmarkName "WinForward.Benchmarks.Perf.SessionSetupDecompositionBenchmarks.StageS4_ReadinessTeardownOutsideAsync(Sessions: 1000)" --job "InvocationCount=6, IterationCount=3, LaunchCount=1, UnrollFactor=1, WarmupCount=3" --benchmarkId 4 in /home/paff/Projects/WinForward/benchmarks/WinForward.Benchmarks/bin/Release/net10.0/WinForward.Benchmarks-Job-ZIYXXS-1/bin/Release/net10.0
// Failed to set up high priority (Permission denied). In order to run benchmarks with high priority, make sure you have the right permissions.
// BeforeAnythingElse

// Benchmark Process Environment Information:
// BenchmarkDotNet v0.15.8
// Runtime=.NET 10.0.12 (10.0.12, 10.0.1226.42308), X64 RyuJIT x86-64-v4
// GC=Concurrent Workstation
// HardwareIntrinsics=AVX512 BITALG+VBMI2+VNNI+VPOPCNTDQ,AVX512 IFMA+VBMI,AVX512 F+BW+CD+DQ+VL,AVX2+BMI1+BMI2+F16C+FMA+LZCNT+MOVBE,AVX,SSE3+SSSE3+SSE4.1+SSE4.2+POPCNT,X86Base+SSE+SSE2,AES+PCLMUL,AvxVnni VectorSize=256
// Job: Job-ZIYXXS(InvocationCount=6, IterationCount=3, LaunchCount=1, UnrollFactor=1, WarmupCount=3)

OverheadJitting  1: 1 op, 245170.00 ns, 245.1700 us/op
WorkloadJitting  1: 1 op, 129649326.00 ns, 129.6493 ms/op

OverheadWarmup   1: 6 op, 882.00 ns, 147.0000 ns/op
OverheadWarmup   2: 6 op, 341.00 ns, 56.8333 ns/op
OverheadWarmup   3: 6 op, 480.00 ns, 80.0000 ns/op
OverheadWarmup   4: 6 op, 541.00 ns, 90.1667 ns/op
OverheadWarmup   5: 6 op, 511.00 ns, 85.1667 ns/op
OverheadWarmup   6: 6 op, 842.00 ns, 140.3333 ns/op
OverheadWarmup   7: 6 op, 871.00 ns, 145.1667 ns/op
OverheadWarmup   8: 6 op, 471.00 ns, 78.5000 ns/op

OverheadActual   1: 6 op, 501.00 ns, 83.5000 ns/op
OverheadActual   2: 6 op, 501.00 ns, 83.5000 ns/op
OverheadActual   3: 6 op, 490.00 ns, 81.6667 ns/op
OverheadActual   4: 6 op, 441.00 ns, 73.5000 ns/op
OverheadActual   5: 6 op, 471.00 ns, 78.5000 ns/op
OverheadActual   6: 6 op, 501.00 ns, 83.5000 ns/op
OverheadActual   7: 6 op, 711.00 ns, 118.5000 ns/op
OverheadActual   8: 6 op, 461.00 ns, 76.8333 ns/op
OverheadActual   9: 6 op, 501.00 ns, 83.5000 ns/op
OverheadActual  10: 6 op, 411.00 ns, 68.5000 ns/op
OverheadActual  11: 6 op, 341.00 ns, 56.8333 ns/op
OverheadActual  12: 6 op, 331.00 ns, 55.1667 ns/op
OverheadActual  13: 6 op, 531.00 ns, 88.5000 ns/op
OverheadActual  14: 6 op, 331.00 ns, 55.1667 ns/op
OverheadActual  15: 6 op, 320.00 ns, 53.3333 ns/op
OverheadActual  16: 6 op, 511.00 ns, 85.1667 ns/op
OverheadActual  17: 6 op, 471.00 ns, 78.5000 ns/op
OverheadActual  18: 6 op, 421.00 ns, 70.1667 ns/op
OverheadActual  19: 6 op, 331.00 ns, 55.1667 ns/op
OverheadActual  20: 6 op, 331.00 ns, 55.1667 ns/op

WorkloadWarmup   1: 6 op, 451943674.00 ns, 75.3239 ms/op
WorkloadWarmup   2: 6 op, 408357619.00 ns, 68.0596 ms/op
WorkloadWarmup   3: 6 op, 357865757.00 ns, 59.6443 ms/op

// BeforeActualRun
WorkloadActual   1: 6 op, 334341046.00 ns, 55.7235 ms/op
WorkloadActual   2: 6 op, 354317877.00 ns, 59.0530 ms/op
WorkloadActual   3: 6 op, 329711151.00 ns, 54.9519 ms/op

// AfterActualRun
WorkloadResult   1: 6 op, 334340580.00 ns, 55.7234 ms/op
WorkloadResult   2: 6 op, 354317411.00 ns, 59.0529 ms/op
WorkloadResult   3: 6 op, 329710685.00 ns, 54.9518 ms/op
// GC:  1 0 0 25997704 6
// Threading:  5894 1535 6

// AfterAll
// Benchmark Process 509735 has exited with code 0.

Mean = 56.576 ms, StdErr = 1.258 ms (2.22%), N = 3, StdDev = 2.179 ms
Min = 54.952 ms, Q1 = 55.338 ms, Median = 55.723 ms, Q3 = 57.388 ms, Max = 59.053 ms
IQR = 2.051 ms, LowerFence = 52.262 ms, UpperFence = 60.464 ms
ConfidenceInterval = [16.815 ms; 96.337 ms] (CI 99.9%), Margin = 39.761 ms (70.28% of Mean)
Skewness = 0.33, Kurtosis = 0.67, MValue = 2

// ** Remained 1 (16.7%) benchmark(s) to run. Estimated finish 2026-09-22 0:57 (0h 0m from now) **
// **************************
// Benchmark: SessionSetupDecompositionBenchmarks.StageS5_ReadinessTeardownInsideAsync: Job-ZIYXXS(InvocationCount=6, IterationCount=3, LaunchCount=1, UnrollFactor=1, WarmupCount=3) [Sessions=1000]
// *** Execute ***
// Launch: 1 / 1
// Execute: dotnet WinForward.Benchmarks-Job-ZIYXXS-1.dll --anonymousPipes 141 142 --benchmarkName "WinForward.Benchmarks.Perf.SessionSetupDecompositionBenchmarks.StageS5_ReadinessTeardownInsideAsync(Sessions: 1000)" --job "InvocationCount=6, IterationCount=3, LaunchCount=1, UnrollFactor=1, WarmupCount=3" --benchmarkId 5 in /home/paff/Projects/WinForward/benchmarks/WinForward.Benchmarks/bin/Release/net10.0/WinForward.Benchmarks-Job-ZIYXXS-1/bin/Release/net10.0
// Failed to set up high priority (Permission denied). In order to run benchmarks with high priority, make sure you have the right permissions.
// BeforeAnythingElse

// Benchmark Process Environment Information:
// BenchmarkDotNet v0.15.8
// Runtime=.NET 10.0.12 (10.0.12, 10.0.1226.42308), X64 RyuJIT x86-64-v4
// GC=Concurrent Workstation
// HardwareIntrinsics=AVX512 BITALG+VBMI2+VNNI+VPOPCNTDQ,AVX512 IFMA+VBMI,AVX512 F+BW+CD+DQ+VL,AVX2+BMI1+BMI2+F16C+FMA+LZCNT+MOVBE,AVX,SSE3+SSSE3+SSE4.1+SSE4.2+POPCNT,X86Base+SSE+SSE2,AES+PCLMUL,AvxVnni VectorSize=256
// Job: Job-ZIYXXS(InvocationCount=6, IterationCount=3, LaunchCount=1, UnrollFactor=1, WarmupCount=3)

OverheadJitting  1: 1 op, 332363.00 ns, 332.3630 us/op
WorkloadJitting  1: 1 op, 168194827.00 ns, 168.1948 ms/op

OverheadWarmup   1: 6 op, 721.00 ns, 120.1667 ns/op
OverheadWarmup   2: 6 op, 571.00 ns, 95.1667 ns/op
OverheadWarmup   3: 6 op, 491.00 ns, 81.8333 ns/op
OverheadWarmup   4: 6 op, 451.00 ns, 75.1667 ns/op
OverheadWarmup   5: 6 op, 571.00 ns, 95.1667 ns/op
OverheadWarmup   6: 6 op, 441.00 ns, 73.5000 ns/op
OverheadWarmup   7: 6 op, 471.00 ns, 78.5000 ns/op
OverheadWarmup   8: 6 op, 431.00 ns, 71.8333 ns/op

OverheadActual   1: 6 op, 731.00 ns, 121.8333 ns/op
OverheadActual   2: 6 op, 441.00 ns, 73.5000 ns/op
OverheadActual   3: 6 op, 481.00 ns, 80.1667 ns/op
OverheadActual   4: 6 op, 581.00 ns, 96.8333 ns/op
OverheadActual   5: 6 op, 461.00 ns, 76.8333 ns/op
OverheadActual   6: 6 op, 441.00 ns, 73.5000 ns/op
OverheadActual   7: 6 op, 451.00 ns, 75.1667 ns/op
OverheadActual   8: 6 op, 471.00 ns, 78.5000 ns/op
OverheadActual   9: 6 op, 501.00 ns, 83.5000 ns/op
OverheadActual  10: 6 op, 992.00 ns, 165.3333 ns/op
OverheadActual  11: 6 op, 461.00 ns, 76.8333 ns/op
OverheadActual  12: 6 op, 461.00 ns, 76.8333 ns/op
OverheadActual  13: 6 op, 471.00 ns, 78.5000 ns/op
OverheadActual  14: 6 op, 571.00 ns, 95.1667 ns/op
OverheadActual  15: 6 op, 461.00 ns, 76.8333 ns/op
OverheadActual  16: 6 op, 450.00 ns, 75.0000 ns/op
OverheadActual  17: 6 op, 561.00 ns, 93.5000 ns/op
OverheadActual  18: 6 op, 441.00 ns, 73.5000 ns/op
OverheadActual  19: 6 op, 451.00 ns, 75.1667 ns/op
OverheadActual  20: 6 op, 481.00 ns, 80.1667 ns/op

WorkloadWarmup   1: 6 op, 584266003.00 ns, 97.3777 ms/op
WorkloadWarmup   2: 6 op, 579869113.00 ns, 96.6449 ms/op
WorkloadWarmup   3: 6 op, 529825185.00 ns, 88.3042 ms/op

// BeforeActualRun
WorkloadActual   1: 6 op, 513482858.00 ns, 85.5805 ms/op
WorkloadActual   2: 6 op, 461200730.00 ns, 76.8668 ms/op
WorkloadActual   3: 6 op, 459945846.00 ns, 76.6576 ms/op

// AfterActualRun
WorkloadResult   1: 6 op, 513482392.00 ns, 85.5804 ms/op
WorkloadResult   2: 6 op, 461200264.00 ns, 76.8667 ms/op
WorkloadResult   3: 6 op, 459945380.00 ns, 76.6576 ms/op
// GC:  2 1 0 34833704 6
// Threading:  11952 1862 6
// Exceptions:  2128

// AfterAll
// Benchmark Process 512567 has exited with code 0.

Mean = 79.702 ms, StdErr = 2.940 ms (3.69%), N = 3, StdDev = 5.092 ms
Min = 76.658 ms, Q1 = 76.762 ms, Median = 76.867 ms, Q3 = 81.224 ms, Max = 85.580 ms
IQR = 4.461 ms, LowerFence = 70.070 ms, UpperFence = 87.916 ms
ConfidenceInterval = [-13.201 ms; 172.604 ms] (CI 99.9%), Margin = 92.903 ms (116.56% of Mean)
Skewness = 0.38, Kurtosis = 0.67, MValue = 2

// ** Remained 0 (0.0%) benchmark(s) to run. Estimated finish 2026-09-22 0:57 (0h 0m from now) **
// ***** BenchmarkRunner: Finish  *****

// * Export *
  BenchmarkDotNet.Artifacts/results/WinForward.Benchmarks.Perf.SessionSetupDecompositionBenchmarks-report.csv
  BenchmarkDotNet.Artifacts/results/WinForward.Benchmarks.Perf.SessionSetupDecompositionBenchmarks-report-github.md
  BenchmarkDotNet.Artifacts/results/WinForward.Benchmarks.Perf.SessionSetupDecompositionBenchmarks-report.html

// * Detailed results *
SessionSetupDecompositionBenchmarks.StageS4_ReadinessTeardownOutsideAsync: Job-ZIYXXS(InvocationCount=6, IterationCount=3, LaunchCount=1, UnrollFactor=1, WarmupCount=3) [Sessions=1]
Runtime = .NET 10.0.12 (10.0.12, 10.0.1226.42308), X64 RyuJIT x86-64-v4; GC = Concurrent Workstation
Mean = 32.008 ms, StdErr = 0.577 ms (1.80%), N = 3, StdDev = 0.999 ms
Min = 31.092 ms, Q1 = 31.476 ms, Median = 31.859 ms, Q3 = 32.466 ms, Max = 33.073 ms
IQR = 0.990 ms, LowerFence = 29.990 ms, UpperFence = 33.952 ms
ConfidenceInterval = [13.787 ms; 50.229 ms] (CI 99.9%), Margin = 18.221 ms (56.93% of Mean)
Skewness = 0.15, Kurtosis = 0.67, MValue = 2
-------------------- Histogram --------------------
[30.567 ms ; 32.385 ms) | @@
[32.385 ms ; 33.982 ms) | @
---------------------------------------------------

SessionSetupDecompositionBenchmarks.StageS5_ReadinessTeardownInsideAsync: Job-ZIYXXS(InvocationCount=6, IterationCount=3, LaunchCount=1, UnrollFactor=1, WarmupCount=3) [Sessions=1]
Runtime = .NET 10.0.12 (10.0.12, 10.0.1226.42308), X64 RyuJIT x86-64-v4; GC = Concurrent Workstation
Mean = 44.987 ms, StdErr = 0.315 ms (0.70%), N = 3, StdDev = 0.546 ms
Min = 44.612 ms, Q1 = 44.674 ms, Median = 44.735 ms, Q3 = 45.174 ms, Max = 45.614 ms
IQR = 0.501 ms, LowerFence = 43.923 ms, UpperFence = 45.926 ms
ConfidenceInterval = [35.022 ms; 54.953 ms] (CI 99.9%), Margin = 9.966 ms (22.15% of Mean)
Skewness = 0.36, Kurtosis = 0.67, MValue = 2
-------------------- Histogram --------------------
[44.115 ms ; 45.171 ms) | @@
[45.171 ms ; 46.111 ms) | @
---------------------------------------------------

SessionSetupDecompositionBenchmarks.StageS4_ReadinessTeardownOutsideAsync: Job-ZIYXXS(InvocationCount=6, IterationCount=3, LaunchCount=1, UnrollFactor=1, WarmupCount=3) [Sessions=100]
Runtime = .NET 10.0.12 (10.0.12, 10.0.1226.42308), X64 RyuJIT x86-64-v4; GC = Concurrent Workstation
Mean = 38.403 ms, StdErr = 0.432 ms (1.13%), N = 3, StdDev = 0.749 ms
Min = 37.667 ms, Q1 = 38.023 ms, Median = 38.379 ms, Q3 = 38.771 ms, Max = 39.164 ms
IQR = 0.749 ms, LowerFence = 36.900 ms, UpperFence = 39.894 ms
ConfidenceInterval = [24.740 ms; 52.066 ms] (CI 99.9%), Margin = 13.663 ms (35.58% of Mean)
Skewness = 0.03, Kurtosis = 0.67, MValue = 2
-------------------- Histogram --------------------
[37.341 ms ; 38.704 ms) | @@
[38.704 ms ; 39.846 ms) | @
---------------------------------------------------

SessionSetupDecompositionBenchmarks.StageS5_ReadinessTeardownInsideAsync: Job-ZIYXXS(InvocationCount=6, IterationCount=3, LaunchCount=1, UnrollFactor=1, WarmupCount=3) [Sessions=100]
Runtime = .NET 10.0.12 (10.0.12, 10.0.1226.42308), X64 RyuJIT x86-64-v4; GC = Concurrent Workstation
Mean = 52.929 ms, StdErr = 0.935 ms (1.77%), N = 3, StdDev = 1.620 ms
Min = 51.062 ms, Q1 = 52.413 ms, Median = 53.763 ms, Q3 = 53.862 ms, Max = 53.961 ms
IQR = 1.450 ms, LowerFence = 50.238 ms, UpperFence = 56.036 ms
ConfidenceInterval = [23.382 ms; 82.476 ms] (CI 99.9%), Margin = 29.547 ms (55.82% of Mean)
Skewness = -0.38, Kurtosis = 0.67, MValue = 2
-------------------- Histogram --------------------
[51.038 ms ; 53.986 ms) | @@@
---------------------------------------------------

SessionSetupDecompositionBenchmarks.StageS4_ReadinessTeardownOutsideAsync: Job-ZIYXXS(InvocationCount=6, IterationCount=3, LaunchCount=1, UnrollFactor=1, WarmupCount=3) [Sessions=1000]
Runtime = .NET 10.0.12 (10.0.12, 10.0.1226.42308), X64 RyuJIT x86-64-v4; GC = Concurrent Workstation
Mean = 56.576 ms, StdErr = 1.258 ms (2.22%), N = 3, StdDev = 2.179 ms
Min = 54.952 ms, Q1 = 55.338 ms, Median = 55.723 ms, Q3 = 57.388 ms, Max = 59.053 ms
IQR = 2.051 ms, LowerFence = 52.262 ms, UpperFence = 60.464 ms
ConfidenceInterval = [16.815 ms; 96.337 ms] (CI 99.9%), Margin = 39.761 ms (70.28% of Mean)
Skewness = 0.33, Kurtosis = 0.67, MValue = 2
-------------------- Histogram --------------------
[52.968 ms ; 57.321 ms) | @@
[57.321 ms ; 61.036 ms) | @
---------------------------------------------------

SessionSetupDecompositionBenchmarks.StageS5_ReadinessTeardownInsideAsync: Job-ZIYXXS(InvocationCount=6, IterationCount=3, LaunchCount=1, UnrollFactor=1, WarmupCount=3) [Sessions=1000]
Runtime = .NET 10.0.12 (10.0.12, 10.0.1226.42308), X64 RyuJIT x86-64-v4; GC = Concurrent Workstation
Mean = 79.702 ms, StdErr = 2.940 ms (3.69%), N = 3, StdDev = 5.092 ms
Min = 76.658 ms, Q1 = 76.762 ms, Median = 76.867 ms, Q3 = 81.224 ms, Max = 85.580 ms
IQR = 4.461 ms, LowerFence = 70.070 ms, UpperFence = 87.916 ms
ConfidenceInterval = [-13.201 ms; 172.604 ms] (CI 99.9%), Margin = 92.903 ms (116.56% of Mean)
Skewness = 0.38, Kurtosis = 0.67, MValue = 2
-------------------- Histogram --------------------
[76.485 ms ; 85.753 ms) | @@@
---------------------------------------------------

// * Summary *

BenchmarkDotNet v0.15.8, Linux NixOS 26.11 (Zokor)
AMD Ryzen 9 9955HX 2.50GHz, 1 CPU, 32 logical and 16 physical cores
.NET SDK 10.0.401
  [Host]     : .NET 10.0.12 (10.0.12, 10.0.1226.42308), X64 RyuJIT x86-64-v4
  Job-ZIYXXS : .NET 10.0.12 (10.0.12, 10.0.1226.42308), X64 RyuJIT x86-64-v4

InvocationCount=6  IterationCount=3  LaunchCount=1  
UnrollFactor=1  WarmupCount=3  

| Method                                | Sessions | Mean     | Error     | StdDev   | Gen0     | Gen1     | Allocated  |
|-------------------------------------- |--------- |---------:|----------:|---------:|---------:|---------:|-----------:|
| StageS4_ReadinessTeardownOutsideAsync | 1        | 32.01 ms | 18.221 ms | 0.999 ms |        - |        - |   32.59 KB |
| StageS5_ReadinessTeardownInsideAsync  | 1        | 44.99 ms |  9.966 ms | 0.546 ms |        - |        - |   76.63 KB |
| StageS4_ReadinessTeardownOutsideAsync | 100      | 38.40 ms | 13.663 ms | 0.749 ms |        - |        - |  450.44 KB |
| StageS5_ReadinessTeardownInsideAsync  | 100      | 52.93 ms | 29.547 ms | 1.620 ms |        - |        - |  641.34 KB |
| StageS4_ReadinessTeardownOutsideAsync | 1000     | 56.58 ms | 39.761 ms | 2.179 ms | 166.6667 |        - |  4231.4 KB |
| StageS5_ReadinessTeardownInsideAsync  | 1000     | 79.70 ms | 92.903 ms | 5.092 ms | 333.3333 | 166.6667 | 5669.55 KB |

// * Legends *
  Sessions  : Value of the 'Sessions' parameter
  Mean      : Arithmetic mean of all measurements
  Error     : Half of 99.9% confidence interval
  StdDev    : Standard deviation of all measurements
  Gen0      : GC Generation 0 collects per 1000 operations
  Gen1      : GC Generation 1 collects per 1000 operations
  Allocated : Allocated memory per single operation (managed only, inclusive, 1KB = 1024B)
  1 ms      : 1 Millisecond (0.001 sec)

// * Diagnostic Output - MemoryDiagnoser *


// ***** BenchmarkRunner: End *****
Run time: 00:00:18 (18.54 sec), executed benchmarks: 6

Global total time: 00:00:55 (55.43 sec), executed benchmarks: 6
// * Artifacts cleanup *
Artifacts cleanup is finished
