// Validating benchmarks:
// ***** BenchmarkRunner: Start   *****
// ***** Found 3 benchmark(s) in total *****
// ***** Building 1 exe(s) in Parallel: Start   *****
// start dotnet  restore --nodeReuse:false /p:UseSharedCompilation=false /p:Deterministic=true /p:Optimize=true /p:ArtifactsPath="/home/paff/Projects/WinForward/benchmarks/WinForward.Benchmarks/bin/Release/net10.0/WinForward.Benchmarks-ShortRun-1/" /p:OutDir="/home/paff/Projects/WinForward/benchmarks/WinForward.Benchmarks/bin/Release/net10.0/WinForward.Benchmarks-ShortRun-1/bin/Release/net10.0/" /p:OutputPath="/home/paff/Projects/WinForward/benchmarks/WinForward.Benchmarks/bin/Release/net10.0/WinForward.Benchmarks-ShortRun-1/bin/Release/net10.0/" /p:PublishDir="/home/paff/Projects/WinForward/benchmarks/WinForward.Benchmarks/bin/Release/net10.0/WinForward.Benchmarks-ShortRun-1/publish/" in /home/paff/Projects/WinForward/benchmarks/WinForward.Benchmarks/bin/Release/net10.0/WinForward.Benchmarks-ShortRun-1
// command took 3.48 sec and exited with 0
// start dotnet  build -c Release --no-restore --nodeReuse:false /p:UseSharedCompilation=false /p:Deterministic=true /p:Optimize=true /p:ArtifactsPath="/home/paff/Projects/WinForward/benchmarks/WinForward.Benchmarks/bin/Release/net10.0/WinForward.Benchmarks-ShortRun-1/" /p:OutDir="/home/paff/Projects/WinForward/benchmarks/WinForward.Benchmarks/bin/Release/net10.0/WinForward.Benchmarks-ShortRun-1/bin/Release/net10.0/" /p:OutputPath="/home/paff/Projects/WinForward/benchmarks/WinForward.Benchmarks/bin/Release/net10.0/WinForward.Benchmarks-ShortRun-1/bin/Release/net10.0/" /p:PublishDir="/home/paff/Projects/WinForward/benchmarks/WinForward.Benchmarks/bin/Release/net10.0/WinForward.Benchmarks-ShortRun-1/publish/" --output "/home/paff/Projects/WinForward/benchmarks/WinForward.Benchmarks/bin/Release/net10.0/WinForward.Benchmarks-ShortRun-1/bin/Release/net10.0/" in /home/paff/Projects/WinForward/benchmarks/WinForward.Benchmarks/bin/Release/net10.0/WinForward.Benchmarks-ShortRun-1
// command took 36.34 sec and exited with 0
// ***** Done, took 00:00:39 (39.98 sec)   *****
// Found 3 benchmarks:
//   SessionSetupDecompositionBenchmarks.StageT5_NonThrowingParkTeardownAsync: ShortRun(InvocationCount=1, IterationCount=3, LaunchCount=1, UnrollFactor=1, WarmupCount=3) [Sessions=1]
//   SessionSetupDecompositionBenchmarks.StageT5_NonThrowingParkTeardownAsync: ShortRun(InvocationCount=1, IterationCount=3, LaunchCount=1, UnrollFactor=1, WarmupCount=3) [Sessions=100]
//   SessionSetupDecompositionBenchmarks.StageT5_NonThrowingParkTeardownAsync: ShortRun(InvocationCount=1, IterationCount=3, LaunchCount=1, UnrollFactor=1, WarmupCount=3) [Sessions=1000]

// **************************
// Benchmark: SessionSetupDecompositionBenchmarks.StageT5_NonThrowingParkTeardownAsync: ShortRun(InvocationCount=1, IterationCount=3, LaunchCount=1, UnrollFactor=1, WarmupCount=3) [Sessions=1]
// *** Execute ***
// Launch: 1 / 1
// Execute: dotnet WinForward.Benchmarks-ShortRun-1.dll --anonymousPipes 138 139 --benchmarkName "WinForward.Benchmarks.Perf.SessionSetupDecompositionBenchmarks.StageT5_NonThrowingParkTeardownAsync(Sessions: 1)" --job ShortRun --benchmarkId 0 in /home/paff/Projects/WinForward/benchmarks/WinForward.Benchmarks/bin/Release/net10.0/WinForward.Benchmarks-ShortRun-1/bin/Release/net10.0
// Failed to set up high priority (Permission denied). In order to run benchmarks with high priority, make sure you have the right permissions.
// BeforeAnythingElse

// Benchmark Process Environment Information:
// BenchmarkDotNet v0.15.8
// Runtime=.NET 10.0.12 (10.0.12, 10.0.1226.42308), X64 RyuJIT x86-64-v4
// GC=Concurrent Workstation
// HardwareIntrinsics=AVX512 BITALG+VBMI2+VNNI+VPOPCNTDQ,AVX512 IFMA+VBMI,AVX512 F+BW+CD+DQ+VL,AVX2+BMI1+BMI2+F16C+FMA+LZCNT+MOVBE,AVX,SSE3+SSSE3+SSE4.1+SSE4.2+POPCNT,X86Base+SSE+SSE2,AES+PCLMUL,AvxVnni VectorSize=256
// Job: ShortRun(InvocationCount=1, IterationCount=3, LaunchCount=1, UnrollFactor=1, WarmupCount=3)

OverheadJitting  1: 1 op, 332688.00 ns, 332.6880 us/op
WorkloadJitting  1: 1 op, 43714124.00 ns, 43.7141 ms/op

OverheadWarmup   1: 1 op, 762.00 ns, 762.0000 ns/op
OverheadWarmup   2: 1 op, 371.00 ns, 371.0000 ns/op
OverheadWarmup   3: 1 op, 380.00 ns, 380.0000 ns/op
OverheadWarmup   4: 1 op, 411.00 ns, 411.0000 ns/op
OverheadWarmup   5: 1 op, 411.00 ns, 411.0000 ns/op
OverheadWarmup   6: 1 op, 280.00 ns, 280.0000 ns/op
OverheadWarmup   7: 1 op, 481.00 ns, 481.0000 ns/op

OverheadActual   1: 1 op, 581.00 ns, 581.0000 ns/op
OverheadActual   2: 1 op, 411.00 ns, 411.0000 ns/op
OverheadActual   3: 1 op, 401.00 ns, 401.0000 ns/op
OverheadActual   4: 1 op, 431.00 ns, 431.0000 ns/op
OverheadActual   5: 1 op, 471.00 ns, 471.0000 ns/op
OverheadActual   6: 1 op, 421.00 ns, 421.0000 ns/op
OverheadActual   7: 1 op, 361.00 ns, 361.0000 ns/op
OverheadActual   8: 1 op, 360.00 ns, 360.0000 ns/op
OverheadActual   9: 1 op, 491.00 ns, 491.0000 ns/op
OverheadActual  10: 1 op, 471.00 ns, 471.0000 ns/op
OverheadActual  11: 1 op, 411.00 ns, 411.0000 ns/op
OverheadActual  12: 1 op, 431.00 ns, 431.0000 ns/op
OverheadActual  13: 1 op, 421.00 ns, 421.0000 ns/op
OverheadActual  14: 1 op, 401.00 ns, 401.0000 ns/op
OverheadActual  15: 1 op, 441.00 ns, 441.0000 ns/op
OverheadActual  16: 1 op, 411.00 ns, 411.0000 ns/op
OverheadActual  17: 1 op, 441.00 ns, 441.0000 ns/op
OverheadActual  18: 1 op, 410.00 ns, 410.0000 ns/op
OverheadActual  19: 1 op, 370.00 ns, 370.0000 ns/op
OverheadActual  20: 1 op, 441.00 ns, 441.0000 ns/op

WorkloadWarmup   1: 1 op, 663121.00 ns, 663.1210 us/op
WorkloadWarmup   2: 1 op, 273588.00 ns, 273.5880 us/op
WorkloadWarmup   3: 1 op, 238101.00 ns, 238.1010 us/op

// BeforeActualRun
WorkloadActual   1: 1 op, 293119.00 ns, 293.1190 us/op
WorkloadActual   2: 1 op, 248912.00 ns, 248.9120 us/op
WorkloadActual   3: 1 op, 260546.00 ns, 260.5460 us/op

// AfterActualRun
WorkloadResult   1: 1 op, 292698.00 ns, 292.6980 us/op
WorkloadResult   2: 1 op, 248491.00 ns, 248.4910 us/op
WorkloadResult   3: 1 op, 260125.00 ns, 260.1250 us/op
// GC:  0 0 0 6904 1
// Threading:  1 0 1

// AfterAll
// Benchmark Process 1351630 has exited with code 0.

Mean = 267.105 us, StdErr = 13.230 us (4.95%), N = 3, StdDev = 22.915 us
Min = 248.491 us, Q1 = 254.308 us, Median = 260.125 us, Q3 = 276.411 us, Max = 292.698 us
IQR = 22.104 us, LowerFence = 221.153 us, UpperFence = 309.567 us
ConfidenceInterval = [-150.952 us; 685.161 us] (CI 99.9%), Margin = 418.057 us (156.51% of Mean)
Skewness = 0.28, Kurtosis = 0.67, MValue = 2

// ** Remained 2 (66.7%) benchmark(s) to run. Estimated finish 2026-09-22 14:50 (0h 0m from now) **
// **************************
// Benchmark: SessionSetupDecompositionBenchmarks.StageT5_NonThrowingParkTeardownAsync: ShortRun(InvocationCount=1, IterationCount=3, LaunchCount=1, UnrollFactor=1, WarmupCount=3) [Sessions=100]
// *** Execute ***
// Launch: 1 / 1
// Execute: dotnet WinForward.Benchmarks-ShortRun-1.dll --anonymousPipes 138 139 --benchmarkName "WinForward.Benchmarks.Perf.SessionSetupDecompositionBenchmarks.StageT5_NonThrowingParkTeardownAsync(Sessions: 100)" --job ShortRun --benchmarkId 1 in /home/paff/Projects/WinForward/benchmarks/WinForward.Benchmarks/bin/Release/net10.0/WinForward.Benchmarks-ShortRun-1/bin/Release/net10.0
// Failed to set up high priority (Permission denied). In order to run benchmarks with high priority, make sure you have the right permissions.
// BeforeAnythingElse

// Benchmark Process Environment Information:
// BenchmarkDotNet v0.15.8
// Runtime=.NET 10.0.12 (10.0.12, 10.0.1226.42308), X64 RyuJIT x86-64-v4
// GC=Concurrent Workstation
// HardwareIntrinsics=AVX512 BITALG+VBMI2+VNNI+VPOPCNTDQ,AVX512 IFMA+VBMI,AVX512 F+BW+CD+DQ+VL,AVX2+BMI1+BMI2+F16C+FMA+LZCNT+MOVBE,AVX,SSE3+SSSE3+SSE4.1+SSE4.2+POPCNT,X86Base+SSE+SSE2,AES+PCLMUL,AvxVnni VectorSize=256
// Job: ShortRun(InvocationCount=1, IterationCount=3, LaunchCount=1, UnrollFactor=1, WarmupCount=3)

OverheadJitting  1: 1 op, 281386.00 ns, 281.3860 us/op
WorkloadJitting  1: 1 op, 47176775.00 ns, 47.1768 ms/op

OverheadWarmup   1: 1 op, 831.00 ns, 831.0000 ns/op
OverheadWarmup   2: 1 op, 761.00 ns, 761.0000 ns/op
OverheadWarmup   3: 1 op, 461.00 ns, 461.0000 ns/op
OverheadWarmup   4: 1 op, 451.00 ns, 451.0000 ns/op
OverheadWarmup   5: 1 op, 471.00 ns, 471.0000 ns/op
OverheadWarmup   6: 1 op, 752.00 ns, 752.0000 ns/op
OverheadWarmup   7: 1 op, 561.00 ns, 561.0000 ns/op
OverheadWarmup   8: 1 op, 441.00 ns, 441.0000 ns/op
OverheadWarmup   9: 1 op, 411.00 ns, 411.0000 ns/op
OverheadWarmup  10: 1 op, 421.00 ns, 421.0000 ns/op

OverheadActual   1: 1 op, 521.00 ns, 521.0000 ns/op
OverheadActual   2: 1 op, 421.00 ns, 421.0000 ns/op
OverheadActual   3: 1 op, 521.00 ns, 521.0000 ns/op
OverheadActual   4: 1 op, 451.00 ns, 451.0000 ns/op
OverheadActual   5: 1 op, 420.00 ns, 420.0000 ns/op
OverheadActual   6: 1 op, 290.00 ns, 290.0000 ns/op
OverheadActual   7: 1 op, 431.00 ns, 431.0000 ns/op
OverheadActual   8: 1 op, 430.00 ns, 430.0000 ns/op
OverheadActual   9: 1 op, 351.00 ns, 351.0000 ns/op
OverheadActual  10: 1 op, 812.00 ns, 812.0000 ns/op
OverheadActual  11: 1 op, 361.00 ns, 361.0000 ns/op
OverheadActual  12: 1 op, 360.00 ns, 360.0000 ns/op
OverheadActual  13: 1 op, 421.00 ns, 421.0000 ns/op
OverheadActual  14: 1 op, 421.00 ns, 421.0000 ns/op
OverheadActual  15: 1 op, 291.00 ns, 291.0000 ns/op
OverheadActual  16: 1 op, 291.00 ns, 291.0000 ns/op
OverheadActual  17: 1 op, 430.00 ns, 430.0000 ns/op
OverheadActual  18: 1 op, 281.00 ns, 281.0000 ns/op
OverheadActual  19: 1 op, 441.00 ns, 441.0000 ns/op
OverheadActual  20: 1 op, 812.00 ns, 812.0000 ns/op

WorkloadWarmup   1: 1 op, 1928712.00 ns, 1.9287 ms/op
WorkloadWarmup   2: 1 op, 1508183.00 ns, 1.5082 ms/op
WorkloadWarmup   3: 1 op, 1512619.00 ns, 1.5126 ms/op

// BeforeActualRun
WorkloadActual   1: 1 op, 1550302.00 ns, 1.5503 ms/op
WorkloadActual   2: 1 op, 1353710.00 ns, 1.3537 ms/op
WorkloadActual   3: 1 op, 2550030.00 ns, 2.5500 ms/op

// AfterActualRun
WorkloadResult   1: 1 op, 1549881.00 ns, 1.5499 ms/op
WorkloadResult   2: 1 op, 1353289.00 ns, 1.3533 ms/op
WorkloadResult   3: 1 op, 2549609.00 ns, 2.5496 ms/op
// GC:  0 0 0 362680 1
// Threading:  105 0 1

// AfterAll
// Benchmark Process 1351648 has exited with code 0.

Mean = 1.818 ms, StdErr = 0.370 ms (20.38%), N = 3, StdDev = 0.642 ms
Min = 1.353 ms, Q1 = 1.452 ms, Median = 1.550 ms, Q3 = 2.050 ms, Max = 2.550 ms
IQR = 0.598 ms, LowerFence = 0.554 ms, UpperFence = 2.947 ms
ConfidenceInterval = [-9.886 ms; 13.521 ms] (CI 99.9%), Margin = 11.704 ms (643.91% of Mean)
Skewness = 0.34, Kurtosis = 0.67, MValue = 2

// ** Remained 1 (33.3%) benchmark(s) to run. Estimated finish 2026-09-22 14:50 (0h 0m from now) **
// **************************
// Benchmark: SessionSetupDecompositionBenchmarks.StageT5_NonThrowingParkTeardownAsync: ShortRun(InvocationCount=1, IterationCount=3, LaunchCount=1, UnrollFactor=1, WarmupCount=3) [Sessions=1000]
// *** Execute ***
// Launch: 1 / 1
// Execute: dotnet WinForward.Benchmarks-ShortRun-1.dll --anonymousPipes 138 139 --benchmarkName "WinForward.Benchmarks.Perf.SessionSetupDecompositionBenchmarks.StageT5_NonThrowingParkTeardownAsync(Sessions: 1000)" --job ShortRun --benchmarkId 2 in /home/paff/Projects/WinForward/benchmarks/WinForward.Benchmarks/bin/Release/net10.0/WinForward.Benchmarks-ShortRun-1/bin/Release/net10.0
// Failed to set up high priority (Permission denied). In order to run benchmarks with high priority, make sure you have the right permissions.
// BeforeAnythingElse

// Benchmark Process Environment Information:
// BenchmarkDotNet v0.15.8
// Runtime=.NET 10.0.12 (10.0.12, 10.0.1226.42308), X64 RyuJIT x86-64-v4
// GC=Concurrent Workstation
// HardwareIntrinsics=AVX512 BITALG+VBMI2+VNNI+VPOPCNTDQ,AVX512 IFMA+VBMI,AVX512 F+BW+CD+DQ+VL,AVX2+BMI1+BMI2+F16C+FMA+LZCNT+MOVBE,AVX,SSE3+SSSE3+SSE4.1+SSE4.2+POPCNT,X86Base+SSE+SSE2,AES+PCLMUL,AvxVnni VectorSize=256
// Job: ShortRun(InvocationCount=1, IterationCount=3, LaunchCount=1, UnrollFactor=1, WarmupCount=3)

OverheadJitting  1: 1 op, 254884.00 ns, 254.8840 us/op
WorkloadJitting  1: 1 op, 69118027.00 ns, 69.1180 ms/op

OverheadWarmup   1: 1 op, 711.00 ns, 711.0000 ns/op
OverheadWarmup   2: 1 op, 311.00 ns, 311.0000 ns/op
OverheadWarmup   3: 1 op, 451.00 ns, 451.0000 ns/op
OverheadWarmup   4: 1 op, 551.00 ns, 551.0000 ns/op
OverheadWarmup   5: 1 op, 481.00 ns, 481.0000 ns/op
OverheadWarmup   6: 1 op, 421.00 ns, 421.0000 ns/op
OverheadWarmup   7: 1 op, 391.00 ns, 391.0000 ns/op
OverheadWarmup   8: 1 op, 470.00 ns, 470.0000 ns/op
OverheadWarmup   9: 1 op, 501.00 ns, 501.0000 ns/op
OverheadWarmup  10: 1 op, 280.00 ns, 280.0000 ns/op

OverheadActual   1: 1 op, 421.00 ns, 421.0000 ns/op
OverheadActual   2: 1 op, 401.00 ns, 401.0000 ns/op
OverheadActual   3: 1 op, 521.00 ns, 521.0000 ns/op
OverheadActual   4: 1 op, 461.00 ns, 461.0000 ns/op
OverheadActual   5: 1 op, 411.00 ns, 411.0000 ns/op
OverheadActual   6: 1 op, 461.00 ns, 461.0000 ns/op
OverheadActual   7: 1 op, 371.00 ns, 371.0000 ns/op
OverheadActual   8: 1 op, 391.00 ns, 391.0000 ns/op
OverheadActual   9: 1 op, 381.00 ns, 381.0000 ns/op
OverheadActual  10: 1 op, 430.00 ns, 430.0000 ns/op
OverheadActual  11: 1 op, 451.00 ns, 451.0000 ns/op
OverheadActual  12: 1 op, 440.00 ns, 440.0000 ns/op
OverheadActual  13: 1 op, 431.00 ns, 431.0000 ns/op
OverheadActual  14: 1 op, 431.00 ns, 431.0000 ns/op
OverheadActual  15: 1 op, 451.00 ns, 451.0000 ns/op
OverheadActual  16: 1 op, 441.00 ns, 441.0000 ns/op
OverheadActual  17: 1 op, 451.00 ns, 451.0000 ns/op
OverheadActual  18: 1 op, 411.00 ns, 411.0000 ns/op
OverheadActual  19: 1 op, 421.00 ns, 421.0000 ns/op
OverheadActual  20: 1 op, 371.00 ns, 371.0000 ns/op

WorkloadWarmup   1: 1 op, 13832956.00 ns, 13.8330 ms/op
WorkloadWarmup   2: 1 op, 10644738.00 ns, 10.6447 ms/op
WorkloadWarmup   3: 1 op, 8782355.00 ns, 8.7824 ms/op

// BeforeActualRun
WorkloadActual   1: 1 op, 12082618.00 ns, 12.0826 ms/op
WorkloadActual   2: 1 op, 8179345.00 ns, 8.1793 ms/op
WorkloadActual   3: 1 op, 12652822.00 ns, 12.6528 ms/op

// AfterActualRun
WorkloadResult   1: 1 op, 12082187.50 ns, 12.0822 ms/op
WorkloadResult   2: 1 op, 8178914.50 ns, 8.1789 ms/op
WorkloadResult   3: 1 op, 12652391.50 ns, 12.6524 ms/op
// GC:  0 0 0 3553272 1
// Threading:  1311 0 1

// AfterAll
// Benchmark Process 1351668 has exited with code 0.

Mean = 10.971 ms, StdErr = 1.406 ms (12.81%), N = 3, StdDev = 2.435 ms
Min = 8.179 ms, Q1 = 10.131 ms, Median = 12.082 ms, Q3 = 12.367 ms, Max = 12.652 ms
IQR = 2.237 ms, LowerFence = 6.775 ms, UpperFence = 15.722 ms
ConfidenceInterval = [-33.451 ms; 55.393 ms] (CI 99.9%), Margin = 44.422 ms (404.90% of Mean)
Skewness = -0.36, Kurtosis = 0.67, MValue = 2

// ** Remained 0 (0.0%) benchmark(s) to run. Estimated finish 2026-09-22 14:50 (0h 0m from now) **
// ***** BenchmarkRunner: Finish  *****

// * Export *
  BenchmarkDotNet.Artifacts/results/WinForward.Benchmarks.Perf.SessionSetupDecompositionBenchmarks-report.csv
  BenchmarkDotNet.Artifacts/results/WinForward.Benchmarks.Perf.SessionSetupDecompositionBenchmarks-report-github.md
  BenchmarkDotNet.Artifacts/results/WinForward.Benchmarks.Perf.SessionSetupDecompositionBenchmarks-report.html

// * Detailed results *
SessionSetupDecompositionBenchmarks.StageT5_NonThrowingParkTeardownAsync: ShortRun(InvocationCount=1, IterationCount=3, LaunchCount=1, UnrollFactor=1, WarmupCount=3) [Sessions=1]
Runtime = .NET 10.0.12 (10.0.12, 10.0.1226.42308), X64 RyuJIT x86-64-v4; GC = Concurrent Workstation
Mean = 267.105 us, StdErr = 13.230 us (4.95%), N = 3, StdDev = 22.915 us
Min = 248.491 us, Q1 = 254.308 us, Median = 260.125 us, Q3 = 276.411 us, Max = 292.698 us
IQR = 22.104 us, LowerFence = 221.153 us, UpperFence = 309.567 us
ConfidenceInterval = [-150.952 us; 685.161 us] (CI 99.9%), Margin = 418.057 us (156.51% of Mean)
Skewness = 0.28, Kurtosis = 0.67, MValue = 2
-------------------- Histogram --------------------
[233.454 us ; 275.162 us) | @@
[275.162 us ; 313.552 us) | @
---------------------------------------------------

SessionSetupDecompositionBenchmarks.StageT5_NonThrowingParkTeardownAsync: ShortRun(InvocationCount=1, IterationCount=3, LaunchCount=1, UnrollFactor=1, WarmupCount=3) [Sessions=100]
Runtime = .NET 10.0.12 (10.0.12, 10.0.1226.42308), X64 RyuJIT x86-64-v4; GC = Concurrent Workstation
Mean = 1.818 ms, StdErr = 0.370 ms (20.38%), N = 3, StdDev = 0.642 ms
Min = 1.353 ms, Q1 = 1.452 ms, Median = 1.550 ms, Q3 = 2.050 ms, Max = 2.550 ms
IQR = 0.598 ms, LowerFence = 0.554 ms, UpperFence = 2.947 ms
ConfidenceInterval = [-9.886 ms; 13.521 ms] (CI 99.9%), Margin = 11.704 ms (643.91% of Mean)
Skewness = 0.34, Kurtosis = 0.67, MValue = 2
-------------------- Histogram --------------------
[0.769 ms ; 2.035 ms) | @@
[2.035 ms ; 3.133 ms) | @
---------------------------------------------------

SessionSetupDecompositionBenchmarks.StageT5_NonThrowingParkTeardownAsync: ShortRun(InvocationCount=1, IterationCount=3, LaunchCount=1, UnrollFactor=1, WarmupCount=3) [Sessions=1000]
Runtime = .NET 10.0.12 (10.0.12, 10.0.1226.42308), X64 RyuJIT x86-64-v4; GC = Concurrent Workstation
Mean = 10.971 ms, StdErr = 1.406 ms (12.81%), N = 3, StdDev = 2.435 ms
Min = 8.179 ms, Q1 = 10.131 ms, Median = 12.082 ms, Q3 = 12.367 ms, Max = 12.652 ms
IQR = 2.237 ms, LowerFence = 6.775 ms, UpperFence = 15.722 ms
ConfidenceInterval = [-33.451 ms; 55.393 ms] (CI 99.9%), Margin = 44.422 ms (404.90% of Mean)
Skewness = -0.36, Kurtosis = 0.67, MValue = 2
-------------------- Histogram --------------------
[ 5.963 ms ; 10.151 ms) | @
[10.151 ms ; 14.868 ms) | @@
---------------------------------------------------

// * Summary *

BenchmarkDotNet v0.15.8, Linux NixOS 26.11 (Zokor)
AMD Ryzen 9 9955HX 2.50GHz, 1 CPU, 32 logical and 16 physical cores
.NET SDK 10.0.401
  [Host]   : .NET 10.0.12 (10.0.12, 10.0.1226.42308), X64 RyuJIT x86-64-v4
  ShortRun : .NET 10.0.12 (10.0.12, 10.0.1226.42308), X64 RyuJIT x86-64-v4

Job=ShortRun  InvocationCount=1  IterationCount=3  
LaunchCount=1  UnrollFactor=1  WarmupCount=3  

| Method                               | Sessions | Mean        | Error       | StdDev      | Allocated  |
|------------------------------------- |--------- |------------:|------------:|------------:|-----------:|
| StageT5_NonThrowingParkTeardownAsync | 1        |    267.1 us |    418.1 us |    22.92 us |    6.74 KB |
| StageT5_NonThrowingParkTeardownAsync | 100      |  1,817.6 us | 11,703.7 us |   641.52 us |  354.18 KB |
| StageT5_NonThrowingParkTeardownAsync | 1000     | 10,971.2 us | 44,421.8 us | 2,434.91 us | 3469.99 KB |

// * Warnings *
MinIterationTime
  SessionSetupDecompositionBenchmarks.StageT5_NonThrowingParkTeardownAsync: ShortRun -> The minimum observed iteration time is 248.912us which is very small. It's recommended to increase it to at least 100ms using more operations.
  SessionSetupDecompositionBenchmarks.StageT5_NonThrowingParkTeardownAsync: ShortRun -> The minimum observed iteration time is 1.354ms which is very small. It's recommended to increase it to at least 100ms using more operations.
  SessionSetupDecompositionBenchmarks.StageT5_NonThrowingParkTeardownAsync: ShortRun -> The minimum observed iteration time is 8.179ms which is very small. It's recommended to increase it to at least 100ms using more operations.

// * Legends *
  Sessions  : Value of the 'Sessions' parameter
  Mean      : Arithmetic mean of all measurements
  Error     : Half of 99.9% confidence interval
  StdDev    : Standard deviation of all measurements
  Allocated : Allocated memory per single operation (managed only, inclusive, 1KB = 1024B)
  1 us      : 1 Microsecond (0.000001 sec)

// * Diagnostic Output - MemoryDiagnoser *


// ***** BenchmarkRunner: End *****
Run time: 00:00:01 (1.35 sec), executed benchmarks: 3

Global total time: 00:00:41 (41.51 sec), executed benchmarks: 3
// * Artifacts cleanup *
Artifacts cleanup is finished
