// Validating benchmarks:
// ***** BenchmarkRunner: Start   *****
// ***** Found 6 benchmark(s) in total *****
// ***** Building 1 exe(s) in Parallel: Start   *****
// start dotnet  restore --nodeReuse:false /p:UseSharedCompilation=false /p:Deterministic=true /p:Optimize=true /p:ArtifactsPath="/home/paff/Projects/WinForward/benchmarks/WinForward.Benchmarks/bin/Release/net10.0/WinForward.Benchmarks-Job-ZIYXXS-1/" /p:OutDir="/home/paff/Projects/WinForward/benchmarks/WinForward.Benchmarks/bin/Release/net10.0/WinForward.Benchmarks-Job-ZIYXXS-1/bin/Release/net10.0/" /p:OutputPath="/home/paff/Projects/WinForward/benchmarks/WinForward.Benchmarks/bin/Release/net10.0/WinForward.Benchmarks-Job-ZIYXXS-1/bin/Release/net10.0/" /p:PublishDir="/home/paff/Projects/WinForward/benchmarks/WinForward.Benchmarks/bin/Release/net10.0/WinForward.Benchmarks-Job-ZIYXXS-1/publish/" in /home/paff/Projects/WinForward/benchmarks/WinForward.Benchmarks/bin/Release/net10.0/WinForward.Benchmarks-Job-ZIYXXS-1
// command took 2.97 sec and exited with 0
// start dotnet  build -c Release --no-restore --nodeReuse:false /p:UseSharedCompilation=false /p:Deterministic=true /p:Optimize=true /p:ArtifactsPath="/home/paff/Projects/WinForward/benchmarks/WinForward.Benchmarks/bin/Release/net10.0/WinForward.Benchmarks-Job-ZIYXXS-1/" /p:OutDir="/home/paff/Projects/WinForward/benchmarks/WinForward.Benchmarks/bin/Release/net10.0/WinForward.Benchmarks-Job-ZIYXXS-1/bin/Release/net10.0/" /p:OutputPath="/home/paff/Projects/WinForward/benchmarks/WinForward.Benchmarks/bin/Release/net10.0/WinForward.Benchmarks-Job-ZIYXXS-1/bin/Release/net10.0/" /p:PublishDir="/home/paff/Projects/WinForward/benchmarks/WinForward.Benchmarks/bin/Release/net10.0/WinForward.Benchmarks-Job-ZIYXXS-1/publish/" --output "/home/paff/Projects/WinForward/benchmarks/WinForward.Benchmarks/bin/Release/net10.0/WinForward.Benchmarks-Job-ZIYXXS-1/bin/Release/net10.0/" in /home/paff/Projects/WinForward/benchmarks/WinForward.Benchmarks/bin/Release/net10.0/WinForward.Benchmarks-Job-ZIYXXS-1
// command took 34.3 sec and exited with 0
// ***** Done, took 00:00:37 (37.42 sec)   *****
// Found 6 benchmarks:
//   SessionSetupDecompositionBenchmarks.TempProbeCopyAsync: Job-ZIYXXS(InvocationCount=6, IterationCount=3, LaunchCount=1, UnrollFactor=1, WarmupCount=3) [Sessions=1]
//   SessionSetupDecompositionBenchmarks.StageS5_ReadinessTeardownInsideAsync: Job-ZIYXXS(InvocationCount=6, IterationCount=3, LaunchCount=1, UnrollFactor=1, WarmupCount=3) [Sessions=1]
//   SessionSetupDecompositionBenchmarks.TempProbeCopyAsync: Job-ZIYXXS(InvocationCount=6, IterationCount=3, LaunchCount=1, UnrollFactor=1, WarmupCount=3) [Sessions=100]
//   SessionSetupDecompositionBenchmarks.StageS5_ReadinessTeardownInsideAsync: Job-ZIYXXS(InvocationCount=6, IterationCount=3, LaunchCount=1, UnrollFactor=1, WarmupCount=3) [Sessions=100]
//   SessionSetupDecompositionBenchmarks.TempProbeCopyAsync: Job-ZIYXXS(InvocationCount=6, IterationCount=3, LaunchCount=1, UnrollFactor=1, WarmupCount=3) [Sessions=1000]
//   SessionSetupDecompositionBenchmarks.StageS5_ReadinessTeardownInsideAsync: Job-ZIYXXS(InvocationCount=6, IterationCount=3, LaunchCount=1, UnrollFactor=1, WarmupCount=3) [Sessions=1000]

// **************************
// Benchmark: SessionSetupDecompositionBenchmarks.TempProbeCopyAsync: Job-ZIYXXS(InvocationCount=6, IterationCount=3, LaunchCount=1, UnrollFactor=1, WarmupCount=3) [Sessions=1]
// *** Execute ***
// Launch: 1 / 1
// Execute: dotnet WinForward.Benchmarks-Job-ZIYXXS-1.dll --anonymousPipes 141 142 --benchmarkName "WinForward.Benchmarks.Perf.SessionSetupDecompositionBenchmarks.TempProbeCopyAsync(Sessions: 1)" --job "InvocationCount=6, IterationCount=3, LaunchCount=1, UnrollFactor=1, WarmupCount=3" --benchmarkId 0 in /home/paff/Projects/WinForward/benchmarks/WinForward.Benchmarks/bin/Release/net10.0/WinForward.Benchmarks-Job-ZIYXXS-1/bin/Release/net10.0
// Failed to set up high priority (Permission denied). In order to run benchmarks with high priority, make sure you have the right permissions.
// BeforeAnythingElse

// Benchmark Process Environment Information:
// BenchmarkDotNet v0.15.8
// Runtime=.NET 10.0.12 (10.0.12, 10.0.1226.42308), X64 RyuJIT x86-64-v4
// GC=Concurrent Workstation
// HardwareIntrinsics=AVX512 BITALG+VBMI2+VNNI+VPOPCNTDQ,AVX512 IFMA+VBMI,AVX512 F+BW+CD+DQ+VL,AVX2+BMI1+BMI2+F16C+FMA+LZCNT+MOVBE,AVX,SSE3+SSSE3+SSE4.1+SSE4.2+POPCNT,X86Base+SSE+SSE2,AES+PCLMUL,AvxVnni VectorSize=256
// Job: Job-ZIYXXS(InvocationCount=6, IterationCount=3, LaunchCount=1, UnrollFactor=1, WarmupCount=3)

OverheadJitting  1: 1 op, 253398.00 ns, 253.3980 us/op
WorkloadJitting  1: 1 op, 102468170.00 ns, 102.4682 ms/op

OverheadWarmup   1: 6 op, 721.00 ns, 120.1667 ns/op
OverheadWarmup   2: 6 op, 531.00 ns, 88.5000 ns/op
OverheadWarmup   3: 6 op, 471.00 ns, 78.5000 ns/op
OverheadWarmup   4: 6 op, 451.00 ns, 75.1667 ns/op
OverheadWarmup   5: 6 op, 481.00 ns, 80.1667 ns/op
OverheadWarmup   6: 6 op, 461.00 ns, 76.8333 ns/op
OverheadWarmup   7: 6 op, 501.00 ns, 83.5000 ns/op
OverheadWarmup   8: 6 op, 490.00 ns, 81.6667 ns/op

OverheadActual   1: 6 op, 481.00 ns, 80.1667 ns/op
OverheadActual   2: 6 op, 441.00 ns, 73.5000 ns/op
OverheadActual   3: 6 op, 471.00 ns, 78.5000 ns/op
OverheadActual   4: 6 op, 441.00 ns, 73.5000 ns/op
OverheadActual   5: 6 op, 862.00 ns, 143.6667 ns/op
OverheadActual   6: 6 op, 481.00 ns, 80.1667 ns/op
OverheadActual   7: 6 op, 441.00 ns, 73.5000 ns/op
OverheadActual   8: 6 op, 480.00 ns, 80.0000 ns/op
OverheadActual   9: 6 op, 461.00 ns, 76.8333 ns/op
OverheadActual  10: 6 op, 471.00 ns, 78.5000 ns/op
OverheadActual  11: 6 op, 391.00 ns, 65.1667 ns/op
OverheadActual  12: 6 op, 521.00 ns, 86.8333 ns/op
OverheadActual  13: 6 op, 410.00 ns, 68.3333 ns/op
OverheadActual  14: 6 op, 401.00 ns, 66.8333 ns/op
OverheadActual  15: 6 op, 411.00 ns, 68.5000 ns/op
OverheadActual  16: 6 op, 391.00 ns, 65.1667 ns/op
OverheadActual  17: 6 op, 481.00 ns, 80.1667 ns/op
OverheadActual  18: 6 op, 511.00 ns, 85.1667 ns/op
OverheadActual  19: 6 op, 450.00 ns, 75.0000 ns/op
OverheadActual  20: 6 op, 411.00 ns, 68.5000 ns/op

WorkloadWarmup   1: 6 op, 273342611.00 ns, 45.5571 ms/op
WorkloadWarmup   2: 6 op, 269516471.00 ns, 44.9194 ms/op
WorkloadWarmup   3: 6 op, 263842572.00 ns, 43.9738 ms/op

// BeforeActualRun
WorkloadActual   1: 6 op, 260133049.00 ns, 43.3555 ms/op
WorkloadActual   2: 6 op, 267060524.00 ns, 44.5101 ms/op
WorkloadActual   3: 6 op, 264557066.00 ns, 44.0928 ms/op

// AfterActualRun
WorkloadResult   1: 6 op, 260132593.50 ns, 43.3554 ms/op
WorkloadResult   2: 6 op, 267060068.50 ns, 44.5100 ms/op
WorkloadResult   3: 6 op, 264556610.50 ns, 44.0928 ms/op
// GC:  0 0 0 470016 6
// Threading:  12 384 6
// Exceptions:  130

// AfterAll
// Benchmark Process 322194 has exited with code 0.

Mean = 43.986 ms, StdErr = 0.338 ms (0.77%), N = 3, StdDev = 0.585 ms
Min = 43.355 ms, Q1 = 43.724 ms, Median = 44.093 ms, Q3 = 44.301 ms, Max = 44.510 ms
IQR = 0.577 ms, LowerFence = 42.858 ms, UpperFence = 45.167 ms
ConfidenceInterval = [33.320 ms; 54.652 ms] (CI 99.9%), Margin = 10.666 ms (24.25% of Mean)
Skewness = -0.18, Kurtosis = 0.67, MValue = 2

// ** Remained 5 (83.3%) benchmark(s) to run. Estimated finish 2026-09-22 0:16 (0h 0m from now) **
// **************************
// Benchmark: SessionSetupDecompositionBenchmarks.StageS5_ReadinessTeardownInsideAsync: Job-ZIYXXS(InvocationCount=6, IterationCount=3, LaunchCount=1, UnrollFactor=1, WarmupCount=3) [Sessions=1]
// *** Execute ***
// Launch: 1 / 1
// Execute: dotnet WinForward.Benchmarks-Job-ZIYXXS-1.dll --anonymousPipes 141 142 --benchmarkName "WinForward.Benchmarks.Perf.SessionSetupDecompositionBenchmarks.StageS5_ReadinessTeardownInsideAsync(Sessions: 1)" --job "InvocationCount=6, IterationCount=3, LaunchCount=1, UnrollFactor=1, WarmupCount=3" --benchmarkId 1 in /home/paff/Projects/WinForward/benchmarks/WinForward.Benchmarks/bin/Release/net10.0/WinForward.Benchmarks-Job-ZIYXXS-1/bin/Release/net10.0
// Failed to set up high priority (Permission denied). In order to run benchmarks with high priority, make sure you have the right permissions.
// BeforeAnythingElse

// Benchmark Process Environment Information:
// BenchmarkDotNet v0.15.8
// Runtime=.NET 10.0.12 (10.0.12, 10.0.1226.42308), X64 RyuJIT x86-64-v4
// GC=Concurrent Workstation
// HardwareIntrinsics=AVX512 BITALG+VBMI2+VNNI+VPOPCNTDQ,AVX512 IFMA+VBMI,AVX512 F+BW+CD+DQ+VL,AVX2+BMI1+BMI2+F16C+FMA+LZCNT+MOVBE,AVX,SSE3+SSSE3+SSE4.1+SSE4.2+POPCNT,X86Base+SSE+SSE2,AES+PCLMUL,AvxVnni VectorSize=256
// Job: Job-ZIYXXS(InvocationCount=6, IterationCount=3, LaunchCount=1, UnrollFactor=1, WarmupCount=3)

OverheadJitting  1: 1 op, 314954.00 ns, 314.9540 us/op
WorkloadJitting  1: 1 op, 103769918.00 ns, 103.7699 ms/op

OverheadWarmup   1: 6 op, 441.00 ns, 73.5000 ns/op
OverheadWarmup   2: 6 op, 331.00 ns, 55.1667 ns/op
OverheadWarmup   3: 6 op, 461.00 ns, 76.8333 ns/op
OverheadWarmup   4: 6 op, 461.00 ns, 76.8333 ns/op
OverheadWarmup   5: 6 op, 441.00 ns, 73.5000 ns/op
OverheadWarmup   6: 6 op, 400.00 ns, 66.6667 ns/op
OverheadWarmup   7: 6 op, 471.00 ns, 78.5000 ns/op

OverheadActual   1: 6 op, 461.00 ns, 76.8333 ns/op
OverheadActual   2: 6 op, 471.00 ns, 78.5000 ns/op
OverheadActual   3: 6 op, 461.00 ns, 76.8333 ns/op
OverheadActual   4: 6 op, 461.00 ns, 76.8333 ns/op
OverheadActual   5: 6 op, 450.00 ns, 75.0000 ns/op
OverheadActual   6: 6 op, 331.00 ns, 55.1667 ns/op
OverheadActual   7: 6 op, 470.00 ns, 78.3333 ns/op
OverheadActual   8: 6 op, 581.00 ns, 96.8333 ns/op
OverheadActual   9: 6 op, 481.00 ns, 80.1667 ns/op
OverheadActual  10: 6 op, 330.00 ns, 55.0000 ns/op
OverheadActual  11: 6 op, 331.00 ns, 55.1667 ns/op
OverheadActual  12: 6 op, 451.00 ns, 75.1667 ns/op
OverheadActual  13: 6 op, 350.00 ns, 58.3333 ns/op
OverheadActual  14: 6 op, 330.00 ns, 55.0000 ns/op
OverheadActual  15: 6 op, 331.00 ns, 55.1667 ns/op
OverheadActual  16: 6 op, 450.00 ns, 75.0000 ns/op
OverheadActual  17: 6 op, 330.00 ns, 55.0000 ns/op
OverheadActual  18: 6 op, 461.00 ns, 76.8333 ns/op
OverheadActual  19: 6 op, 341.00 ns, 56.8333 ns/op
OverheadActual  20: 6 op, 331.00 ns, 55.1667 ns/op

WorkloadWarmup   1: 6 op, 263888426.00 ns, 43.9814 ms/op
WorkloadWarmup   2: 6 op, 258137411.00 ns, 43.0229 ms/op
WorkloadWarmup   3: 6 op, 254724598.00 ns, 42.4541 ms/op

// BeforeActualRun
WorkloadActual   1: 6 op, 254506323.00 ns, 42.4177 ms/op
WorkloadActual   2: 6 op, 246170975.00 ns, 41.0285 ms/op
WorkloadActual   3: 6 op, 255429819.00 ns, 42.5716 ms/op

// AfterActualRun
WorkloadResult   1: 6 op, 254505873.00 ns, 42.4176 ms/op
WorkloadResult   2: 6 op, 246170525.00 ns, 41.0284 ms/op
WorkloadResult   3: 6 op, 255429369.00 ns, 42.5716 ms/op
// GC:  0 0 0 470112 6
// Threading:  6 384 6
// Exceptions:  130

// AfterAll
// Benchmark Process 324982 has exited with code 0.

Mean = 42.006 ms, StdErr = 0.491 ms (1.17%), N = 3, StdDev = 0.850 ms
Min = 41.028 ms, Q1 = 41.723 ms, Median = 42.418 ms, Q3 = 42.495 ms, Max = 42.572 ms
IQR = 0.772 ms, LowerFence = 40.566 ms, UpperFence = 43.652 ms
ConfidenceInterval = [26.499 ms; 57.513 ms] (CI 99.9%), Margin = 15.507 ms (36.92% of Mean)
Skewness = -0.37, Kurtosis = 0.67, MValue = 2

// ** Remained 4 (66.7%) benchmark(s) to run. Estimated finish 2026-09-22 0:16 (0h 0m from now) **
// **************************
// Benchmark: SessionSetupDecompositionBenchmarks.TempProbeCopyAsync: Job-ZIYXXS(InvocationCount=6, IterationCount=3, LaunchCount=1, UnrollFactor=1, WarmupCount=3) [Sessions=100]
// *** Execute ***
// Launch: 1 / 1
// Execute: dotnet WinForward.Benchmarks-Job-ZIYXXS-1.dll --anonymousPipes 141 142 --benchmarkName "WinForward.Benchmarks.Perf.SessionSetupDecompositionBenchmarks.TempProbeCopyAsync(Sessions: 100)" --job "InvocationCount=6, IterationCount=3, LaunchCount=1, UnrollFactor=1, WarmupCount=3" --benchmarkId 2 in /home/paff/Projects/WinForward/benchmarks/WinForward.Benchmarks/bin/Release/net10.0/WinForward.Benchmarks-Job-ZIYXXS-1/bin/Release/net10.0
// Failed to set up high priority (Permission denied). In order to run benchmarks with high priority, make sure you have the right permissions.
// BeforeAnythingElse

// Benchmark Process Environment Information:
// BenchmarkDotNet v0.15.8
// Runtime=.NET 10.0.12 (10.0.12, 10.0.1226.42308), X64 RyuJIT x86-64-v4
// GC=Concurrent Workstation
// HardwareIntrinsics=AVX512 BITALG+VBMI2+VNNI+VPOPCNTDQ,AVX512 IFMA+VBMI,AVX512 F+BW+CD+DQ+VL,AVX2+BMI1+BMI2+F16C+FMA+LZCNT+MOVBE,AVX,SSE3+SSSE3+SSE4.1+SSE4.2+POPCNT,X86Base+SSE+SSE2,AES+PCLMUL,AvxVnni VectorSize=256
// Job: Job-ZIYXXS(InvocationCount=6, IterationCount=3, LaunchCount=1, UnrollFactor=1, WarmupCount=3)

OverheadJitting  1: 1 op, 264088.00 ns, 264.0880 us/op
WorkloadJitting  1: 1 op, 124325239.00 ns, 124.3252 ms/op

OverheadWarmup   1: 6 op, 511.00 ns, 85.1667 ns/op
OverheadWarmup   2: 6 op, 371.00 ns, 61.8333 ns/op
OverheadWarmup   3: 6 op, 511.00 ns, 85.1667 ns/op
OverheadWarmup   4: 6 op, 391.00 ns, 65.1667 ns/op
OverheadWarmup   5: 6 op, 511.00 ns, 85.1667 ns/op
OverheadWarmup   6: 6 op, 471.00 ns, 78.5000 ns/op

OverheadActual   1: 6 op, 491.00 ns, 81.8333 ns/op
OverheadActual   2: 6 op, 481.00 ns, 80.1667 ns/op
OverheadActual   3: 6 op, 501.00 ns, 83.5000 ns/op
OverheadActual   4: 6 op, 491.00 ns, 81.8333 ns/op
OverheadActual   5: 6 op, 491.00 ns, 81.8333 ns/op
OverheadActual   6: 6 op, 371.00 ns, 61.8333 ns/op
OverheadActual   7: 6 op, 381.00 ns, 63.5000 ns/op
OverheadActual   8: 6 op, 381.00 ns, 63.5000 ns/op
OverheadActual   9: 6 op, 491.00 ns, 81.8333 ns/op
OverheadActual  10: 6 op, 391.00 ns, 65.1667 ns/op
OverheadActual  11: 6 op, 380.00 ns, 63.3333 ns/op
OverheadActual  12: 6 op, 391.00 ns, 65.1667 ns/op
OverheadActual  13: 6 op, 371.00 ns, 61.8333 ns/op
OverheadActual  14: 6 op, 491.00 ns, 81.8333 ns/op
OverheadActual  15: 6 op, 491.00 ns, 81.8333 ns/op
OverheadActual  16: 6 op, 471.00 ns, 78.5000 ns/op
OverheadActual  17: 6 op, 491.00 ns, 81.8333 ns/op
OverheadActual  18: 6 op, 571.00 ns, 95.1667 ns/op
OverheadActual  19: 6 op, 561.00 ns, 93.5000 ns/op
OverheadActual  20: 6 op, 381.00 ns, 63.5000 ns/op

WorkloadWarmup   1: 6 op, 330474272.00 ns, 55.0790 ms/op
WorkloadWarmup   2: 6 op, 324071131.00 ns, 54.0119 ms/op
WorkloadWarmup   3: 6 op, 307722966.00 ns, 51.2872 ms/op

// BeforeActualRun
WorkloadActual   1: 6 op, 307922261.00 ns, 51.3204 ms/op
WorkloadActual   2: 6 op, 305800763.00 ns, 50.9668 ms/op
WorkloadActual   3: 6 op, 300692177.00 ns, 50.1154 ms/op

// AfterActualRun
WorkloadResult   1: 6 op, 307921775.00 ns, 51.3203 ms/op
WorkloadResult   2: 6 op, 305800277.00 ns, 50.9667 ms/op
WorkloadResult   3: 6 op, 300691691.00 ns, 50.1153 ms/op
// GC:  0 0 0 3868704 6
// Threading:  1115 753 6
// Exceptions:  328

// AfterAll
// Benchmark Process 327748 has exited with code 0.

Mean = 50.801 ms, StdErr = 0.358 ms (0.70%), N = 3, StdDev = 0.619 ms
Min = 50.115 ms, Q1 = 50.541 ms, Median = 50.967 ms, Q3 = 51.144 ms, Max = 51.320 ms
IQR = 0.603 ms, LowerFence = 49.637 ms, UpperFence = 52.047 ms
ConfidenceInterval = [39.500 ms; 62.101 ms] (CI 99.9%), Margin = 11.300 ms (22.24% of Mean)
Skewness = -0.25, Kurtosis = 0.67, MValue = 2

// ** Remained 3 (50.0%) benchmark(s) to run. Estimated finish 2026-09-22 0:16 (0h 0m from now) **
// **************************
// Benchmark: SessionSetupDecompositionBenchmarks.StageS5_ReadinessTeardownInsideAsync: Job-ZIYXXS(InvocationCount=6, IterationCount=3, LaunchCount=1, UnrollFactor=1, WarmupCount=3) [Sessions=100]
// *** Execute ***
// Launch: 1 / 1
// Execute: dotnet WinForward.Benchmarks-Job-ZIYXXS-1.dll --anonymousPipes 141 142 --benchmarkName "WinForward.Benchmarks.Perf.SessionSetupDecompositionBenchmarks.StageS5_ReadinessTeardownInsideAsync(Sessions: 100)" --job "InvocationCount=6, IterationCount=3, LaunchCount=1, UnrollFactor=1, WarmupCount=3" --benchmarkId 3 in /home/paff/Projects/WinForward/benchmarks/WinForward.Benchmarks/bin/Release/net10.0/WinForward.Benchmarks-Job-ZIYXXS-1/bin/Release/net10.0
// Failed to set up high priority (Permission denied). In order to run benchmarks with high priority, make sure you have the right permissions.
// BeforeAnythingElse

// Benchmark Process Environment Information:
// BenchmarkDotNet v0.15.8
// Runtime=.NET 10.0.12 (10.0.12, 10.0.1226.42308), X64 RyuJIT x86-64-v4
// GC=Concurrent Workstation
// HardwareIntrinsics=AVX512 BITALG+VBMI2+VNNI+VPOPCNTDQ,AVX512 IFMA+VBMI,AVX512 F+BW+CD+DQ+VL,AVX2+BMI1+BMI2+F16C+FMA+LZCNT+MOVBE,AVX,SSE3+SSSE3+SSE4.1+SSE4.2+POPCNT,X86Base+SSE+SSE2,AES+PCLMUL,AvxVnni VectorSize=256
// Job: Job-ZIYXXS(InvocationCount=6, IterationCount=3, LaunchCount=1, UnrollFactor=1, WarmupCount=3)

OverheadJitting  1: 1 op, 249029.00 ns, 249.0290 us/op
WorkloadJitting  1: 1 op, 131662555.00 ns, 131.6626 ms/op

OverheadWarmup   1: 6 op, 591.00 ns, 98.5000 ns/op
OverheadWarmup   2: 6 op, 541.00 ns, 90.1667 ns/op
OverheadWarmup   3: 6 op, 551.00 ns, 91.8333 ns/op
OverheadWarmup   4: 6 op, 581.00 ns, 96.8333 ns/op
OverheadWarmup   5: 6 op, 451.00 ns, 75.1667 ns/op
OverheadWarmup   6: 6 op, 481.00 ns, 80.1667 ns/op
OverheadWarmup   7: 6 op, 451.00 ns, 75.1667 ns/op

OverheadActual   1: 6 op, 461.00 ns, 76.8333 ns/op
OverheadActual   2: 6 op, 461.00 ns, 76.8333 ns/op
OverheadActual   3: 6 op, 441.00 ns, 73.5000 ns/op
OverheadActual   4: 6 op, 461.00 ns, 76.8333 ns/op
OverheadActual   5: 6 op, 431.00 ns, 71.8333 ns/op
OverheadActual   6: 6 op, 461.00 ns, 76.8333 ns/op
OverheadActual   7: 6 op, 481.00 ns, 80.1667 ns/op
OverheadActual   8: 6 op, 441.00 ns, 73.5000 ns/op
OverheadActual   9: 6 op, 441.00 ns, 73.5000 ns/op
OverheadActual  10: 6 op, 411.00 ns, 68.5000 ns/op
OverheadActual  11: 6 op, 471.00 ns, 78.5000 ns/op
OverheadActual  12: 6 op, 451.00 ns, 75.1667 ns/op
OverheadActual  13: 6 op, 511.00 ns, 85.1667 ns/op
OverheadActual  14: 6 op, 481.00 ns, 80.1667 ns/op
OverheadActual  15: 6 op, 421.00 ns, 70.1667 ns/op
OverheadActual  16: 6 op, 531.00 ns, 88.5000 ns/op
OverheadActual  17: 6 op, 421.00 ns, 70.1667 ns/op
OverheadActual  18: 6 op, 431.00 ns, 71.8333 ns/op
OverheadActual  19: 6 op, 451.00 ns, 75.1667 ns/op
OverheadActual  20: 6 op, 431.00 ns, 71.8333 ns/op

WorkloadWarmup   1: 6 op, 336209544.00 ns, 56.0349 ms/op
WorkloadWarmup   2: 6 op, 320901502.00 ns, 53.4836 ms/op
WorkloadWarmup   3: 6 op, 318843340.00 ns, 53.1406 ms/op

// BeforeActualRun
WorkloadActual   1: 6 op, 306528925.00 ns, 51.0882 ms/op
WorkloadActual   2: 6 op, 304576376.00 ns, 50.7627 ms/op
WorkloadActual   3: 6 op, 290774689.00 ns, 48.4624 ms/op

// AfterActualRun
WorkloadResult   1: 6 op, 306528474.00 ns, 51.0881 ms/op
WorkloadResult   2: 6 op, 304575925.00 ns, 50.7627 ms/op
WorkloadResult   3: 6 op, 290774238.00 ns, 48.4624 ms/op
// GC:  0 0 0 3858232 6
// Threading:  1101 693 6
// Exceptions:  328

// AfterAll
// Benchmark Process 330582 has exited with code 0.

Mean = 50.104 ms, StdErr = 0.826 ms (1.65%), N = 3, StdDev = 1.431 ms
Min = 48.462 ms, Q1 = 49.613 ms, Median = 50.763 ms, Q3 = 50.925 ms, Max = 51.088 ms
IQR = 1.313 ms, LowerFence = 47.643 ms, UpperFence = 52.895 ms
ConfidenceInterval = [23.992 ms; 76.216 ms] (CI 99.9%), Margin = 26.112 ms (52.12% of Mean)
Skewness = -0.36, Kurtosis = 0.67, MValue = 2

// ** Remained 2 (33.3%) benchmark(s) to run. Estimated finish 2026-09-22 0:16 (0h 0m from now) **
// **************************
// Benchmark: SessionSetupDecompositionBenchmarks.TempProbeCopyAsync: Job-ZIYXXS(InvocationCount=6, IterationCount=3, LaunchCount=1, UnrollFactor=1, WarmupCount=3) [Sessions=1000]
// *** Execute ***
// Launch: 1 / 1
// Execute: dotnet WinForward.Benchmarks-Job-ZIYXXS-1.dll --anonymousPipes 141 142 --benchmarkName "WinForward.Benchmarks.Perf.SessionSetupDecompositionBenchmarks.TempProbeCopyAsync(Sessions: 1000)" --job "InvocationCount=6, IterationCount=3, LaunchCount=1, UnrollFactor=1, WarmupCount=3" --benchmarkId 4 in /home/paff/Projects/WinForward/benchmarks/WinForward.Benchmarks/bin/Release/net10.0/WinForward.Benchmarks-Job-ZIYXXS-1/bin/Release/net10.0
// Failed to set up high priority (Permission denied). In order to run benchmarks with high priority, make sure you have the right permissions.
// BeforeAnythingElse

// Benchmark Process Environment Information:
// BenchmarkDotNet v0.15.8
// Runtime=.NET 10.0.12 (10.0.12, 10.0.1226.42308), X64 RyuJIT x86-64-v4
// GC=Concurrent Workstation
// HardwareIntrinsics=AVX512 BITALG+VBMI2+VNNI+VPOPCNTDQ,AVX512 IFMA+VBMI,AVX512 F+BW+CD+DQ+VL,AVX2+BMI1+BMI2+F16C+FMA+LZCNT+MOVBE,AVX,SSE3+SSSE3+SSE4.1+SSE4.2+POPCNT,X86Base+SSE+SSE2,AES+PCLMUL,AvxVnni VectorSize=256
// Job: Job-ZIYXXS(InvocationCount=6, IterationCount=3, LaunchCount=1, UnrollFactor=1, WarmupCount=3)

OverheadJitting  1: 1 op, 272844.00 ns, 272.8440 us/op
WorkloadJitting  1: 1 op, 151108720.00 ns, 151.1087 ms/op

OverheadWarmup   1: 6 op, 1012.00 ns, 168.6667 ns/op
OverheadWarmup   2: 6 op, 701.00 ns, 116.8333 ns/op
OverheadWarmup   3: 6 op, 551.00 ns, 91.8333 ns/op
OverheadWarmup   4: 6 op, 471.00 ns, 78.5000 ns/op
OverheadWarmup   5: 6 op, 331.00 ns, 55.1667 ns/op
OverheadWarmup   6: 6 op, 320.00 ns, 53.3333 ns/op
OverheadWarmup   7: 6 op, 351.00 ns, 58.5000 ns/op
OverheadWarmup   8: 6 op, 350.00 ns, 58.3333 ns/op
OverheadWarmup   9: 6 op, 341.00 ns, 56.8333 ns/op
OverheadWarmup  10: 6 op, 351.00 ns, 58.5000 ns/op

OverheadActual   1: 6 op, 470.00 ns, 78.3333 ns/op
OverheadActual   2: 6 op, 742.00 ns, 123.6667 ns/op
OverheadActual   3: 6 op, 471.00 ns, 78.5000 ns/op
OverheadActual   4: 6 op, 451.00 ns, 75.1667 ns/op
OverheadActual   5: 6 op, 341.00 ns, 56.8333 ns/op
OverheadActual   6: 6 op, 341.00 ns, 56.8333 ns/op
OverheadActual   7: 6 op, 351.00 ns, 58.5000 ns/op
OverheadActual   8: 6 op, 451.00 ns, 75.1667 ns/op
OverheadActual   9: 6 op, 460.00 ns, 76.6667 ns/op
OverheadActual  10: 6 op, 350.00 ns, 58.3333 ns/op
OverheadActual  11: 6 op, 330.00 ns, 55.0000 ns/op
OverheadActual  12: 6 op, 331.00 ns, 55.1667 ns/op
OverheadActual  13: 6 op, 321.00 ns, 53.5000 ns/op
OverheadActual  14: 6 op, 370.00 ns, 61.6667 ns/op
OverheadActual  15: 6 op, 481.00 ns, 80.1667 ns/op
OverheadActual  16: 6 op, 350.00 ns, 58.3333 ns/op
OverheadActual  17: 6 op, 491.00 ns, 81.8333 ns/op
OverheadActual  18: 6 op, 491.00 ns, 81.8333 ns/op
OverheadActual  19: 6 op, 291.00 ns, 48.5000 ns/op
OverheadActual  20: 6 op, 331.00 ns, 55.1667 ns/op

WorkloadWarmup   1: 6 op, 554157106.00 ns, 92.3595 ms/op
WorkloadWarmup   2: 6 op, 542585858.00 ns, 90.4310 ms/op
WorkloadWarmup   3: 6 op, 514005512.00 ns, 85.6676 ms/op

// BeforeActualRun
WorkloadActual   1: 6 op, 486603207.00 ns, 81.1005 ms/op
WorkloadActual   2: 6 op, 423774917.00 ns, 70.6292 ms/op
WorkloadActual   3: 6 op, 419447422.00 ns, 69.9079 ms/op

// AfterActualRun
WorkloadResult   1: 6 op, 486602846.50 ns, 81.1005 ms/op
WorkloadResult   2: 6 op, 423774556.50 ns, 70.6291 ms/op
WorkloadResult   3: 6 op, 419447061.50 ns, 69.9078 ms/op
// GC:  2 1 0 34788456 6
// Threading:  11917 1939 6
// Exceptions:  2128

// AfterAll
// Benchmark Process 333386 has exited with code 0.

Mean = 73.879 ms, StdErr = 3.617 ms (4.90%), N = 3, StdDev = 6.264 ms
Min = 69.908 ms, Q1 = 70.268 ms, Median = 70.629 ms, Q3 = 75.865 ms, Max = 81.100 ms
IQR = 5.596 ms, LowerFence = 61.874 ms, UpperFence = 84.259 ms
ConfidenceInterval = [-40.404 ms; 188.162 ms] (CI 99.9%), Margin = 114.283 ms (154.69% of Mean)
Skewness = 0.38, Kurtosis = 0.67, MValue = 2

// ** Remained 1 (16.7%) benchmark(s) to run. Estimated finish 2026-09-22 0:16 (0h 0m from now) **
// **************************
// Benchmark: SessionSetupDecompositionBenchmarks.StageS5_ReadinessTeardownInsideAsync: Job-ZIYXXS(InvocationCount=6, IterationCount=3, LaunchCount=1, UnrollFactor=1, WarmupCount=3) [Sessions=1000]
// *** Execute ***
// Launch: 1 / 1
// Execute: dotnet WinForward.Benchmarks-Job-ZIYXXS-1.dll --anonymousPipes 141 142 --benchmarkName "WinForward.Benchmarks.Perf.SessionSetupDecompositionBenchmarks.StageS5_ReadinessTeardownInsideAsync(Sessions: 1000)" --job "InvocationCount=6, IterationCount=3, LaunchCount=1, UnrollFactor=1, WarmupCount=3" --benchmarkId 5 in /home/paff/Projects/WinForward/benchmarks/WinForward.Benchmarks/bin/Release/net10.0/WinForward.Benchmarks-Job-ZIYXXS-1/bin/Release/net10.0
// Failed to set up high priority (Permission denied). In order to run benchmarks with high priority, make sure you have the right permissions.
// BeforeAnythingElse

// Benchmark Process Environment Information:
// BenchmarkDotNet v0.15.8
// Runtime=.NET 10.0.12 (10.0.12, 10.0.1226.42308), X64 RyuJIT x86-64-v4
// GC=Concurrent Workstation
// HardwareIntrinsics=AVX512 BITALG+VBMI2+VNNI+VPOPCNTDQ,AVX512 IFMA+VBMI,AVX512 F+BW+CD+DQ+VL,AVX2+BMI1+BMI2+F16C+FMA+LZCNT+MOVBE,AVX,SSE3+SSSE3+SSE4.1+SSE4.2+POPCNT,X86Base+SSE+SSE2,AES+PCLMUL,AvxVnni VectorSize=256
// Job: Job-ZIYXXS(InvocationCount=6, IterationCount=3, LaunchCount=1, UnrollFactor=1, WarmupCount=3)

OverheadJitting  1: 1 op, 294605.00 ns, 294.6050 us/op
WorkloadJitting  1: 1 op, 157009539.00 ns, 157.0095 ms/op

OverheadWarmup   1: 6 op, 491.00 ns, 81.8333 ns/op
OverheadWarmup   2: 6 op, 471.00 ns, 78.5000 ns/op
OverheadWarmup   3: 6 op, 341.00 ns, 56.8333 ns/op
OverheadWarmup   4: 6 op, 461.00 ns, 76.8333 ns/op
OverheadWarmup   5: 6 op, 461.00 ns, 76.8333 ns/op
OverheadWarmup   6: 6 op, 481.00 ns, 80.1667 ns/op
OverheadWarmup   7: 6 op, 361.00 ns, 60.1667 ns/op

OverheadActual   1: 6 op, 481.00 ns, 80.1667 ns/op
OverheadActual   2: 6 op, 461.00 ns, 76.8333 ns/op
OverheadActual   3: 6 op, 471.00 ns, 78.5000 ns/op
OverheadActual   4: 6 op, 431.00 ns, 71.8333 ns/op
OverheadActual   5: 6 op, 461.00 ns, 76.8333 ns/op
OverheadActual   6: 6 op, 341.00 ns, 56.8333 ns/op
OverheadActual   7: 6 op, 340.00 ns, 56.6667 ns/op
OverheadActual   8: 6 op, 341.00 ns, 56.8333 ns/op
OverheadActual   9: 6 op, 341.00 ns, 56.8333 ns/op
OverheadActual  10: 6 op, 331.00 ns, 55.1667 ns/op
OverheadActual  11: 6 op, 480.00 ns, 80.0000 ns/op
OverheadActual  12: 6 op, 491.00 ns, 81.8333 ns/op
OverheadActual  13: 6 op, 350.00 ns, 58.3333 ns/op
OverheadActual  14: 6 op, 341.00 ns, 56.8333 ns/op
OverheadActual  15: 6 op, 471.00 ns, 78.5000 ns/op
OverheadActual  16: 6 op, 562.00 ns, 93.6667 ns/op
OverheadActual  17: 6 op, 340.00 ns, 56.6667 ns/op
OverheadActual  18: 6 op, 421.00 ns, 70.1667 ns/op
OverheadActual  19: 6 op, 481.00 ns, 80.1667 ns/op
OverheadActual  20: 6 op, 340.00 ns, 56.6667 ns/op

WorkloadWarmup   1: 6 op, 553130636.00 ns, 92.1884 ms/op
WorkloadWarmup   2: 6 op, 536209271.00 ns, 89.3682 ms/op
WorkloadWarmup   3: 6 op, 499254315.00 ns, 83.2091 ms/op

// BeforeActualRun
WorkloadActual   1: 6 op, 459134616.00 ns, 76.5224 ms/op
WorkloadActual   2: 6 op, 452958949.00 ns, 75.4932 ms/op
WorkloadActual   3: 6 op, 430139739.00 ns, 71.6900 ms/op

// AfterActualRun
WorkloadResult   1: 6 op, 459134190.00 ns, 76.5224 ms/op
WorkloadResult   2: 6 op, 452958523.00 ns, 75.4931 ms/op
WorkloadResult   3: 6 op, 430139313.00 ns, 71.6899 ms/op
// GC:  2 1 0 34902664 6
// Threading:  11938 2012 6
// Exceptions:  2128

// AfterAll
// Benchmark Process 336210 has exited with code 0.

Mean = 74.568 ms, StdErr = 1.470 ms (1.97%), N = 3, StdDev = 2.545 ms
Min = 71.690 ms, Q1 = 73.591 ms, Median = 75.493 ms, Q3 = 76.008 ms, Max = 76.522 ms
IQR = 2.416 ms, LowerFence = 69.967 ms, UpperFence = 79.632 ms
ConfidenceInterval = [28.130 ms; 121.007 ms] (CI 99.9%), Margin = 46.439 ms (62.28% of Mean)
Skewness = -0.32, Kurtosis = 0.67, MValue = 2

// ** Remained 0 (0.0%) benchmark(s) to run. Estimated finish 2026-09-22 0:16 (0h 0m from now) **
// ***** BenchmarkRunner: Finish  *****

// * Export *
  BenchmarkDotNet.Artifacts/results/WinForward.Benchmarks.Perf.SessionSetupDecompositionBenchmarks-report.csv
  BenchmarkDotNet.Artifacts/results/WinForward.Benchmarks.Perf.SessionSetupDecompositionBenchmarks-report-github.md
  BenchmarkDotNet.Artifacts/results/WinForward.Benchmarks.Perf.SessionSetupDecompositionBenchmarks-report.html

// * Detailed results *
SessionSetupDecompositionBenchmarks.TempProbeCopyAsync: Job-ZIYXXS(InvocationCount=6, IterationCount=3, LaunchCount=1, UnrollFactor=1, WarmupCount=3) [Sessions=1]
Runtime = .NET 10.0.12 (10.0.12, 10.0.1226.42308), X64 RyuJIT x86-64-v4; GC = Concurrent Workstation
Mean = 43.986 ms, StdErr = 0.338 ms (0.77%), N = 3, StdDev = 0.585 ms
Min = 43.355 ms, Q1 = 43.724 ms, Median = 44.093 ms, Q3 = 44.301 ms, Max = 44.510 ms
IQR = 0.577 ms, LowerFence = 42.858 ms, UpperFence = 45.167 ms
ConfidenceInterval = [33.320 ms; 54.652 ms] (CI 99.9%), Margin = 10.666 ms (24.25% of Mean)
Skewness = -0.18, Kurtosis = 0.67, MValue = 2
-------------------- Histogram --------------------
[42.823 ms ; 43.769 ms) | @
[43.769 ms ; 45.042 ms) | @@
---------------------------------------------------

SessionSetupDecompositionBenchmarks.StageS5_ReadinessTeardownInsideAsync: Job-ZIYXXS(InvocationCount=6, IterationCount=3, LaunchCount=1, UnrollFactor=1, WarmupCount=3) [Sessions=1]
Runtime = .NET 10.0.12 (10.0.12, 10.0.1226.42308), X64 RyuJIT x86-64-v4; GC = Concurrent Workstation
Mean = 42.006 ms, StdErr = 0.491 ms (1.17%), N = 3, StdDev = 0.850 ms
Min = 41.028 ms, Q1 = 41.723 ms, Median = 42.418 ms, Q3 = 42.495 ms, Max = 42.572 ms
IQR = 0.772 ms, LowerFence = 40.566 ms, UpperFence = 43.652 ms
ConfidenceInterval = [26.499 ms; 57.513 ms] (CI 99.9%), Margin = 15.507 ms (36.92% of Mean)
Skewness = -0.37, Kurtosis = 0.67, MValue = 2
-------------------- Histogram --------------------
[41.026 ms ; 42.574 ms) | @@@
---------------------------------------------------

SessionSetupDecompositionBenchmarks.TempProbeCopyAsync: Job-ZIYXXS(InvocationCount=6, IterationCount=3, LaunchCount=1, UnrollFactor=1, WarmupCount=3) [Sessions=100]
Runtime = .NET 10.0.12 (10.0.12, 10.0.1226.42308), X64 RyuJIT x86-64-v4; GC = Concurrent Workstation
Mean = 50.801 ms, StdErr = 0.358 ms (0.70%), N = 3, StdDev = 0.619 ms
Min = 50.115 ms, Q1 = 50.541 ms, Median = 50.967 ms, Q3 = 51.144 ms, Max = 51.320 ms
IQR = 0.603 ms, LowerFence = 49.637 ms, UpperFence = 52.047 ms
ConfidenceInterval = [39.500 ms; 62.101 ms] (CI 99.9%), Margin = 11.300 ms (22.24% of Mean)
Skewness = -0.25, Kurtosis = 0.67, MValue = 2
-------------------- Histogram --------------------
[49.552 ms ; 50.580 ms) | @
[50.580 ms ; 51.884 ms) | @@
---------------------------------------------------

SessionSetupDecompositionBenchmarks.StageS5_ReadinessTeardownInsideAsync: Job-ZIYXXS(InvocationCount=6, IterationCount=3, LaunchCount=1, UnrollFactor=1, WarmupCount=3) [Sessions=100]
Runtime = .NET 10.0.12 (10.0.12, 10.0.1226.42308), X64 RyuJIT x86-64-v4; GC = Concurrent Workstation
Mean = 50.104 ms, StdErr = 0.826 ms (1.65%), N = 3, StdDev = 1.431 ms
Min = 48.462 ms, Q1 = 49.613 ms, Median = 50.763 ms, Q3 = 50.925 ms, Max = 51.088 ms
IQR = 1.313 ms, LowerFence = 47.643 ms, UpperFence = 52.895 ms
ConfidenceInterval = [23.992 ms; 76.216 ms] (CI 99.9%), Margin = 26.112 ms (52.12% of Mean)
Skewness = -0.36, Kurtosis = 0.67, MValue = 2
-------------------- Histogram --------------------
[47.160 ms ; 49.623 ms) | @
[49.623 ms ; 52.391 ms) | @@
---------------------------------------------------

SessionSetupDecompositionBenchmarks.TempProbeCopyAsync: Job-ZIYXXS(InvocationCount=6, IterationCount=3, LaunchCount=1, UnrollFactor=1, WarmupCount=3) [Sessions=1000]
Runtime = .NET 10.0.12 (10.0.12, 10.0.1226.42308), X64 RyuJIT x86-64-v4; GC = Concurrent Workstation
Mean = 73.879 ms, StdErr = 3.617 ms (4.90%), N = 3, StdDev = 6.264 ms
Min = 69.908 ms, Q1 = 70.268 ms, Median = 70.629 ms, Q3 = 75.865 ms, Max = 81.100 ms
IQR = 5.596 ms, LowerFence = 61.874 ms, UpperFence = 84.259 ms
ConfidenceInterval = [-40.404 ms; 188.162 ms] (CI 99.9%), Margin = 114.283 ms (154.69% of Mean)
Skewness = 0.38, Kurtosis = 0.67, MValue = 2
-------------------- Histogram --------------------
[69.803 ms ; 81.205 ms) | @@@
---------------------------------------------------

SessionSetupDecompositionBenchmarks.StageS5_ReadinessTeardownInsideAsync: Job-ZIYXXS(InvocationCount=6, IterationCount=3, LaunchCount=1, UnrollFactor=1, WarmupCount=3) [Sessions=1000]
Runtime = .NET 10.0.12 (10.0.12, 10.0.1226.42308), X64 RyuJIT x86-64-v4; GC = Concurrent Workstation
Mean = 74.568 ms, StdErr = 1.470 ms (1.97%), N = 3, StdDev = 2.545 ms
Min = 71.690 ms, Q1 = 73.591 ms, Median = 75.493 ms, Q3 = 76.008 ms, Max = 76.522 ms
IQR = 2.416 ms, LowerFence = 69.967 ms, UpperFence = 79.632 ms
ConfidenceInterval = [28.130 ms; 121.007 ms] (CI 99.9%), Margin = 46.439 ms (62.28% of Mean)
Skewness = -0.32, Kurtosis = 0.67, MValue = 2
-------------------- Histogram --------------------
[69.373 ms ; 73.691 ms) | @
[73.691 ms ; 78.839 ms) | @@
---------------------------------------------------

// * Summary *

BenchmarkDotNet v0.15.8, Linux NixOS 26.11 (Zokor)
AMD Ryzen 9 9955HX 2.50GHz, 1 CPU, 32 logical and 16 physical cores
.NET SDK 10.0.401
  [Host]     : .NET 10.0.12 (10.0.12, 10.0.1226.42308), X64 RyuJIT x86-64-v4
  Job-ZIYXXS : .NET 10.0.12 (10.0.12, 10.0.1226.42308), X64 RyuJIT x86-64-v4

InvocationCount=6  IterationCount=3  LaunchCount=1  
UnrollFactor=1  WarmupCount=3  

| Method                               | Sessions | Mean     | Error     | StdDev   | Gen0     | Gen1     | Allocated  |
|------------------------------------- |--------- |---------:|----------:|---------:|---------:|---------:|-----------:|
| TempProbeCopyAsync                   | 1        | 43.99 ms |  10.67 ms | 0.585 ms |        - |        - |    76.5 KB |
| StageS5_ReadinessTeardownInsideAsync | 1        | 42.01 ms |  15.51 ms | 0.850 ms |        - |        - |   76.52 KB |
| TempProbeCopyAsync                   | 100      | 50.80 ms |  11.30 ms | 0.619 ms |        - |        - |  629.67 KB |
| StageS5_ReadinessTeardownInsideAsync | 100      | 50.10 ms |  26.11 ms | 1.431 ms |        - |        - |  627.97 KB |
| TempProbeCopyAsync                   | 1000     | 73.88 ms | 114.28 ms | 6.264 ms | 333.3333 | 166.6667 | 5662.18 KB |
| StageS5_ReadinessTeardownInsideAsync | 1000     | 74.57 ms |  46.44 ms | 2.545 ms | 333.3333 | 166.6667 | 5680.77 KB |

// * Legends *
  Sessions  : Value of the 'Sessions' parameter
  Mean      : Arithmetic mean of all measurements
  Error     : Half of 99.9% confidence interval
  StdDev    : Standard deviation of all measurements
  Gen0      : GC Generation 0 collects per 1000 operations
  Gen1      : GC Generation 1 collects per 1000 operations
  Allocated : Allocated memory per single operation (managed only, inclusive, 1KB = 1024B)
  1 ms      : 1 Millisecond (0.001 sec)

// * Diagnostic Output - MemoryDiagnoser *


// ***** BenchmarkRunner: End *****
Run time: 00:00:17 (17.7 sec), executed benchmarks: 6

Global total time: 00:00:55 (55.28 sec), executed benchmarks: 6
// * Artifacts cleanup *
Artifacts cleanup is finished
