// Validating benchmarks:
// ***** BenchmarkRunner: Start   *****
// ***** Found 6 benchmark(s) in total *****
// ***** Building 1 exe(s) in Parallel: Start   *****
// start dotnet  restore --nodeReuse:false /p:UseSharedCompilation=false /p:Deterministic=true /p:Optimize=true /p:ArtifactsPath="/home/paff/Projects/WinForward/benchmarks/WinForward.Benchmarks/bin/Release/net10.0/WinForward.Benchmarks-ShortRun-1/" /p:OutDir="/home/paff/Projects/WinForward/benchmarks/WinForward.Benchmarks/bin/Release/net10.0/WinForward.Benchmarks-ShortRun-1/bin/Release/net10.0/" /p:OutputPath="/home/paff/Projects/WinForward/benchmarks/WinForward.Benchmarks/bin/Release/net10.0/WinForward.Benchmarks-ShortRun-1/bin/Release/net10.0/" /p:PublishDir="/home/paff/Projects/WinForward/benchmarks/WinForward.Benchmarks/bin/Release/net10.0/WinForward.Benchmarks-ShortRun-1/publish/" in /home/paff/Projects/WinForward/benchmarks/WinForward.Benchmarks/bin/Release/net10.0/WinForward.Benchmarks-ShortRun-1
// command took 4.59 sec and exited with 0
// start dotnet  build -c Release --no-restore --nodeReuse:false /p:UseSharedCompilation=false /p:Deterministic=true /p:Optimize=true /p:ArtifactsPath="/home/paff/Projects/WinForward/benchmarks/WinForward.Benchmarks/bin/Release/net10.0/WinForward.Benchmarks-ShortRun-1/" /p:OutDir="/home/paff/Projects/WinForward/benchmarks/WinForward.Benchmarks/bin/Release/net10.0/WinForward.Benchmarks-ShortRun-1/bin/Release/net10.0/" /p:OutputPath="/home/paff/Projects/WinForward/benchmarks/WinForward.Benchmarks/bin/Release/net10.0/WinForward.Benchmarks-ShortRun-1/bin/Release/net10.0/" /p:PublishDir="/home/paff/Projects/WinForward/benchmarks/WinForward.Benchmarks/bin/Release/net10.0/WinForward.Benchmarks-ShortRun-1/publish/" --output "/home/paff/Projects/WinForward/benchmarks/WinForward.Benchmarks/bin/Release/net10.0/WinForward.Benchmarks-ShortRun-1/bin/Release/net10.0/" in /home/paff/Projects/WinForward/benchmarks/WinForward.Benchmarks/bin/Release/net10.0/WinForward.Benchmarks-ShortRun-1
// command took 33.04 sec and exited with 0
// ***** Done, took 00:00:37 (37.79 sec)   *****
// Found 6 benchmarks:
//   SessionSetupDecompositionBenchmarks.StageS3_PipelineNoPayloadAsync: ShortRun(InvocationCount=1, IterationCount=3, LaunchCount=1, UnrollFactor=1, WarmupCount=3) [Sessions=1]
//   SessionSetupDecompositionBenchmarks.StageS4_ReadinessTeardownOutsideAsync: ShortRun(InvocationCount=1, IterationCount=3, LaunchCount=1, UnrollFactor=1, WarmupCount=3) [Sessions=1]
//   SessionSetupDecompositionBenchmarks.StageS3_PipelineNoPayloadAsync: ShortRun(InvocationCount=1, IterationCount=3, LaunchCount=1, UnrollFactor=1, WarmupCount=3) [Sessions=100]
//   SessionSetupDecompositionBenchmarks.StageS4_ReadinessTeardownOutsideAsync: ShortRun(InvocationCount=1, IterationCount=3, LaunchCount=1, UnrollFactor=1, WarmupCount=3) [Sessions=100]
//   SessionSetupDecompositionBenchmarks.StageS3_PipelineNoPayloadAsync: ShortRun(InvocationCount=1, IterationCount=3, LaunchCount=1, UnrollFactor=1, WarmupCount=3) [Sessions=1000]
//   SessionSetupDecompositionBenchmarks.StageS4_ReadinessTeardownOutsideAsync: ShortRun(InvocationCount=1, IterationCount=3, LaunchCount=1, UnrollFactor=1, WarmupCount=3) [Sessions=1000]

// **************************
// Benchmark: SessionSetupDecompositionBenchmarks.StageS3_PipelineNoPayloadAsync: ShortRun(InvocationCount=1, IterationCount=3, LaunchCount=1, UnrollFactor=1, WarmupCount=3) [Sessions=1]
// *** Execute ***
// Launch: 1 / 1
// Execute: dotnet WinForward.Benchmarks-ShortRun-1.dll --anonymousPipes 141 142 --benchmarkName "WinForward.Benchmarks.Perf.SessionSetupDecompositionBenchmarks.StageS3_PipelineNoPayloadAsync(Sessions: 1)" --job ShortRun --benchmarkId 0 in /home/paff/Projects/WinForward/benchmarks/WinForward.Benchmarks/bin/Release/net10.0/WinForward.Benchmarks-ShortRun-1/bin/Release/net10.0
// Failed to set up high priority (Permission denied). In order to run benchmarks with high priority, make sure you have the right permissions.
// BeforeAnythingElse

// Benchmark Process Environment Information:
// BenchmarkDotNet v0.15.8
// Runtime=.NET 10.0.12 (10.0.12, 10.0.1226.42308), X64 RyuJIT x86-64-v4
// GC=Concurrent Workstation
// HardwareIntrinsics=AVX512 BITALG+VBMI2+VNNI+VPOPCNTDQ,AVX512 IFMA+VBMI,AVX512 F+BW+CD+DQ+VL,AVX2+BMI1+BMI2+F16C+FMA+LZCNT+MOVBE,AVX,SSE3+SSSE3+SSE4.1+SSE4.2+POPCNT,X86Base+SSE+SSE2,AES+PCLMUL,AvxVnni VectorSize=256
// Job: ShortRun(InvocationCount=1, IterationCount=3, LaunchCount=1, UnrollFactor=1, WarmupCount=3)

OverheadJitting  1: 1 op, 416264.00 ns, 416.2640 us/op
WorkloadJitting  1: 1 op, 81390242.00 ns, 81.3902 ms/op

OverheadWarmup   1: 1 op, 792.00 ns, 792.0000 ns/op
OverheadWarmup   2: 1 op, 491.00 ns, 491.0000 ns/op
OverheadWarmup   3: 1 op, 521.00 ns, 521.0000 ns/op
OverheadWarmup   4: 1 op, 801.00 ns, 801.0000 ns/op
OverheadWarmup   5: 1 op, 380.00 ns, 380.0000 ns/op
OverheadWarmup   6: 1 op, 420.00 ns, 420.0000 ns/op
OverheadWarmup   7: 1 op, 340.00 ns, 340.0000 ns/op

OverheadActual   1: 1 op, 481.00 ns, 481.0000 ns/op
OverheadActual   2: 1 op, 461.00 ns, 461.0000 ns/op
OverheadActual   3: 1 op, 441.00 ns, 441.0000 ns/op
OverheadActual   4: 1 op, 410.00 ns, 410.0000 ns/op
OverheadActual   5: 1 op, 430.00 ns, 430.0000 ns/op
OverheadActual   6: 1 op, 281.00 ns, 281.0000 ns/op
OverheadActual   7: 1 op, 290.00 ns, 290.0000 ns/op
OverheadActual   8: 1 op, 440.00 ns, 440.0000 ns/op
OverheadActual   9: 1 op, 321.00 ns, 321.0000 ns/op
OverheadActual  10: 1 op, 440.00 ns, 440.0000 ns/op
OverheadActual  11: 1 op, 301.00 ns, 301.0000 ns/op
OverheadActual  12: 1 op, 401.00 ns, 401.0000 ns/op
OverheadActual  13: 1 op, 421.00 ns, 421.0000 ns/op
OverheadActual  14: 1 op, 431.00 ns, 431.0000 ns/op
OverheadActual  15: 1 op, 431.00 ns, 431.0000 ns/op
OverheadActual  16: 1 op, 321.00 ns, 321.0000 ns/op
OverheadActual  17: 1 op, 441.00 ns, 441.0000 ns/op
OverheadActual  18: 1 op, 441.00 ns, 441.0000 ns/op
OverheadActual  19: 1 op, 300.00 ns, 300.0000 ns/op
OverheadActual  20: 1 op, 471.00 ns, 471.0000 ns/op

WorkloadWarmup   1: 1 op, 32283398.00 ns, 32.2834 ms/op
WorkloadWarmup   2: 1 op, 29272122.00 ns, 29.2721 ms/op
WorkloadWarmup   3: 1 op, 29580147.00 ns, 29.5801 ms/op

// BeforeActualRun
WorkloadActual   1: 1 op, 30028540.00 ns, 30.0285 ms/op
WorkloadActual   2: 1 op, 29493321.00 ns, 29.4933 ms/op
WorkloadActual   3: 1 op, 30210214.00 ns, 30.2102 ms/op

// AfterActualRun
WorkloadResult   1: 1 op, 30028109.50 ns, 30.0281 ms/op
WorkloadResult   2: 1 op, 29492890.50 ns, 29.4929 ms/op
WorkloadResult   3: 1 op, 30209783.50 ns, 30.2098 ms/op
// GC:  0 0 0 36992 1
// Threading:  0 0 1

// AfterAll
// Benchmark Process 372049 has exited with code 0.

Mean = 29.910 ms, StdErr = 0.215 ms (0.72%), N = 3, StdDev = 0.373 ms
Min = 29.493 ms, Q1 = 29.761 ms, Median = 30.028 ms, Q3 = 30.119 ms, Max = 30.210 ms
IQR = 0.358 ms, LowerFence = 29.223 ms, UpperFence = 30.657 ms
ConfidenceInterval = [23.111 ms; 36.710 ms] (CI 99.9%), Margin = 6.799 ms (22.73% of Mean)
Skewness = -0.28, Kurtosis = 0.67, MValue = 2

// ** Remained 5 (83.3%) benchmark(s) to run. Estimated finish 2026-09-22 0:29 (0h 0m from now) **
// **************************
// Benchmark: SessionSetupDecompositionBenchmarks.StageS4_ReadinessTeardownOutsideAsync: ShortRun(InvocationCount=1, IterationCount=3, LaunchCount=1, UnrollFactor=1, WarmupCount=3) [Sessions=1]
// *** Execute ***
// Launch: 1 / 1
// Execute: dotnet WinForward.Benchmarks-ShortRun-1.dll --anonymousPipes 141 142 --benchmarkName "WinForward.Benchmarks.Perf.SessionSetupDecompositionBenchmarks.StageS4_ReadinessTeardownOutsideAsync(Sessions: 1)" --job ShortRun --benchmarkId 1 in /home/paff/Projects/WinForward/benchmarks/WinForward.Benchmarks/bin/Release/net10.0/WinForward.Benchmarks-ShortRun-1/bin/Release/net10.0
// Failed to set up high priority (Permission denied). In order to run benchmarks with high priority, make sure you have the right permissions.
// BeforeAnythingElse

// Benchmark Process Environment Information:
// BenchmarkDotNet v0.15.8
// Runtime=.NET 10.0.12 (10.0.12, 10.0.1226.42308), X64 RyuJIT x86-64-v4
// GC=Concurrent Workstation
// HardwareIntrinsics=AVX512 BITALG+VBMI2+VNNI+VPOPCNTDQ,AVX512 IFMA+VBMI,AVX512 F+BW+CD+DQ+VL,AVX2+BMI1+BMI2+F16C+FMA+LZCNT+MOVBE,AVX,SSE3+SSSE3+SSE4.1+SSE4.2+POPCNT,X86Base+SSE+SSE2,AES+PCLMUL,AvxVnni VectorSize=256
// Job: ShortRun(InvocationCount=1, IterationCount=3, LaunchCount=1, UnrollFactor=1, WarmupCount=3)

OverheadJitting  1: 1 op, 247965.00 ns, 247.9650 us/op
WorkloadJitting  1: 1 op, 81758335.00 ns, 81.7583 ms/op

OverheadWarmup   1: 1 op, 671.00 ns, 671.0000 ns/op
OverheadWarmup   2: 1 op, 511.00 ns, 511.0000 ns/op
OverheadWarmup   3: 1 op, 511.00 ns, 511.0000 ns/op
OverheadWarmup   4: 1 op, 381.00 ns, 381.0000 ns/op
OverheadWarmup   5: 1 op, 270.00 ns, 270.0000 ns/op
OverheadWarmup   6: 1 op, 401.00 ns, 401.0000 ns/op
OverheadWarmup   7: 1 op, 391.00 ns, 391.0000 ns/op

OverheadActual   1: 1 op, 390.00 ns, 390.0000 ns/op
OverheadActual   2: 1 op, 370.00 ns, 370.0000 ns/op
OverheadActual   3: 1 op, 401.00 ns, 401.0000 ns/op
OverheadActual   4: 1 op, 400.00 ns, 400.0000 ns/op
OverheadActual   5: 1 op, 411.00 ns, 411.0000 ns/op
OverheadActual   6: 1 op, 290.00 ns, 290.0000 ns/op
OverheadActual   7: 1 op, 291.00 ns, 291.0000 ns/op
OverheadActual   8: 1 op, 400.00 ns, 400.0000 ns/op
OverheadActual   9: 1 op, 421.00 ns, 421.0000 ns/op
OverheadActual  10: 1 op, 350.00 ns, 350.0000 ns/op
OverheadActual  11: 1 op, 280.00 ns, 280.0000 ns/op
OverheadActual  12: 1 op, 270.00 ns, 270.0000 ns/op
OverheadActual  13: 1 op, 290.00 ns, 290.0000 ns/op
OverheadActual  14: 1 op, 391.00 ns, 391.0000 ns/op
OverheadActual  15: 1 op, 420.00 ns, 420.0000 ns/op
OverheadActual  16: 1 op, 350.00 ns, 350.0000 ns/op
OverheadActual  17: 1 op, 281.00 ns, 281.0000 ns/op
OverheadActual  18: 1 op, 360.00 ns, 360.0000 ns/op
OverheadActual  19: 1 op, 400.00 ns, 400.0000 ns/op
OverheadActual  20: 1 op, 271.00 ns, 271.0000 ns/op

WorkloadWarmup   1: 1 op, 30189819.00 ns, 30.1898 ms/op
WorkloadWarmup   2: 1 op, 29871110.00 ns, 29.8711 ms/op
WorkloadWarmup   3: 1 op, 29400379.00 ns, 29.4004 ms/op

// BeforeActualRun
WorkloadActual   1: 1 op, 29172160.00 ns, 29.1722 ms/op
WorkloadActual   2: 1 op, 29721138.00 ns, 29.7211 ms/op
WorkloadActual   3: 1 op, 29984372.00 ns, 29.9844 ms/op

// AfterActualRun
WorkloadResult   1: 1 op, 29171795.00 ns, 29.1718 ms/op
WorkloadResult   2: 1 op, 29720773.00 ns, 29.7208 ms/op
WorkloadResult   3: 1 op, 29984007.00 ns, 29.9840 ms/op
// GC:  0 0 0 33368 1
// Threading:  0 0 1

// AfterAll
// Benchmark Process 372574 has exited with code 0.

Mean = 29.626 ms, StdErr = 0.239 ms (0.81%), N = 3, StdDev = 0.414 ms
Min = 29.172 ms, Q1 = 29.446 ms, Median = 29.721 ms, Q3 = 29.852 ms, Max = 29.984 ms
IQR = 0.406 ms, LowerFence = 28.837 ms, UpperFence = 30.462 ms
ConfidenceInterval = [22.065 ms; 37.186 ms] (CI 99.9%), Margin = 7.560 ms (25.52% of Mean)
Skewness = -0.22, Kurtosis = 0.67, MValue = 2

// ** Remained 4 (66.7%) benchmark(s) to run. Estimated finish 2026-09-22 0:29 (0h 0m from now) **
// **************************
// Benchmark: SessionSetupDecompositionBenchmarks.StageS3_PipelineNoPayloadAsync: ShortRun(InvocationCount=1, IterationCount=3, LaunchCount=1, UnrollFactor=1, WarmupCount=3) [Sessions=100]
// *** Execute ***
// Launch: 1 / 1
// Execute: dotnet WinForward.Benchmarks-ShortRun-1.dll --anonymousPipes 141 142 --benchmarkName "WinForward.Benchmarks.Perf.SessionSetupDecompositionBenchmarks.StageS3_PipelineNoPayloadAsync(Sessions: 100)" --job ShortRun --benchmarkId 2 in /home/paff/Projects/WinForward/benchmarks/WinForward.Benchmarks/bin/Release/net10.0/WinForward.Benchmarks-ShortRun-1/bin/Release/net10.0
// Failed to set up high priority (Permission denied). In order to run benchmarks with high priority, make sure you have the right permissions.
// BeforeAnythingElse

// Benchmark Process Environment Information:
// BenchmarkDotNet v0.15.8
// Runtime=.NET 10.0.12 (10.0.12, 10.0.1226.42308), X64 RyuJIT x86-64-v4
// GC=Concurrent Workstation
// HardwareIntrinsics=AVX512 BITALG+VBMI2+VNNI+VPOPCNTDQ,AVX512 IFMA+VBMI,AVX512 F+BW+CD+DQ+VL,AVX2+BMI1+BMI2+F16C+FMA+LZCNT+MOVBE,AVX,SSE3+SSSE3+SSE4.1+SSE4.2+POPCNT,X86Base+SSE+SSE2,AES+PCLMUL,AvxVnni VectorSize=256
// Job: ShortRun(InvocationCount=1, IterationCount=3, LaunchCount=1, UnrollFactor=1, WarmupCount=3)

OverheadJitting  1: 1 op, 279623.00 ns, 279.6230 us/op
WorkloadJitting  1: 1 op, 96664261.00 ns, 96.6643 ms/op

OverheadWarmup   1: 1 op, 832.00 ns, 832.0000 ns/op
OverheadWarmup   2: 1 op, 471.00 ns, 471.0000 ns/op
OverheadWarmup   3: 1 op, 461.00 ns, 461.0000 ns/op
OverheadWarmup   4: 1 op, 561.00 ns, 561.0000 ns/op
OverheadWarmup   5: 1 op, 511.00 ns, 511.0000 ns/op
OverheadWarmup   6: 1 op, 461.00 ns, 461.0000 ns/op
OverheadWarmup   7: 1 op, 451.00 ns, 451.0000 ns/op
OverheadWarmup   8: 1 op, 410.00 ns, 410.0000 ns/op
OverheadWarmup   9: 1 op, 421.00 ns, 421.0000 ns/op
OverheadWarmup  10: 1 op, 451.00 ns, 451.0000 ns/op

OverheadActual   1: 1 op, 461.00 ns, 461.0000 ns/op
OverheadActual   2: 1 op, 520.00 ns, 520.0000 ns/op
OverheadActual   3: 1 op, 420.00 ns, 420.0000 ns/op
OverheadActual   4: 1 op, 441.00 ns, 441.0000 ns/op
OverheadActual   5: 1 op, 280.00 ns, 280.0000 ns/op
OverheadActual   6: 1 op, 320.00 ns, 320.0000 ns/op
OverheadActual   7: 1 op, 551.00 ns, 551.0000 ns/op
OverheadActual   8: 1 op, 350.00 ns, 350.0000 ns/op
OverheadActual   9: 1 op, 360.00 ns, 360.0000 ns/op
OverheadActual  10: 1 op, 481.00 ns, 481.0000 ns/op
OverheadActual  11: 1 op, 331.00 ns, 331.0000 ns/op
OverheadActual  12: 1 op, 410.00 ns, 410.0000 ns/op
OverheadActual  13: 1 op, 281.00 ns, 281.0000 ns/op
OverheadActual  14: 1 op, 280.00 ns, 280.0000 ns/op
OverheadActual  15: 1 op, 281.00 ns, 281.0000 ns/op
OverheadActual  16: 1 op, 511.00 ns, 511.0000 ns/op
OverheadActual  17: 1 op, 441.00 ns, 441.0000 ns/op
OverheadActual  18: 1 op, 490.00 ns, 490.0000 ns/op
OverheadActual  19: 1 op, 411.00 ns, 411.0000 ns/op
OverheadActual  20: 1 op, 491.00 ns, 491.0000 ns/op

WorkloadWarmup   1: 1 op, 39665476.00 ns, 39.6655 ms/op
WorkloadWarmup   2: 1 op, 38842589.00 ns, 38.8426 ms/op
WorkloadWarmup   3: 1 op, 38853960.00 ns, 38.8540 ms/op

// BeforeActualRun
WorkloadActual   1: 1 op, 44492651.00 ns, 44.4927 ms/op
WorkloadActual   2: 1 op, 38379645.00 ns, 38.3796 ms/op
WorkloadActual   3: 1 op, 38820765.00 ns, 38.8208 ms/op

// AfterActualRun
WorkloadResult   1: 1 op, 44492235.50 ns, 44.4922 ms/op
WorkloadResult   2: 1 op, 38379229.50 ns, 38.3792 ms/op
WorkloadResult   3: 1 op, 38820349.50 ns, 38.8203 ms/op
// GC:  0 0 0 488840 1
// Threading:  92 73 1

// AfterAll
// Benchmark Process 373099 has exited with code 0.

Mean = 40.564 ms, StdErr = 1.968 ms (4.85%), N = 3, StdDev = 3.409 ms
Min = 38.379 ms, Q1 = 38.600 ms, Median = 38.820 ms, Q3 = 41.656 ms, Max = 44.492 ms
IQR = 3.057 ms, LowerFence = 34.015 ms, UpperFence = 46.241 ms
ConfidenceInterval = [-21.632 ms; 102.759 ms] (CI 99.9%), Margin = 62.196 ms (153.33% of Mean)
Skewness = 0.38, Kurtosis = 0.67, MValue = 2

// ** Remained 3 (50.0%) benchmark(s) to run. Estimated finish 2026-09-22 0:29 (0h 0m from now) **
// **************************
// Benchmark: SessionSetupDecompositionBenchmarks.StageS4_ReadinessTeardownOutsideAsync: ShortRun(InvocationCount=1, IterationCount=3, LaunchCount=1, UnrollFactor=1, WarmupCount=3) [Sessions=100]
// *** Execute ***
// Launch: 1 / 1
// Execute: dotnet WinForward.Benchmarks-ShortRun-1.dll --anonymousPipes 141 142 --benchmarkName "WinForward.Benchmarks.Perf.SessionSetupDecompositionBenchmarks.StageS4_ReadinessTeardownOutsideAsync(Sessions: 100)" --job ShortRun --benchmarkId 3 in /home/paff/Projects/WinForward/benchmarks/WinForward.Benchmarks/bin/Release/net10.0/WinForward.Benchmarks-ShortRun-1/bin/Release/net10.0
// Failed to set up high priority (Permission denied). In order to run benchmarks with high priority, make sure you have the right permissions.
// BeforeAnythingElse

// Benchmark Process Environment Information:
// BenchmarkDotNet v0.15.8
// Runtime=.NET 10.0.12 (10.0.12, 10.0.1226.42308), X64 RyuJIT x86-64-v4
// GC=Concurrent Workstation
// HardwareIntrinsics=AVX512 BITALG+VBMI2+VNNI+VPOPCNTDQ,AVX512 IFMA+VBMI,AVX512 F+BW+CD+DQ+VL,AVX2+BMI1+BMI2+F16C+FMA+LZCNT+MOVBE,AVX,SSE3+SSSE3+SSE4.1+SSE4.2+POPCNT,X86Base+SSE+SSE2,AES+PCLMUL,AvxVnni VectorSize=256
// Job: ShortRun(InvocationCount=1, IterationCount=3, LaunchCount=1, UnrollFactor=1, WarmupCount=3)

OverheadJitting  1: 1 op, 325568.00 ns, 325.5680 us/op
WorkloadJitting  1: 1 op, 99658935.00 ns, 99.6589 ms/op

OverheadWarmup   1: 1 op, 781.00 ns, 781.0000 ns/op
OverheadWarmup   2: 1 op, 451.00 ns, 451.0000 ns/op
OverheadWarmup   3: 1 op, 400.00 ns, 400.0000 ns/op
OverheadWarmup   4: 1 op, 501.00 ns, 501.0000 ns/op
OverheadWarmup   5: 1 op, 270.00 ns, 270.0000 ns/op
OverheadWarmup   6: 1 op, 411.00 ns, 411.0000 ns/op
OverheadWarmup   7: 1 op, 401.00 ns, 401.0000 ns/op

OverheadActual   1: 1 op, 471.00 ns, 471.0000 ns/op
OverheadActual   2: 1 op, 511.00 ns, 511.0000 ns/op
OverheadActual   3: 1 op, 461.00 ns, 461.0000 ns/op
OverheadActual   4: 1 op, 411.00 ns, 411.0000 ns/op
OverheadActual   5: 1 op, 461.00 ns, 461.0000 ns/op
OverheadActual   6: 1 op, 270.00 ns, 270.0000 ns/op
OverheadActual   7: 1 op, 411.00 ns, 411.0000 ns/op
OverheadActual   8: 1 op, 391.00 ns, 391.0000 ns/op
OverheadActual   9: 1 op, 341.00 ns, 341.0000 ns/op
OverheadActual  10: 1 op, 340.00 ns, 340.0000 ns/op
OverheadActual  11: 1 op, 331.00 ns, 331.0000 ns/op
OverheadActual  12: 1 op, 401.00 ns, 401.0000 ns/op
OverheadActual  13: 1 op, 451.00 ns, 451.0000 ns/op
OverheadActual  14: 1 op, 430.00 ns, 430.0000 ns/op
OverheadActual  15: 1 op, 441.00 ns, 441.0000 ns/op
OverheadActual  16: 1 op, 511.00 ns, 511.0000 ns/op
OverheadActual  17: 1 op, 390.00 ns, 390.0000 ns/op
OverheadActual  18: 1 op, 471.00 ns, 471.0000 ns/op
OverheadActual  19: 1 op, 561.00 ns, 561.0000 ns/op
OverheadActual  20: 1 op, 431.00 ns, 431.0000 ns/op

WorkloadWarmup   1: 1 op, 41497605.00 ns, 41.4976 ms/op
WorkloadWarmup   2: 1 op, 38860656.00 ns, 38.8607 ms/op
WorkloadWarmup   3: 1 op, 40107364.00 ns, 40.1074 ms/op

// BeforeActualRun
WorkloadActual   1: 1 op, 41106568.00 ns, 41.1066 ms/op
WorkloadActual   2: 1 op, 38871756.00 ns, 38.8718 ms/op
WorkloadActual   3: 1 op, 43420054.00 ns, 43.4201 ms/op

// AfterActualRun
WorkloadResult   1: 1 op, 41106137.50 ns, 41.1061 ms/op
WorkloadResult   2: 1 op, 38871325.50 ns, 38.8713 ms/op
WorkloadResult   3: 1 op, 43419623.50 ns, 43.4196 ms/op
// GC:  0 0 0 483184 1
// Threading:  92 73 1

// AfterAll
// Benchmark Process 373651 has exited with code 0.

Mean = 41.132 ms, StdErr = 1.313 ms (3.19%), N = 3, StdDev = 2.274 ms
Min = 38.871 ms, Q1 = 39.989 ms, Median = 41.106 ms, Q3 = 42.263 ms, Max = 43.420 ms
IQR = 2.274 ms, LowerFence = 36.578 ms, UpperFence = 45.674 ms
ConfidenceInterval = [-0.359 ms; 82.623 ms] (CI 99.9%), Margin = 41.491 ms (100.87% of Mean)
Skewness = 0.01, Kurtosis = 0.67, MValue = 2

// ** Remained 2 (33.3%) benchmark(s) to run. Estimated finish 2026-09-22 0:29 (0h 0m from now) **
// **************************
// Benchmark: SessionSetupDecompositionBenchmarks.StageS3_PipelineNoPayloadAsync: ShortRun(InvocationCount=1, IterationCount=3, LaunchCount=1, UnrollFactor=1, WarmupCount=3) [Sessions=1000]
// *** Execute ***
// Launch: 1 / 1
// Execute: dotnet WinForward.Benchmarks-ShortRun-1.dll --anonymousPipes 141 142 --benchmarkName "WinForward.Benchmarks.Perf.SessionSetupDecompositionBenchmarks.StageS3_PipelineNoPayloadAsync(Sessions: 1000)" --job ShortRun --benchmarkId 4 in /home/paff/Projects/WinForward/benchmarks/WinForward.Benchmarks/bin/Release/net10.0/WinForward.Benchmarks-ShortRun-1/bin/Release/net10.0
// Failed to set up high priority (Permission denied). In order to run benchmarks with high priority, make sure you have the right permissions.
// BeforeAnythingElse

// Benchmark Process Environment Information:
// BenchmarkDotNet v0.15.8
// Runtime=.NET 10.0.12 (10.0.12, 10.0.1226.42308), X64 RyuJIT x86-64-v4
// GC=Concurrent Workstation
// HardwareIntrinsics=AVX512 BITALG+VBMI2+VNNI+VPOPCNTDQ,AVX512 IFMA+VBMI,AVX512 F+BW+CD+DQ+VL,AVX2+BMI1+BMI2+F16C+FMA+LZCNT+MOVBE,AVX,SSE3+SSSE3+SSE4.1+SSE4.2+POPCNT,X86Base+SSE+SSE2,AES+PCLMUL,AvxVnni VectorSize=256
// Job: ShortRun(InvocationCount=1, IterationCount=3, LaunchCount=1, UnrollFactor=1, WarmupCount=3)

OverheadJitting  1: 1 op, 471405.00 ns, 471.4050 us/op
WorkloadJitting  1: 1 op, 126462021.00 ns, 126.4620 ms/op

OverheadWarmup   1: 1 op, 551.00 ns, 551.0000 ns/op
OverheadWarmup   2: 1 op, 460.00 ns, 460.0000 ns/op
OverheadWarmup   3: 1 op, 470.00 ns, 470.0000 ns/op
OverheadWarmup   4: 1 op, 431.00 ns, 431.0000 ns/op
OverheadWarmup   5: 1 op, 460.00 ns, 460.0000 ns/op
OverheadWarmup   6: 1 op, 641.00 ns, 641.0000 ns/op
OverheadWarmup   7: 1 op, 461.00 ns, 461.0000 ns/op

OverheadActual   1: 1 op, 411.00 ns, 411.0000 ns/op
OverheadActual   2: 1 op, 491.00 ns, 491.0000 ns/op
OverheadActual   3: 1 op, 441.00 ns, 441.0000 ns/op
OverheadActual   4: 1 op, 441.00 ns, 441.0000 ns/op
OverheadActual   5: 1 op, 390.00 ns, 390.0000 ns/op
OverheadActual   6: 1 op, 420.00 ns, 420.0000 ns/op
OverheadActual   7: 1 op, 461.00 ns, 461.0000 ns/op
OverheadActual   8: 1 op, 281.00 ns, 281.0000 ns/op
OverheadActual   9: 1 op, 431.00 ns, 431.0000 ns/op
OverheadActual  10: 1 op, 281.00 ns, 281.0000 ns/op
OverheadActual  11: 1 op, 290.00 ns, 290.0000 ns/op
OverheadActual  12: 1 op, 420.00 ns, 420.0000 ns/op
OverheadActual  13: 1 op, 380.00 ns, 380.0000 ns/op
OverheadActual  14: 1 op, 461.00 ns, 461.0000 ns/op
OverheadActual  15: 1 op, 441.00 ns, 441.0000 ns/op
OverheadActual  16: 1 op, 410.00 ns, 410.0000 ns/op
OverheadActual  17: 1 op, 430.00 ns, 430.0000 ns/op
OverheadActual  18: 1 op, 441.00 ns, 441.0000 ns/op
OverheadActual  19: 1 op, 451.00 ns, 451.0000 ns/op
OverheadActual  20: 1 op, 441.00 ns, 441.0000 ns/op

WorkloadWarmup   1: 1 op, 61920876.00 ns, 61.9209 ms/op
WorkloadWarmup   2: 1 op, 73828303.00 ns, 73.8283 ms/op
WorkloadWarmup   3: 1 op, 61888216.00 ns, 61.8882 ms/op

// BeforeActualRun
WorkloadActual   1: 1 op, 61899807.00 ns, 61.8998 ms/op
WorkloadActual   2: 1 op, 69528589.00 ns, 69.5286 ms/op
WorkloadActual   3: 1 op, 62128552.00 ns, 62.1286 ms/op

// AfterActualRun
WorkloadResult   1: 1 op, 61899376.50 ns, 61.8994 ms/op
WorkloadResult   2: 1 op, 69528158.50 ns, 69.5282 ms/op
WorkloadResult   3: 1 op, 62128121.50 ns, 62.1281 ms/op
// GC:  0 0 0 4929720 1
// Threading:  992 350 1

// AfterAll
// Benchmark Process 374211 has exited with code 0.

Mean = 64.519 ms, StdErr = 2.506 ms (3.88%), N = 3, StdDev = 4.340 ms
Min = 61.899 ms, Q1 = 62.014 ms, Median = 62.128 ms, Q3 = 65.828 ms, Max = 69.528 ms
IQR = 3.814 ms, LowerFence = 56.292 ms, UpperFence = 71.550 ms
ConfidenceInterval = [-14.658 ms; 143.695 ms] (CI 99.9%), Margin = 79.177 ms (122.72% of Mean)
Skewness = 0.38, Kurtosis = 0.67, MValue = 2

// ** Remained 1 (16.7%) benchmark(s) to run. Estimated finish 2026-09-22 0:30 (0h 0m from now) **
// **************************
// Benchmark: SessionSetupDecompositionBenchmarks.StageS4_ReadinessTeardownOutsideAsync: ShortRun(InvocationCount=1, IterationCount=3, LaunchCount=1, UnrollFactor=1, WarmupCount=3) [Sessions=1000]
// *** Execute ***
// Launch: 1 / 1
// Execute: dotnet WinForward.Benchmarks-ShortRun-1.dll --anonymousPipes 141 142 --benchmarkName "WinForward.Benchmarks.Perf.SessionSetupDecompositionBenchmarks.StageS4_ReadinessTeardownOutsideAsync(Sessions: 1000)" --job ShortRun --benchmarkId 5 in /home/paff/Projects/WinForward/benchmarks/WinForward.Benchmarks/bin/Release/net10.0/WinForward.Benchmarks-ShortRun-1/bin/Release/net10.0
// Failed to set up high priority (Permission denied). In order to run benchmarks with high priority, make sure you have the right permissions.
// BeforeAnythingElse

// Benchmark Process Environment Information:
// BenchmarkDotNet v0.15.8
// Runtime=.NET 10.0.12 (10.0.12, 10.0.1226.42308), X64 RyuJIT x86-64-v4
// GC=Concurrent Workstation
// HardwareIntrinsics=AVX512 BITALG+VBMI2+VNNI+VPOPCNTDQ,AVX512 IFMA+VBMI,AVX512 F+BW+CD+DQ+VL,AVX2+BMI1+BMI2+F16C+FMA+LZCNT+MOVBE,AVX,SSE3+SSSE3+SSE4.1+SSE4.2+POPCNT,X86Base+SSE+SSE2,AES+PCLMUL,AvxVnni VectorSize=256
// Job: ShortRun(InvocationCount=1, IterationCount=3, LaunchCount=1, UnrollFactor=1, WarmupCount=3)

OverheadJitting  1: 1 op, 289872.00 ns, 289.8720 us/op
WorkloadJitting  1: 1 op, 125483215.00 ns, 125.4832 ms/op

OverheadWarmup   1: 1 op, 582.00 ns, 582.0000 ns/op
OverheadWarmup   2: 1 op, 441.00 ns, 441.0000 ns/op
OverheadWarmup   3: 1 op, 661.00 ns, 661.0000 ns/op
OverheadWarmup   4: 1 op, 300.00 ns, 300.0000 ns/op
OverheadWarmup   5: 1 op, 291.00 ns, 291.0000 ns/op
OverheadWarmup   6: 1 op, 290.00 ns, 290.0000 ns/op
OverheadWarmup   7: 1 op, 460.00 ns, 460.0000 ns/op
OverheadWarmup   8: 1 op, 301.00 ns, 301.0000 ns/op

OverheadActual   1: 1 op, 441.00 ns, 441.0000 ns/op
OverheadActual   2: 1 op, 441.00 ns, 441.0000 ns/op
OverheadActual   3: 1 op, 451.00 ns, 451.0000 ns/op
OverheadActual   4: 1 op, 451.00 ns, 451.0000 ns/op
OverheadActual   5: 1 op, 421.00 ns, 421.0000 ns/op
OverheadActual   6: 1 op, 311.00 ns, 311.0000 ns/op
OverheadActual   7: 1 op, 321.00 ns, 321.0000 ns/op
OverheadActual   8: 1 op, 461.00 ns, 461.0000 ns/op
OverheadActual   9: 1 op, 441.00 ns, 441.0000 ns/op
OverheadActual  10: 1 op, 351.00 ns, 351.0000 ns/op
OverheadActual  11: 1 op, 431.00 ns, 431.0000 ns/op
OverheadActual  12: 1 op, 431.00 ns, 431.0000 ns/op
OverheadActual  13: 1 op, 711.00 ns, 711.0000 ns/op
OverheadActual  14: 1 op, 450.00 ns, 450.0000 ns/op
OverheadActual  15: 1 op, 320.00 ns, 320.0000 ns/op
OverheadActual  16: 1 op, 320.00 ns, 320.0000 ns/op
OverheadActual  17: 1 op, 321.00 ns, 321.0000 ns/op
OverheadActual  18: 1 op, 321.00 ns, 321.0000 ns/op
OverheadActual  19: 1 op, 440.00 ns, 440.0000 ns/op
OverheadActual  20: 1 op, 440.00 ns, 440.0000 ns/op

WorkloadWarmup   1: 1 op, 67786799.00 ns, 67.7868 ms/op
WorkloadWarmup   2: 1 op, 64522756.00 ns, 64.5228 ms/op
WorkloadWarmup   3: 1 op, 68020587.00 ns, 68.0206 ms/op

// BeforeActualRun
WorkloadActual   1: 1 op, 64691887.00 ns, 64.6919 ms/op
WorkloadActual   2: 1 op, 64573515.00 ns, 64.5735 ms/op
WorkloadActual   3: 1 op, 62408887.00 ns, 62.4089 ms/op

// AfterActualRun
WorkloadResult   1: 1 op, 64691451.50 ns, 64.6915 ms/op
WorkloadResult   2: 1 op, 64573079.50 ns, 64.5731 ms/op
WorkloadResult   3: 1 op, 62408451.50 ns, 62.4085 ms/op
// GC:  0 0 0 4409144 1
// Threading:  1001 414 1

// AfterAll
// Benchmark Process 374770 has exited with code 0.

Mean = 63.891 ms, StdErr = 0.742 ms (1.16%), N = 3, StdDev = 1.285 ms
Min = 62.408 ms, Q1 = 63.491 ms, Median = 64.573 ms, Q3 = 64.632 ms, Max = 64.691 ms
IQR = 1.141 ms, LowerFence = 61.779 ms, UpperFence = 66.345 ms
ConfidenceInterval = [40.443 ms; 87.339 ms] (CI 99.9%), Margin = 23.448 ms (36.70% of Mean)
Skewness = -0.38, Kurtosis = 0.67, MValue = 2

// ** Remained 0 (0.0%) benchmark(s) to run. Estimated finish 2026-09-22 0:30 (0h 0m from now) **
// ***** BenchmarkRunner: Finish  *****

// * Export *
  BenchmarkDotNet.Artifacts/results/WinForward.Benchmarks.Perf.SessionSetupDecompositionBenchmarks-report.csv
  BenchmarkDotNet.Artifacts/results/WinForward.Benchmarks.Perf.SessionSetupDecompositionBenchmarks-report-github.md
  BenchmarkDotNet.Artifacts/results/WinForward.Benchmarks.Perf.SessionSetupDecompositionBenchmarks-report.html

// * Detailed results *
SessionSetupDecompositionBenchmarks.StageS3_PipelineNoPayloadAsync: ShortRun(InvocationCount=1, IterationCount=3, LaunchCount=1, UnrollFactor=1, WarmupCount=3) [Sessions=1]
Runtime = .NET 10.0.12 (10.0.12, 10.0.1226.42308), X64 RyuJIT x86-64-v4; GC = Concurrent Workstation
Mean = 29.910 ms, StdErr = 0.215 ms (0.72%), N = 3, StdDev = 0.373 ms
Min = 29.493 ms, Q1 = 29.761 ms, Median = 30.028 ms, Q3 = 30.119 ms, Max = 30.210 ms
IQR = 0.358 ms, LowerFence = 29.223 ms, UpperFence = 30.657 ms
ConfidenceInterval = [23.111 ms; 36.710 ms] (CI 99.9%), Margin = 6.799 ms (22.73% of Mean)
Skewness = -0.28, Kurtosis = 0.67, MValue = 2
-------------------- Histogram --------------------
[29.154 ms ; 29.780 ms) | @
[29.780 ms ; 30.549 ms) | @@
---------------------------------------------------

SessionSetupDecompositionBenchmarks.StageS4_ReadinessTeardownOutsideAsync: ShortRun(InvocationCount=1, IterationCount=3, LaunchCount=1, UnrollFactor=1, WarmupCount=3) [Sessions=1]
Runtime = .NET 10.0.12 (10.0.12, 10.0.1226.42308), X64 RyuJIT x86-64-v4; GC = Concurrent Workstation
Mean = 29.626 ms, StdErr = 0.239 ms (0.81%), N = 3, StdDev = 0.414 ms
Min = 29.172 ms, Q1 = 29.446 ms, Median = 29.721 ms, Q3 = 29.852 ms, Max = 29.984 ms
IQR = 0.406 ms, LowerFence = 28.837 ms, UpperFence = 30.462 ms
ConfidenceInterval = [22.065 ms; 37.186 ms] (CI 99.9%), Margin = 7.560 ms (25.52% of Mean)
Skewness = -0.22, Kurtosis = 0.67, MValue = 2
-------------------- Histogram --------------------
[28.795 ms ; 29.475 ms) | @
[29.475 ms ; 30.361 ms) | @@
---------------------------------------------------

SessionSetupDecompositionBenchmarks.StageS3_PipelineNoPayloadAsync: ShortRun(InvocationCount=1, IterationCount=3, LaunchCount=1, UnrollFactor=1, WarmupCount=3) [Sessions=100]
Runtime = .NET 10.0.12 (10.0.12, 10.0.1226.42308), X64 RyuJIT x86-64-v4; GC = Concurrent Workstation
Mean = 40.564 ms, StdErr = 1.968 ms (4.85%), N = 3, StdDev = 3.409 ms
Min = 38.379 ms, Q1 = 38.600 ms, Median = 38.820 ms, Q3 = 41.656 ms, Max = 44.492 ms
IQR = 3.057 ms, LowerFence = 34.015 ms, UpperFence = 46.241 ms
ConfidenceInterval = [-21.632 ms; 102.759 ms] (CI 99.9%), Margin = 62.196 ms (153.33% of Mean)
Skewness = 0.38, Kurtosis = 0.67, MValue = 2
-------------------- Histogram --------------------
[38.333 ms ; 44.538 ms) | @@@
---------------------------------------------------

SessionSetupDecompositionBenchmarks.StageS4_ReadinessTeardownOutsideAsync: ShortRun(InvocationCount=1, IterationCount=3, LaunchCount=1, UnrollFactor=1, WarmupCount=3) [Sessions=100]
Runtime = .NET 10.0.12 (10.0.12, 10.0.1226.42308), X64 RyuJIT x86-64-v4; GC = Concurrent Workstation
Mean = 41.132 ms, StdErr = 1.313 ms (3.19%), N = 3, StdDev = 2.274 ms
Min = 38.871 ms, Q1 = 39.989 ms, Median = 41.106 ms, Q3 = 42.263 ms, Max = 43.420 ms
IQR = 2.274 ms, LowerFence = 36.578 ms, UpperFence = 45.674 ms
ConfidenceInterval = [-0.359 ms; 82.623 ms] (CI 99.9%), Margin = 41.491 ms (100.87% of Mean)
Skewness = 0.01, Kurtosis = 0.67, MValue = 2
-------------------- Histogram --------------------
[37.919 ms ; 42.058 ms) | @@
[42.058 ms ; 45.489 ms) | @
---------------------------------------------------

SessionSetupDecompositionBenchmarks.StageS3_PipelineNoPayloadAsync: ShortRun(InvocationCount=1, IterationCount=3, LaunchCount=1, UnrollFactor=1, WarmupCount=3) [Sessions=1000]
Runtime = .NET 10.0.12 (10.0.12, 10.0.1226.42308), X64 RyuJIT x86-64-v4; GC = Concurrent Workstation
Mean = 64.519 ms, StdErr = 2.506 ms (3.88%), N = 3, StdDev = 4.340 ms
Min = 61.899 ms, Q1 = 62.014 ms, Median = 62.128 ms, Q3 = 65.828 ms, Max = 69.528 ms
IQR = 3.814 ms, LowerFence = 56.292 ms, UpperFence = 71.550 ms
ConfidenceInterval = [-14.658 ms; 143.695 ms] (CI 99.9%), Margin = 79.177 ms (122.72% of Mean)
Skewness = 0.38, Kurtosis = 0.67, MValue = 2
-------------------- Histogram --------------------
[61.764 ms ; 69.663 ms) | @@@
---------------------------------------------------

SessionSetupDecompositionBenchmarks.StageS4_ReadinessTeardownOutsideAsync: ShortRun(InvocationCount=1, IterationCount=3, LaunchCount=1, UnrollFactor=1, WarmupCount=3) [Sessions=1000]
Runtime = .NET 10.0.12 (10.0.12, 10.0.1226.42308), X64 RyuJIT x86-64-v4; GC = Concurrent Workstation
Mean = 63.891 ms, StdErr = 0.742 ms (1.16%), N = 3, StdDev = 1.285 ms
Min = 62.408 ms, Q1 = 63.491 ms, Median = 64.573 ms, Q3 = 64.632 ms, Max = 64.691 ms
IQR = 1.141 ms, LowerFence = 61.779 ms, UpperFence = 66.345 ms
ConfidenceInterval = [40.443 ms; 87.339 ms] (CI 99.9%), Margin = 23.448 ms (36.70% of Mean)
Skewness = -0.38, Kurtosis = 0.67, MValue = 2
-------------------- Histogram --------------------
[62.380 ms ; 64.720 ms) | @@@
---------------------------------------------------

// * Summary *

BenchmarkDotNet v0.15.8, Linux NixOS 26.11 (Zokor)
AMD Ryzen 9 9955HX 2.50GHz, 1 CPU, 32 logical and 16 physical cores
.NET SDK 10.0.401
  [Host]   : .NET 10.0.12 (10.0.12, 10.0.1226.42308), X64 RyuJIT x86-64-v4
  ShortRun : .NET 10.0.12 (10.0.12, 10.0.1226.42308), X64 RyuJIT x86-64-v4

Job=ShortRun  InvocationCount=1  IterationCount=3  
LaunchCount=1  UnrollFactor=1  WarmupCount=3  

| Method                                | Sessions | Mean     | Error     | StdDev   | Allocated  |
|-------------------------------------- |--------- |---------:|----------:|---------:|-----------:|
| StageS3_PipelineNoPayloadAsync        | 1        | 29.91 ms |  6.799 ms | 0.373 ms |   36.13 KB |
| StageS4_ReadinessTeardownOutsideAsync | 1        | 29.63 ms |  7.560 ms | 0.414 ms |   32.59 KB |
| StageS3_PipelineNoPayloadAsync        | 100      | 40.56 ms | 62.196 ms | 3.409 ms |  477.38 KB |
| StageS4_ReadinessTeardownOutsideAsync | 100      | 41.13 ms | 41.491 ms | 2.274 ms |  471.86 KB |
| StageS3_PipelineNoPayloadAsync        | 1000     | 64.52 ms | 79.177 ms | 4.340 ms | 4814.18 KB |
| StageS4_ReadinessTeardownOutsideAsync | 1000     | 63.89 ms | 23.448 ms | 1.285 ms |  4305.8 KB |

// * Warnings *
MinIterationTime
  SessionSetupDecompositionBenchmarks.StageS3_PipelineNoPayloadAsync: ShortRun        -> The minimum observed iteration time is 29.493ms which is very small. It's recommended to increase it to at least 100ms using more operations.
  SessionSetupDecompositionBenchmarks.StageS4_ReadinessTeardownOutsideAsync: ShortRun -> The minimum observed iteration time is 29.172ms which is very small. It's recommended to increase it to at least 100ms using more operations.
  SessionSetupDecompositionBenchmarks.StageS3_PipelineNoPayloadAsync: ShortRun        -> The minimum observed iteration time is 38.38ms which is very small. It's recommended to increase it to at least 100ms using more operations.
  SessionSetupDecompositionBenchmarks.StageS4_ReadinessTeardownOutsideAsync: ShortRun -> The minimum observed iteration time is 38.872ms which is very small. It's recommended to increase it to at least 100ms using more operations.
  SessionSetupDecompositionBenchmarks.StageS3_PipelineNoPayloadAsync: ShortRun        -> The minimum observed iteration time is 61.9ms which is very small. It's recommended to increase it to at least 100ms using more operations.
  SessionSetupDecompositionBenchmarks.StageS4_ReadinessTeardownOutsideAsync: ShortRun -> The minimum observed iteration time is 62.409ms which is very small. It's recommended to increase it to at least 100ms using more operations.

// * Legends *
  Sessions  : Value of the 'Sessions' parameter
  Mean      : Arithmetic mean of all measurements
  Error     : Half of 99.9% confidence interval
  StdDev    : Standard deviation of all measurements
  Allocated : Allocated memory per single operation (managed only, inclusive, 1KB = 1024B)
  1 ms      : 1 Millisecond (0.001 sec)

// * Diagnostic Output - MemoryDiagnoser *


// ***** BenchmarkRunner: End *****
Run time: 00:00:05 (5.4 sec), executed benchmarks: 6

Global total time: 00:00:43 (43.35 sec), executed benchmarks: 6
// * Artifacts cleanup *
Artifacts cleanup is finished
